Starting benchmark_3 script (RF mode, main split)...
drwxr-xr-x 10 gikaufmann gikaufmann-group 4096 Mar 28 15:24 /cluster/home/gikaufmann/master_thesis
PWD = /cluster/home/gikaufmann/master_thesis
======================================================================
BENCHMARK EVALUATION: model3_RF (Split: main)
======================================================================

Output directory: /cluster/scratch/gikaufmann/outputs/se_asia/results/ml_models/main
Model type: rf
Split version: main
  ✓ Directory exists

======================================================================
STEP 1-4: LOAD METRICS, COMPUTE DATASET HASH, CREATE BENCHMARK JSON
======================================================================

Benchmark JSON structure created
  Evaluative metrics: Test performance (CV: Not available)
  Non-evaluative metrics: Earlystop performance (Not reported)

======================================================================
STEP 5: SAVE BENCHMARK JSON
======================================================================

Benchmark JSON saved: /cluster/home/gikaufmann/master_thesis/outputs/se_asia/results/ml_models/main/model3_rf_win5_benchmark_20260331_055341.json
======================================================================
SUMMARY
======================================================================

Source metrics: model3_rf_win5_metrics_20260331_022906.json
Benchmark file: model3_rf_win5_benchmark_20260331_055341.json

Dataset hash: 449921f3200f1058...

Cross-Validation: Not available

Test Performance:
  ROC-AUC: 0.9862
  PR-AUC:  0.7078
  P@1%:    0.5390
  P@5%:    0.1144
  P@10%:   0.0577
  R@1%:    0.9045
  R@5%:    0.9601
  R@10%:   0.9685

Earlystop Performance (NON-EVALUATIVE):
  Not reported

Model Configuration:
  Random seed: 42
  Features: 73

======================================================================
Done.
======================================================================

Output saved to: /cluster/home/gikaufmann/master_thesis/outputs/se_asia/results/ml_models/main/benchmark_model3_rf_20260331_055341.txt
benchmark_3 script (RF mode, main split) finished.
