Starting calibrate_3 script (RF mode, main split)...
drwxr-xr-x 10 gikaufmann gikaufmann-group 4096 Mar 28 15:24 /cluster/home/gikaufmann/master_thesis
PWD = /cluster/home/gikaufmann/master_thesis
======================================================================
CALIBRATION: model3_RF (Region: se_asia, Split: main)
======================================================================

Region: se_asia
Model id: model3
Algorithm: rf
Split version: main
Calibration method: auto
  (will fit both Platt and Isotonic; winner selected by test Brier score)
Output directory: /cluster/scratch/gikaufmann/outputs/se_asia/results/ml_models/main

======================================================================
STEP 1: LOAD CV / VALIDATION PREDICTIONS
======================================================================

Searching for CV/validation predictions file...
  Using earlystop validation predictions for RF (no temporal CV available)

Output saved to: /cluster/scratch/gikaufmann/outputs/se_asia/results/ml_models/main/calibration_model3_rf_auto_20260330_192315.txt
calibrate_3 script (RF mode, main split) finished.
