Starting calibrate_3 script (main split)...
drwxr-xr-x 10 gikaufmann gikaufmann-group 4096 Mar 28 15:24 /cluster/home/gikaufmann/master_thesis
PWD = /cluster/home/gikaufmann/master_thesis
======================================================================
CALIBRATION: model3_LGBM (Region: se_asia, Split: main)
======================================================================

Region: se_asia
Model id: model3
Algorithm: lgbm
Split version: main
Calibration method: auto
  (will fit both Platt and Isotonic; winner selected by test Brier score)
Output directory: /cluster/scratch/gikaufmann/outputs/se_asia/results/ml_models/main

======================================================================
STEP 1: LOAD CV / VALIDATION PREDICTIONS
======================================================================

Searching for CV/validation predictions file...
  Priority: temporal CV predictions (from training) > other CV predictions

Output saved to: /cluster/scratch/gikaufmann/outputs/se_asia/results/ml_models/main/calibration_model3_lgbm_auto_20260330_192221.txt
calibrate_3 script (main split) finished.
