Backtest task 0: origin year T=2019
drwxr-xr-x 10 gikaufmann gikaufmann-group 4096 Mar 18 15:57 /cluster/home/gikaufmann/master_thesis
PWD = /cluster/home/gikaufmann/master_thesis

=========================================================================
Running backtest for T=2019...
=========================================================================
W&B connected — run: https://wandb.ai/gikaufmann-eth-z-rich/forward/runs/kr5r5a1j
Processing origin year T=2019 [LGBM]
  panel:        /cluster/scratch/gikaufmann/data/south_america/ml/merged_panel_final.parquet
  split_paths:  ['/cluster/scratch/gikaufmann/data/south_america/ml/main/train_win5.parquet', '/cluster/scratch/gikaufmann/data/south_america/ml/main/earlystop_win5.parquet', '/cluster/scratch/gikaufmann/data/south_america/ml/main/test_win5.parquet']
  feature_cols: 73

======================================================================
BACKTEST [LGBM]: origin year T=2019  (train 2001–2014, eval 2020–2024)
  Clean 5-year window: True
======================================================================
  [Memory start T=2019] RSS: 0.40 GB
  Found 7,394,963 pos + 243,160,094 neg → 250,555,057 total (full risk set)
    0% — 200,000/250,555,057
    25% — 62,800,000/250,555,057
    50% — 125,400,000/250,555,057
    75% — 188,000,000/250,555,057
    100% — 250,555,057/250,555,057
  Labels indexed — 250,555,057 rows, 1286 batches queued (X not in RAM)
  Training data: 250,555,057 rows (7,394,963 pos / 243,160,094 neg)
  Training done in 9729.9s
  [Memory after training T=2019] RSS: 2.65 GB

Loading year-T=2019 inference rows (WDPA_prev==0 AND WDPA==0)…
  15,651,012 inference pixels at T=2019
  Reconstructing 5-year labels from years 2020–2024…

Scoring 15,651,012 pixels…

  T=2019, window [2020–2019]
    n=15,651,012, pos=59,245 (0.3785%)
    ROC-AUC: 0.5977  PR-AUC: 0.0051
    P@1%: 0.0083  R@1%: 0.0219  Lift: 2.19x
    P@5%: 0.0062  R@5%: 0.0825  Lift: 1.65x
    P@10%: 0.0057  R@10%: 0.1515  Lift: 1.51x
    Forecast Capture Rate (top 5%): 0.0825

  T=2019 FP map: top-5% → 4,887 TP, 777,665 FP (precision=0.006)
[1;34mwandb[0m: 
[1;34mwandb[0m: 🚀 View run [33mbacktest_south_america_lgbm_20260328_131107[0m at: [34m[0m
[1;34mwandb[0m: Find logs at: [1;35mwandb/run-20260328_131110-kr5r5a1j/logs[0m
Backtest T=2019 finished (exit code: 1)

Task 0 (T=2019) done. To aggregate results and produce the summary plot, run:
  python scripts/regions/south_america/8_forward/5_forward_backtest.py --aggregate
