RF backtest task 0: origin year T=2019
drwxr-xr-x 10 gikaufmann gikaufmann-group 4096 Mar 28 15:24 /cluster/home/gikaufmann/master_thesis
PWD = /cluster/home/gikaufmann/master_thesis

=========================================================================
Running RF backtest for T=2019...
=========================================================================
W&B connected — run: https://wandb.ai/gikaufmann-eth-z-rich/forward/runs/a1u4837x
Processing origin year T=2019 [RF]
  panel:        /cluster/scratch/gikaufmann/data/south_america/ml/merged_panel_final.parquet
  split_paths:  ['/cluster/scratch/gikaufmann/data/south_america/ml/main/train_win5.parquet', '/cluster/scratch/gikaufmann/data/south_america/ml/main/earlystop_win5.parquet', '/cluster/scratch/gikaufmann/data/south_america/ml/main/test_win5.parquet']
  feature_cols: 73

======================================================================
BACKTEST [RF]: origin year T=2019  (train 2001–2014, eval 2020–2024)
  Clean 5-year window: True
======================================================================
  [Memory start T=2019] RSS: 0.40 GB
  Found 7,394,963 pos + 243,160,094 neg → capping neg to 40,000,000 (MAX_NEG_TRAIN)
  Using 47,394,963 samples (7,394,963 pos / 40,000,000 neg)
  Training data: 47,394,963 rows (7,394,963 pos / 40,000,000 neg)
  RF training: 47,394,963 samples (7,394,963 pos / 40,000,000 neg), n_estimators=500
    bootstrap: True
    class_weight: balanced_subsample
    max_depth: 30
    max_features: sqrt
    min_samples_leaf: 1
    min_samples_split: 22
    n_estimators: 500
    n_jobs: 32
    random_state: 42
