Many modules are hidden in this stack. Use "module --show_hidden spider SOFTWARE" if you are not able to find the required software

The following have been reloaded with a version change:
  1) cuda/12.1.1 => cuda/12.4.1

wandb: Currently logged in as: gikaufmann (gikaufmann-eth-z-rich) to https://api.wandb.ai. Use `wandb login --relogin` to force relogin
wandb: setting up run 28nzebuw
wandb: Tracking run with wandb version 0.23.0
wandb: Run data is saved locally in /cluster/scratch/gikaufmann/wandb/wandb/run-20260331_080623-28nzebuw
wandb: Run `wandb offline` to turn off syncing.
wandb: Syncing run results_se_asia_rf_20260331_080622
wandb: ⭐️ View project at https://wandb.ai/gikaufmann-eth-z-rich/forward_results
wandb: 🚀 View run at https://wandb.ai/gikaufmann-eth-z-rich/forward_results/runs/28nzebuw
/cluster/home/gikaufmann/master_thesis/scripts/regions/shared/results/results_core.py:1261: RuntimeWarning: invalid value encountered in maximum
  np.maximum.at(raster_flat, flat_idx, values)
wandb: updating run metadata
wandb: uploading history steps 6-6, summary, console lines 155-175
wandb: 
wandb: Run history:
wandb:                                   results/bau_cutoff ▁
wandb:                            results/coverage_pct_2024 ▁
wandb:                                  results/full_cutoff ▁
wandb:                         results/km2_needed_for_30pct ▁
wandb:                              results/moderate_cutoff ▁
wandb:                         results/n_unprotected_pixels ▁
wandb:                           results/protected_2024_km2 ▁
wandb:                     results/scenarios/30x30/area_km2 ▁
wandb:                     results/scenarios/30x30/n_pixels ▁
wandb: results/scenarios/30x30/projected_total_coverage_pct ▁
wandb:                                                   +6 ...
wandb: 
wandb: Run summary:
wandb:                                   results/bau_cutoff 0.07287
wandb:                            results/coverage_pct_2024 0.14029
wandb:                                  results/full_cutoff 0.00238
wandb:                         results/km2_needed_for_30pct 728910.49
wandb:                              results/moderate_cutoff 0.00355
wandb:                         results/n_unprotected_pixels 4067149
wandb:                           results/protected_2024_km2 640247.39
wandb:                     results/scenarios/30x30/area_km2 727382.38
wandb:                     results/scenarios/30x30/n_pixels 742846
wandb: results/scenarios/30x30/projected_total_coverage_pct 0.29967
wandb:                                                   +7 ...
wandb: 
wandb: 🚀 View run results_se_asia_rf_20260331_080622 at: https://wandb.ai/gikaufmann-eth-z-rich/forward_results/runs/28nzebuw
wandb: ⭐️ View project at: https://wandb.ai/gikaufmann-eth-z-rich/forward_results
wandb: Synced 5 W&B file(s), 0 media file(s), 0 artifact file(s) and 0 other file(s)
wandb: Find logs at: /cluster/scratch/gikaufmann/wandb/wandb/run-20260331_080623-28nzebuw/logs
