drwxr-xr-x 10 gikaufmann gikaufmann-group 4096 Mar 28 15:24 /cluster/home/gikaufmann/master_thesis
PWD = /cluster/home/gikaufmann/master_thesis

=========================================================================
Stage 0a: Computing South East Asia coverage baseline...
=========================================================================

======================================================================
COMPUTING SOUTH EAST ASIA COVERAGE BASELINE
======================================================================

Reading backbone raster: /cluster/scratch/gikaufmann/data/se_asia/ready/backbone/backbone.tif
  Pixel size:  1000.00 m
  CRS:         EPSG:3857
  Shape:       4553 × 5439
  Transform:   | 1000.00, 0.00, 10260000.00|
| 0.00,-1000.00, 3319000.00|
| 0.00, 0.00, 1.00|
  Total South East Asia land pixels: 4,802,829
  y range: [-1233500, 3318500] m (EPSG:3857)

  Total South East Asia area (latitude-corrected): 4,563,860 km²

Reading WDPA 2024 raster: /cluster/scratch/gikaufmann/data/se_asia/ready/WDPA/WDPA_SEA_1km_2024.tif
  CRS:   EPSG:3857
  Shape: 4697 × 5439
  WARNING: WDPA shape (4697, 5439) != backbone shape (4553, 5439). Clipping to minimum common shape.
  Protected 2024 pixels: 675,498
  Protected area 2024: 640,247 km² (14.0%)

Reading WDPA 2019 raster for BAU baseline: /cluster/scratch/gikaufmann/data/se_asia/ready/WDPA/WDPA_SEA_1km_2019.tif
  Protected 2019: 629,060 km²
  BAU volume (2019→2024): 11,188 km² over 5 years

  Scenario thresholds:
    Moderate target (22.0%, midpoint current→30%): 364,455 km² additional protection needed
    30% target: 728,910 km² additional protection needed

  Computing per-country area stats (raster-based)...
    IDN (Indonesia): total=1,742,570 km², protected=203,873 km² (11.7%)
    TLS (Timor-Leste): total=13,695 km², protected=2,040 km² (14.9%)
    KHM (Cambodia): total=181,141 km², protected=69,801 km² (38.5%)
    THA (Thailand): total=506,755 km², protected=100,073 km² (19.7%)
    LAO (Laos): total=230,067 km², protected=45,476 km² (19.8%)
    MMR (Myanmar): total=665,194 km², protected=45,674 km² (6.9%)
    VNM (Vietnam): total=327,359 km², protected=48,661 km² (14.9%)
    PHL (Philippines): total=260,630 km², protected=40,512 km² (15.5%)
    MYS (Malaysia): total=329,402 km², protected=44,023 km² (13.4%)
    BRN (Brunei): total=8,281 km², protected=1,227 km² (14.8%)

Saved: /cluster/scratch/gikaufmann/outputs/se_asia/results/forward/coverage_baseline.json
forward_coverage (SE Asia) finished (exit code: 0)
