drwxr-xr-x 10 gikaufmann gikaufmann-group 4096 Mar 28 15:24 /cluster/home/gikaufmann/master_thesis
PWD = /cluster/home/gikaufmann/master_thesis

=========================================================================
Stage 0b: Training RF deployment model (2001-2019)...
=========================================================================
W&B connected — run: https://wandb.ai/gikaufmann-eth-z-rich/forward/runs/7al06g36
======================================================================
MODEL 1 RF — DEPLOYMENT MODEL (2001-2019)
======================================================================
  train:     /cluster/scratch/gikaufmann/data/se_asia/ml/main/train_win5.parquet
  earlystop: /cluster/scratch/gikaufmann/data/se_asia/ml/main/earlystop_win5.parquet
  test:      /cluster/scratch/gikaufmann/data/se_asia/ml/main/test_win5.parquet
  params:    /cluster/home/gikaufmann/master_thesis/scripts/regions/se_asia/5_training/rf_best_params.json
  n_jobs:    32
  MAX_NEG_TRAIN: 20000000

  n_estimators: 300

  Feature columns: 73

======================================================================
STEP 1: TRAINING DEPLOYMENT MODEL (2001-2019)
======================================================================
  [Memory before loading deployment training data] RSS: 0.27 GB
  Pass 1: counting rows (deployment_train, years 2001–2019)…
    1,192,787 pos / 92,429,052 neg → capping neg to 20,000,000
    Using 21,192,787 samples (1,192,787 pos / 20,000,000 neg)
  Loaded 21,192,787 rows in 430.9s (20,000,000 neg / 1,192,787 pos)
  [Memory after loading deployment training data] RSS: 6.65 GB

  Training RF deployment model — 21,192,787 samples (1,192,787 pos / 20,000,000 neg)
    bootstrap: True
    class_weight: balanced_subsample
    max_depth: None
    max_features: log2
    min_samples_leaf: 6
    min_samples_split: 30
    n_estimators: 300
    n_jobs: 32
    random_state: 42
    verbose: 0
