drwxr-xr-x 10 gikaufmann gikaufmann-group 4096 Mar 28 15:24 /cluster/home/gikaufmann/master_thesis
PWD = /cluster/home/gikaufmann/master_thesis

=========================================================================
Stage 0a: Computing USA coverage baseline...
=========================================================================
W&B connected — run: https://wandb.ai/gikaufmann-eth-z-rich/forward/runs/mv3r6vhm

======================================================================
COMPUTING USA COVERAGE BASELINE
======================================================================

Reading backbone raster: /cluster/scratch/gikaufmann/data/usa/ready/backbone/backbone.tif
  Pixel size:  1000.00 m
  CRS:         EPSG:3857
  Shape:       3536 × 6437
  Transform:   | 1000.00, 0.00,-13889000.00|
| 0.00,-1000.00, 6342000.00|
| 0.00, 0.00, 1.00|
  Total USA land pixels: 13,301,650
  y range: [2817500, 6341500] m (EPSG:3857)

  Total USA area (latitude-corrected): 7,828,774 km²

Reading WDPA 2024 raster: /cluster/scratch/gikaufmann/data/usa/ready/WDPA/WDPA_USA_1km_2024.tif
  CRS:   EPSG:3857
  Shape: 3521 × 6434
  WARNING: WDPA shape (3521, 6434) != backbone shape (3536, 6437). Clipping to minimum common shape.
  Protected 2024 pixels: 1,046,634
  Protected area 2024: 603,357 km² (7.7%)

Reading WDPA 2019 raster for BAU baseline: /cluster/scratch/gikaufmann/data/usa/ready/WDPA/WDPA_USA_1km_2019.tif
  Protected 2019: 603,100 km²
  BAU volume (2019→2024): 257 km² over 5 years

  Scenario thresholds:
    Moderate target (18.9%, midpoint current→30%): 872,638 km² additional protection needed
    30% target: 1,745,275 km² additional protection needed

  Computing per-country area stats (raster-based)...
    USA (United States of America): total=7,799,299 km², protected=598,740 km² (7.7%)

Saved: /cluster/home/gikaufmann/master_thesis/outputs/usa/results/forward/forward_coverage_baseline.json
forward_coverage (USA) finished (exit code: 0)
