USA RF backtest task 0: origin year T=2019
drwxr-xr-x 10 gikaufmann gikaufmann-group 4096 Mar 28 15:24 /cluster/home/gikaufmann/master_thesis
PWD = /cluster/home/gikaufmann/master_thesis

=========================================================================
Running USA RF backtest for T=2019...
=========================================================================
W&B connected — run: https://wandb.ai/gikaufmann-eth-z-rich/forward/runs/22z3ecd8
Processing origin year T=2019 [RF]
  panel:        /cluster/scratch/gikaufmann/data/usa/ml/merged_panel_final.parquet
  split_paths:  ['/cluster/scratch/gikaufmann/data/usa/ml/main/train_win5.parquet', '/cluster/scratch/gikaufmann/data/usa/ml/main/earlystop_win5.parquet', '/cluster/scratch/gikaufmann/data/usa/ml/main/test_win5.parquet']
  feature_cols: 73

======================================================================
BACKTEST [RF]: origin year T=2019  (train 2001–2014, eval 2020–2024)
  Clean 5-year window: True
======================================================================
  [Memory start T=2019] RSS: 0.36 GB
  Found 311,772 pos + 184,139,870 neg → capping neg to 30,000,000 (MAX_NEG_TRAIN)
  Using 30,311,772 samples (311,772 pos / 30,000,000 neg)
  Training data: 30,311,772 rows (311,772 pos / 30,000,000 neg)
  RF training: 30,311,772 samples (311,772 pos / 30,000,000 neg), n_estimators=300
    bootstrap: True
    class_weight: balanced_subsample
    max_depth: None
    max_features: sqrt
    min_samples_leaf: 7
    min_samples_split: 23
    n_estimators: 300
    n_jobs: 32
    random_state: 42
  Training done in 6362.3s
  [Memory after training T=2019] RSS: 3.58 GB

Loading year-T=2019 inference rows (WDPA_prev==0 AND WDPA==0)…
  12,218,574 inference pixels at T=2019
  Reconstructing 5-year labels from years 2020–2024…

Scoring 12,218,574 pixels…

  T=2019, window [2020–2019]
    n=12,218,574, pos=333 (0.0027%)
    ROC-AUC: 0.7485  PR-AUC: 0.0001
    P@1%: 0.0003  R@1%: 0.1051  Lift: 10.51x
    P@5%: 0.0001  R@5%: 0.2673  Lift: 5.35x
    P@10%: 0.0001  R@10%: 0.3934  Lift: 3.93x
    Forecast Capture Rate (top 5%): 0.2673

  T=2019 FP map: top-5% → 89 TP, 610,840 FP (precision=0.000)
Loading USA boundary from URL...
  Successfully loaded from https://naciscdn.org/naturalearth/110m/cultural/ne_110m_admin_0_countries.zip
  Clipped USA boundary to CONUS extent (-125, -66)/(24, 50)
  Found USA boundary with 1 feature(s) in EPSG:4326
  Backbone background plotted from: /cluster/scratch/gikaufmann/data/usa/ready/backbone/backbone.tif
  Backbone background plotted from: /cluster/scratch/gikaufmann/data/usa/ready/backbone/backbone.tif
  Saved: /cluster/home/gikaufmann/master_thesis/outputs/usa/results/forward/rf/forward_backtest_T2019_false_positives.pdf

Saved: /cluster/home/gikaufmann/master_thesis/outputs/usa/results/forward/rf/forward_backtest_T2019.json
USA RF backtest T=2019 finished (exit code: 0)

Task 0 (T=2019) done. To aggregate RF results and produce the summary plot, run:
  python scripts/regions/usa/8_forward/5_forward_backtest.py --model-type rf --aggregate
