Many modules are hidden in this stack. Use "module --show_hidden spider SOFTWARE" if you are not able to find the required software

The following have been reloaded with a version change:
  1) cuda/12.1.1 => cuda/12.4.1

wandb: Currently logged in as: gikaufmann (gikaufmann-eth-z-rich) to https://api.wandb.ai. Use `wandb login --relogin` to force relogin
wandb: setting up run h6lts5kz
wandb: Tracking run with wandb version 0.23.0
wandb: Run data is saved locally in /cluster/scratch/gikaufmann/wandb/wandb/run-20260329_142404-h6lts5kz
wandb: Run `wandb offline` to turn off syncing.
wandb: Syncing run deploy_lgbm_usa_20260329_142401
wandb:  View project at https://wandb.ai/gikaufmann-eth-z-rich/forward
wandb:  View run at https://wandb.ai/gikaufmann-eth-z-rich/forward/runs/h6lts5kz
wandb: updating run metadata
wandb: uploading wandb-summary.json
wandb: uploading history steps 3-4, summary, console lines 101-104
wandb: 
wandb: Run history:
wandb:     deployment/deploy_n_neg ▁▁
wandb:     deployment/deploy_n_pos ▁▁
wandb:       deployment/n_features ▁▁
wandb: deployment/scale_pos_weight ▁▁
wandb:     deployment/total_time_s ▁
wandb: 
wandb: Run summary:
wandb:     deployment/deploy_n_neg 269900690.0
wandb:     deployment/deploy_n_pos 360885
wandb:       deployment/n_features 73
wandb: deployment/scale_pos_weight 747.88559
wandb:            deployment/stage done
wandb:     deployment/total_time_s 24857.5
wandb: 
wandb:  View run deploy_lgbm_usa_20260329_142401 at: https://wandb.ai/gikaufmann-eth-z-rich/forward/runs/h6lts5kz
wandb:  View project at: https://wandb.ai/gikaufmann-eth-z-rich/forward
wandb: Synced 5 W&B file(s), 0 media file(s), 0 artifact file(s) and 0 other file(s)
wandb: Find logs at: /cluster/scratch/gikaufmann/wandb/wandb/run-20260329_142404-h6lts5kz/logs
srun: Step created for StepId=61703287.1
wandb: Currently logged in as: gikaufmann (gikaufmann-eth-z-rich) to https://api.wandb.ai. Use `wandb login --relogin` to force relogin
wandb: setting up run 9721fh01
wandb: Tracking run with wandb version 0.23.0
wandb: Run data is saved locally in /cluster/scratch/gikaufmann/wandb/wandb/run-20260329_211840-9721fh01
wandb: Run `wandb offline` to turn off syncing.
wandb: Syncing run features_usa_20260329_211838
wandb: ⭐️ View project at https://wandb.ai/gikaufmann-eth-z-rich/forward
wandb: 🚀 View run at https://wandb.ai/gikaufmann-eth-z-rich/forward/runs/9721fh01
wandb: updating run metadata
wandb: uploading history steps 6-8, summary, console lines 17-23; uploading config.yaml
wandb: 
wandb: Run history:
wandb: features/n_feature_cols ▁▁
wandb:         features/n_rows ▁
wandb:  features/n_rows_target ▁
wandb: features/n_rows_written ▁▃▅▆█
wandb:   features/progress_pct ▁▃▅▆█
wandb: 
wandb: Run summary:
wandb: features/n_feature_cols 73
wandb:         features/n_rows 12218241
wandb:  features/n_rows_target 12218241
wandb: features/n_rows_written 12218241
wandb:    features/output_path /cluster/scratch/gik...
wandb:     features/panel_path /cluster/scratch/gik...
wandb:   features/progress_pct 100
wandb:          features/stage done
wandb: 
wandb: 🚀 View run features_usa_20260329_211838 at: https://wandb.ai/gikaufmann-eth-z-rich/forward/runs/9721fh01
wandb: ⭐️ View project at: https://wandb.ai/gikaufmann-eth-z-rich/forward
wandb: Synced 5 W&B file(s), 0 media file(s), 0 artifact file(s) and 0 other file(s)
wandb: Find logs at: /cluster/scratch/gikaufmann/wandb/wandb/run-20260329_211840-9721fh01/logs
wandb: Currently logged in as: gikaufmann (gikaufmann-eth-z-rich) to https://api.wandb.ai. Use `wandb login --relogin` to force relogin
wandb: setting up run 0qq33u27
wandb: Tracking run with wandb version 0.23.0
wandb: Run data is saved locally in /cluster/scratch/gikaufmann/wandb/wandb/run-20260329_212005-0qq33u27
wandb: Run `wandb offline` to turn off syncing.
wandb: Syncing run predict_usa_lgbm_20260329_212003
wandb: ⭐️ View project at https://wandb.ai/gikaufmann-eth-z-rich/forward
wandb: 🚀 View run at https://wandb.ai/gikaufmann-eth-z-rich/forward/runs/0qq33u27
wandb: updating run metadata
wandb: uploading history steps 12-13, summary, console lines 41-53
wandb: 
wandb: Run history:
wandb:         inference/n_pixels ▁
wandb:  inference/n_pixels_target ▁
wandb: inference/n_pixels_written ▁▂▂▃▄▅▅▆▇▇█
wandb:         inference/prob_max ▁
wandb:        inference/prob_mean ▁
wandb:         inference/prob_min ▁
wandb:         inference/prob_p50 ▁
wandb:         inference/prob_p95 ▁
wandb:         inference/prob_p99 ▁
wandb:     inference/progress_pct ▁▂▂▃▄▅▅▆▇▇█
wandb: 
wandb: Run summary:
wandb:         inference/n_pixels 12218241
wandb:  inference/n_pixels_target 12218241
wandb: inference/n_pixels_written 12218241
wandb:         inference/prob_max 0.94347
wandb:        inference/prob_mean 3e-05
wandb:         inference/prob_min 0.0
wandb:         inference/prob_p50 2e-05
wandb:         inference/prob_p95 5e-05
wandb:         inference/prob_p99 0.00011
wandb:     inference/progress_pct 100
wandb:                         +1 ...
wandb: 
wandb: 🚀 View run predict_usa_lgbm_20260329_212003 at: https://wandb.ai/gikaufmann-eth-z-rich/forward/runs/0qq33u27
wandb: ⭐️ View project at: https://wandb.ai/gikaufmann-eth-z-rich/forward
wandb: Synced 5 W&B file(s), 0 media file(s), 0 artifact file(s) and 0 other file(s)
wandb: Find logs at: /cluster/scratch/gikaufmann/wandb/wandb/run-20260329_212005-0qq33u27/logs
