Many modules are hidden in this stack. Use "module --show_hidden spider SOFTWARE" if you are not able to find the required software

The following have been reloaded with a version change:
  1) cuda/12.1.1 => cuda/12.4.1

wandb: Currently logged in as: gikaufmann (gikaufmann-eth-z-rich) to https://api.wandb.ai. Use `wandb login --relogin` to force relogin
wandb: setting up run fqnhltny
wandb: Tracking run with wandb version 0.23.0
wandb: Run data is saved locally in /cluster/scratch/gikaufmann/wandb/wandb/run-20260330_123935-fqnhltny
wandb: Run `wandb offline` to turn off syncing.
wandb: Syncing run deploy_rf_south_america_20260330_123933
wandb:  View project at https://wandb.ai/gikaufmann-eth-z-rich/forward
wandb:  View run at https://wandb.ai/gikaufmann-eth-z-rich/forward/runs/fqnhltny
wandb: updating run metadata
wandb: uploading history steps 3-4, summary, console lines 70-73
wandb: 
wandb: Run history:
wandb: deployment/deploy_n_neg ▁▁
wandb: deployment/deploy_n_pos ▁▁
wandb: deployment/n_estimators ▁
wandb:   deployment/n_features ▁▁
wandb: deployment/total_time_s ▁
wandb: 
wandb: Run summary:
wandb: deployment/deploy_n_neg 40000000.0
wandb: deployment/deploy_n_pos 8551415.0
wandb: deployment/n_estimators 300
wandb:   deployment/n_features 73
wandb:        deployment/stage done
wandb: deployment/total_time_s 23743.6
wandb: 
wandb:  View run deploy_rf_south_america_20260330_123933 at: https://wandb.ai/gikaufmann-eth-z-rich/forward/runs/fqnhltny
wandb:  View project at: https://wandb.ai/gikaufmann-eth-z-rich/forward
wandb: Synced 5 W&B file(s), 0 media file(s), 0 artifact file(s) and 0 other file(s)
wandb: Find logs at: /cluster/scratch/gikaufmann/wandb/wandb/run-20260330_123935-fqnhltny/logs
srun: Step created for StepId=61728297.1
wandb: Currently logged in as: gikaufmann (gikaufmann-eth-z-rich) to https://api.wandb.ai. Use `wandb login --relogin` to force relogin
wandb: setting up run kgxj1d1t
wandb: Tracking run with wandb version 0.23.0
wandb: Run data is saved locally in /cluster/scratch/gikaufmann/wandb/wandb/run-20260330_191531-kgxj1d1t
wandb: Run `wandb offline` to turn off syncing.
wandb: Syncing run features_south_america_20260330_191529
wandb: ⭐️ View project at https://wandb.ai/gikaufmann-eth-z-rich/forward
wandb: 🚀 View run at https://wandb.ai/gikaufmann-eth-z-rich/forward/runs/kgxj1d1t
wandb: updating run metadata
wandb: uploading data
wandb: 
wandb: Run history:
wandb: features/n_feature_cols ▁▁
wandb:         features/n_rows ▁
wandb:  features/n_rows_target ▁
wandb: features/n_rows_written ▁▃▅▆█
wandb:   features/progress_pct ▁▃▅▆█
wandb: 
wandb: Run summary:
wandb: features/n_feature_cols 73
wandb:         features/n_rows 15591767
wandb:  features/n_rows_target 15591767
wandb: features/n_rows_written 15591767
wandb:    features/output_path /cluster/scratch/gik...
wandb:     features/panel_path /cluster/scratch/gik...
wandb:   features/progress_pct 100
wandb:          features/stage done
wandb: 
wandb: 🚀 View run features_south_america_20260330_191529 at: https://wandb.ai/gikaufmann-eth-z-rich/forward/runs/kgxj1d1t
wandb: ⭐️ View project at: https://wandb.ai/gikaufmann-eth-z-rich/forward
wandb: Synced 5 W&B file(s), 0 media file(s), 0 artifact file(s) and 0 other file(s)
wandb: Find logs at: /cluster/scratch/gikaufmann/wandb/wandb/run-20260330_191531-kgxj1d1t/logs
srun: Step created for StepId=61728297.2
wandb: Currently logged in as: gikaufmann (gikaufmann-eth-z-rich) to https://api.wandb.ai. Use `wandb login --relogin` to force relogin
wandb: setting up run 4kbecy2t
wandb: Tracking run with wandb version 0.23.0
wandb: Run data is saved locally in /cluster/scratch/gikaufmann/wandb/wandb/run-20260330_191725-4kbecy2t
wandb: Run `wandb offline` to turn off syncing.
wandb: Syncing run predict_south_america_rf_20260330_191723
wandb: ⭐️ View project at https://wandb.ai/gikaufmann-eth-z-rich/forward
wandb: 🚀 View run at https://wandb.ai/gikaufmann-eth-z-rich/forward/runs/4kbecy2t
wandb: updating run metadata
wandb: updating run metadata; uploading wandb-summary.json; uploading history steps 10-13, summary, console lines 36-52
wandb: updating run metadata
wandb: uploading config.yaml
wandb: 
wandb: Run history:
wandb:         inference/n_pixels ▁
wandb:  inference/n_pixels_target ▁
wandb: inference/n_pixels_written ▁▂▂▃▄▄▅▆▇▇█
wandb:         inference/prob_max ▁
wandb:        inference/prob_mean ▁
wandb:         inference/prob_min ▁
wandb:         inference/prob_p50 ▁
wandb:         inference/prob_p95 ▁
wandb:         inference/prob_p99 ▁
wandb:     inference/progress_pct ▁▂▂▃▄▄▅▆▇▇█
wandb: 
wandb: Run summary:
wandb:         inference/n_pixels 15591767
wandb:  inference/n_pixels_target 15591767
wandb: inference/n_pixels_written 15591767
wandb:         inference/prob_max 0.84826
wandb:        inference/prob_mean 0.00358
wandb:         inference/prob_min 0.00011
wandb:         inference/prob_p50 0.00207
wandb:         inference/prob_p95 0.01009
wandb:         inference/prob_p99 0.02415
wandb:     inference/progress_pct 100
wandb:                         +1 ...
wandb: 
wandb: 🚀 View run predict_south_america_rf_20260330_191723 at: https://wandb.ai/gikaufmann-eth-z-rich/forward/runs/4kbecy2t
wandb: ⭐️ View project at: https://wandb.ai/gikaufmann-eth-z-rich/forward
wandb: Synced 5 W&B file(s), 0 media file(s), 0 artifact file(s) and 0 other file(s)
wandb: Find logs at: /cluster/scratch/gikaufmann/wandb/wandb/run-20260330_191725-4kbecy2t/logs
