drwxr-xr-x 10 gikaufmann gikaufmann-group 4096 Mar 28 15:24 /cluster/home/gikaufmann/master_thesis
PWD = /cluster/home/gikaufmann/master_thesis

=========================================================================
Stage 3: Generating forward results (LGBM)...
=========================================================================
W&B connected — run: https://wandb.ai/gikaufmann-eth-z-rich/forward_results/runs/g65aksiq
======================================================================
FORWARD RESULTS — MAPS, SCENARIOS, BREAKDOWNS, GAP ANALYSIS (LGBM)
======================================================================
  Forward output root: /cluster/scratch/gikaufmann/outputs/se_asia/results/forward
  Pixel size from backbone: 1000.00 m
  Using pixel_size_m from coverage baseline: 1000.00 m

Loading scored parquet: forward_scored_2024.parquet
  4,067,149 rows
  Columns: ['row', 'col', 'x', 'y', 'y_pred_proba_raw', 'y_pred_proba_calibrated']

======================================================================
MODEL AGREEMENT MAP (top 1%: LGBM vs RF)
======================================================================
  Skipping — both LGBM and RF forward_scored_2024.parquet are required.
  Joined GSN_b1 from features parquet (forward_features_2024.parquet): 4,067,149 non-null values
  Joined GSN_b2 from features parquet (forward_features_2024.parquet): 4,067,149 non-null values

  Total unprotected 2024 pixels: 4,067,149
  Total unprotected 2024 area:   3,864,910 km²
  Baseline total land km²:        4,563,860
  Baseline protected 2024 km²:   640,247
  Baseline coverage 2024:        14.03%

Computing scenario cutoffs…
  BAU (historical 2019→2024 volume): target 11,188 km² → top 11,967 pixels (11,188 km²), cutoff p=0.033586
  Moderate (→22.0%): target 364,455 km² → top 382,031 pixels (364,455 km²), cutoff p=0.000529
  30x30 Full    (→30%): target 728,910 km² → top 761,784 pixels (728,911 km²), cutoff p=0.000118

======================================================================
CREATING PROBABILITY MAP (BAU forecast)
======================================================================
  Probability colour scaling: linear, percentiles 40–99.5, γ=1.0
  Raster shape: (4553, 5439), extent (3857): (10260000.0, 15699000.0, -1234000.0, 3319000.0)
  Backbone background plotted from: /cluster/scratch/gikaufmann/data/se_asia/ready/backbone/backbone.tif
  Saved: /cluster/scratch/gikaufmann/outputs/se_asia/results/forward/lgbm/probability_map.png
  Saved: /cluster/scratch/gikaufmann/outputs/se_asia/results/forward/lgbm/probability_map.pdf

======================================================================
CREATING SCENARIO MAPS
======================================================================

  bau: 11,967 pixels, 11,188 km², → coverage 14.27%
  Backbone background plotted from: /cluster/scratch/gikaufmann/data/se_asia/ready/backbone/backbone.tif
  Saved: /cluster/scratch/gikaufmann/outputs/se_asia/results/forward/lgbm/risk_map_bau.png
  Saved: /cluster/scratch/gikaufmann/outputs/se_asia/results/forward/lgbm/risk_map_bau.pdf

  moderate: 382,031 pixels, 364,338 km², → coverage 22.01%
  Backbone background plotted from: /cluster/scratch/gikaufmann/data/se_asia/ready/backbone/backbone.tif
  Saved: /cluster/scratch/gikaufmann/outputs/se_asia/results/forward/lgbm/scenario_moderate.png
  Saved: /cluster/scratch/gikaufmann/outputs/se_asia/results/forward/lgbm/scenario_moderate.pdf

  30x30: 761,784 pixels, 728,209 km², → coverage 29.98%
  Backbone background plotted from: /cluster/scratch/gikaufmann/data/se_asia/ready/backbone/backbone.tif
  Saved: /cluster/scratch/gikaufmann/outputs/se_asia/results/forward/lgbm/scenario_30x30.png
  Saved: /cluster/scratch/gikaufmann/outputs/se_asia/results/forward/lgbm/scenario_30x30.pdf

======================================================================
FEATURE IMPORTANCE PLOT (LGBM)
======================================================================
  Artifact: /cluster/scratch/gikaufmann/data/se_asia/ml/models/model3_lgbm_deployment_20260330_192936.pkl
  Saved: /cluster/scratch/gikaufmann/outputs/se_asia/results/forward/lgbm/feature_importance_lgbm.png
  Saved: /cluster/scratch/gikaufmann/outputs/se_asia/results/forward/lgbm/feature_importance_lgbm.pdf

======================================================================
CREATING COUNTRY BREAKDOWN
======================================================================
  Joining 4,067,149 pixels to country boundaries…
  Saved: /cluster/scratch/gikaufmann/outputs/se_asia/results/forward/lgbm/country_breakdown.csv
  Saved: /cluster/scratch/gikaufmann/outputs/se_asia/results/forward/lgbm/country_breakdown.tex

======================================================================
CREATING BIOME BREAKDOWN
======================================================================
  Skipping biome breakdown — GSN raster not available

======================================================================
GAP ANALYSIS (Biodiversity Capture Rate)
======================================================================
  BCR bau: 0.0000 vs. random 0.0029
  BCR 30x30_full: 0.0489 vs. random 0.1884
  Backbone background plotted from: /cluster/scratch/gikaufmann/data/se_asia/ready/backbone/backbone.tif
  Backbone background plotted from: /cluster/scratch/gikaufmann/data/se_asia/ready/backbone/backbone.tif
  Backbone background plotted from: /cluster/scratch/gikaufmann/data/se_asia/ready/backbone/backbone.tif
  Backbone background plotted from: /cluster/scratch/gikaufmann/data/se_asia/ready/backbone/backbone.tif
  Saved: /cluster/scratch/gikaufmann/outputs/se_asia/results/forward/lgbm/gap_analysis.png
  Saved: /cluster/scratch/gikaufmann/outputs/se_asia/results/forward/lgbm/gap_analysis.pdf

======================================================================
ECONOMIC EXPOSURE ANALYSIS
======================================================================
  NTL column detected:        none
  Population column detected: GPW
  Loading features: ['GPW'] …
  Saved: /cluster/scratch/gikaufmann/outputs/se_asia/results/forward/lgbm/economic_exposure.csv
                      zone  n_pixels  area_km2  GPW_mean  GPW_median  GPW_p75
All unprotected (baseline)   4067149 3864910.0   170.856      50.977  118.051
             BAU risk zone     11967   11188.0    76.799       9.220   27.905
               Top 5% risk    203358  192983.0    87.309      20.031   60.440
               Top 1% risk     40672   38113.0    85.312      13.311   30.746

======================================================================
HOTSPOT ZOOM-IN MAPS
======================================================================
  Borneo / Kalimantan: 658,623 pixels
  Backbone background plotted from: /cluster/scratch/gikaufmann/data/se_asia/ready/backbone/backbone.tif
  Backbone background plotted from: /cluster/scratch/gikaufmann/data/se_asia/ready/backbone/backbone.tif
  Mekong / Indochina: 870,529 pixels
  Backbone background plotted from: /cluster/scratch/gikaufmann/data/se_asia/ready/backbone/backbone.tif
  Backbone background plotted from: /cluster/scratch/gikaufmann/data/se_asia/ready/backbone/backbone.tif
  Sumatra / Malay Pen.: 572,153 pixels
  Backbone background plotted from: /cluster/scratch/gikaufmann/data/se_asia/ready/backbone/backbone.tif
  Backbone background plotted from: /cluster/scratch/gikaufmann/data/se_asia/ready/backbone/backbone.tif
  Saved: /cluster/scratch/gikaufmann/outputs/se_asia/results/forward/lgbm/hotspot_maps.png
  Saved: /cluster/scratch/gikaufmann/outputs/se_asia/results/forward/lgbm/hotspot_maps.pdf

======================================================================
FORECAST CONFIDENCE SUMMARY (from backtesting)
======================================================================
  WARNING: forward_backtest_results.json not found — skipping confidence summary

======================================================================
CONSERVATION ALIGNMENT MAP (sweet spots vs gaps)
======================================================================
  Sweet spots (both):    3,177 km²
  Conservation gaps:     61,861 km²
  Misdirected:           725,031 km²
  Total designated (30×30): 728,209 km²
  Total priority area:      65,038 km²
  Alignment score:          0.4% of 30×30 establishments inside biodiversity priority
  Backbone background plotted from: /cluster/scratch/gikaufmann/data/se_asia/ready/backbone/backbone.tif
  Saved: /cluster/scratch/gikaufmann/outputs/se_asia/results/forward/lgbm/conservation_alignment.png
  Saved: /cluster/scratch/gikaufmann/outputs/se_asia/results/forward/lgbm/conservation_alignment.pdf

======================================================================
CLIMATE STABILISATION ALIGNMENT MAP (sweet spots vs gaps)
======================================================================
  Sweet spots (both):    174,529 km²
  Conservation gaps:     861,282 km²
  Misdirected:           553,680 km²
  Total designated (30×30): 728,209 km²
  Total priority area:      1,035,811 km²
  Alignment score:          24.0% of 30×30 establishments inside climate stabilisation priority
  Backbone background plotted from: /cluster/scratch/gikaufmann/data/se_asia/ready/backbone/backbone.tif
  Saved: /cluster/scratch/gikaufmann/outputs/se_asia/results/forward/lgbm/climate_stabilisation_alignment.png
  Saved: /cluster/scratch/gikaufmann/outputs/se_asia/results/forward/lgbm/climate_stabilisation_alignment.pdf

======================================================================
COUNTRY CONSERVATION ALIGNMENT SCORES
======================================================================
  Saved: /cluster/scratch/gikaufmann/outputs/se_asia/results/forward/lgbm/country_alignment.csv
    country  new_designated_km2  sweet_spot_km2  alignment_pct
    Myanmar             27607.0          1621.0            5.9
   Thailand             25626.0           480.0            1.9
   Malaysia             22908.0           154.0            0.7
  Indonesia            284705.0           416.0            0.1
   Cambodia             22870.0            17.0            0.1
       Laos            114364.0           119.0            0.1
    Vietnam             45811.0            36.0            0.1
     Brunei                 9.0             0.0            0.0
Philippines            107224.0            46.0            0.0
 East Timor              2185.0             0.0            0.0
  Saved: /cluster/scratch/gikaufmann/outputs/se_asia/results/forward/lgbm/country_alignment.png
  Saved: /cluster/scratch/gikaufmann/outputs/se_asia/results/forward/lgbm/country_alignment.pdf

Saved scenario summary: /cluster/scratch/gikaufmann/outputs/se_asia/results/forward/lgbm/scenario_summary.json

======================================================================
FORWARD RESULTS COMPLETE
======================================================================
  [OK]  probability_map.png
  [OK]  risk_map_bau.png
  [OK]  scenario_moderate.png
  [OK]  scenario_30x30.png
  [OK]  gap_analysis.png
  [OK]  country_breakdown.csv
  [MISSING]  biome_breakdown.csv
  [OK]  economic_exposure.csv
  [OK]  hotspot_maps.png
  [OK]  scenario_summary.json
  [OK]  conservation_alignment.png
  [OK]  climate_stabilisation_alignment.png
  [OK]  country_alignment.png
  [OK]  country_alignment.csv
  [OK]  feature_importance_lgbm.png
  [OK]  probability_map.pdf
  [OK]  risk_map_bau.pdf
  [OK]  scenario_moderate.pdf
  [OK]  scenario_30x30.pdf
  [OK]  gap_analysis.pdf
  [OK]  hotspot_maps.pdf
  [OK]  conservation_alignment.pdf
  [OK]  climate_stabilisation_alignment.pdf
  [OK]  country_alignment.pdf
  [OK]  feature_importance_lgbm.pdf
forward_results (LGBM) finished (exit code: 0)
