Many modules are hidden in this stack. Use "module --show_hidden spider SOFTWARE" if you are not able to find the required software

The following have been reloaded with a version change:
  1) cuda/12.1.1 => cuda/12.4.1

wandb: Currently logged in as: gikaufmann (gikaufmann-eth-z-rich) to https://api.wandb.ai. Use `wandb login --relogin` to force relogin
wandb: setting up run mmcyiwdw
wandb: Tracking run with wandb version 0.23.0
wandb: Run data is saved locally in /cluster/scratch/gikaufmann/wandb/wandb/run-20260330_192822-mmcyiwdw
wandb: Run `wandb offline` to turn off syncing.
wandb: Syncing run coverage_se_asia_20260330_192817
wandb: ⭐️ View project at https://wandb.ai/gikaufmann-eth-z-rich/forward
wandb: 🚀 View run at https://wandb.ai/gikaufmann-eth-z-rich/forward/runs/mmcyiwdw
Traceback (most recent call last):
  File "/cluster/home/gikaufmann/master_thesis/scripts/regions/se_asia/8_forward/1_forward_coverage_baseline.py", line 13, in <module>
    run_region_forward("se_asia", stage="coverage_baseline")
  File "/cluster/home/gikaufmann/master_thesis/scripts/regions/shared/forward/runner.py", line 65, in run_region_forward
    core_module.main()
  File "/cluster/home/gikaufmann/master_thesis/scripts/regions/shared/forward/coverage_core.py", line 319, in main
    wdpa_2024_path = resolve_raster(WDPA_2024_FILENAME, DATA_SUBDIR, subdirs=["WDPA", "wdpa"])
                     ^^^^^^^^^^^^^^^^^^^^^^^^^^^^^^^^^^^^^^^^^^^^^^^^^^^^^^^^^^^^^^^^^^^^^^^^^
  File "/cluster/home/gikaufmann/master_thesis/scripts/regions/shared/forward/coverage_core.py", line 64, in resolve_raster
    raise FileNotFoundError(
FileNotFoundError: 'WDPA_SEA_1km_2024.tif' not found. Checked:
  /cluster/scratch/gikaufmann/data/se_asia/ready/WDPA_SEA_1km_2024.tif
  /cluster/scratch/gikaufmann/data/se_asia/ready/WDPA/WDPA_SEA_1km_2024.tif
  /cluster/scratch/gikaufmann/data/se_asia/ready/wdpa/WDPA_SEA_1km_2024.tif
  /cluster/home/gikaufmann/master_thesis/data/se_asia/ready/WDPA_SEA_1km_2024.tif
  /cluster/home/gikaufmann/master_thesis/data/se_asia/ready/WDPA/WDPA_SEA_1km_2024.tif
  /cluster/home/gikaufmann/master_thesis/data/se_asia/ready/wdpa/WDPA_SEA_1km_2024.tif
srun: error: eu-a2p-331: task 0: Exited with exit code 1
