RF backtest task 0: origin year T=2019
drwxr-xr-x 10 gikaufmann gikaufmann-group 4096 Mar 28 15:24 /cluster/home/gikaufmann/master_thesis
PWD = /cluster/home/gikaufmann/master_thesis

=========================================================================
Running RF backtest for T=2019...
=========================================================================
W&B connected — run: https://wandb.ai/gikaufmann-eth-z-rich/forward/runs/gkh95drt
Processing origin year T=2019 [RF]
  panel:        /cluster/scratch/gikaufmann/data/south_america/ml/merged_panel_final.parquet
  split_paths:  ['/cluster/scratch/gikaufmann/data/south_america/ml/main/train_win5.parquet', '/cluster/scratch/gikaufmann/data/south_america/ml/main/earlystop_win5.parquet', '/cluster/scratch/gikaufmann/data/south_america/ml/main/test_win5.parquet']
  feature_cols: 73

======================================================================
BACKTEST [RF]: origin year T=2019  (train 2001–2014, eval 2020–2024)
  Clean 5-year window: True
======================================================================
  [Memory start T=2019] RSS: 0.40 GB
  Found 7,394,963 pos + 243,160,094 neg → capping neg to 40,000,000 (MAX_NEG_TRAIN)
  Using 47,394,963 samples (7,394,963 pos / 40,000,000 neg)
  Training data: 47,394,963 rows (7,394,963 pos / 40,000,000 neg)
  RF training: 47,394,963 samples (7,394,963 pos / 40,000,000 neg), n_estimators=300
    bootstrap: True
    class_weight: balanced_subsample
    max_depth: 30
    max_features: sqrt
    min_samples_leaf: 1
    min_samples_split: 22
    n_estimators: 300
    n_jobs: 32
    random_state: 42
  Training done in 12752.6s
  [Memory after training T=2019] RSS: 4.48 GB

Loading year-T=2019 inference rows (WDPA_prev==0 AND WDPA==0)…
  15,651,012 inference pixels at T=2019
  Reconstructing 5-year labels from years 2020–2024…

Scoring 15,651,012 pixels…

  T=2019, window [2020–2019]
    n=15,651,012, pos=59,245 (0.3785%)
    ROC-AUC: 0.6846  PR-AUC: 0.0104
    P@1%: 0.0239  R@1%: 0.0631  Lift: 6.31x
    P@5%: 0.0150  R@5%: 0.1982  Lift: 3.96x
    P@10%: 0.0121  R@10%: 0.3191  Lift: 3.19x
    Forecast Capture Rate (top 5%): 0.1982

  T=2019 FP map: top-5% → 11,740 TP, 770,811 FP (precision=0.015)
Loading South America boundary from URL...
  Successfully loaded from https://naciscdn.org/naturalearth/110m/cultural/ne_110m_admin_0_countries.zip
  Found South America boundary with 12 feature(s) in EPSG:4326
  Backbone background plotted from: /cluster/scratch/gikaufmann/data/south_america/ready/backbone/backbone.tif
  Backbone background plotted from: /cluster/scratch/gikaufmann/data/south_america/ready/backbone/backbone.tif
  Saved: /cluster/home/gikaufmann/master_thesis/outputs/south_america/results/forward/rf/forward_backtest_T2019_false_positives.pdf

Saved: /cluster/home/gikaufmann/master_thesis/outputs/south_america/results/forward/rf/forward_backtest_T2019.json
RF backtest T=2019 finished (exit code: 0)

Task 0 (T=2019) done. To aggregate RF results and produce the summary plot, run:
  python scripts/regions/south_america/8_forward/5_forward_backtest.py --model-type rf --aggregate
