drwxr-xr-x 10 gikaufmann gikaufmann-group 4096 Mar 28 15:24 /cluster/home/gikaufmann/master_thesis
PWD = /cluster/home/gikaufmann/master_thesis

=========================================================================
Stage 0b: Training RF deployment model (2001-2019)...
=========================================================================
W&B connected — run: https://wandb.ai/gikaufmann-eth-z-rich/forward/runs/fqnhltny
======================================================================
MODEL 1 RF — DEPLOYMENT MODEL (2001-2019)
======================================================================
  train:     /cluster/scratch/gikaufmann/data/south_america/ml/main/train_win5.parquet
  earlystop: /cluster/scratch/gikaufmann/data/south_america/ml/main/earlystop_win5.parquet
  test:      /cluster/scratch/gikaufmann/data/south_america/ml/main/test_win5.parquet
  params:    /cluster/home/gikaufmann/master_thesis/scripts/regions/south_america/5_training/rf_best_params.json
  n_jobs:    32
  MAX_NEG_TRAIN: 40000000

  n_estimators: 300

  Feature columns: 73

======================================================================
STEP 1: TRAINING DEPLOYMENT MODEL (2001-2019)
======================================================================
  [Memory before loading deployment training data] RSS: 0.38 GB
  Pass 1: counting rows (deployment_train, years 2001–2019)…
    8,551,415 pos / 353,728,843 neg → capping neg to 40,000,000
    Using 48,551,415 samples (8,551,415 pos / 40,000,000 neg)
  Loaded 48,551,415 rows in 1744.3s (40,000,000 neg / 8,551,415 pos)
  [Memory after loading deployment training data] RSS: 14.24 GB

  Training RF deployment model — 48,551,415 samples (8,551,415 pos / 40,000,000 neg)
    bootstrap: True
    class_weight: balanced_subsample
    max_depth: 30
    max_features: sqrt
    min_samples_leaf: 1
    min_samples_split: 22
    n_estimators: 300
    n_jobs: 32
    random_state: 42
    verbose: 0
  Done in 10192.3s
  [Memory after training deployment model] RSS: 18.50 GB

======================================================================
DEPLOYMENT CALIBRATION SPLIT (RF)
  Auxiliary model train: 2001–2016
  Calibration held-out:  2017–2019
======================================================================
  Pass 1: counting rows (aux_train, years 2001–2016)…
    8,171,351 pos / 306,413,400 neg → capping neg to 40,000,000
    Using 48,171,351 samples (8,171,351 pos / 40,000,000 neg)
  Loaded 48,171,351 rows in 1499.4s (40,000,000 neg / 8,171,351 pos)

  Training RF auxiliary calibration model — 48,171,351 samples (8,171,351 pos / 40,000,000 neg)
    bootstrap: True
    class_weight: balanced_subsample
    max_depth: 30
    max_features: sqrt
    min_samples_leaf: 1
    min_samples_split: 22
    n_estimators: 300
    n_jobs: 32
    random_state: 42
    verbose: 0
  Done in 10018.9s

Scoring calibration held-out set…
  Pass 1: counting rows (aux_calib, years 2017–2019)…
    Using 47,695,507 samples (380,064 pos / 47,315,443 neg)
  Loaded 47,695,507 rows in 147.5s (47,315,443 neg / 380,064 pos)
  Aux RF on calib set: PR-AUC 0.6528, ROC-AUC 0.9343, P@1% 0.5409

Fitting Platt calibrator…
Fitting isotonic calibrator…
  Brier score — raw: 0.004556, Platt: 0.004014, isotonic: 0.003889
  [Memory after fitting calibrators] RSS: 19.95 GB

Saved deployment artifact: /cluster/scratch/gikaufmann/data/south_america/ml/models/model1_rf_deployment_20260330_123933.pkl

======================================================================
SUMMARY
======================================================================
  Model:           RandomForest deployment (2001-2019)
  Features:        73
  Train samples:   48,551,415 (8,551,415 pos / 40,000,000 neg)
  n_estimators:    300
  class_weight:    balanced_subsample (no temporal weighting)
  Calibrators:     Platt + isotonic (deployment calibration split)
  Artifact:        /cluster/scratch/gikaufmann/data/south_america/ml/models/model1_rf_deployment_20260330_123933.pkl
  Total time:      23749.1s (395.8min)
======================================================================

Log saved: /cluster/scratch/gikaufmann/outputs/south_america/results/forward/model1_rf_deployment_20260330_123933.txt
Stage 0b complete.

=========================================================================
Stage 1: Extracting 2024 inference features...
=========================================================================
W&B connected — run: https://wandb.ai/gikaufmann-eth-z-rich/forward/runs/kgxj1d1t

======================================================================
EXTRACTING 2024 INFERENCE FEATURES (year=2024)
======================================================================
  Source: /cluster/scratch/gikaufmann/data/south_america/ml/merged_panel_final.parquet

  Feature columns:  73
  Coordinate cols:  ['x', 'y']

  Pass 1: counting year==2024, WDPA_prev==0, WDPA==0 rows…
  Found 15,591,767 qualifying pixels

  Pass 2: streaming and writing to forward_features_2024.parquet…
  1% — 190,833/15,591,767
  25% — 3,967,541/15,591,767
  51% — 7,966,465/15,591,767
  75% — 11,763,693/15,591,767
  100% — 15,591,767/15,591,767

  Written: 15,591,767 rows → /cluster/scratch/gikaufmann/outputs/south_america/results/forward/forward_features_2024.parquet
  Columns: ['row', 'col', 'x', 'y', 'elevation_b1'] … (77 total)

Done. Output: /cluster/scratch/gikaufmann/outputs/south_america/results/forward/forward_features_2024.parquet
Stage 1 complete.

=========================================================================
Stage 2: Running calibrated RF forward inference...
=========================================================================
W&B connected — run: https://wandb.ai/gikaufmann-eth-z-rich/forward/runs/4kbecy2t
  Found 2 deployment artifacts in /cluster/scratch/gikaufmann/data/south_america/ml/models; using most recent: model1_rf_deployment_20260330_123933.pkl

======================================================================
FORWARD INFERENCE — 2024 (RF)
======================================================================
  Features:   /cluster/scratch/gikaufmann/outputs/south_america/results/forward/forward_features_2024.parquet
  Artifact:   /cluster/scratch/gikaufmann/data/south_america/ml/models/model1_rf_deployment_20260330_123933.pkl
  Model type: rf

Loading deployment artifact…
  Model trained on years: [2001, 2019]
  feature_cols:           73
  calibrators:            platt=True, isotonic=True
  [Memory after loading artifact] RSS: 4.49 GB

Pass 1: counting rows…
  15,591,767 inference pixels

Pass 2: inference → forward_scored_2024.parquet…
  3% — 500,000/15,591,767
  [Memory   3%] RSS: 5.48 GB
  12% — 2,000,000/15,591,767
  [Memory   12%] RSS: 5.56 GB
  22% — 3,500,000/15,591,767
  [Memory   22%] RSS: 5.57 GB
  32% — 5,000,000/15,591,767
  [Memory   32%] RSS: 5.59 GB
  41% — 6,500,000/15,591,767
  [Memory   41%] RSS: 5.60 GB
  51% — 8,000,000/15,591,767
  [Memory   51%] RSS: 5.61 GB
  60% — 9,500,000/15,591,767
  [Memory   60%] RSS: 5.61 GB
  70% — 11,000,000/15,591,767
  [Memory   70%] RSS: 5.61 GB
  80% — 12,500,000/15,591,767
  [Memory   80%] RSS: 5.60 GB
  92% — 14,500,000/15,591,767
  [Memory   92%] RSS: 5.61 GB
  100% — 15,591,767/15,591,767
  [Memory   100%] RSS: 5.50 GB

Written: 15,591,767 rows → /cluster/scratch/gikaufmann/outputs/south_america/results/forward/rf/forward_scored_2024.parquet

Sampling calibrated probability statistics…
  min:    0.000114
  p50:    0.002067
  p95:    0.010095
  p99:    0.024147
  max:    0.848261

Done. Output: /cluster/scratch/gikaufmann/outputs/south_america/results/forward/rf/forward_scored_2024.parquet
Stage 2 complete.

forward_deployment_rf job finished. Next steps:
  1. Run 1_forward_coverage_baseline.py (if not already done)
  2. Run 4_forward_results.py --model-type rf for maps and scenario analysis
  3. Run forward_backtest_rf.slurm for RF backtesting validation
