Many modules are hidden in this stack. Use "module --show_hidden spider SOFTWARE" if you are not able to find the required software

The following have been reloaded with a version change:
  1) cuda/12.1.1 => cuda/12.4.1

wandb: Currently logged in as: gikaufmann (gikaufmann-eth-z-rich) to https://api.wandb.ai. Use `wandb login --relogin` to force relogin
wandb: setting up run 8bhtjjbj
wandb: Tracking run with wandb version 0.23.0
wandb: Run data is saved locally in /cluster/home/gikaufmann/master_thesis/wandb/run-20260328_013853-8bhtjjbj
wandb: Run `wandb offline` to turn off syncing.
wandb: Syncing run deploy_rf_usa_20260328_013851
wandb:  View project at https://wandb.ai/gikaufmann-eth-z-rich/forward
wandb:  View run at https://wandb.ai/gikaufmann-eth-z-rich/forward/runs/8bhtjjbj
wandb: updating run metadata
wandb: uploading wandb-summary.json; uploading output.log
wandb: uploading history steps 3-4, summary, console lines 70-73
wandb: 
wandb: Run history:
wandb: deployment/deploy_n_neg ▁▁
wandb: deployment/deploy_n_pos ▁▁
wandb: deployment/n_estimators ▁
wandb:   deployment/n_features ▁▁
wandb: deployment/total_time_s ▁
wandb: 
wandb: Run summary:
wandb: deployment/deploy_n_neg 30000000.0
wandb: deployment/deploy_n_pos 360885
wandb: deployment/n_estimators 300
wandb:   deployment/n_features 73
wandb:        deployment/stage done
wandb: deployment/total_time_s 17543.5
wandb: 
wandb:  View run deploy_rf_usa_20260328_013851 at: https://wandb.ai/gikaufmann-eth-z-rich/forward/runs/8bhtjjbj
wandb:  View project at: https://wandb.ai/gikaufmann-eth-z-rich/forward
wandb: Synced 5 W&B file(s), 0 media file(s), 0 artifact file(s) and 0 other file(s)
wandb: Find logs at: ./wandb/run-20260328_013853-8bhtjjbj/logs
srun: Step created for StepId=61566632.1
wandb: Currently logged in as: gikaufmann (gikaufmann-eth-z-rich) to https://api.wandb.ai. Use `wandb login --relogin` to force relogin
wandb: setting up run 3npqyj8n
wandb: Tracking run with wandb version 0.23.0
wandb: Run data is saved locally in /cluster/home/gikaufmann/master_thesis/wandb/run-20260328_063140-3npqyj8n
wandb: Run `wandb offline` to turn off syncing.
wandb: Syncing run features_usa_20260328_063138
wandb: ⭐️ View project at https://wandb.ai/gikaufmann-eth-z-rich/forward
wandb: 🚀 View run at https://wandb.ai/gikaufmann-eth-z-rich/forward/runs/3npqyj8n
wandb: updating run metadata
wandb: uploading wandb-summary.json; uploading config.yaml
wandb: uploading history steps 7-8, summary, console lines 18-23
wandb: 
wandb: Run history:
wandb: features/n_feature_cols ▁▁
wandb:         features/n_rows ▁
wandb:  features/n_rows_target ▁
wandb: features/n_rows_written ▁▃▅▆█
wandb:   features/progress_pct ▁▃▅▆█
wandb: 
wandb: Run summary:
wandb: features/n_feature_cols 73
wandb:         features/n_rows 12218241
wandb:  features/n_rows_target 12218241
wandb: features/n_rows_written 12218241
wandb:    features/output_path /cluster/home/gikauf...
wandb:     features/panel_path /cluster/scratch/gik...
wandb:   features/progress_pct 100
wandb:          features/stage done
wandb: 
wandb: 🚀 View run features_usa_20260328_063138 at: https://wandb.ai/gikaufmann-eth-z-rich/forward/runs/3npqyj8n
wandb: ⭐️ View project at: https://wandb.ai/gikaufmann-eth-z-rich/forward
wandb: Synced 5 W&B file(s), 0 media file(s), 0 artifact file(s) and 0 other file(s)
wandb: Find logs at: ./wandb/run-20260328_063140-3npqyj8n/logs
wandb: Currently logged in as: gikaufmann (gikaufmann-eth-z-rich) to https://api.wandb.ai. Use `wandb login --relogin` to force relogin
wandb: setting up run xkuxraxn
wandb: Tracking run with wandb version 0.23.0
wandb: Run data is saved locally in /cluster/home/gikaufmann/master_thesis/wandb/run-20260328_063319-xkuxraxn
wandb: Run `wandb offline` to turn off syncing.
wandb: Syncing run predict_usa_rf_20260328_063317
wandb: ⭐️ View project at https://wandb.ai/gikaufmann-eth-z-rich/forward
wandb: 🚀 View run at https://wandb.ai/gikaufmann-eth-z-rich/forward/runs/xkuxraxn
wandb: updating run metadata
wandb: uploading wandb-summary.json
wandb: uploading history steps 11-13, summary, console lines 37-51
wandb: 
wandb: Run history:
wandb:         inference/n_pixels ▁
wandb:  inference/n_pixels_target ▁
wandb: inference/n_pixels_written ▁▂▂▃▄▅▅▆▇▇█
wandb:         inference/prob_max ▁
wandb:        inference/prob_mean ▁
wandb:         inference/prob_min ▁
wandb:         inference/prob_p50 ▁
wandb:         inference/prob_p95 ▁
wandb:         inference/prob_p99 ▁
wandb:     inference/progress_pct ▁▂▂▃▄▅▅▆▇▇█
wandb: 
wandb: Run summary:
wandb:         inference/n_pixels 12218241
wandb:  inference/n_pixels_target 12218241
wandb: inference/n_pixels_written 12218241
wandb:         inference/prob_max 0.9988
wandb:        inference/prob_mean 9e-05
wandb:         inference/prob_min 0.0
wandb:         inference/prob_p50 0.0
wandb:         inference/prob_p95 3e-05
wandb:         inference/prob_p99 0.00013
wandb:     inference/progress_pct 100
wandb:                         +1 ...
wandb: 
wandb: 🚀 View run predict_usa_rf_20260328_063317 at: https://wandb.ai/gikaufmann-eth-z-rich/forward/runs/xkuxraxn
wandb: ⭐️ View project at: https://wandb.ai/gikaufmann-eth-z-rich/forward
wandb: Synced 5 W&B file(s), 0 media file(s), 0 artifact file(s) and 0 other file(s)
wandb: Find logs at: ./wandb/run-20260328_063319-xkuxraxn/logs
