Many modules are hidden in this stack. Use "module --show_hidden spider SOFTWARE" if you are not able to find the required software

The following have been reloaded with a version change:
  1) cuda/12.1.1 => cuda/12.4.1

wandb: Currently logged in as: gikaufmann (gikaufmann-eth-z-rich) to https://api.wandb.ai. Use `wandb login --relogin` to force relogin
wandb: setting up run kr5r5a1j
wandb: Tracking run with wandb version 0.23.0
wandb: Run data is saved locally in /cluster/home/gikaufmann/master_thesis/wandb/run-20260328_131110-kr5r5a1j
wandb: Run `wandb offline` to turn off syncing.
wandb: Syncing run backtest_south_america_lgbm_20260328_131107
wandb: ⭐️ View project at https://wandb.ai/gikaufmann-eth-z-rich/forward
wandb: 🚀 View run at https://wandb.ai/gikaufmann-eth-z-rich/forward/runs/kr5r5a1j
Traceback (most recent call last):
  File "/cluster/home/gikaufmann/master_thesis/scripts/regions/south_america/8_forward/5_forward_backtest.py", line 24, in <module>
    run_region_forward("south_america", stage="backtest", model_type=model_type)
  File "/cluster/home/gikaufmann/master_thesis/scripts/regions/shared/forward/runner.py", line 65, in run_region_forward
    core_module.main()
  File "/cluster/home/gikaufmann/master_thesis/scripts/regions/shared/forward/backtest_core.py", line 1199, in main
  File "/cluster/home/gikaufmann/master_thesis/scripts/regions/shared/forward/backtest_core.py", line 1078, in run_single_origin
    # ── Predict ───────────────────────────────────────────────────────────────
       ^^^^^^^^^^^^^^^^^^^^^^^^^^^^^^^
  File "/cluster/home/gikaufmann/master_thesis/scripts/regions/shared/forward/backtest_core.py", line 188, in create_false_positive_map
    if not used_bb:
  File "/cluster/home/gikaufmann/venvs/master_thesis/lib/python3.11/site-packages/matplotlib/pyplot.py", line 1250, in savefig
    res = fig.savefig(*args, **kwargs)  # type: ignore[func-returns-value]
          ^^^^^^^^^^^^^^^^^^^^^^^^^^^^
  File "/cluster/home/gikaufmann/venvs/master_thesis/lib/python3.11/site-packages/matplotlib/figure.py", line 3490, in savefig
    self.canvas.print_figure(fname, **kwargs)
  File "/cluster/home/gikaufmann/venvs/master_thesis/lib/python3.11/site-packages/matplotlib/backend_bases.py", line 2186, in print_figure
    result = print_method(
             ^^^^^^^^^^^^^
  File "/cluster/home/gikaufmann/venvs/master_thesis/lib/python3.11/site-packages/matplotlib/backend_bases.py", line 2042, in <lambda>
    print_method = functools.wraps(meth)(lambda *args, **kwargs: meth(
                                                                 ^^^^^
  File "/cluster/home/gikaufmann/venvs/master_thesis/lib/python3.11/site-packages/matplotlib/backends/backend_pdf.py", line 2779, in print_pdf
    file = PdfFile(filename, metadata=metadata)
           ^^^^^^^^^^^^^^^^^^^^^^^^^^^^^^^^^^^^
  File "/cluster/home/gikaufmann/venvs/master_thesis/lib/python3.11/site-packages/matplotlib/backends/backend_pdf.py", line 687, in __init__
    fh, opened = cbook.to_filehandle(filename, "wb", return_opened=True)
                 ^^^^^^^^^^^^^^^^^^^^^^^^^^^^^^^^^^^^^^^^^^^^^^^^^^^^^^^
  File "/cluster/home/gikaufmann/venvs/master_thesis/lib/python3.11/site-packages/matplotlib/cbook.py", line 546, in to_filehandle
    fh = open(fname, flag, encoding=encoding)
         ^^^^^^^^^^^^^^^^^^^^^^^^^^^^^^^^^^^^
FileNotFoundError: [Errno 2] No such file or directory: '/cluster/home/gikaufmann/master_thesis/outputs/south_america/results/forward/lgbm/forward_backtest_T2019_false_positives.pdf'
srun: error: eu-a2p-157: task 0: Exited with exit code 1
