drwxr-xr-x 10 gikaufmann gikaufmann-group 4096 Mar 18 15:57 /cluster/home/gikaufmann/master_thesis
PWD = /cluster/home/gikaufmann/master_thesis

=========================================================================
Stage 0b: Training USA LGBM deployment model (2001-2019)...
=========================================================================
W&B connected — run: https://wandb.ai/gikaufmann-eth-z-rich/forward/runs/w5xinbnu
======================================================================
MODEL 2 LGBM — DEPLOYMENT MODEL (2001-2019)
======================================================================
  train:     /cluster/scratch/gikaufmann/data/usa/ml/main/train_win5.parquet
  earlystop: /cluster/scratch/gikaufmann/data/usa/ml/main/earlystop_win5.parquet
  test:      /cluster/scratch/gikaufmann/data/usa/ml/main/test_win5.parquet
  params:    /cluster/home/gikaufmann/master_thesis/scripts/regions/usa/5_training/lgbm_best_params.json

  num_boost_round (locked from JSON): 2985

  Feature columns: 73

======================================================================
STEP 1: TRAINING DEPLOYMENT MODEL (2001-2019)
======================================================================
  [Memory before loading deployment training labels] RSS: 0.35 GB
  Pass 1: counting rows (deployment_train, years 2001–2019)…
    270,261,575 samples (360,885 pos / 269,900,690 neg) — full risk set
    0% — 200,000/270,261,575
    25% — 67,600,000/270,261,575
    50% — 135,200,000/270,261,575
    75% — 202,700,106/270,261,575
    100% — 270,261,575/270,261,575
  Labels indexed in 50.9s — 270,261,575 rows (269,900,690 neg / 360,885 pos), 1352 feature batches queued (X not in RAM)
  [Memory after indexing deployment training data (X not in RAM)] RSS: 2.22 GB
  scale_pos_weight = 747.8856 (full pass-1 counts; loaded 269,900,690 neg / 360,885 pos)
  Training deployment model — 270,261,575 samples, 2985 rounds
    boosting_type: gbdt
    colsample_bynode: 0.7057804222702729
    colsample_bytree: 0.7
    is_unbalance: False
    learning_rate: 0.020951957451916664
    max_depth: 15
    metric: average_precision
    min_child_samples: 75
    min_split_gain: 0.051187338512523516
    num_leaves: 200
    num_threads: 32
    objective: binary
    path_smooth: 4.8460288990330955
    random_state: 42
    reg_alpha: 3.205453530936173e-05
    reg_lambda: 18.97325757421328
    scale_pos_weight: 747.8855868212866
    subsample: 0.8758757159236898
    subsample_freq: 1
    verbose: -1
  Done in 12726.2s
  [Memory after training deployment model] RSS: 2.62 GB

======================================================================
DEPLOYMENT CALIBRATION SPLIT
  Auxiliary model train: 2001–2016
  Calibration held-out:  2017–2019
======================================================================
  Pass 1: counting rows (aux_train, years 2001–2016)…
    233,494,742 samples (346,098 pos / 233,148,644 neg) — full risk set
    0% — 200,000/233,494,742
    25% — 58,400,000/233,494,742
    50% — 116,800,000/233,494,742
    75% — 175,200,000/233,494,742
    100% — 233,494,742/233,494,742
  Labels indexed in 54.8s — 233,494,742 rows (233,148,644 neg / 346,098 pos), 1168 feature batches queued (X not in RAM)
  scale_pos_weight = 673.6492 (full pass-1 counts; loaded 233,148,644 neg / 346,098 pos)
  Training auxiliary calibration model — 233,494,742 samples, 2985 rounds
    boosting_type: gbdt
    colsample_bynode: 0.7057804222702729
    colsample_bytree: 0.7
    is_unbalance: False
    learning_rate: 0.020951957451916664
    max_depth: 15
    metric: average_precision
    min_child_samples: 75
    min_split_gain: 0.051187338512523516
    num_leaves: 200
    num_threads: 32
    objective: binary
    path_smooth: 4.8460288990330955
    random_state: 42
    reg_alpha: 3.205453530936173e-05
    reg_lambda: 18.97325757421328
    scale_pos_weight: 673.6492091835261
    subsample: 0.8758757159236898
    subsample_freq: 1
    verbose: -1
  Done in 15849.4s

Scoring calibration held-out set…
  Pass 1: counting rows (aux_calib, years 2017–2019)…
    36,766,833 samples (14,787 pos / 36,752,046 neg) — full risk set
    0% — 200,000/36,766,833
    25% — 9,200,000/36,766,833
    50% — 18,400,000/36,766,833
    75% — 27,600,000/36,766,833
    100% — 36,766,833/36,766,833
  Loaded 36,766,833 rows in 80.4s (36,752,046 neg / 14,787 pos)
  Aux model on calib set: PR-AUC 0.1913, ROC-AUC 0.9541, P@1% 0.0338

Fitting Platt calibrator…
Fitting isotonic calibrator…
  Brier score — raw: 0.005273, Platt: 0.000355, isotonic: 0.000347
  [Memory after fitting calibrators] RSS: 2.58 GB

Saved deployment artifact: /cluster/home/gikaufmann/master_thesis/data/usa/ml/models/model2_lgbm_deployment_20260327_083349.pkl

======================================================================
SUMMARY
======================================================================
  Model:           LightGBM deployment (2001-2019)
  Features:        73
  Train samples:   270,261,575 (360,885 pos / 269,900,690 neg)
  num_boost_round: 2985
  scale_pos_weight:747.8856
  Calibrators:     Platt + isotonic (deployment calibration split)
  Artifact:        /cluster/home/gikaufmann/master_thesis/data/usa/ml/models/model2_lgbm_deployment_20260327_083349.pkl
  Total time:      30710.0s (511.8min)
======================================================================

Log saved: /cluster/home/gikaufmann/master_thesis/outputs/usa/results/forward/model2_lgbm_deployment_20260327_083349.txt
Stage 0b complete.

=========================================================================
Stage 1: Extracting 2024 inference features...
=========================================================================
W&B connected — run: https://wandb.ai/gikaufmann-eth-z-rich/forward/runs/0hi42ylo

======================================================================
EXTRACTING 2024 INFERENCE FEATURES (year=2024)
======================================================================
  Source: /cluster/scratch/gikaufmann/data/usa/ml/merged_panel_final.parquet

  Feature columns:  73
  Coordinate cols:  ['x', 'y']

  Pass 1: counting year==2024, WDPA_prev==0, WDPA==0 rows…
  Found 12,218,241 qualifying pixels

  Pass 2: streaming and writing to forward_features_2024.parquet…
  0% — 36,259/12,218,241
  26% — 3,232,346/12,218,241
  50% — 6,224,752/12,218,241
  75% — 9,220,333/12,218,241
  100% — 12,218,241/12,218,241

  Written: 12,218,241 rows → /cluster/home/gikaufmann/master_thesis/outputs/usa/results/forward/forward_features_2024.parquet
  Columns: ['row', 'col', 'x', 'y', 'elevation_b1'] … (77 total)

Done. Output: /cluster/home/gikaufmann/master_thesis/outputs/usa/results/forward/forward_features_2024.parquet
Stage 1 complete.

=========================================================================
Stage 2: Running calibrated LGBM forward inference...
=========================================================================
W&B connected — run: https://wandb.ai/gikaufmann-eth-z-rich/forward/runs/ozkivalm
  Found 2 deployment artifacts; using most recent: model2_lgbm_deployment_20260327_083349.pkl

======================================================================
FORWARD INFERENCE — 2024 (LGBM)
======================================================================
  Features:   /cluster/home/gikaufmann/master_thesis/outputs/usa/results/forward/forward_features_2024.parquet
  Artifact:   /cluster/scratch/gikaufmann/data/usa/ml/models/model2_lgbm_deployment_20260327_083349.pkl
  Model type: lgbm

Loading deployment artifact…
  Model trained on years: [2001, 2019]
  num_boost_round:        2985
  feature_cols:           73
  calibrators:            platt=True, isotonic=True
  [Memory after loading artifact] RSS: 0.28 GB

Pass 1: counting rows…
  12,218,241 inference pixels

Pass 2: inference → forward_scored_2024.parquet…
  4% — 500,000/12,218,241
  [Memory   4%] RSS: 1.01 GB
  12% — 1,500,000/12,218,241
  [Memory   12%] RSS: 1.01 GB
  20% — 2,500,000/12,218,241
  [Memory   20%] RSS: 1.03 GB
  32% — 4,000,000/12,218,241
  [Memory   32%] RSS: 1.03 GB
  40% — 5,000,000/12,218,241
  [Memory   40%] RSS: 1.03 GB
  53% — 6,500,000/12,218,241
  [Memory   53%] RSS: 1.04 GB
  61% — 7,500,000/12,218,241
  [Memory   61%] RSS: 1.04 GB
  73% — 9,000,000/12,218,241
  [Memory   73%] RSS: 1.04 GB
  81% — 10,000,000/12,218,241
  [Memory   81%] RSS: 1.06 GB
  90% — 11,000,000/12,218,241
  [Memory   90%] RSS: 1.04 GB
  100% — 12,218,241/12,218,241
  [Memory   100%] RSS: 0.74 GB

Written: 12,218,241 rows → /cluster/home/gikaufmann/master_thesis/outputs/usa/results/forward/lgbm/forward_scored_2024.parquet

Sampling calibrated probability statistics…
  min:    0.000000
  p50:    0.000014
  p95:    0.000052
  p99:    0.000112
  max:    0.937941

Done. Output: /cluster/home/gikaufmann/master_thesis/outputs/usa/results/forward/lgbm/forward_scored_2024.parquet
Stage 2 complete.

forward_deployment (USA LGBM) job finished. Next steps:
  1. Run 1_forward_coverage_baseline.py (if not already done)
  2. Run 4_forward_results.py for maps and scenario analysis
  3. Run forward_backtest.slurm (usa) for backtesting validation
