Many modules are hidden in this stack. Use "module --show_hidden spider SOFTWARE" if you are not able to find the required software

The following have been reloaded with a version change:
  1) cuda/12.1.1 => cuda/12.4.1

wandb: Currently logged in as: gikaufmann (gikaufmann-eth-z-rich) to https://api.wandb.ai. Use `wandb login --relogin` to force relogin
wandb: setting up run gzfpx8dt
wandb: Tracking run with wandb version 0.23.0
wandb: Run data is saved locally in /cluster/scratch/gikaufmann/wandb/wandb/run-20260330_192940-gzfpx8dt
wandb: Run `wandb offline` to turn off syncing.
wandb: Syncing run deploy_lgbm_se_asia_20260330_192936
wandb:  View project at https://wandb.ai/gikaufmann-eth-z-rich/forward
wandb:  View run at https://wandb.ai/gikaufmann-eth-z-rich/forward/runs/gzfpx8dt
wandb: updating run metadata
wandb: uploading output.log; uploading wandb-summary.json
wandb: uploading history steps 3-4, summary, console lines 101-104
wandb: 
wandb: Run history:
wandb:      deployment/deploy_n_neg ▁▁
wandb: deployment/deploy_n_neg_full ▁
wandb:      deployment/deploy_n_pos ▁▁
wandb: deployment/deploy_n_pos_full ▁
wandb:        deployment/n_features ▁▁
wandb:  deployment/scale_pos_weight ▁▁
wandb:      deployment/total_time_s ▁
wandb: 
wandb: Run summary:
wandb:      deployment/deploy_n_neg 92429052.0
wandb: deployment/deploy_n_neg_full 92429052.0
wandb:      deployment/deploy_n_pos 1192787.0
wandb: deployment/deploy_n_pos_full 1192787.0
wandb:        deployment/n_features 73
wandb:  deployment/scale_pos_weight 77.48999
wandb:             deployment/stage done
wandb:      deployment/total_time_s 9907.2
wandb: 
wandb:  View run deploy_lgbm_se_asia_20260330_192936 at: https://wandb.ai/gikaufmann-eth-z-rich/forward/runs/gzfpx8dt
wandb:  View project at: https://wandb.ai/gikaufmann-eth-z-rich/forward
wandb: Synced 5 W&B file(s), 0 media file(s), 0 artifact file(s) and 0 other file(s)
wandb: Find logs at: /cluster/scratch/gikaufmann/wandb/wandb/run-20260330_192940-gzfpx8dt/logs
wandb: Currently logged in as: gikaufmann (gikaufmann-eth-z-rich) to https://api.wandb.ai. Use `wandb login --relogin` to force relogin
wandb: setting up run qtxw199s
wandb: Tracking run with wandb version 0.23.0
wandb: Run data is saved locally in /cluster/scratch/gikaufmann/wandb/wandb/run-20260330_221453-qtxw199s
wandb: Run `wandb offline` to turn off syncing.
wandb: Syncing run features_se_asia_20260330_221451
wandb: ⭐️ View project at https://wandb.ai/gikaufmann-eth-z-rich/forward
wandb: 🚀 View run at https://wandb.ai/gikaufmann-eth-z-rich/forward/runs/qtxw199s
wandb: updating run metadata
wandb: uploading history steps 4-8, summary, console lines 15-23
wandb: 
wandb: Run history:
wandb: features/n_feature_cols ▁▁
wandb:         features/n_rows ▁
wandb:  features/n_rows_target ▁
wandb: features/n_rows_written ▁▃▄▆█
wandb:   features/progress_pct ▁▃▅▆█
wandb: 
wandb: Run summary:
wandb: features/n_feature_cols 73
wandb:         features/n_rows 4067149
wandb:  features/n_rows_target 4067149
wandb: features/n_rows_written 4067149
wandb:    features/output_path /cluster/scratch/gik...
wandb:     features/panel_path /cluster/scratch/gik...
wandb:   features/progress_pct 100
wandb:          features/stage done
wandb: 
wandb: 🚀 View run features_se_asia_20260330_221451 at: https://wandb.ai/gikaufmann-eth-z-rich/forward/runs/qtxw199s
wandb: ⭐️ View project at: https://wandb.ai/gikaufmann-eth-z-rich/forward
wandb: Synced 5 W&B file(s), 0 media file(s), 0 artifact file(s) and 0 other file(s)
wandb: Find logs at: /cluster/scratch/gikaufmann/wandb/wandb/run-20260330_221453-qtxw199s/logs
srun: Step created for StepId=61827304.2
wandb: Currently logged in as: gikaufmann (gikaufmann-eth-z-rich) to https://api.wandb.ai. Use `wandb login --relogin` to force relogin
wandb: setting up run 98bnchjz
wandb: Tracking run with wandb version 0.23.0
wandb: Run data is saved locally in /cluster/scratch/gikaufmann/wandb/wandb/run-20260330_221533-98bnchjz
wandb: Run `wandb offline` to turn off syncing.
wandb: Syncing run predict_se_asia_lgbm_20260330_221531
wandb: ⭐️ View project at https://wandb.ai/gikaufmann-eth-z-rich/forward
wandb: 🚀 View run at https://wandb.ai/gikaufmann-eth-z-rich/forward/runs/98bnchjz
wandb: updating run metadata
wandb: uploading wandb-summary.json
wandb: 
wandb: Run history:
wandb:         inference/n_pixels ▁
wandb:  inference/n_pixels_target ▁
wandb: inference/n_pixels_written ▁▂▃▄▅▆▇██
wandb:         inference/prob_max ▁
wandb:        inference/prob_mean ▁
wandb:         inference/prob_min ▁
wandb:         inference/prob_p50 ▁
wandb:         inference/prob_p95 ▁
wandb:         inference/prob_p99 ▁
wandb:     inference/progress_pct ▁▂▃▄▅▆▇██
wandb: 
wandb: Run summary:
wandb:         inference/n_pixels 4067149
wandb:  inference/n_pixels_target 4067149
wandb: inference/n_pixels_written 4067149
wandb:         inference/prob_max 0.99751
wandb:        inference/prob_mean 0.00073
wandb:         inference/prob_min 3e-05
wandb:         inference/prob_p50 3e-05
wandb:         inference/prob_p95 0.00086
wandb:         inference/prob_p99 0.00498
wandb:     inference/progress_pct 100
wandb:                         +1 ...
wandb: 
wandb: 🚀 View run predict_se_asia_lgbm_20260330_221531 at: https://wandb.ai/gikaufmann-eth-z-rich/forward/runs/98bnchjz
wandb: ⭐️ View project at: https://wandb.ai/gikaufmann-eth-z-rich/forward
wandb: Synced 5 W&B file(s), 0 media file(s), 0 artifact file(s) and 0 other file(s)
wandb: Find logs at: /cluster/scratch/gikaufmann/wandb/wandb/run-20260330_221533-98bnchjz/logs
