Many modules are hidden in this stack. Use "module --show_hidden spider SOFTWARE" if you are not able to find the required software

The following have been reloaded with a version change:
  1) cuda/12.1.1 => cuda/12.4.1

wandb: Currently logged in as: gikaufmann (gikaufmann-eth-z-rich) to https://api.wandb.ai. Use `wandb login --relogin` to force relogin
wandb: setting up run g65aksiq
wandb: Tracking run with wandb version 0.23.0
wandb: Run data is saved locally in /cluster/scratch/gikaufmann/wandb/wandb/run-20260330_223748-g65aksiq
wandb: Run `wandb offline` to turn off syncing.
wandb: Syncing run results_se_asia_lgbm_20260330_223747
wandb: ⭐️ View project at https://wandb.ai/gikaufmann-eth-z-rich/forward_results
wandb: 🚀 View run at https://wandb.ai/gikaufmann-eth-z-rich/forward_results/runs/g65aksiq
wandb: updating run metadata
wandb: uploading output.log; uploading wandb-summary.json
wandb: uploading history steps 6-6, summary, console lines 151-166
wandb: 
wandb: Run history:
wandb:                                   results/bau_cutoff ▁
wandb:                            results/coverage_pct_2024 ▁
wandb:                                  results/full_cutoff ▁
wandb:                         results/km2_needed_for_30pct ▁
wandb:                              results/moderate_cutoff ▁
wandb:                         results/n_unprotected_pixels ▁
wandb:                           results/protected_2024_km2 ▁
wandb:                     results/scenarios/30x30/area_km2 ▁
wandb:                     results/scenarios/30x30/n_pixels ▁
wandb: results/scenarios/30x30/projected_total_coverage_pct ▁
wandb:                                                   +6 ...
wandb: 
wandb: Run summary:
wandb:                                   results/bau_cutoff 0.03359
wandb:                            results/coverage_pct_2024 0.14029
wandb:                                  results/full_cutoff 0.00012
wandb:                         results/km2_needed_for_30pct 728910.49
wandb:                              results/moderate_cutoff 0.00053
wandb:                         results/n_unprotected_pixels 4067149
wandb:                           results/protected_2024_km2 640247.39
wandb:                     results/scenarios/30x30/area_km2 728208.88
wandb:                     results/scenarios/30x30/n_pixels 761784
wandb: results/scenarios/30x30/projected_total_coverage_pct 0.29985
wandb:                                                   +7 ...
wandb: 
wandb: 🚀 View run results_se_asia_lgbm_20260330_223747 at: https://wandb.ai/gikaufmann-eth-z-rich/forward_results/runs/g65aksiq
wandb: ⭐️ View project at: https://wandb.ai/gikaufmann-eth-z-rich/forward_results
wandb: Synced 5 W&B file(s), 0 media file(s), 0 artifact file(s) and 0 other file(s)
wandb: Find logs at: /cluster/scratch/gikaufmann/wandb/wandb/run-20260330_223748-g65aksiq/logs
