Many modules are hidden in this stack. Use "module --show_hidden spider SOFTWARE" if you are not able to find the required software

The following have been reloaded with a version change:
  1) cuda/12.1.1 => cuda/12.4.1

wandb: Currently logged in as: gikaufmann (gikaufmann-eth-z-rich) to https://api.wandb.ai. Use `wandb login --relogin` to force relogin
wandb: setting up run a3ayrs7k
wandb: Tracking run with wandb version 0.23.0
wandb: Run data is saved locally in /cluster/home/gikaufmann/master_thesis/wandb/run-20260328_113800-a3ayrs7k
wandb: Run `wandb offline` to turn off syncing.
wandb: Syncing run results_usa_lgbm_20260328_113758
wandb: ⭐️ View project at https://wandb.ai/gikaufmann-eth-z-rich/forward
wandb: 🚀 View run at https://wandb.ai/gikaufmann-eth-z-rich/forward/runs/a3ayrs7k
Traceback (most recent call last):
  File "/cluster/home/gikaufmann/venvs/master_thesis/lib/python3.11/site-packages/pandas/compat/_optional.py", line 135, in import_optional_dependency
    module = importlib.import_module(name)
             ^^^^^^^^^^^^^^^^^^^^^^^^^^^^^
  File "/cluster/software/stacks/2024-06/spack/opt/spack/linux-ubuntu22.04-x86_64_v3/gcc-12.2.0/python-3.11.6-ukhwpjnwzzzizek3pgr75zkbhxros5fq/lib/python3.11/importlib/__init__.py", line 126, in import_module
    return _bootstrap._gcd_import(name[level:], package, level)
           ^^^^^^^^^^^^^^^^^^^^^^^^^^^^^^^^^^^^^^^^^^^^^^^^^^^^
  File "<frozen importlib._bootstrap>", line 1204, in _gcd_import
  File "<frozen importlib._bootstrap>", line 1176, in _find_and_load
  File "<frozen importlib._bootstrap>", line 1140, in _find_and_load_unlocked
ModuleNotFoundError: No module named 'jinja2'

During handling of the above exception, another exception occurred:

Traceback (most recent call last):
  File "/cluster/home/gikaufmann/master_thesis/scripts/regions/shared/forward/results_core.py", line 603, in create_country_breakdown
    country_df[tex_cols].head(13).to_latex(
  File "/cluster/home/gikaufmann/venvs/master_thesis/lib/python3.11/site-packages/pandas/util/_decorators.py", line 333, in wrapper
    return func(*args, **kwargs)
           ^^^^^^^^^^^^^^^^^^^^^
  File "/cluster/home/gikaufmann/venvs/master_thesis/lib/python3.11/site-packages/pandas/core/generic.py", line 3688, in to_latex
    return self._to_latex_via_styler(
           ^^^^^^^^^^^^^^^^^^^^^^^^^^
  File "/cluster/home/gikaufmann/venvs/master_thesis/lib/python3.11/site-packages/pandas/core/generic.py", line 3745, in _to_latex_via_styler
    from pandas.io.formats.style import Styler
  File "/cluster/home/gikaufmann/venvs/master_thesis/lib/python3.11/site-packages/pandas/io/formats/style.py", line 44, in <module>
    jinja2 = import_optional_dependency("jinja2", extra="DataFrame.style requires jinja2.")
             ^^^^^^^^^^^^^^^^^^^^^^^^^^^^^^^^^^^^^^^^^^^^^^^^^^^^^^^^^^^^^^^^^^^^^^^^^^^^^^
  File "/cluster/home/gikaufmann/venvs/master_thesis/lib/python3.11/site-packages/pandas/compat/_optional.py", line 138, in import_optional_dependency
    raise ImportError(msg)
ImportError: Missing optional dependency 'Jinja2'. DataFrame.style requires jinja2. Use pip or conda to install Jinja2.
wandb: updating run metadata
wandb: uploading wandb-summary.json
wandb: uploading history steps 4-6, summary, console lines 104-120
wandb: 
wandb: Run history:
wandb:                                   results/bau_cutoff ▁
wandb:                            results/coverage_pct_2024 ▁
wandb:                                  results/full_cutoff ▁
wandb:                         results/km2_needed_for_30pct ▁
wandb:                              results/moderate_cutoff ▁
wandb:                         results/n_unprotected_pixels ▁
wandb:                           results/protected_2024_km2 ▁
wandb:                     results/scenarios/30x30/area_km2 ▁
wandb:                     results/scenarios/30x30/n_pixels ▁
wandb: results/scenarios/30x30/projected_total_coverage_pct ▁
wandb:                                                   +6 ...
wandb: 
wandb: Run summary:
wandb:                                   results/bau_cutoff 0.04316
wandb:                            results/coverage_pct_2024 0.07707
wandb:                                  results/full_cutoff 4e-05
wandb:                         results/km2_needed_for_30pct 1745275.35
wandb:                              results/moderate_cutoff 4e-05
wandb:                         results/n_unprotected_pixels 12218241
wandb:                           results/protected_2024_km2 603356.92
wandb:                     results/scenarios/30x30/area_km2 1741741.75
wandb:                     results/scenarios/30x30/n_pixels 3030429
wandb: results/scenarios/30x30/projected_total_coverage_pct 0.29955
wandb:                                                   +7 ...
wandb: 
wandb: 🚀 View run results_usa_lgbm_20260328_113758 at: https://wandb.ai/gikaufmann-eth-z-rich/forward/runs/a3ayrs7k
wandb: ⭐️ View project at: https://wandb.ai/gikaufmann-eth-z-rich/forward
wandb: Synced 5 W&B file(s), 0 media file(s), 0 artifact file(s) and 0 other file(s)
wandb: Find logs at: ./wandb/run-20260328_113800-a3ayrs7k/logs
