drwxr-xr-x 10 gikaufmann gikaufmann-group 4096 Mar 28 15:24 /cluster/home/gikaufmann/master_thesis
PWD = /cluster/home/gikaufmann/master_thesis

=========================================================================
Stage 0b: Training RF deployment model (2001-2019)...
=========================================================================
======================================================================
MODEL 1 RF — DEPLOYMENT MODEL (2001-2019)
======================================================================
  train:     /cluster/scratch/gikaufmann/data/se_asia/ml/main/train_win5.parquet
  earlystop: /cluster/scratch/gikaufmann/data/se_asia/ml/main/earlystop_win5.parquet
  test:      /cluster/scratch/gikaufmann/data/se_asia/ml/main/test_win5.parquet
  params:    /cluster/home/gikaufmann/master_thesis/scripts/regions/se_asia/5_training/rf_best_params.json
  n_jobs:    32
  MAX_NEG_TRAIN: 20000000

  n_estimators: 300

  Feature columns: 73

======================================================================
STEP 1: TRAINING DEPLOYMENT MODEL (2001-2019)
======================================================================
  [Memory before loading deployment training data] RSS: 0.23 GB
  Pass 1: counting rows (deployment_train, years 2001–2019)…
    1,192,787 pos / 92,429,052 neg → capping neg to 20,000,000
    Using 21,192,787 samples (1,192,787 pos / 20,000,000 neg)
  Loaded 21,192,787 rows in 453.0s (20,000,000 neg / 1,192,787 pos)
  [Memory after loading deployment training data] RSS: 6.62 GB

  Training RF deployment model — 21,192,787 samples (1,192,787 pos / 20,000,000 neg)
    bootstrap: True
    class_weight: balanced_subsample
    max_depth: None
    max_features: log2
    min_samples_leaf: 6
    min_samples_split: 30
    n_estimators: 300
    n_jobs: 32
    random_state: 42
    verbose: 0
  Done in 2601.6s
  [Memory after training deployment model] RSS: 9.12 GB

======================================================================
DEPLOYMENT CALIBRATION SPLIT (RF)
  Auxiliary model train: 2001–2016
  Calibration held-out:  2017–2019
======================================================================
  Pass 1: counting rows (aux_train, years 2001–2016)…
    1,118,283 pos / 80,000,296 neg → capping neg to 20,000,000
    Using 21,118,283 samples (1,118,283 pos / 20,000,000 neg)
  Loaded 21,118,283 rows in 385.4s (20,000,000 neg / 1,118,283 pos)

  Training RF auxiliary calibration model — 21,118,283 samples (1,118,283 pos / 20,000,000 neg)
    bootstrap: True
    class_weight: balanced_subsample
    max_depth: None
    max_features: log2
    min_samples_leaf: 6
    min_samples_split: 30
    n_estimators: 300
    n_jobs: 32
    random_state: 42
    verbose: 0
  Done in 2579.0s

Scoring calibration held-out set…
  Pass 1: counting rows (aux_calib, years 2017–2019)…
    Using 12,503,260 samples (74,504 pos / 12,428,756 neg)
  Loaded 12,503,260 rows in 23.8s (12,428,756 neg / 74,504 pos)
  Aux RF on calib set: PR-AUC 0.6545, ROC-AUC 0.9877, P@1% 0.5135

Fitting Platt calibrator…
Fitting isotonic calibrator…
  Brier score — raw: 0.003424, Platt: 0.003130, isotonic: 0.002900
  [Memory after fitting calibrators] RSS: 9.76 GB

Saved deployment artifact: /cluster/scratch/gikaufmann/data/se_asia/ml/models/model3_rf_deployment_20260331_061857.pkl

======================================================================
SUMMARY
======================================================================
  Model:           RandomForest deployment (2001-2019)
  Features:        73
  Train samples:   21,192,787 (1,192,787 pos / 20,000,000 neg)
  n_estimators:    300
  class_weight:    balanced_subsample (no temporal weighting)
  Calibrators:     Platt + isotonic (deployment calibration split)
  Artifact:        /cluster/scratch/gikaufmann/data/se_asia/ml/models/model3_rf_deployment_20260331_061857.pkl
  Total time:      6081.3s (101.4min)
======================================================================

Log saved: /cluster/scratch/gikaufmann/outputs/se_asia/results/forward/model3_rf_deployment_20260331_061857.txt
Stage 0b complete.

=========================================================================
Stage 1: Extracting 2024 inference features...
=========================================================================

======================================================================
EXTRACTING 2024 INFERENCE FEATURES (year=2024)
======================================================================
  Source: /cluster/scratch/gikaufmann/data/se_asia/ml/merged_panel_final.parquet

  Feature columns:  73
  Coordinate cols:  ['x', 'y']

  Pass 1: counting year==2024, WDPA_prev==0, WDPA==0 rows…
  Found 4,067,149 qualifying pixels

  Pass 2: streaming and writing to forward_features_2024.parquet…
  2% — 108,111/4,067,149
  27% — 1,103,697/4,067,149
  51% — 2,085,099/4,067,149
  75% — 3,072,586/4,067,149
  100% — 4,067,149/4,067,149

  Written: 4,067,149 rows → /cluster/scratch/gikaufmann/outputs/se_asia/results/forward/forward_features_2024.parquet
  Columns: ['row', 'col', 'x', 'y', 'elevation_b1'] … (77 total)

Done. Output: /cluster/scratch/gikaufmann/outputs/se_asia/results/forward/forward_features_2024.parquet
Stage 1 complete.

=========================================================================
Stage 2: Running calibrated RF forward inference...
=========================================================================

======================================================================
FORWARD INFERENCE — 2024 (RF)
======================================================================
  Features:   /cluster/scratch/gikaufmann/outputs/se_asia/results/forward/forward_features_2024.parquet
  Artifact:   /cluster/scratch/gikaufmann/data/se_asia/ml/models/model3_rf_deployment_20260331_061857.pkl
  Model type: rf

Loading deployment artifact…
  Model trained on years: [2001, 2019]
  feature_cols:           73
  calibrators:            platt=True, isotonic=True
  [Memory after loading artifact] RSS: 2.18 GB

Pass 1: counting rows…
  4,067,149 inference pixels

Pass 2: inference → forward_scored_2024.parquet…
  12% — 500,000/4,067,149
  [Memory   12%] RSS: 3.18 GB
  24% — 1,000,000/4,067,149
  [Memory   24%] RSS: 3.25 GB
  36% — 1,500,000/4,067,149
  [Memory   36%] RSS: 3.24 GB
  49% — 2,000,000/4,067,149
  [Memory   49%] RSS: 3.29 GB
  61% — 2,500,000/4,067,149
  [Memory   61%] RSS: 3.30 GB
  73% — 3,000,000/4,067,149
  [Memory   73%] RSS: 3.29 GB
  86% — 3,500,000/4,067,149
  [Memory   86%] RSS: 3.31 GB
  98% — 4,000,000/4,067,149
  [Memory   98%] RSS: 3.33 GB
  100% — 4,067,149/4,067,149
  [Memory   100%] RSS: 3.23 GB

Written: 4,067,149 rows → /cluster/scratch/gikaufmann/outputs/se_asia/results/forward/rf/forward_scored_2024.parquet

Sampling calibrated probability statistics…
  min:    0.000013
  p50:    0.000614
  p95:    0.004779
  p99:    0.011684
  max:    0.914139

Done. Output: /cluster/scratch/gikaufmann/outputs/se_asia/results/forward/rf/forward_scored_2024.parquet
Stage 2 complete.

forward_deployment_rf job finished. Next steps:
  1. Run 1_forward_coverage_baseline.py (if not already done)
  2. Run 4_forward_results.py --model-type rf for maps and scenario analysis
  3. Run forward_backtest_rf.slurm for RF backtesting validation
