Many modules are hidden in this stack. Use "module --show_hidden spider SOFTWARE" if you are not able to find the required software

The following have been reloaded with a version change:
  1) cuda/12.1.1 => cuda/12.4.1

wandb: Currently logged in as: gikaufmann (gikaufmann-eth-z-rich) to https://api.wandb.ai. Use `wandb login --relogin` to force relogin
wandb: setting up run 60z2vy6w
wandb: Tracking run with wandb version 0.23.0
wandb: Run data is saved locally in /cluster/home/gikaufmann/master_thesis/wandb/run-20260331_022907-60z2vy6w
wandb: Run `wandb offline` to turn off syncing.
wandb: Syncing run model3_rf_win5_20260331_022906
wandb:  View project at https://wandb.ai/gikaufmann-eth-z-rich/ml-training-model3
wandb:  View run at https://wandb.ai/gikaufmann-eth-z-rich/ml-training-model3/runs/60z2vy6w
wandb: updating run metadata
wandb: uploading output.log; uploading wandb-summary.json
wandb: uploading history steps 3-4, summary, console lines 153-195
wandb: 
wandb: Run history:
wandb:                         data/n_test ▁
wandb:                 data/test_negatives ▁
wandb:              data/test_positive_pct ▁
wandb:                 data/test_positives ▁
wandb:         final_model/data/n_features ▁
wandb:            final_model/data/n_train ▁
wandb:    final_model/data/train_negatives ▁
wandb: final_model/data/train_positive_pct ▁
wandb:    final_model/data/train_positives ▁
wandb:           final_model/imbalance/neg ▁
wandb:                                 +18 ...
wandb: 
wandb: Run summary:
wandb:                         data/n_test 12503260
wandb:                 data/test_negatives 12428756
wandb:              data/test_positive_pct 0.59588
wandb:                 data/test_positives 74504
wandb:         final_model/data/n_features 73
wandb:            final_model/data/n_train 50899468
wandb:    final_model/data/train_negatives 50000000
wandb: final_model/data/train_positive_pct 1.76715
wandb:    final_model/data/train_positives 899468
wandb:  final_model/imbalance/class_weight balanced_subsample
wandb:                                 +20 ...
wandb: 
wandb:  View run model3_rf_win5_20260331_022906 at: https://wandb.ai/gikaufmann-eth-z-rich/ml-training-model3/runs/60z2vy6w
wandb:  View project at: https://wandb.ai/gikaufmann-eth-z-rich/ml-training-model3
wandb: Synced 5 W&B file(s), 0 media file(s), 0 artifact file(s) and 0 other file(s)
wandb: Find logs at: ./wandb/run-20260331_022907-60z2vy6w/logs
