Starting model3_results script (main split)...
drwxr-xr-x 10 gikaufmann gikaufmann-group 4096 Mar 28 15:24 /cluster/home/gikaufmann/master_thesis
PWD = /cluster/home/gikaufmann/master_thesis
W&B connected
======================================================================
PATH RESOLUTION
======================================================================
Repository root: /cluster/home/gikaufmann/master_thesis
SCRATCH directory: /cluster/scratch/gikaufmann
Split version: main

Searching for ml_models directory in:
  ✓ /cluster/scratch/gikaufmann/outputs/se_asia/results/ml_models
  ✓ /cluster/home/gikaufmann/master_thesis/outputs/se_asia/results/ml_models

Auto-discovering metrics JSON file...
  Found: /cluster/home/gikaufmann/master_thesis/outputs/se_asia/results/ml_models/model3_lgbm_metrics_20260330_224558.json
Auto-discovering scored parquet file...
  Found calibrated scored file (preferred): /cluster/scratch/gikaufmann/outputs/se_asia/results/ml_models/main/model3_lgbm_scored_calibrated_isotonic_20260331_055212.parquet
Using ml_models directory: /cluster/home/gikaufmann/master_thesis/outputs/se_asia/results/ml_models

Auto-discovering test_win5.parquet using $SCRATCH-first path resolution...
  ✓ Resolved path: /cluster/scratch/gikaufmann/data/se_asia/ml/main/test_win5.parquet
Auto-discovering future parquet for temporal validation (val_win5.parquet or merged_panel_final.parquet)...
  ✓ Resolved path: /cluster/scratch/gikaufmann/data/se_asia/ml/merged_panel_final.parquet
  Future years for temporal validation: [2020, 2021, 2022, 2023, 2024]
======================================================================
MODEL 3 (LGBM) RESULTS REPORTING (Split: main)
======================================================================

Model type: lgbm
Split version: main
Metrics JSON: /cluster/home/gikaufmann/master_thesis/outputs/se_asia/results/ml_models/model3_lgbm_metrics_20260330_224558.json
Scored parquet: /cluster/scratch/gikaufmann/outputs/se_asia/results/ml_models/main/model3_lgbm_scored_calibrated_isotonic_20260331_055212.parquet
Output directory: /cluster/scratch/gikaufmann/outputs/se_asia/results/model3_lgbm
Region boundary: Will download from Natural Earth

======================================================================
LOADING DATA
======================================================================
  Derived test years from test parquet: [2017, 2018, 2019]

Derived test years: [2017, 2018, 2019]
Reading parquet file: /cluster/scratch/gikaufmann/outputs/se_asia/results/ml_models/main/model3_lgbm_scored_calibrated_isotonic_20260331_055212.parquet
  Available columns: ['row', 'col', 'x', 'y', 'year', 'y_true', 'y_pred_proba_uncalibrated', 'y_pred_proba_calibrated', 'y_pred_proba']

======================================================================
CALIBRATION STATUS: CALIBRATED
======================================================================
  File contains both 'y_pred_proba_uncalibrated' and 'y_pred_proba_calibrated' columns
  Using calibrated probabilities (y_pred_proba = calibrated values)
======================================================================

  Found metadata column: 'year'
  Found metadata column: 'row'
  Found metadata column: 'col'
  Found metadata column: 'y_pred_proba_uncalibrated'
  Found metadata column: 'y_pred_proba_calibrated'
  Resolved 'y_true' -> 'y_true'
  Resolved 'y_pred_proba' -> 'y_pred_proba'
  Resolved 'x' -> 'x'
  Resolved 'y' -> 'y'
  Reading parquet (columns=9, filter year in [2017, 2018, 2019])...
  Loaded 12,503,260 rows
  Final columns: ['y_true', 'y_pred_proba', 'x', 'y', 'year', 'row', 'col', 'y_pred_proba_uncalibrated', 'y_pred_proba_calibrated']

Detecting coordinate CRS...
  x range: [10260000.00, 15698000.00]
  y range: [-1233000.00, 3319000.00]
  Detected EPSG:3857 (Web Mercator) coordinates
  Reprojecting to EPSG:4326 (WGS84)...
  Reprojected x range: [92.17, 141.02]
  Reprojected y range: [-11.01, 28.55]

Validating coordinates...
  Sampling 100,000 rows from 12,503,260 for validation...
  x (lon) in [90, 145]: 100.00%
  y (lat) in [-11, 28]: 99.99%
  Coordinate validation passed (99.99% in expected ranges)
Loading South East Asia boundary from URL...
  Successfully loaded from https://naciscdn.org/naturalearth/110m/cultural/ne_110m_admin_0_countries.zip
  Found South East Asia boundary with 10 feature(s) in EPSG:4326

Resolving backbone raster for map backgrounds...
  Found backbone raster: /cluster/scratch/gikaufmann/data/se_asia/ready/backbone/backbone.tif

======================================================================
CREATING SIMPLIFIED RISK MAP
======================================================================
  South East Asia boundary CRS: EPSG:4326
  South East Asia boundary bounds: [ 92.30323449 -10.35998748 141.03385176  28.33594514]
  Reprojected to EPSG:3857 (Web Mercator)
  Projected bounds (meters): [10275149.06210342 -1159604.62331205 15699816.56253877  3291395.18942654]
  Total rows (pixel-years): 12,503,260

Loading WDPA data from original test parquet: /cluster/scratch/gikaufmann/data/se_asia/ml/main/test_win5.parquet
  Found WDPA_prev column: 'WDPA_prev' (enables temporal protection visualization)
  Reading parquet (columns=7, filter year in [2016, 2017, 2018, 2019])...
  Identifying pixels established in test period (2017-2019) using vectorized approach...
  Found 46,763 pixels established in test period (2017-2019)
  Loaded 12,503,260 rows with WDPA data
  Years: [2017, 2018, 2019]
  Protected pixels (WDPA_b1=1): 46,763
  Pixels with establishment flag: 84,025
  Temporal protection analysis:
    - Already protected (WDPA_prev=1): 0
    - Newly protected (WDPA_prev=0, WDPA_b1=1): 46,763
    → Two-layer protection visualization will be used
  Join method: row/col/year (with establishment flag)
  ✓ WDPA data loaded - using ACTUAL test-period establishments
    Joined via row/col: 84,025 actual establishments
  ✓ Using actual test-period establishments (established_in_test_period)

Loading future PA establishments from: /cluster/scratch/gikaufmann/data/se_asia/ml/merged_panel_final.parquet
  Reading parquet (columns=6, filter year in [2019, 2020, 2021, 2022, 2023, 2024])...
  Identifying pixels established in future period (2020-2024)...
  ✓ Found 12,414 pixels established in future period (2020-2024)
  Join method: row/col
  ✓ Future PA establishments loaded - temporal validation enabled
    Joined via row/col: 37,242 future establishments

  Filtering coordinate outliers...
    Removed 8,388 outliers (12,503,260 → 12,494,872)

  Aggregating to pixel level (test years: [2017, 2018, 2019])...
    12,494,872 rows → 4,183,712 unique pixels
  ✓ Top-1% = 41,837 pixels (pixel-level min score: 0.416476)

  FINAL STATISTICS (pixel-level, after filtering):
    Total pixels: 4,183,712
    Predicted high-risk (top 1%): 41,837 (1.00% of pixels)
    Actual PA establishments (test period): 46,763 (1.118% of pixels)
    Overlap (correct predictions): 23,532
    NOTE: With only 46,763 actual establishments out of 4,183,712 pixels, top-1% selects 41,837 pixels — high recall can be legitimate if designations are geographically concentrated.
    Hit rate: 23,532/41,837 = 56.2%
    Recall (test period): 23,532/46,763 = 50.3%

  TEMPORAL VALIDATION (Future PA Establishments 2020-2024):
    Future PA establishments: 12,414
    Future establishments in predicted areas: 11,193
    Future Capture Rate: 11,193/12,414 = 90.2%

  COMBINED STATISTICS (Test + Future):
    Total PA establishments (test + future): 59,177
    Total captured by predictions: 34,725
    Combined Recall: 34,725/59,177 = 58.7%

  Creating rasterized risk map...
  Category raster shape: (4451, 5423), extent: (10275900.0, 15698900.0, -1159099.9999999998, 3291900.0)
  Creating background mask from data coverage...
  Background mask created - protected areas will appear as natural holes
  Backbone background plotted from: /cluster/scratch/gikaufmann/data/se_asia/ready/backbone/backbone.tif
✓ Saved simplified risk map (PDF): /cluster/scratch/gikaufmann/outputs/se_asia/results/model3_lgbm/risk_map_top1pct.pdf (dpi=150)
✓ Simplified risk map complete!

======================================================================
CREATING SIMPLIFIED RISK MAP
======================================================================
  South East Asia boundary CRS: EPSG:4326
  South East Asia boundary bounds: [ 92.30323449 -10.35998748 141.03385176  28.33594514]
  Reprojected to EPSG:3857 (Web Mercator)
  Projected bounds (meters): [10275149.06210342 -1159604.62331205 15699816.56253877  3291395.18942654]
  Total rows (pixel-years): 12,503,260
  ✓ WDPA data loaded - using ACTUAL test-period establishments
    Joined via row/col: 84,025 actual establishments
  ✓ Using actual test-period establishments (established_in_test_period)
  ✓ Future PA establishments loaded - temporal validation enabled
    Joined via row/col: 37,242 future establishments

  Filtering coordinate outliers...
    Removed 8,388 outliers (12,503,260 → 12,494,872)

  Aggregating to pixel level (test years: [2017, 2018, 2019])...
    12,494,872 rows → 4,183,712 unique pixels
  ✓ Top-5% = 209,185 pixels (pixel-level min score: 0.030643)

  FINAL STATISTICS (pixel-level, after filtering):
    Total pixels: 4,183,712
    Predicted high-risk (top 5%): 209,185 (5.00% of pixels)
    Actual PA establishments (test period): 46,763 (1.118% of pixels)
    Overlap (correct predictions): 25,426
    NOTE: With only 46,763 actual establishments out of 4,183,712 pixels, top-5% selects 209,185 pixels — high recall can be legitimate if designations are geographically concentrated.
    Hit rate: 25,426/209,185 = 12.2%
    Recall (test period): 25,426/46,763 = 54.4%

  TEMPORAL VALIDATION (Future PA Establishments 2020-2024):
    Future PA establishments: 12,414
    Future establishments in predicted areas: 11,597
    Future Capture Rate: 11,597/12,414 = 93.4%

  COMBINED STATISTICS (Test + Future):
    Total PA establishments (test + future): 59,177
    Total captured by predictions: 37,023
    Combined Recall: 37,023/59,177 = 62.6%

  Creating rasterized risk map...
  Category raster shape: (4451, 5423), extent: (10275900.0, 15698900.0, -1159099.9999999998, 3291900.0)
  Creating background mask from data coverage...
  Background mask created - protected areas will appear as natural holes
  Backbone background plotted from: /cluster/scratch/gikaufmann/data/se_asia/ready/backbone/backbone.tif
✓ Saved simplified risk map (PDF): /cluster/scratch/gikaufmann/outputs/se_asia/results/model3_lgbm/risk_map_top5pct.pdf (dpi=150)
✓ Simplified risk map complete!

======================================================================
CREATING SIMPLIFIED RISK MAP
======================================================================
  South East Asia boundary CRS: EPSG:4326
  South East Asia boundary bounds: [ 92.30323449 -10.35998748 141.03385176  28.33594514]
  Reprojected to EPSG:3857 (Web Mercator)
  Projected bounds (meters): [10275149.06210342 -1159604.62331205 15699816.56253877  3291395.18942654]
  Total rows (pixel-years): 12,503,260
  ✓ WDPA data loaded - using ACTUAL test-period establishments
    Joined via row/col: 84,025 actual establishments
  ✓ Using actual test-period establishments (established_in_test_period)
  ✓ Future PA establishments loaded - temporal validation enabled
    Joined via row/col: 37,242 future establishments

  Filtering coordinate outliers...
    Removed 8,388 outliers (12,503,260 → 12,494,872)

  Aggregating to pixel level (test years: [2017, 2018, 2019])...
    12,494,872 rows → 4,183,712 unique pixels
  ✓ Top-10% = 418,371 pixels (pixel-level min score: 0.024349)

  FINAL STATISTICS (pixel-level, after filtering):
    Total pixels: 4,183,712
    Predicted high-risk (top 10%): 418,371 (10.00% of pixels)
    Actual PA establishments (test period): 46,763 (1.118% of pixels)
    Overlap (correct predictions): 26,524
    NOTE: With only 46,763 actual establishments out of 4,183,712 pixels, top-10% selects 418,371 pixels — high recall can be legitimate if designations are geographically concentrated.
    Hit rate: 26,524/418,371 = 6.3%
    Recall (test period): 26,524/46,763 = 56.7%

  TEMPORAL VALIDATION (Future PA Establishments 2020-2024):
    Future PA establishments: 12,414
    Future establishments in predicted areas: 12,035
    Future Capture Rate: 12,035/12,414 = 96.9%

  COMBINED STATISTICS (Test + Future):
    Total PA establishments (test + future): 59,177
    Total captured by predictions: 38,559
    Combined Recall: 38,559/59,177 = 65.2%

  Creating rasterized risk map...
  Category raster shape: (4451, 5423), extent: (10275900.0, 15698900.0, -1159099.9999999998, 3291900.0)
  Creating background mask from data coverage...
  Background mask created - protected areas will appear as natural holes
  Backbone background plotted from: /cluster/scratch/gikaufmann/data/se_asia/ready/backbone/backbone.tif
✓ Saved simplified risk map (PDF): /cluster/scratch/gikaufmann/outputs/se_asia/results/model3_lgbm/risk_map_top10pct.pdf (dpi=150)
✓ Simplified risk map complete!

Saved capture summary: /cluster/scratch/gikaufmann/outputs/se_asia/results/model3_lgbm/capture_summary.csv
 threshold_pct  total_pa_pixels  total_pa_km2  captured_pixels  captured_km2  recall_pct  precision_pct  future_capture_rate  combined_recall
             1            46763       46763.0            23532       23532.0       50.32          56.25                90.16            58.68
             5            46763       46763.0            25426       25426.0       54.37          12.15                93.42            62.56
            10            46763       46763.0            26524       26524.0       56.72           6.34                96.95            65.16

======================================================================
CREATING METRICS TABLE
======================================================================
  Computed Brier Score: 0.001444
  Computed ECE: 0.008634, MCE: 0.147058
  Computed Brier Score (Uncalibrated): 0.001586
  Computed Brier Score (Calibrated): 0.001444

Saved CSV: /cluster/scratch/gikaufmann/outputs/se_asia/results/model3_lgbm/metrics_table.csv
Saved LaTeX: /cluster/scratch/gikaufmann/outputs/se_asia/results/model3_lgbm/metrics_table.tex

======================================================================
CREATING PRECISION-RECALL CURVE
======================================================================
  PR AUC: 0.9174
  Baseline prevalence: 0.005959
Saved PDF: /cluster/scratch/gikaufmann/outputs/se_asia/results/model3_lgbm/pr_curve.pdf

======================================================================
CREATING ROC CURVE
======================================================================
  ROC AUC: 0.9941
  Saved PDF: /cluster/scratch/gikaufmann/outputs/se_asia/results/model3_lgbm/roc_curve.pdf

======================================================================
CREATING CUMULATIVE GAINS CHART (SEARCH EFFICIENCY)
======================================================================
  Downsampled cumulative gains curve: 12,503,260 -> 20,000 points
Saved PDF: /cluster/scratch/gikaufmann/outputs/se_asia/results/model3_lgbm/cumulative_gains.pdf

======================================================================
CREATING ROW-LEVEL P@1% DIAGNOSTIC MAP
======================================================================
  South East Asia boundary CRS: EPSG:4326
  Reprojected to EPSG:3857 (Web Mercator)
  Projected bounds (meters): [10275149.06210342 -1159604.62331205 15699816.56253877  3291395.18942654]
  Total rows (pixel-years): 12,503,260
  Top 1% count: 125,032 rows
  Top 1% min score: 0.157745
  Row-level P@1% metric: 0.5611 (70,157/125,032)
  Total positive rows (y_true=1): 74,504
    Captured by top 1% (overlap): 70,157
    Missed by top 1% (y_true=1, outside top 1%): 4,347
  Predicted high-risk only (y_true=0, in top 1%): 54,875
  Converting 12,503,260 points to raster grid...
  Category raster shape: (4553, 5439), extent: (10259900.0, 15698900.0, -1233099.9999999998, 3319900.0)
  Valid (non-NaN) pixels: 4,186,508
  Creating background mask from data coverage...
  Background mask created - protected areas will appear as natural holes
  Backbone background plotted from: /cluster/scratch/gikaufmann/data/se_asia/ready/backbone/backbone.tif
Saved PDF: /cluster/scratch/gikaufmann/outputs/se_asia/results/model3_lgbm/p1pct_diagnostic.pdf (dpi=150)

======================================================================
CREATING PROBABILITY MAP
======================================================================
  South East Asia boundary CRS: EPSG:4326
  Reprojected to EPSG:3857 (Web Mercator)
  Projected bounds (meters): [10275149.06210342 -1159604.62331205 15699816.56253877  3291395.18942654]
  Prediction points: 12,503,260
  Probability range: [0.002645, 1.000000]
  Probability mean: 0.014341, median: 0.003138, std: 0.068824
  Using percentile-based colour range (25th–98th percentile)
  Colour range: [0.002651, 0.051474]  span: 0.048822
  Applied square root transformation to stretch distribution
  Normalised value range: [0.0000, 1.0000]
  Normalised value mean: 0.2271, median: 0.0998
  Filtering coordinate outliers...
  Filtered out 8,388 coordinate outliers (12,503,260 -> 12,494,872)
  Converting 12,494,872 points to raster grid...
  Raster shape: (4451, 5423), extent: (10275900.0, 15698900.0, -1159099.9999999998, 3291900.0)
  Valid (non-NaN) pixels: 4,183,712
  Backbone background plotted from: /cluster/scratch/gikaufmann/data/se_asia/ready/backbone/backbone.tif
Saved PDF: /cluster/scratch/gikaufmann/outputs/se_asia/results/model3_lgbm/probability_map.pdf (dpi=300)

======================================================================
CREATING CALIBRATION IMPROVEMENT FIGURE
======================================================================
  ECE:   before=0.0017  after=0.0086  improvement=-0.0070
  Brier: before=0.0016  after=0.0014  improvement=0.0001
  Saved: /cluster/scratch/gikaufmann/outputs/se_asia/results/model3_lgbm/calibration_improvement.pdf

======================================================================
CREATING CALIBRATION/RELIABILITY CURVE
======================================================================
Saved PDF: /cluster/scratch/gikaufmann/outputs/se_asia/results/model3_lgbm/calibration_reliability.pdf

Calibration analysis complete

======================================================================
CREATING COUNTRY-LEVEL BREAKDOWN
======================================================================
  Unique pixels: 4,186,508 from 12,503,260 rows
  Loading world countries from cache: /cluster/home/gikaufmann/master_thesis/data/shared/admin/ne_110m_admin_0_countries.gpkg
  Loaded 177 country geometries from Natural Earth
  Spatial join complete. Countries assigned: 14
  Saved CSV: /cluster/scratch/gikaufmann/outputs/se_asia/results/model3_lgbm/country_breakdown.csv
  Saved LaTeX: /cluster/scratch/gikaufmann/outputs/se_asia/results/model3_lgbm/country_breakdown.tex
  Countries included: 9 (min 10 positive samples)
  GSN raster not found in standard locations. Pass --gsn_tif to enable biome breakdown.
  Auto-discovered GSN shapefile: /cluster/home/gikaufmann/master_thesis/data/shared/GlobalSafetyNet/terrestrial_ecoregions/Terrestrial_ecoregions.shp

======================================================================
CREATING BIOME / ECOREGION BREAKDOWN
======================================================================
  Skipping: GSN raster not found.

======================================================================
FALSE POSITIVE SPATIAL MAP
======================================================================
  Top-5% zone: 71,859 TP (green), 560,297 FP (red)  precision=0.114
  Saved: /cluster/scratch/gikaufmann/outputs/se_asia/results/model3_lgbm/false_positive_map.pdf
  Saved: /cluster/scratch/gikaufmann/outputs/se_asia/results/model3_lgbm/false_positive_map.png

======================================================================
ECONOMIC EXPOSURE ANALYSIS
======================================================================
  NTL column:        not found
  Population column: GPW
  Saved: /cluster/scratch/gikaufmann/outputs/se_asia/results/model3_lgbm/economic_exposure_lgbm.csv
                      zone  n_pixels  GPW_mean  GPW_median  GPW_p75
All test pixels (baseline)  37440050   156.700      47.199  112.391
              Top 10% risk   3744006    69.358      29.124   68.448
               Top 5% risk   1881921    56.329      21.702   56.267
               Top 1% risk    385930    33.932       7.679   24.562

======================================================================
HOTSPOT ZOOM-IN MAPS
======================================================================
  Borneo / Kalimantan: 1,986,116 pixels
  Mekong / Indochina: 2,707,643 pixels
  Sumatra / Malay Pen.: 1,744,296 pixels
  Saved: /cluster/scratch/gikaufmann/outputs/se_asia/results/model3_lgbm/hotspot_maps_lgbm.pdf
  Saved: /cluster/scratch/gikaufmann/outputs/se_asia/results/model3_lgbm/hotspot_maps_lgbm.png

======================================================================
CREATING CROSS-REGION COMPARISON TABLE
======================================================================
  Loaded metrics for Model 1 (SA): /cluster/scratch/gikaufmann/outputs/south_america/results/model1_lgbm/metrics_table.csv
  Loaded metrics for Model 2 (USA): /cluster/scratch/gikaufmann/outputs/usa/results/model2_lgbm/metrics_table.csv
  Loaded metrics for Model 3 (SEA): /cluster/scratch/gikaufmann/outputs/se_asia/results/model3_lgbm/metrics_table.csv
  Saved PDF: /cluster/scratch/gikaufmann/outputs/se_asia/results/model3_lgbm/comparison_table.pdf
  Saved LaTeX: /cluster/scratch/gikaufmann/outputs/se_asia/results/model3_lgbm/comparison_table.tex

Auto-discovering trained model file for SHAP analysis (Model 3 only)...
  Found: /cluster/scratch/gikaufmann/data/se_asia/ml/models/model3_lgbm_20260330_224558.pkl

Auto-discovering data sources for SHAP analysis...
  Found earlystop: /cluster/scratch/gikaufmann/data/se_asia/ml/main/earlystop_win5.parquet
  Found train: /cluster/scratch/gikaufmann/data/se_asia/ml/main/train_win5.parquet
  Found test (allowed with --allow_test_shap): /cluster/scratch/gikaufmann/data/se_asia/ml/main/test_win5.parquet

======================================================================
COMPUTING SHAP ANALYSIS
======================================================================
Loading model from /cluster/scratch/gikaufmann/data/se_asia/ml/models/model3_lgbm_20260330_224558.pkl...
  Using data source: train (train_win5.parquet)
  Loading feature data from train...
  Total rows in train: 68,454,529
  Sampling 500 rows for SHAP analysis (seed=42, max=500)...
  Feature matrix shape: (500, 73)
  Memory: 0.1 MB
  Computing SHAP values using TreeExplainer...
  SHAP values computed: shape (500, 73)
  Generating SHAP summary plot...
  Saved SHAP summary plot: shap_summary.pdf
  Computing feature importance metrics...
  Saved top 20 features: shap_top20.csv
  Saved SHAP dependence: shap_dep_policy_b2.pdf
  Saved SHAP dependence: shap_dep_GSN_b2_smooth16.pdf
  Saved thematic SHAP: shap_thematic.pdf

  Top 10 features by mean absolute SHAP:
    policy_b2                               : 1.2741 (mean: -0.2611, 48.6% positive)
    GSN_b2_smooth16                         : 0.7936 (mean: +0.0874, 71.0% positive)
    GSN_b2_smooth64                         : 0.7624 (mean: -0.0549, 75.0% positive)
    dist_powerplant                         : 0.7509 (mean: +0.0932, 64.4% positive)
    dist_oil_gas                            : 0.7086 (mean: +0.0488, 63.6% positive)
    policy_b3                               : 0.6794 (mean: +0.0343, 66.4% positive)
    deforestation_b1_smooth64               : 0.6329 (mean: +0.0944, 66.6% positive)
    elevation_b1_smooth64                   : 0.5852 (mean: +0.0986, 70.8% positive)
    WorldClim_b2                            : 0.5239 (mean: +0.0587, 74.6% positive)
    policy_b4                               : 0.5128 (mean: -0.0237, 67.8% positive)
  SHAP analysis completed.

======================================================================
COMPLETE
======================================================================

All outputs saved to: /cluster/scratch/gikaufmann/outputs/se_asia/results/model3_lgbm
[1;34mwandb[0m: 
[1;34mwandb[0m: 🚀 View run [33mresults_model3_lgbm_main[0m at: [34m[0m
[1;34mwandb[0m: Find logs at: [1;35mwandb/run-20260331_055400-z8d1734u/logs[0m
model3_results script (main split) finished.
