Starting model3_results script (RF mode, main split)...
drwxr-xr-x 10 gikaufmann gikaufmann-group 4096 Mar 28 15:24 /cluster/home/gikaufmann/master_thesis
PWD = /cluster/home/gikaufmann/master_thesis
W&B connected
======================================================================
PATH RESOLUTION
======================================================================
Repository root: /cluster/home/gikaufmann/master_thesis
SCRATCH directory: /cluster/scratch/gikaufmann
Split version: main

Searching for ml_models directory in:
  ✓ /cluster/scratch/gikaufmann/outputs/se_asia/results/ml_models
  ✓ /cluster/home/gikaufmann/master_thesis/outputs/se_asia/results/ml_models

Auto-discovering metrics JSON file...
  Found: /cluster/home/gikaufmann/master_thesis/outputs/se_asia/results/ml_models/model3_rf_win5_metrics_20260331_022906.json
Auto-discovering scored parquet file...
  Found calibrated scored file (preferred): /cluster/scratch/gikaufmann/outputs/se_asia/results/ml_models/main/model3_rf_win5_scored_calibrated_platt_20260331_055303.parquet
Using ml_models directory: /cluster/home/gikaufmann/master_thesis/outputs/se_asia/results/ml_models

Auto-discovering test_win5.parquet using $SCRATCH-first path resolution...
  ✓ Resolved path: /cluster/scratch/gikaufmann/data/se_asia/ml/main/test_win5.parquet
Auto-discovering future parquet for temporal validation (val_win5.parquet or merged_panel_final.parquet)...
  ✓ Resolved path: /cluster/scratch/gikaufmann/data/se_asia/ml/merged_panel_final.parquet
  Future years for temporal validation: [2020, 2021, 2022, 2023, 2024]
======================================================================
MODEL 3 (RF) RESULTS REPORTING (Split: main)
======================================================================

Model type: rf
Split version: main
Metrics JSON: /cluster/home/gikaufmann/master_thesis/outputs/se_asia/results/ml_models/model3_rf_win5_metrics_20260331_022906.json
Scored parquet: /cluster/scratch/gikaufmann/outputs/se_asia/results/ml_models/main/model3_rf_win5_scored_calibrated_platt_20260331_055303.parquet
Output directory: /cluster/scratch/gikaufmann/outputs/se_asia/results/model3_rf
Region boundary: Will download from Natural Earth

======================================================================
LOADING DATA
======================================================================
  Derived test years from test parquet: [2017, 2018, 2019]

Derived test years: [2017, 2018, 2019]
Reading parquet file: /cluster/scratch/gikaufmann/outputs/se_asia/results/ml_models/main/model3_rf_win5_scored_calibrated_platt_20260331_055303.parquet
  Available columns: ['row', 'col', 'x', 'y', 'year', 'y_true', 'y_pred_proba_uncalibrated', 'y_pred_proba_calibrated', 'y_pred_proba']

======================================================================
CALIBRATION STATUS: CALIBRATED
======================================================================
  File contains both 'y_pred_proba_uncalibrated' and 'y_pred_proba_calibrated' columns
  Using calibrated probabilities (y_pred_proba = calibrated values)
======================================================================

  Found metadata column: 'year'
  Found metadata column: 'row'
  Found metadata column: 'col'
  Found metadata column: 'y_pred_proba_uncalibrated'
  Found metadata column: 'y_pred_proba_calibrated'
  Resolved 'y_true' -> 'y_true'
  Resolved 'y_pred_proba' -> 'y_pred_proba'
  Resolved 'x' -> 'x'
  Resolved 'y' -> 'y'
  Reading parquet (columns=9, filter year in [2017, 2018, 2019])...
  Loaded 12,503,260 rows
  Final columns: ['y_true', 'y_pred_proba', 'x', 'y', 'year', 'row', 'col', 'y_pred_proba_uncalibrated', 'y_pred_proba_calibrated']

Detecting coordinate CRS...
  x range: [10260000.00, 15698000.00]
  y range: [-1233000.00, 3319000.00]
  Detected EPSG:3857 (Web Mercator) coordinates
  Reprojecting to EPSG:4326 (WGS84)...
  Reprojected x range: [92.17, 141.02]
  Reprojected y range: [-11.01, 28.55]

Validating coordinates...
  Sampling 100,000 rows from 12,503,260 for validation...
  x (lon) in [90, 145]: 100.00%
  y (lat) in [-11, 28]: 99.99%
  Coordinate validation passed (99.99% in expected ranges)
Loading South East Asia boundary from URL...
  Successfully loaded from https://naciscdn.org/naturalearth/110m/cultural/ne_110m_admin_0_countries.zip
  Found South East Asia boundary with 10 feature(s) in EPSG:4326

Resolving backbone raster for map backgrounds...
  Found backbone raster: /cluster/scratch/gikaufmann/data/se_asia/ready/backbone/backbone.tif

======================================================================
CREATING SIMPLIFIED RISK MAP
======================================================================
  South East Asia boundary CRS: EPSG:4326
  South East Asia boundary bounds: [ 92.30323449 -10.35998748 141.03385176  28.33594514]
  Reprojected to EPSG:3857 (Web Mercator)
  Projected bounds (meters): [10275149.06210342 -1159604.62331205 15699816.56253877  3291395.18942654]
  Total rows (pixel-years): 12,503,260

Loading WDPA data from original test parquet: /cluster/scratch/gikaufmann/data/se_asia/ml/main/test_win5.parquet
  Found WDPA_prev column: 'WDPA_prev' (enables temporal protection visualization)
  Reading parquet (columns=7, filter year in [2016, 2017, 2018, 2019])...
  Identifying pixels established in test period (2017-2019) using vectorized approach...
  Found 46,763 pixels established in test period (2017-2019)
  Loaded 12,503,260 rows with WDPA data
  Years: [2017, 2018, 2019]
  Protected pixels (WDPA_b1=1): 46,763
  Pixels with establishment flag: 84,025
  Temporal protection analysis:
    - Already protected (WDPA_prev=1): 0
    - Newly protected (WDPA_prev=0, WDPA_b1=1): 46,763
    → Two-layer protection visualization will be used
  Join method: row/col/year (with establishment flag)
  ✓ WDPA data loaded - using ACTUAL test-period establishments
    Joined via row/col: 84,025 actual establishments
  ✓ Using actual test-period establishments (established_in_test_period)

Loading future PA establishments from: /cluster/scratch/gikaufmann/data/se_asia/ml/merged_panel_final.parquet
  Reading parquet (columns=6, filter year in [2019, 2020, 2021, 2022, 2023, 2024])...
  Identifying pixels established in future period (2020-2024)...
  ✓ Found 12,414 pixels established in future period (2020-2024)
  Join method: row/col
  ✓ Future PA establishments loaded - temporal validation enabled
    Joined via row/col: 37,242 future establishments

  Filtering coordinate outliers...
    Removed 8,388 outliers (12,503,260 → 12,494,872)

  Aggregating to pixel level (test years: [2017, 2018, 2019])...
    12,494,872 rows → 4,183,712 unique pixels
  ✓ Top-1% = 41,837 pixels (pixel-level min score: 0.541670)

  FINAL STATISTICS (pixel-level, after filtering):
    Total pixels: 4,183,712
    Predicted high-risk (top 1%): 41,837 (1.00% of pixels)
    Actual PA establishments (test period): 46,763 (1.118% of pixels)
    Overlap (correct predictions): 19,211
    NOTE: With only 46,763 actual establishments out of 4,183,712 pixels, top-1% selects 41,837 pixels — high recall can be legitimate if designations are geographically concentrated.
    Hit rate: 19,211/41,837 = 45.9%
    Recall (test period): 19,211/46,763 = 41.1%

  TEMPORAL VALIDATION (Future PA Establishments 2020-2024):
    Future PA establishments: 12,414
    Future establishments in predicted areas: 11,207
    Future Capture Rate: 11,207/12,414 = 90.3%

  COMBINED STATISTICS (Test + Future):
    Total PA establishments (test + future): 59,177
    Total captured by predictions: 30,418
    Combined Recall: 30,418/59,177 = 51.4%

  Creating rasterized risk map...
  Category raster shape: (4451, 5423), extent: (10275900.0, 15698900.0, -1159099.9999999998, 3291900.0)
  Creating background mask from data coverage...
  Background mask created - protected areas will appear as natural holes
  Backbone background plotted from: /cluster/scratch/gikaufmann/data/se_asia/ready/backbone/backbone.tif
✓ Saved simplified risk map (PDF): /cluster/scratch/gikaufmann/outputs/se_asia/results/model3_rf/risk_map_top1pct.pdf (dpi=150)
✓ Simplified risk map complete!

======================================================================
CREATING SIMPLIFIED RISK MAP
======================================================================
  South East Asia boundary CRS: EPSG:4326
  South East Asia boundary bounds: [ 92.30323449 -10.35998748 141.03385176  28.33594514]
  Reprojected to EPSG:3857 (Web Mercator)
  Projected bounds (meters): [10275149.06210342 -1159604.62331205 15699816.56253877  3291395.18942654]
  Total rows (pixel-years): 12,503,260
  ✓ WDPA data loaded - using ACTUAL test-period establishments
    Joined via row/col: 84,025 actual establishments
  ✓ Using actual test-period establishments (established_in_test_period)
  ✓ Future PA establishments loaded - temporal validation enabled
    Joined via row/col: 37,242 future establishments

  Filtering coordinate outliers...
    Removed 8,388 outliers (12,503,260 → 12,494,872)

  Aggregating to pixel level (test years: [2017, 2018, 2019])...
    12,494,872 rows → 4,183,712 unique pixels
  ✓ Top-5% = 209,185 pixels (pixel-level min score: 0.051929)

  FINAL STATISTICS (pixel-level, after filtering):
    Total pixels: 4,183,712
    Predicted high-risk (top 5%): 209,185 (5.00% of pixels)
    Actual PA establishments (test period): 46,763 (1.118% of pixels)
    Overlap (correct predictions): 46,763
    NOTE: With only 46,763 actual establishments out of 4,183,712 pixels, top-5% selects 209,185 pixels — high recall can be legitimate if designations are geographically concentrated.
    Hit rate: 46,763/209,185 = 22.4%
    Recall (test period): 46,763/46,763 = 100.0%

  TEMPORAL VALIDATION (Future PA Establishments 2020-2024):
    Future PA establishments: 12,414
    Future establishments in predicted areas: 11,441
    Future Capture Rate: 11,441/12,414 = 92.2%

  COMBINED STATISTICS (Test + Future):
    Total PA establishments (test + future): 59,177
    Total captured by predictions: 58,204
    Combined Recall: 58,204/59,177 = 98.4%

  Creating rasterized risk map...
  Category raster shape: (4451, 5423), extent: (10275900.0, 15698900.0, -1159099.9999999998, 3291900.0)
  Creating background mask from data coverage...
  Background mask created - protected areas will appear as natural holes
  Backbone background plotted from: /cluster/scratch/gikaufmann/data/se_asia/ready/backbone/backbone.tif
✓ Saved simplified risk map (PDF): /cluster/scratch/gikaufmann/outputs/se_asia/results/model3_rf/risk_map_top5pct.pdf (dpi=150)
✓ Simplified risk map complete!

======================================================================
CREATING SIMPLIFIED RISK MAP
======================================================================
  South East Asia boundary CRS: EPSG:4326
  South East Asia boundary bounds: [ 92.30323449 -10.35998748 141.03385176  28.33594514]
  Reprojected to EPSG:3857 (Web Mercator)
  Projected bounds (meters): [10275149.06210342 -1159604.62331205 15699816.56253877  3291395.18942654]
  Total rows (pixel-years): 12,503,260
  ✓ WDPA data loaded - using ACTUAL test-period establishments
    Joined via row/col: 84,025 actual establishments
  ✓ Using actual test-period establishments (established_in_test_period)
  ✓ Future PA establishments loaded - temporal validation enabled
    Joined via row/col: 37,242 future establishments

  Filtering coordinate outliers...
    Removed 8,388 outliers (12,503,260 → 12,494,872)

  Aggregating to pixel level (test years: [2017, 2018, 2019])...
    12,494,872 rows → 4,183,712 unique pixels
  ✓ Top-10% = 418,371 pixels (pixel-level min score: 0.025322)

  FINAL STATISTICS (pixel-level, after filtering):
    Total pixels: 4,183,712
    Predicted high-risk (top 10%): 418,371 (10.00% of pixels)
    Actual PA establishments (test period): 46,763 (1.118% of pixels)
    Overlap (correct predictions): 46,763
    NOTE: With only 46,763 actual establishments out of 4,183,712 pixels, top-10% selects 418,371 pixels — high recall can be legitimate if designations are geographically concentrated.
    Hit rate: 46,763/418,371 = 11.2%
    Recall (test period): 46,763/46,763 = 100.0%

  TEMPORAL VALIDATION (Future PA Establishments 2020-2024):
    Future PA establishments: 12,414
    Future establishments in predicted areas: 11,882
    Future Capture Rate: 11,882/12,414 = 95.7%

  COMBINED STATISTICS (Test + Future):
    Total PA establishments (test + future): 59,177
    Total captured by predictions: 58,645
    Combined Recall: 58,645/59,177 = 99.1%

  Creating rasterized risk map...
  Category raster shape: (4451, 5423), extent: (10275900.0, 15698900.0, -1159099.9999999998, 3291900.0)
  Creating background mask from data coverage...
  Background mask created - protected areas will appear as natural holes
  Backbone background plotted from: /cluster/scratch/gikaufmann/data/se_asia/ready/backbone/backbone.tif
✓ Saved simplified risk map (PDF): /cluster/scratch/gikaufmann/outputs/se_asia/results/model3_rf/risk_map_top10pct.pdf (dpi=150)
✓ Simplified risk map complete!

Saved capture summary: /cluster/scratch/gikaufmann/outputs/se_asia/results/model3_rf/capture_summary.csv
 threshold_pct  total_pa_pixels  total_pa_km2  captured_pixels  captured_km2  recall_pct  precision_pct  future_capture_rate  combined_recall
             1            46763       46763.0            19211       19211.0       41.08          45.92                90.28            51.40
             5            46763       46763.0            46763       46763.0      100.00          22.35                92.16            98.36
            10            46763       46763.0            46763       46763.0      100.00          11.18                95.71            99.10

======================================================================
CREATING METRICS TABLE
======================================================================
  Computed Brier Score: 0.003362
  Computed ECE: 0.008157, MCE: 0.237137
  Computed Brier Score (Uncalibrated): 0.003135
  Computed Brier Score (Calibrated): 0.003362

Saved CSV: /cluster/scratch/gikaufmann/outputs/se_asia/results/model3_rf/metrics_table.csv
Saved LaTeX: /cluster/scratch/gikaufmann/outputs/se_asia/results/model3_rf/metrics_table.tex

======================================================================
CREATING PRECISION-RECALL CURVE
======================================================================
  PR AUC: 0.7078
  Baseline prevalence: 0.005959
Saved PDF: /cluster/scratch/gikaufmann/outputs/se_asia/results/model3_rf/pr_curve.pdf

======================================================================
CREATING ROC CURVE
======================================================================
  ROC AUC: 0.9862
  Saved PDF: /cluster/scratch/gikaufmann/outputs/se_asia/results/model3_rf/roc_curve.pdf

======================================================================
CREATING CUMULATIVE GAINS CHART (SEARCH EFFICIENCY)
======================================================================
  Downsampled cumulative gains curve: 12,503,260 -> 20,000 points
Saved PDF: /cluster/scratch/gikaufmann/outputs/se_asia/results/model3_rf/cumulative_gains.pdf

======================================================================
CREATING ROW-LEVEL P@1% DIAGNOSTIC MAP
======================================================================
  South East Asia boundary CRS: EPSG:4326
  Reprojected to EPSG:3857 (Web Mercator)
  Projected bounds (meters): [10275149.06210342 -1159604.62331205 15699816.56253877  3291395.18942654]
  Total rows (pixel-years): 12,503,260
  Top 1% count: 125,032 rows
  Top 1% min score: 0.364051
  Row-level P@1% metric: 0.5390 (67,387/125,032)
  Total positive rows (y_true=1): 74,504
    Captured by top 1% (overlap): 67,387
    Missed by top 1% (y_true=1, outside top 1%): 7,117
  Predicted high-risk only (y_true=0, in top 1%): 57,645
  Converting 12,503,260 points to raster grid...
  Category raster shape: (4553, 5439), extent: (10259900.0, 15698900.0, -1233099.9999999998, 3319900.0)
  Valid (non-NaN) pixels: 4,186,508
  Creating background mask from data coverage...
  Background mask created - protected areas will appear as natural holes
  Backbone background plotted from: /cluster/scratch/gikaufmann/data/se_asia/ready/backbone/backbone.tif
Saved PDF: /cluster/scratch/gikaufmann/outputs/se_asia/results/model3_rf/p1pct_diagnostic.pdf (dpi=150)

======================================================================
CREATING PROBABILITY MAP
======================================================================
  South East Asia boundary CRS: EPSG:4326
  Reprojected to EPSG:3857 (Web Mercator)
  Projected bounds (meters): [10275149.06210342 -1159604.62331205 15699816.56253877  3291395.18942654]
  Prediction points: 12,503,260
  Probability range: [0.000000, 0.998965]
  Probability mean: 0.014116, median: 0.001157, std: 0.071667
  Using percentile-based colour range (25th–98th percentile)
  Colour range: [0.000000, 0.131528]  span: 0.131528
  Applied square root transformation to stretch distribution
  Normalised value range: [0.0000, 1.0000]
  Normalised value mean: 0.1423, median: 0.0938
  Filtering coordinate outliers...
  Filtered out 8,388 coordinate outliers (12,503,260 -> 12,494,872)
  Converting 12,494,872 points to raster grid...
  Raster shape: (4451, 5423), extent: (10275900.0, 15698900.0, -1159099.9999999998, 3291900.0)
  Valid (non-NaN) pixels: 4,183,712
  Backbone background plotted from: /cluster/scratch/gikaufmann/data/se_asia/ready/backbone/backbone.tif
Saved PDF: /cluster/scratch/gikaufmann/outputs/se_asia/results/model3_rf/probability_map.pdf (dpi=300)

======================================================================
CREATING CALIBRATION IMPROVEMENT FIGURE
======================================================================
  ECE:   before=0.0083  after=0.0082  improvement=0.0002
  Brier: before=0.0031  after=0.0034  improvement=-0.0002
  Saved: /cluster/scratch/gikaufmann/outputs/se_asia/results/model3_rf/calibration_improvement.pdf

======================================================================
CREATING CALIBRATION/RELIABILITY CURVE
======================================================================
Saved PDF: /cluster/scratch/gikaufmann/outputs/se_asia/results/model3_rf/calibration_reliability.pdf

Calibration analysis complete

======================================================================
CREATING COUNTRY-LEVEL BREAKDOWN
======================================================================
  Unique pixels: 4,186,508 from 12,503,260 rows
  Loading world countries from cache: /cluster/home/gikaufmann/master_thesis/data/shared/admin/ne_110m_admin_0_countries.gpkg
  Loaded 177 country geometries from Natural Earth
  Spatial join complete. Countries assigned: 14
  Saved CSV: /cluster/scratch/gikaufmann/outputs/se_asia/results/model3_rf/country_breakdown.csv
  Saved LaTeX: /cluster/scratch/gikaufmann/outputs/se_asia/results/model3_rf/country_breakdown.tex
  Countries included: 9 (min 10 positive samples)
  GSN raster not found in standard locations. Pass --gsn_tif to enable biome breakdown.
  Auto-discovered GSN shapefile: /cluster/home/gikaufmann/master_thesis/data/shared/GlobalSafetyNet/terrestrial_ecoregions/Terrestrial_ecoregions.shp

======================================================================
CREATING BIOME / ECOREGION BREAKDOWN
======================================================================
  Skipping: GSN raster not found.

======================================================================
FALSE POSITIVE SPATIAL MAP
======================================================================
  Top-5% zone: 71,530 TP (green), 553,633 FP (red)  precision=0.114
  Saved: /cluster/scratch/gikaufmann/outputs/se_asia/results/model3_rf/false_positive_map.pdf
  Saved: /cluster/scratch/gikaufmann/outputs/se_asia/results/model3_rf/false_positive_map.png

======================================================================
ECONOMIC EXPOSURE ANALYSIS
======================================================================
  NTL column:        not found
  Population column: GPW
  Saved: /cluster/scratch/gikaufmann/outputs/se_asia/results/model3_rf/economic_exposure_rf.csv
                      zone  n_pixels  GPW_mean  GPW_median  GPW_p75
All test pixels (baseline)  37440050   156.700      47.199  112.391
              Top 10% risk   3744005   199.216      38.965  120.180
               Top 5% risk   1872005   140.468      25.766   79.222
               Top 1% risk    374401    40.158       6.758   20.530

======================================================================
HOTSPOT ZOOM-IN MAPS
======================================================================
  Borneo / Kalimantan: 1,986,116 pixels
  Mekong / Indochina: 2,707,643 pixels
  Sumatra / Malay Pen.: 1,744,296 pixels
  Saved: /cluster/scratch/gikaufmann/outputs/se_asia/results/model3_rf/hotspot_maps_rf.pdf
  Saved: /cluster/scratch/gikaufmann/outputs/se_asia/results/model3_rf/hotspot_maps_rf.png

======================================================================
CREATING CROSS-REGION COMPARISON TABLE
======================================================================
  Loaded metrics for Model 1 (SA): /cluster/scratch/gikaufmann/outputs/south_america/results/model1_rf/metrics_table.csv
  Loaded metrics for Model 2 (USA): /cluster/scratch/gikaufmann/outputs/usa/results/model2_rf/metrics_table.csv
  Loaded metrics for Model 3 (SEA): /cluster/scratch/gikaufmann/outputs/se_asia/results/model3_rf/metrics_table.csv
  Saved PDF: /cluster/scratch/gikaufmann/outputs/se_asia/results/model3_rf/comparison_table.pdf
  Saved LaTeX: /cluster/scratch/gikaufmann/outputs/se_asia/results/model3_rf/comparison_table.tex

Auto-discovering trained model file for SHAP analysis (Model 3 only)...
  Found: /cluster/scratch/gikaufmann/data/se_asia/ml/models/model3_rf_win5_20260331_022906.joblib

Auto-discovering data sources for SHAP analysis...
  Found earlystop: /cluster/scratch/gikaufmann/data/se_asia/ml/main/earlystop_win5.parquet
  Found train: /cluster/scratch/gikaufmann/data/se_asia/ml/main/train_win5.parquet
  Found test (allowed with --allow_test_shap): /cluster/scratch/gikaufmann/data/se_asia/ml/main/test_win5.parquet

======================================================================
COMPUTING SHAP ANALYSIS
======================================================================
Loading model from /cluster/scratch/gikaufmann/data/se_asia/ml/models/model3_rf_win5_20260331_022906.joblib...
  Using data source: train (train_win5.parquet)
  Loading feature data from train...
  Total rows in train: 68,454,529
  Sampling 500 rows for SHAP analysis (seed=42, max=500)...
  Feature matrix shape: (500, 73)
  Memory: 0.1 MB
  Computing SHAP values using TreeExplainer...
  SHAP values computed: shape (500, 73, 2)
  Generating SHAP summary plot...
  Saved SHAP summary plot: shap_summary.pdf
  Computing feature importance metrics...
  Saved top 20 features: shap_top20.csv
  Saved SHAP dependence: shap_dep_policy_b2.pdf
  Saved SHAP dependence: shap_dep_policy_b3.pdf
  Saved thematic SHAP: shap_thematic.pdf

  Top 10 features by mean absolute SHAP:
    policy_b2                               : 0.0665 (mean: -0.0412, 45.8% positive)
    policy_b3                               : 0.0350 (mean: -0.0206, 21.2% positive)
    GPW                                     : 0.0307 (mean: -0.0159, 43.8% positive)
    economic_value_lag1                     : 0.0291 (mean: -0.0117, 66.4% positive)
    policy_b1                               : 0.0261 (mean: -0.0101, 17.4% positive)
    policy_b4                               : 0.0250 (mean: -0.0168, 17.8% positive)
    dist_indigenous                         : 0.0249 (mean: -0.0190, 9.0% positive)
    landcover                               : 0.0222 (mean: -0.0097, 34.4% positive)
    WorldClim_b2                            : 0.0206 (mean: -0.0129, 37.8% positive)
    GPW_smooth16                            : 0.0191 (mean: -0.0113, 38.0% positive)
  SHAP analysis completed.

======================================================================
COMPLETE
======================================================================

All outputs saved to: /cluster/scratch/gikaufmann/outputs/se_asia/results/model3_rf
[1;34mwandb[0m: 
[1;34mwandb[0m: 🚀 View run [33mresults_model3_rf_main[0m at: [34m[0m
[1;34mwandb[0m: Find logs at: [1;35mwandb/run-20260331_060711-sbmthfar/logs[0m
model3_results script (RF mode, main split) finished.
