Starting benchmark_1 script (RF mode, main split)...
drwxr-xr-x 10 gikaufmann gikaufmann-group 4096 Apr  3 22:47 /cluster/home/gikaufmann/master_thesis
PWD = /cluster/home/gikaufmann/master_thesis
======================================================================
BENCHMARK EVALUATION: model1_RF (Split: main)
======================================================================

Output directory: /cluster/scratch/gikaufmann/outputs/south_america/results/ml_models/main
Model type: rf
Split version: main
  ✓ Directory exists

======================================================================
STEP 1-4: LOAD METRICS, COMPUTE DATASET HASH, CREATE BENCHMARK JSON
======================================================================

Benchmark JSON structure created
  Evaluative metrics: Test performance (CV: Not available)
  Non-evaluative metrics: Earlystop performance (Not reported)

======================================================================
STEP 5: SAVE BENCHMARK JSON
======================================================================

Benchmark JSON saved: /cluster/home/gikaufmann/master_thesis/outputs/south_america/results/ml_models/main/model1_rf_win5_benchmark_20260408_050930.json
======================================================================
SUMMARY
======================================================================

Source metrics: model1_rf_win5_metrics_20260406_211847.json
Benchmark file: model1_rf_win5_benchmark_20260408_050930.json

Dataset hash: 0c9d6ca0619ea882...

Cross-Validation: Not available

Test Performance:
  ROC-AUC: 0.9268
  PR-AUC:  0.6337
  P@1%:    0.5386
  P@5%:    0.1214
  P@10%:   0.0643
  R@1%:    0.6759
  R@5%:    0.7616
  R@10%:   0.8071

Earlystop Performance (NON-EVALUATIVE):
  Not reported

Model Configuration:
  Random seed: 42
  Features: 73

======================================================================
Done.
======================================================================

Output saved to: /cluster/home/gikaufmann/master_thesis/outputs/south_america/results/ml_models/main/benchmark_model1_rf_20260408_050929.txt
benchmark_1 script (RF mode, main split) finished.
