Starting benchmark_2 script (main split)...
drwxr-xr-x 10 gikaufmann gikaufmann-group 4096 Apr  3 22:47 /cluster/home/gikaufmann/master_thesis
PWD = /cluster/home/gikaufmann/master_thesis
======================================================================
BENCHMARK EVALUATION: model2_LGBM (Split: main)
======================================================================

Output directory: /cluster/scratch/gikaufmann/outputs/usa/results/ml_models/main
Model type: lgbm
Split version: main
  ✓ Directory exists

======================================================================
STEP 1-4: LOAD METRICS, COMPUTE DATASET HASH, CREATE BENCHMARK JSON
======================================================================

Benchmark JSON structure created
  Evaluative metrics: CV aggregated + Test performance
  Non-evaluative metrics: Earlystop performance (Not reported)

======================================================================
STEP 5: SAVE BENCHMARK JSON
======================================================================

Benchmark JSON saved: /cluster/home/gikaufmann/master_thesis/outputs/usa/results/ml_models/main/model2_lgbm_win5_benchmark_20260408_050950.json
======================================================================
SUMMARY
======================================================================

Source metrics: model2_lgbm_metrics_20260407_024258.json
Benchmark file: model2_lgbm_win5_benchmark_20260408_050950.json

Dataset hash: a0795d9714789e3e...

Cross-Validation (Aggregated across 3 folds):
  ROC-AUC: N/A ± 0.0000
  PR-AUC:  N/A ± 0.0000
  P@1%:    N/A ± 0.0000
  P@5%:    N/A ± 0.0000
  P@10%:   N/A ± 0.0000
  R@1%:    N/A ± 0.0000
  R@5%:    N/A ± 0.0000
  R@10%:   N/A ± 0.0000

Test Performance:
  ROC-AUC: 0.9467
  PR-AUC:  0.0931
  P@1%:    0.0327
  P@5%:    0.0072
  P@10%:   0.0036
  R@1%:    0.8140
  R@5%:    0.8972
  R@10%:   0.9032

Earlystop Performance (NON-EVALUATIVE):
  Not reported

Model Configuration:
  Random seed: 42
  Features: 73

======================================================================
Done.
======================================================================

Output saved to: /cluster/home/gikaufmann/master_thesis/outputs/usa/results/ml_models/main/benchmark_model2_lgbm_20260408_050950.txt
benchmark_2 script (main split) finished.
