Starting benchmark_2 script (RF mode, main split)...
drwxr-xr-x 10 gikaufmann gikaufmann-group 4096 Apr  3 22:47 /cluster/home/gikaufmann/master_thesis
PWD = /cluster/home/gikaufmann/master_thesis
======================================================================
BENCHMARK EVALUATION: model2_RF (Split: main)
======================================================================

Output directory: /cluster/scratch/gikaufmann/outputs/usa/results/ml_models/main
Model type: rf
Split version: main
  ✓ Directory exists

======================================================================
STEP 1-4: LOAD METRICS, COMPUTE DATASET HASH, CREATE BENCHMARK JSON
======================================================================

Benchmark JSON structure created
  Evaluative metrics: Test performance (CV: Not available)
  Non-evaluative metrics: Earlystop performance (Not reported)

======================================================================
STEP 5: SAVE BENCHMARK JSON
======================================================================

Benchmark JSON saved: /cluster/home/gikaufmann/master_thesis/outputs/usa/results/ml_models/main/model2_rf_win5_benchmark_20260408_051010.json
======================================================================
SUMMARY
======================================================================

Source metrics: model2_rf_win5_metrics_20260407_111250.json
Benchmark file: model2_rf_win5_benchmark_20260408_051010.json

Dataset hash: a0795d9714789e3e...

Cross-Validation: Not available

Test Performance:
  ROC-AUC: 0.9989
  PR-AUC:  0.5586
  P@1%:    0.0400
  P@5%:    0.0080
  P@10%:   0.0040
  R@1%:    0.9955
  R@5%:    0.9963
  R@10%:   0.9980

Earlystop Performance (NON-EVALUATIVE):
  Not reported

Model Configuration:
  Random seed: 42
  Features: 73

======================================================================
Done.
======================================================================

Output saved to: /cluster/home/gikaufmann/master_thesis/outputs/usa/results/ml_models/main/benchmark_model2_rf_20260408_051009.txt
benchmark_2 script (RF mode, main split) finished.
