Starting benchmark_3 script (main split)...
drwxr-xr-x 10 gikaufmann gikaufmann-group 4096 Mar 28 15:24 /cluster/home/gikaufmann/master_thesis
PWD = /cluster/home/gikaufmann/master_thesis
======================================================================
BENCHMARK EVALUATION: model3_LGBM (Split: main)
======================================================================

Output directory: /cluster/scratch/gikaufmann/outputs/se_asia/results/ml_models/main
Model type: lgbm
Split version: main
  ✓ Directory exists

======================================================================
STEP 1-4: LOAD METRICS, COMPUTE DATASET HASH, CREATE BENCHMARK JSON
======================================================================

Benchmark JSON structure created
  Evaluative metrics: CV aggregated + Test performance
  Non-evaluative metrics: Earlystop performance (Not reported)

======================================================================
STEP 5: SAVE BENCHMARK JSON
======================================================================

Benchmark JSON saved: /cluster/home/gikaufmann/master_thesis/outputs/se_asia/results/ml_models/main/model3_lgbm_win5_benchmark_20260331_055326.json
======================================================================
SUMMARY
======================================================================

Source metrics: model3_lgbm_metrics_20260330_224558.json
Benchmark file: model3_lgbm_win5_benchmark_20260331_055326.json

Dataset hash: 449921f3200f1058...

Cross-Validation (Aggregated across 3 folds):
  ROC-AUC: N/A ± 0.0000
  PR-AUC:  N/A ± 0.0000
  P@1%:    N/A ± 0.0000
  P@5%:    N/A ± 0.0000
  P@10%:   N/A ± 0.0000
  R@1%:    N/A ± 0.0000
  R@5%:    N/A ± 0.0000
  R@10%:   N/A ± 0.0000

Test Performance:
  ROC-AUC: 0.9942
  PR-AUC:  0.9188
  P@1%:    0.5611
  P@5%:    0.1149
  P@10%:   0.0582
  R@1%:    0.9417
  R@5%:    0.9644
  R@10%:   0.9775

Earlystop Performance (NON-EVALUATIVE):
  Not reported

Model Configuration:
  Random seed: 42
  Features: 73

======================================================================
Done.
======================================================================

Output saved to: /cluster/home/gikaufmann/master_thesis/outputs/se_asia/results/ml_models/main/benchmark_model3_lgbm_20260331_055325.txt
benchmark_3 script (main split) finished.
