Starting benchmark_1 script (main split)...
drwxr-xr-x 10 gikaufmann gikaufmann-group 4096 Mar 18 15:57 /cluster/home/gikaufmann/master_thesis
PWD = /cluster/home/gikaufmann/master_thesis
======================================================================
BENCHMARK EVALUATION: model1_LGBM (Split: main)
======================================================================

Output directory: /cluster/scratch/gikaufmann/outputs/south_america/results/ml_models/main
Model type: lgbm
Split version: main
  ✓ Directory exists

======================================================================
STEP 1-4: LOAD METRICS, COMPUTE DATASET HASH, CREATE BENCHMARK JSON
======================================================================

Benchmark JSON structure created
  Evaluative metrics: CV aggregated + Test performance
  Non-evaluative metrics: Earlystop performance (Not reported)

======================================================================
STEP 5: SAVE BENCHMARK JSON
======================================================================

Benchmark JSON saved: /cluster/home/gikaufmann/master_thesis/outputs/south_america/results/ml_models/main/model1_lgbm_win5_benchmark_20260318_165534.json
======================================================================
SUMMARY
======================================================================

Source metrics: model1_lgbm_metrics_20260318_163139.json
Benchmark file: model1_lgbm_win5_benchmark_20260318_165534.json

Dataset hash: 0c9d6ca0619ea882...

Cross-Validation (Aggregated across 3 folds):
  ROC-AUC: N/A ± 0.0000
  PR-AUC:  N/A ± 0.0000
  P@1%:    N/A ± 0.0000
  P@5%:    N/A ± 0.0000
  P@10%:   N/A ± 0.0000
  R@1%:    N/A ± 0.0000
  R@5%:    N/A ± 0.0000
  R@10%:   N/A ± 0.0000

Test Performance:
  ROC-AUC: 0.8967
  PR-AUC:  0.6450
  P@1%:    0.5323
  P@5%:    0.1159
  P@10%:   0.0602
  R@1%:    0.6681
  R@5%:    0.7271
  R@10%:   0.7560

Earlystop Performance (NON-EVALUATIVE):
  Not reported

Model Configuration:
  Random seed: 42
  Features: 73

======================================================================
Done.
======================================================================

Output saved to: /cluster/home/gikaufmann/master_thesis/outputs/south_america/results/ml_models/main/benchmark_model1_lgbm_20260318_165533.txt
benchmark_1 script (main split) finished.
