Starting calibrate_3 script (RF mode, main split)...
drwxr-xr-x 10 gikaufmann gikaufmann-group 4096 Mar 28 15:24 /cluster/home/gikaufmann/master_thesis
PWD = /cluster/home/gikaufmann/master_thesis
======================================================================
CALIBRATION: model3_RF (Region: se_asia, Split: main)
======================================================================

Region: se_asia
Model id: model3
Algorithm: rf
Split version: main
Calibration method: auto
  (will fit both Platt and Isotonic; winner selected by test Brier score)
Output directory: /cluster/scratch/gikaufmann/outputs/se_asia/results/ml_models/main

======================================================================
STEP 1: LOAD CV / VALIDATION PREDICTIONS
======================================================================

Searching for CV/validation predictions file...
  Using earlystop validation predictions for RF (no temporal CV available)
  Using earlystop validation predictions: model3_rf_win5_earlystop_scored_20260331_022906.parquet
Loading CV predictions from model3_rf_win5_earlystop_scored_20260331_022906.parquet...
  Loaded 12,664,050 CV predictions (218,815 positive, 12,445,235 negative)

======================================================================
STEP 1.5: SKIP OOF REQUIREMENTS (EARLYSTOP MODE)
======================================================================

Using earlystop validation predictions (held-out, not CV).

======================================================================
STEP 2: LOAD TEST PREDICTIONS
======================================================================

Found latest test predictions file: model3_rf_win5_scored_20260331_022906.parquet
Loading test predictions from model3_rf_win5_scored_20260331_022906.parquet...
  Loaded 12,503,260 test predictions (74,504 positive, 12,428,756 negative)

======================================================================
STEP 3: FIT AUTO CALIBRATION ON EARLYSTOP VALIDATION
======================================================================

Using pooled calibration (no fold information)...
Fitting Platt scaling calibration...
Fitting isotonic calibration...
  CV (uncalibrated): Brier=0.012914, ECE=0.006905
  CV (platt):        Brier=0.012133, ECE=0.006861
  CV (isotonic):     Brier=0.011147, ECE=0.000001

======================================================================
STEP 4: APPLY CALIBRATION TO TEST PREDICTIONS
======================================================================

Applied both Platt and Isotonic to 12,503,260 test predictions
  Test (uncalibrated): Brier=0.003135, ECE=0.008310
  Test (platt):        Brier=0.003362, ECE=0.008157
  Test (isotonic):     Brier=0.004444, ECE=0.008685

  → AUTO selected: Platt (test Brier 0.003362 ≤ 0.004444)

======================================================================
STEP 5: COMPUTE RELIABILITY PLOT DATA AND PLOTS
======================================================================
  Reliability curve plot saved: reliability_test_uncalibrated_uniform.png
  Reliability curve plot saved: reliability_test_calibrated_uniform.png
  Reliability curve plot saved: reliability_cv_uncalibrated_uniform.png
  Reliability curve plot saved: reliability_cv_calibrated_uniform.png
  Reliability curve plot saved: reliability_test_uncalibrated_quantile.png
  Reliability curve plot saved: reliability_test_calibrated_quantile.png
  Reliability curve plot saved: reliability_cv_uncalibrated_quantile.png
  Reliability curve plot saved: reliability_cv_calibrated_quantile.png

Created 8 reliability curve plots.

======================================================================
STEP 6: SAVE RESULTS
======================================================================
Loading test predictions from model3_rf_win5_scored_20260331_022906.parquet...
  Loaded 12,503,260 test predictions (74,504 positive, 12,428,756 negative)

Verifying row alignment between initial and metadata loads...

Calibrated test predictions saved: model3_rf_win5_scored_calibrated_platt_20260331_055303.parquet
Reliability plot data saved: model3_rf_win5_reliability_plot_platt_20260331_055303.json
Calibration metadata saved: model3_rf_win5_calibration_platt_20260331_055303.json
Brier score summary saved: model3_rf_win5_brier_summary_platt_20260331_055303.txt

======================================================================
SUMMARY
======================================================================

Region: se_asia
Model id: model3
Algorithm: rf
Calibration method: platt
CV predictions: model3_rf_win5_earlystop_scored_20260331_022906.parquet
Test predictions: model3_rf_win5_scored_20260331_022906.parquet

Test (uncalibrated): Brier=0.003135, ECE=0.008310
Test (calibrated):   Brier=0.003362, ECE=0.008157

Output files:
  Calibrated predictions: model3_rf_win5_scored_calibrated_platt_20260331_055303.parquet
  Reliability plot data: model3_rf_win5_reliability_plot_platt_20260331_055303.json
  Calibration metadata: model3_rf_win5_calibration_platt_20260331_055303.json
  Brier score summary: model3_rf_win5_brier_summary_platt_20260331_055303.txt

Reliability curve plots:
  Test (uncalibrated, uniform): reliability_test_uncalibrated_uniform.png
  Test (calibrated, uniform): reliability_test_calibrated_uniform.png
  CV (uncalibrated, uniform): reliability_cv_uncalibrated_uniform.png
  CV (calibrated, uniform): reliability_cv_calibrated_uniform.png
  Test (uncalibrated, quantile): reliability_test_uncalibrated_quantile.png
  Test (calibrated, quantile): reliability_test_calibrated_quantile.png
  CV (uncalibrated, quantile): reliability_cv_uncalibrated_quantile.png
  CV (calibrated, quantile): reliability_cv_calibrated_quantile.png

======================================================================
Done.
======================================================================

Output saved to: /cluster/scratch/gikaufmann/outputs/se_asia/results/ml_models/main/calibration_model3_rf_auto_20260331_055241.txt
calibrate_3 script (RF mode, main split) finished.
