Starting calibrate_1 script (RF mode, main split)...
drwxr-xr-x 10 gikaufmann gikaufmann-group 4096 Mar 18 15:57 /cluster/home/gikaufmann/master_thesis
PWD = /cluster/home/gikaufmann/master_thesis
======================================================================
CALIBRATION: model1_RF (Region: south_america, Split: main)
======================================================================

Region: south_america
Model id: model1
Algorithm: rf
Split version: main
Calibration method: auto
  (will fit both Platt and Isotonic; winner selected by test Brier score)
Output directory: /cluster/scratch/gikaufmann/outputs/south_america/results/ml_models/main

======================================================================
STEP 1: LOAD CV / VALIDATION PREDICTIONS
======================================================================

Searching for CV/validation predictions file...
  Using earlystop validation predictions for RF (no temporal CV available)
  Using earlystop validation predictions: model1_rf_win5_earlystop_scored_20260315_083850.parquet
Loading CV predictions from model1_rf_win5_earlystop_scored_20260315_083850.parquet...
  Loaded 48,078,544 CV predictions (654,881 positive, 47,423,663 negative)

======================================================================
STEP 1.5: SKIP OOF REQUIREMENTS (EARLYSTOP MODE)
======================================================================

Using earlystop validation predictions (held-out, not CV).

======================================================================
STEP 2: LOAD TEST PREDICTIONS
======================================================================

Found latest test predictions file: model1_rf_win5_scored_20260318_163720.parquet
Loading test predictions from model1_rf_win5_scored_20260318_163720.parquet...
  Loaded 47,695,507 test predictions (380,064 positive, 47,315,443 negative)

======================================================================
STEP 3: FIT AUTO CALIBRATION ON EARLYSTOP VALIDATION
======================================================================

Using pooled calibration (no fold information)...
Fitting Platt scaling calibration...
Fitting isotonic calibration...
  CV (uncalibrated): Brier=0.009492, ECE=0.003695
  CV (platt):        Brier=0.009624, ECE=0.004232
  CV (isotonic):     Brier=0.009152, ECE=0.000000

======================================================================
STEP 4: APPLY CALIBRATION TO TEST PREDICTIONS
======================================================================

Applied both Platt and Isotonic to 47,695,507 test predictions
  Test (uncalibrated): Brier=0.004744, ECE=0.011495
  Test (platt):        Brier=0.004582, ECE=0.010939
  Test (isotonic):     Brier=0.005029, ECE=0.007600

  → AUTO selected: Platt (test Brier 0.004582 ≤ 0.005029)

======================================================================
STEP 5: COMPUTE RELIABILITY PLOT DATA AND PLOTS
======================================================================
  Reliability curve plot saved: reliability_test_uncalibrated_uniform.png
  Reliability curve plot saved: reliability_test_calibrated_uniform.png
  Reliability curve plot saved: reliability_cv_uncalibrated_uniform.png
  Reliability curve plot saved: reliability_cv_calibrated_uniform.png
  Reliability curve plot saved: reliability_test_uncalibrated_quantile.png
  Reliability curve plot saved: reliability_test_calibrated_quantile.png
  Reliability curve plot saved: reliability_cv_uncalibrated_quantile.png
  Reliability curve plot saved: reliability_cv_calibrated_quantile.png

Created 8 reliability curve plots.

======================================================================
STEP 6: SAVE RESULTS
======================================================================
Loading test predictions from model1_rf_win5_scored_20260318_163720.parquet...
  Loaded 47,695,507 test predictions (380,064 positive, 47,315,443 negative)

Verifying row alignment between initial and metadata loads...

Calibrated test predictions saved: model1_rf_win5_scored_calibrated_platt_20260318_180517.parquet
Reliability plot data saved: model1_rf_win5_reliability_plot_platt_20260318_180517.json
Calibration metadata saved: model1_rf_win5_calibration_platt_20260318_180517.json
Brier score summary saved: model1_rf_win5_brier_summary_platt_20260318_180517.txt

======================================================================
SUMMARY
======================================================================

Region: south_america
Model id: model1
Algorithm: rf
Calibration method: platt
CV predictions: model1_rf_win5_earlystop_scored_20260315_083850.parquet
Test predictions: model1_rf_win5_scored_20260318_163720.parquet

Test (uncalibrated): Brier=0.004744, ECE=0.011495
Test (calibrated):   Brier=0.004582, ECE=0.010939

Output files:
  Calibrated predictions: model1_rf_win5_scored_calibrated_platt_20260318_180517.parquet
  Reliability plot data: model1_rf_win5_reliability_plot_platt_20260318_180517.json
  Calibration metadata: model1_rf_win5_calibration_platt_20260318_180517.json
  Brier score summary: model1_rf_win5_brier_summary_platt_20260318_180517.txt

Reliability curve plots:
  Test (uncalibrated, uniform): reliability_test_uncalibrated_uniform.png
  Test (calibrated, uniform): reliability_test_calibrated_uniform.png
  CV (uncalibrated, uniform): reliability_cv_uncalibrated_uniform.png
  CV (calibrated, uniform): reliability_cv_calibrated_uniform.png
  Test (uncalibrated, quantile): reliability_test_uncalibrated_quantile.png
  Test (calibrated, quantile): reliability_test_calibrated_quantile.png
  CV (uncalibrated, quantile): reliability_cv_uncalibrated_quantile.png
  CV (calibrated, quantile): reliability_cv_calibrated_quantile.png

======================================================================
Done.
======================================================================

Output saved to: /cluster/scratch/gikaufmann/outputs/south_america/results/ml_models/main/calibration_model1_rf_auto_20260318_180349.txt
calibrate_1 script (RF mode, main split) finished.
