Starting calibrate_2 script (main split)...
drwxr-xr-x 10 gikaufmann gikaufmann-group 4096 Mar 12 15:16 /cluster/home/gikaufmann/master_thesis
PWD = /cluster/home/gikaufmann/master_thesis
======================================================================
CALIBRATION: model2_LGBM (Region: usa, Split: main)
======================================================================

Region: usa
Model id: model2
Algorithm: lgbm
Split version: main
Calibration method: platt
Output directory: /cluster/scratch/gikaufmann/outputs/usa/results/ml_models/main

======================================================================
STEP 1: LOAD CV / VALIDATION PREDICTIONS
======================================================================

Searching for CV/validation predictions file...
  Priority: temporal CV predictions (from training) > other CV predictions
  Using temporal CV predictions: model2_lgbm_temporal_cv_predictions_20260310_000142.parquet
Loading CV predictions from model2_lgbm_temporal_cv_predictions_20260310_000142.parquet...
  Found fold column: fold_idx
  Loaded 73,589,272 CV predictions (63,706 positive, 73,525,566 negative)
  Found 1 fold(s): [2]
    Fold 2: 73,589,272 samples (100.0%)

======================================================================
STEP 1.5: CHECK OUT-OF-FOLD (OOF) REQUIREMENTS
======================================================================

Fold information found (1 fold(s)): [2]
Using pooled calibration (fold info available, --per-fold not set).

======================================================================
STEP 2: LOAD TEST PREDICTIONS
======================================================================

Found latest test predictions file: model2_lgbm_scored_20260310_000142.parquet
Loading test predictions from model2_lgbm_scored_20260310_000142.parquet...
  Loaded 36,766,833 test predictions (14,787 positive, 36,752,046 negative)

======================================================================
STEP 3: FIT PLATT CALIBRATION ON CV PREDICTIONS
======================================================================

Using pooled calibration (fold info available, --per-fold not set)...
Fitting Platt scaling calibration...
  CV (uncalibrated): Brier=0.003657, ECE=0.009808
  CV (calibrated):   Brier=0.000863, ECE=0.000006

======================================================================
STEP 4: APPLY CALIBRATION TO TEST PREDICTIONS
======================================================================

Applied calibration to 36,766,833 test predictions
  Test (uncalibrated): Brier=0.005196, ECE=0.010399
  Test (calibrated):   Brier=0.000400, ECE=0.000310

======================================================================
STEP 5: COMPUTE RELIABILITY PLOT DATA AND PLOTS
======================================================================
  Reliability curve plot saved: reliability_test_uncalibrated_uniform.png
  Reliability curve plot saved: reliability_test_calibrated_uniform.png
  Reliability curve plot saved: reliability_cv_uncalibrated_uniform.png
  Reliability curve plot saved: reliability_cv_calibrated_uniform.png
  Reliability curve plot saved: reliability_test_uncalibrated_quantile.png
  Reliability curve plot saved: reliability_test_calibrated_quantile.png
  Reliability curve plot saved: reliability_cv_uncalibrated_quantile.png
  Reliability curve plot saved: reliability_cv_calibrated_quantile.png

Created 8 reliability curve plots.

======================================================================
STEP 6: SAVE RESULTS
======================================================================
Loading test predictions from model2_lgbm_scored_20260310_000142.parquet...
  Loaded 36,766,833 test predictions (14,787 positive, 36,752,046 negative)

Verifying row alignment between initial and metadata loads...

Calibrated test predictions saved: model2_lgbm_scored_calibrated_platt_20260313_011027.parquet
Reliability plot data saved: model2_lgbm_win5_reliability_plot_platt_20260313_011027.json
Calibration metadata saved: model2_lgbm_win5_calibration_platt_20260313_011027.json
Brier score summary saved: model2_lgbm_win5_brier_summary_platt_20260313_011027.txt

======================================================================
SUMMARY
======================================================================

Region: usa
Model id: model2
Algorithm: lgbm
Calibration method: platt
CV predictions: model2_lgbm_temporal_cv_predictions_20260310_000142.parquet
Test predictions: model2_lgbm_scored_20260310_000142.parquet

Test (uncalibrated): Brier=0.005196, ECE=0.010399
Test (calibrated):   Brier=0.000400, ECE=0.000310

Output files:
  Calibrated predictions: model2_lgbm_scored_calibrated_platt_20260313_011027.parquet
  Reliability plot data: model2_lgbm_win5_reliability_plot_platt_20260313_011027.json
  Calibration metadata: model2_lgbm_win5_calibration_platt_20260313_011027.json
  Brier score summary: model2_lgbm_win5_brier_summary_platt_20260313_011027.txt

Reliability curve plots:
  Test (uncalibrated, uniform): reliability_test_uncalibrated_uniform.png
  Test (calibrated, uniform): reliability_test_calibrated_uniform.png
  CV (uncalibrated, uniform): reliability_cv_uncalibrated_uniform.png
  CV (calibrated, uniform): reliability_cv_calibrated_uniform.png
  Test (uncalibrated, quantile): reliability_test_uncalibrated_quantile.png
  Test (calibrated, quantile): reliability_test_calibrated_quantile.png
  CV (uncalibrated, quantile): reliability_cv_uncalibrated_quantile.png
  CV (calibrated, quantile): reliability_cv_calibrated_quantile.png

======================================================================
Done.
======================================================================

Output saved to: /cluster/scratch/gikaufmann/outputs/usa/results/ml_models/main/calibration_model2_lgbm_platt_20260313_010832.txt
calibrate_2 script (main split) finished.
