Starting calibrate_3 script (main split)...
drwxr-xr-x 10 gikaufmann gikaufmann-group 4096 Apr  3 22:47 /cluster/home/gikaufmann/master_thesis
PWD = /cluster/home/gikaufmann/master_thesis
======================================================================
CALIBRATION: model3_LGBM (Region: se_asia, Split: main)
======================================================================

Region: se_asia
Model id: model3
Algorithm: lgbm
Split version: main
Calibration method: auto
  (will fit both Platt and Isotonic; winner selected by test Brier score)
Output directory: /cluster/scratch/gikaufmann/outputs/se_asia/results/ml_models/main

======================================================================
STEP 1: LOAD CV / VALIDATION PREDICTIONS
======================================================================

Searching for CV/validation predictions file...
  Priority: temporal CV predictions (from training) > other CV predictions
  Using temporal CV predictions: model3_lgbm_temporal_cv_predictions_20260407_162640.parquet
Loading CV predictions from model3_lgbm_temporal_cv_predictions_20260407_162640.parquet...
  Found fold column: fold_idx
  Loaded 25,328,100 CV predictions (437,630 positive, 24,890,470 negative)
  Found 1 fold(s): [2]
    Fold 2: 25,328,100 samples (100.0%)

======================================================================
STEP 1.5: CHECK OUT-OF-FOLD (OOF) REQUIREMENTS
======================================================================

Fold information found (1 fold(s)): [2]
Using pooled calibration (fold info available, --per-fold not set).
  Auto mode: both Platt and Isotonic will be fitted (OOF assumption applied implicitly for Isotonic).

======================================================================
STEP 2: LOAD TEST PREDICTIONS
======================================================================

Found latest test predictions file: model3_lgbm_scored_20260407_162640.parquet
Loading test predictions from model3_lgbm_scored_20260407_162640.parquet...
  Loaded 12,503,260 test predictions (74,504 positive, 12,428,756 negative)

======================================================================
STEP 3: FIT AUTO CALIBRATION ON CV PREDICTIONS
======================================================================

Using pooled calibration (fold info available, --per-fold not set)...
Fitting Platt scaling calibration...
Fitting isotonic calibration...
  CV (uncalibrated): Brier=0.012770, ECE=0.012836
  CV (platt):        Brier=0.011598, ECE=0.001705
  CV (isotonic):     Brier=0.011407, ECE=0.000953

======================================================================
STEP 4: APPLY CALIBRATION TO TEST PREDICTIONS
======================================================================

Applied both Platt and Isotonic to 12,503,260 test predictions
  Test (uncalibrated): Brier=0.001478, ECE=0.001612
  Test (platt):        Brier=0.001565, ECE=0.008314
  Test (isotonic):     Brier=0.001344, ECE=0.008778

  → AUTO selected: Isotonic (test Brier 0.001344 < 0.001565)

======================================================================
STEP 5: COMPUTE RELIABILITY PLOT DATA AND PLOTS
======================================================================
  Reliability curve plot saved: reliability_test_uncalibrated_uniform.png
  Reliability curve plot saved: reliability_test_calibrated_uniform.png
  Reliability curve plot saved: reliability_cv_uncalibrated_uniform.png
  Reliability curve plot saved: reliability_cv_calibrated_uniform.png
  Reliability curve plot saved: reliability_test_uncalibrated_quantile.png
  Reliability curve plot saved: reliability_test_calibrated_quantile.png
  Reliability curve plot saved: reliability_cv_uncalibrated_quantile.png
  Reliability curve plot saved: reliability_cv_calibrated_quantile.png

Created 8 reliability curve plots.

======================================================================
STEP 6: SAVE RESULTS
======================================================================
Loading test predictions from model3_lgbm_scored_20260407_162640.parquet...
  Loaded 12,503,260 test predictions (74,504 positive, 12,428,756 negative)

Verifying row alignment between initial and metadata loads...

Calibrated test predictions saved: model3_lgbm_scored_calibrated_isotonic_20260408_050747.parquet
Reliability plot data saved: model3_lgbm_win5_reliability_plot_isotonic_20260408_050747.json
Calibration metadata saved: model3_lgbm_win5_calibration_isotonic_20260408_050747.json
Brier score summary saved: model3_lgbm_win5_brier_summary_isotonic_20260408_050747.txt

======================================================================
SUMMARY
======================================================================

Region: se_asia
Model id: model3
Algorithm: lgbm
Calibration method: isotonic
CV predictions: model3_lgbm_temporal_cv_predictions_20260407_162640.parquet
Test predictions: model3_lgbm_scored_20260407_162640.parquet

Test (uncalibrated): Brier=0.001478, ECE=0.001612
Test (calibrated):   Brier=0.001344, ECE=0.008778

Output files:
  Calibrated predictions: model3_lgbm_scored_calibrated_isotonic_20260408_050747.parquet
  Reliability plot data: model3_lgbm_win5_reliability_plot_isotonic_20260408_050747.json
  Calibration metadata: model3_lgbm_win5_calibration_isotonic_20260408_050747.json
  Brier score summary: model3_lgbm_win5_brier_summary_isotonic_20260408_050747.txt

Reliability curve plots:
  Test (uncalibrated, uniform): reliability_test_uncalibrated_uniform.png
  Test (calibrated, uniform): reliability_test_calibrated_uniform.png
  CV (uncalibrated, uniform): reliability_cv_uncalibrated_uniform.png
  CV (calibrated, uniform): reliability_cv_calibrated_uniform.png
  Test (uncalibrated, quantile): reliability_test_uncalibrated_quantile.png
  Test (calibrated, quantile): reliability_test_calibrated_quantile.png
  CV (uncalibrated, quantile): reliability_cv_uncalibrated_quantile.png
  CV (calibrated, quantile): reliability_cv_calibrated_quantile.png

======================================================================
Done.
======================================================================

Output saved to: /cluster/scratch/gikaufmann/outputs/se_asia/results/ml_models/main/calibration_model3_lgbm_auto_20260408_050650.txt
calibrate_3 script (main split) finished.
