Starting calibrate_1 script (main split)...
drwxr-xr-x 10 gikaufmann gikaufmann-group 4096 Mar 18 15:57 /cluster/home/gikaufmann/master_thesis
PWD = /cluster/home/gikaufmann/master_thesis
======================================================================
CALIBRATION: model1_LGBM (Region: south_america, Split: main)
======================================================================

Region: south_america
Model id: model1
Algorithm: lgbm
Split version: main
Calibration method: auto
  (will fit both Platt and Isotonic; winner selected by test Brier score)
Output directory: /cluster/scratch/gikaufmann/outputs/south_america/results/ml_models/main

======================================================================
STEP 1: LOAD CV / VALIDATION PREDICTIONS
======================================================================

Searching for CV/validation predictions file...
  Priority: temporal CV predictions (from training) > other CV predictions
  Using temporal CV predictions: model1_lgbm_temporal_cv_predictions_20260309_153019.parquet
Loading CV predictions from model1_lgbm_temporal_cv_predictions_20260309_153019.parquet...
  Found fold column: fold_idx
  Loaded 96,157,088 CV predictions (1,309,762 positive, 94,847,326 negative)
  Found 1 fold(s): [2]
    Fold 2: 96,157,088 samples (100.0%)

======================================================================
STEP 1.5: CHECK OUT-OF-FOLD (OOF) REQUIREMENTS
======================================================================

Fold information found (1 fold(s)): [2]
Using pooled calibration (fold info available, --per-fold not set).
  Auto mode: both Platt and Isotonic will be fitted (OOF assumption applied implicitly for Isotonic).

======================================================================
STEP 2: LOAD TEST PREDICTIONS
======================================================================

Found latest test predictions file: model1_lgbm_scored_20260318_163139.parquet
Loading test predictions from model1_lgbm_scored_20260318_163139.parquet...
  Loaded 47,695,507 test predictions (380,064 positive, 47,315,443 negative)

======================================================================
STEP 3: FIT AUTO CALIBRATION ON CV PREDICTIONS
======================================================================

Using pooled calibration (fold info available, --per-fold not set)...
Fitting Platt scaling calibration...
Fitting isotonic calibration...
  CV (uncalibrated): Brier=0.010566, ECE=0.004058
  CV (platt):        Brier=0.010729, ECE=0.003986
  CV (isotonic):     Brier=0.010202, ECE=0.000008

======================================================================
STEP 4: APPLY CALIBRATION TO TEST PREDICTIONS
======================================================================

Applied both Platt and Isotonic to 47,695,507 test predictions
  Test (uncalibrated): Brier=0.005262, ECE=0.010018
  Test (platt):        Brier=0.004241, ECE=0.010667
  Test (isotonic):     Brier=0.004206, ECE=0.008093

  → AUTO selected: Isotonic (test Brier 0.004206 < 0.004241)

======================================================================
STEP 5: COMPUTE RELIABILITY PLOT DATA AND PLOTS
======================================================================
  Reliability curve plot saved: reliability_test_uncalibrated_uniform.png
  Reliability curve plot saved: reliability_test_calibrated_uniform.png
  Reliability curve plot saved: reliability_cv_uncalibrated_uniform.png
  Reliability curve plot saved: reliability_cv_calibrated_uniform.png
  Reliability curve plot saved: reliability_test_uncalibrated_quantile.png
  Reliability curve plot saved: reliability_test_calibrated_quantile.png
  Reliability curve plot saved: reliability_cv_uncalibrated_quantile.png
  Reliability curve plot saved: reliability_cv_calibrated_quantile.png

Created 8 reliability curve plots.

======================================================================
STEP 6: SAVE RESULTS
======================================================================
Loading test predictions from model1_lgbm_scored_20260318_163139.parquet...
  Loaded 47,695,507 test predictions (380,064 positive, 47,315,443 negative)

Verifying row alignment between initial and metadata loads...

Calibrated test predictions saved: model1_lgbm_scored_calibrated_isotonic_20260318_180255.parquet
Reliability plot data saved: model1_lgbm_win5_reliability_plot_isotonic_20260318_180255.json
Calibration metadata saved: model1_lgbm_win5_calibration_isotonic_20260318_180255.json
Brier score summary saved: model1_lgbm_win5_brier_summary_isotonic_20260318_180255.txt

======================================================================
SUMMARY
======================================================================

Region: south_america
Model id: model1
Algorithm: lgbm
Calibration method: isotonic
CV predictions: model1_lgbm_temporal_cv_predictions_20260309_153019.parquet
Test predictions: model1_lgbm_scored_20260318_163139.parquet

Test (uncalibrated): Brier=0.005262, ECE=0.010018
Test (calibrated):   Brier=0.004206, ECE=0.008093

Output files:
  Calibrated predictions: model1_lgbm_scored_calibrated_isotonic_20260318_180255.parquet
  Reliability plot data: model1_lgbm_win5_reliability_plot_isotonic_20260318_180255.json
  Calibration metadata: model1_lgbm_win5_calibration_isotonic_20260318_180255.json
  Brier score summary: model1_lgbm_win5_brier_summary_isotonic_20260318_180255.txt

Reliability curve plots:
  Test (uncalibrated, uniform): reliability_test_uncalibrated_uniform.png
  Test (calibrated, uniform): reliability_test_calibrated_uniform.png
  CV (uncalibrated, uniform): reliability_cv_uncalibrated_uniform.png
  CV (calibrated, uniform): reliability_cv_calibrated_uniform.png
  Test (uncalibrated, quantile): reliability_test_uncalibrated_quantile.png
  Test (calibrated, quantile): reliability_test_calibrated_quantile.png
  CV (uncalibrated, quantile): reliability_cv_uncalibrated_quantile.png
  CV (calibrated, quantile): reliability_cv_calibrated_quantile.png

======================================================================
Done.
======================================================================

Output saved to: /cluster/scratch/gikaufmann/outputs/south_america/results/ml_models/main/calibration_model1_lgbm_auto_20260318_180055.txt
calibrate_1 script (main split) finished.
