Starting calibrate_2 script (RF mode, main split)...
drwxr-xr-x 10 gikaufmann gikaufmann-group 4096 Apr  3 22:47 /cluster/home/gikaufmann/master_thesis
PWD = /cluster/home/gikaufmann/master_thesis
======================================================================
CALIBRATION: model2_RF (Region: usa, Split: main)
======================================================================

Region: usa
Model id: model2
Algorithm: rf
Split version: main
Calibration method: platt
Output directory: /cluster/scratch/gikaufmann/outputs/usa/results/ml_models/main

======================================================================
STEP 1: LOAD CV / VALIDATION PREDICTIONS
======================================================================

Searching for CV/validation predictions file...
  Using earlystop validation predictions for RF (no temporal CV available)
  Using earlystop validation predictions: model2_rf_win5_earlystop_scored_20260407_111250.parquet
Loading CV predictions from model2_rf_win5_earlystop_scored_20260407_111250.parquet...
  Loaded 36,794,636 CV predictions (31,853 positive, 36,762,783 negative)

======================================================================
STEP 1.5: SKIP OOF REQUIREMENTS (EARLYSTOP MODE)
======================================================================

Using earlystop validation predictions (held-out, not CV).

======================================================================
STEP 2: LOAD TEST PREDICTIONS
======================================================================

Found latest test predictions file: model2_rf_win5_scored_20260407_111250.parquet
Loading test predictions from model2_rf_win5_scored_20260407_111250.parquet...
  Loaded 36,766,833 test predictions (14,787 positive, 36,752,046 negative)

======================================================================
STEP 3: FIT PLATT CALIBRATION ON EARLYSTOP VALIDATION
======================================================================

Using pooled calibration (no fold information)...
Fitting Platt scaling calibration...
  CV (uncalibrated): Brier=0.000861, ECE=0.002234
  CV (calibrated):   Brier=0.000864, ECE=0.000001

======================================================================
STEP 4: APPLY CALIBRATION TO TEST PREDICTIONS
======================================================================

Applied calibration to 36,766,833 test predictions
  Test (uncalibrated): Brier=0.000345, ECE=0.004888
  Test (calibrated):   Brier=0.000402, ECE=0.000803

======================================================================
STEP 5: COMPUTE RELIABILITY PLOT DATA AND PLOTS
======================================================================
  Reliability curve plot saved: reliability_test_uncalibrated_uniform.png
  Reliability curve plot saved: reliability_test_calibrated_uniform.png
  Reliability curve plot saved: reliability_cv_uncalibrated_uniform.png
  Reliability curve plot saved: reliability_cv_calibrated_uniform.png
  Reliability curve plot saved: reliability_test_uncalibrated_quantile.png
  Reliability curve plot saved: reliability_test_calibrated_quantile.png
  Reliability curve plot saved: reliability_cv_uncalibrated_quantile.png
  Reliability curve plot saved: reliability_cv_calibrated_quantile.png

Created 8 reliability curve plots.

======================================================================
STEP 6: SAVE RESULTS
======================================================================
Loading test predictions from model2_rf_win5_scored_20260407_111250.parquet...
  Loaded 36,766,833 test predictions (14,787 positive, 36,752,046 negative)

Verifying row alignment between initial and metadata loads...

Calibrated test predictions saved: model2_rf_win5_scored_calibrated_platt_20260408_050614.parquet
Reliability plot data saved: model2_rf_win5_reliability_plot_platt_20260408_050614.json
Calibration metadata saved: model2_rf_win5_calibration_platt_20260408_050614.json
Brier score summary saved: model2_rf_win5_brier_summary_platt_20260408_050614.txt

======================================================================
SUMMARY
======================================================================

Region: usa
Model id: model2
Algorithm: rf
Calibration method: platt
CV predictions: model2_rf_win5_earlystop_scored_20260407_111250.parquet
Test predictions: model2_rf_win5_scored_20260407_111250.parquet

Test (uncalibrated): Brier=0.000345, ECE=0.004888
Test (calibrated):   Brier=0.000402, ECE=0.000803

Output files:
  Calibrated predictions: model2_rf_win5_scored_calibrated_platt_20260408_050614.parquet
  Reliability plot data: model2_rf_win5_reliability_plot_platt_20260408_050614.json
  Calibration metadata: model2_rf_win5_calibration_platt_20260408_050614.json
  Brier score summary: model2_rf_win5_brier_summary_platt_20260408_050614.txt

Reliability curve plots:
  Test (uncalibrated, uniform): reliability_test_uncalibrated_uniform.png
  Test (calibrated, uniform): reliability_test_calibrated_uniform.png
  CV (uncalibrated, uniform): reliability_cv_uncalibrated_uniform.png
  CV (calibrated, uniform): reliability_cv_calibrated_uniform.png
  Test (uncalibrated, quantile): reliability_test_uncalibrated_quantile.png
  Test (calibrated, quantile): reliability_test_calibrated_quantile.png
  CV (uncalibrated, quantile): reliability_cv_uncalibrated_quantile.png
  CV (calibrated, quantile): reliability_cv_calibrated_quantile.png

======================================================================
Done.
======================================================================

Output saved to: /cluster/scratch/gikaufmann/outputs/usa/results/ml_models/main/calibration_model2_rf_platt_20260408_050520.txt
calibrate_2 script (RF mode, main split) finished.
