Starting calibrate_1 script (RF mode, main split)...
drwxr-xr-x 10 gikaufmann gikaufmann-group 4096 Mar 12 15:16 /cluster/home/gikaufmann/master_thesis
PWD = /cluster/home/gikaufmann/master_thesis
======================================================================
CALIBRATION: model1_RF (Region: south_america, Split: main)
======================================================================

Region: south_america
Model id: model1
Algorithm: rf
Split version: main
Calibration method: platt
Output directory: /cluster/scratch/gikaufmann/outputs/south_america/results/ml_models/main

======================================================================
STEP 1: LOAD CV / VALIDATION PREDICTIONS
======================================================================

Searching for CV/validation predictions file...
  Using earlystop validation predictions for RF (no temporal CV available)
  Using earlystop validation predictions: model1_rf_win5_earlystop_scored_20260311_121549.parquet
Loading CV predictions from model1_rf_win5_earlystop_scored_20260311_121549.parquet...
  Loaded 48,078,544 CV predictions (654,881 positive, 47,423,663 negative)

======================================================================
STEP 1.5: SKIP OOF REQUIREMENTS (EARLYSTOP MODE)
======================================================================

Using earlystop validation predictions (held-out, not CV).

======================================================================
STEP 2: LOAD TEST PREDICTIONS
======================================================================

Found latest test predictions file: model1_rf_win5_scored_20260311_121549.parquet
Loading test predictions from model1_rf_win5_scored_20260311_121549.parquet...
  Loaded 47,695,507 test predictions (380,064 positive, 47,315,443 negative)

======================================================================
STEP 3: FIT PLATT CALIBRATION ON EARLYSTOP VALIDATION
======================================================================

Using pooled calibration (no fold information)...
Fitting Platt scaling calibration...
  CV (uncalibrated): Brier=0.009529, ECE=0.003673
  CV (calibrated):   Brier=0.010534, ECE=0.007614

======================================================================
STEP 4: APPLY CALIBRATION TO TEST PREDICTIONS
======================================================================

Applied calibration to 47,695,507 test predictions
  Test (uncalibrated): Brier=0.004785, ECE=0.011433
  Test (calibrated):   Brier=0.004790, ECE=0.012596

======================================================================
STEP 5: COMPUTE RELIABILITY PLOT DATA AND PLOTS
======================================================================
  Reliability curve plot saved: reliability_test_uncalibrated_uniform.png
  Reliability curve plot saved: reliability_test_calibrated_uniform.png
  Reliability curve plot saved: reliability_cv_uncalibrated_uniform.png
  Reliability curve plot saved: reliability_cv_calibrated_uniform.png
  Reliability curve plot saved: reliability_test_uncalibrated_quantile.png
  Reliability curve plot saved: reliability_test_calibrated_quantile.png
  Reliability curve plot saved: reliability_cv_uncalibrated_quantile.png
  Reliability curve plot saved: reliability_cv_calibrated_quantile.png

Created 8 reliability curve plots.

======================================================================
STEP 6: SAVE RESULTS
======================================================================
Loading test predictions from model1_rf_win5_scored_20260311_121549.parquet...
  Loaded 47,695,507 test predictions (380,064 positive, 47,315,443 negative)

Verifying row alignment between initial and metadata loads...

Calibrated test predictions saved: model1_rf_win5_scored_calibrated_platt_20260313_010151.parquet
Reliability plot data saved: model1_rf_win5_reliability_plot_platt_20260313_010151.json
Calibration metadata saved: model1_rf_win5_calibration_platt_20260313_010151.json
Brier score summary saved: model1_rf_win5_brier_summary_platt_20260313_010151.txt

======================================================================
SUMMARY
======================================================================

Region: south_america
Model id: model1
Algorithm: rf
Calibration method: platt
CV predictions: model1_rf_win5_earlystop_scored_20260311_121549.parquet
Test predictions: model1_rf_win5_scored_20260311_121549.parquet

Test (uncalibrated): Brier=0.004785, ECE=0.011433
Test (calibrated):   Brier=0.004790, ECE=0.012596

Output files:
  Calibrated predictions: model1_rf_win5_scored_calibrated_platt_20260313_010151.parquet
  Reliability plot data: model1_rf_win5_reliability_plot_platt_20260313_010151.json
  Calibration metadata: model1_rf_win5_calibration_platt_20260313_010151.json
  Brier score summary: model1_rf_win5_brier_summary_platt_20260313_010151.txt

Reliability curve plots:
  Test (uncalibrated, uniform): reliability_test_uncalibrated_uniform.png
  Test (calibrated, uniform): reliability_test_calibrated_uniform.png
  CV (uncalibrated, uniform): reliability_cv_uncalibrated_uniform.png
  CV (calibrated, uniform): reliability_cv_calibrated_uniform.png
  Test (uncalibrated, quantile): reliability_test_uncalibrated_quantile.png
  Test (calibrated, quantile): reliability_test_calibrated_quantile.png
  CV (uncalibrated, quantile): reliability_cv_uncalibrated_quantile.png
  CV (calibrated, quantile): reliability_cv_calibrated_quantile.png

======================================================================
Done.
======================================================================

Output saved to: /cluster/scratch/gikaufmann/outputs/south_america/results/ml_models/main/calibration_model1_rf_platt_20260313_010038.txt
calibrate_1 script (RF mode, main split) finished.
