drwxr-xr-x 10 gikaufmann gikaufmann-group 4096 Mar 17 11:17 /cluster/home/gikaufmann/master_thesis
PWD = /cluster/home/gikaufmann/master_thesis
Starting spatial_CV_1_aggregate (USA, lgbm)...
======================================================================
LOBO AGGREGATE — USA (LGBM)
======================================================================
Looking for fold JSONs in: /cluster/scratch/gikaufmann/outputs/usa/results/spatial_cv/lgbm
  Loaded fold  1: fold_01_Deserts_and_Xeric_Shrublands_20260316_083507.json
  Loaded fold  4: fold_04_Mediterranean_Forests_Woodlands_and_Scr_20260317_073327.json
  Loaded fold  5: fold_05_Temperate_Broadleaf_and_Mixed_Forests_20260317_085556.json
  Loaded fold  6: fold_06_Temperate_Conifer_Forests_20260317_113250.json
  Loaded fold  7: fold_07_Temperate_Grasslands_Savannas_and_Shrub_20260317_124515.json
  Loaded fold  8: fold_08_Tropical_and_Subtropical_Coniferous_Fore_20260317_132832.json
  Loaded fold 10: fold_10_Tropical_and_Subtropical_Grasslands_Sav_20260317_143110.json

Loaded 7 fold(s)

======================================================================
PER-BIOME RESULTS
======================================================================

Fold  Biome                                              N_test    Pos  ROC-AUC   PR-AUC    P@1%  Lift@1%
--------------------------------------------------------------------------------------------------------------
   1  Deserts & Xeric Shrublands                       5,895,851  12625   0.3686   0.0018  0.0004     0.2x
   4  Mediterranean Forests, Woodlands & Scrub          455,758    216   0.5773   0.0005  0.0000     0.0x
   5  Temperate Broadleaf & Mixed Forests              9,181,073    564   0.7608   0.0006  0.0007    11.7x
   6  Temperate Conifer Forests                        5,103,496    737   0.4582   0.0001  0.0002     1.4x
   7  Temperate Grasslands, Savannas & Shrublands      15,657,831    363   0.5377   0.0001  0.0001     4.7x
   8  Tropical & Subtropical Coniferous Forests          15,576      0     N/A    0.0000  0.0000     0.0x
  10  Tropical & Subtropical Grasslands, Savannas & Sh  279,543      0     N/A    0.0000  0.0000     0.0x
MEAN  — MEAN —                                              N/A    N/A   0.5405   0.0004  0.0002     2.6x
 STD  — STD —                                               N/A    N/A   0.1468   0.0006  0.0003     4.4x

Summary saved: /cluster/scratch/gikaufmann/outputs/usa/results/spatial_cv/lgbm/lobo_summary_20260317_210302.csv
Total time: 0.0s
Done.

Log saved to: /cluster/scratch/gikaufmann/outputs/usa/results/spatial_cv/lgbm/lobo_aggregate_20260317_210302.txt
spatial_CV_1_aggregate (USA, lgbm) finished.
