drwxr-xr-x 12 gikaufmann gikaufmann-group 4096 Apr 15 00:17 /cluster/home/gikaufmann/master_thesis
PWD = /cluster/home/gikaufmann/master_thesis
Starting spatial_CV_1_aggregate (South East Asia, lgbm)...
======================================================================
LOBO AGGREGATE — SE ASIA (LGBM)
======================================================================
Looking for fold JSONs in: /cluster/scratch/gikaufmann/outputs/se_asia/results/spatial_cv/lgbm
  Loaded fold  0: fold_00_Mangroves_20260416_234444.json
  Loaded fold  1: fold_01_Montane_Grasslands_and_Shrublands_20260417_013306.json
  Loaded fold  2: fold_02_N_A_20260417_030545.json
  Loaded fold  3: fold_03_Temperate_Broadleaf_and_Mixed_Forests_20260417_051425.json
  Loaded fold  4: fold_04_Temperate_Conifer_Forests_20260417_071318.json
  Loaded fold  5: fold_05_Tropical_and_Subtropical_Coniferous_Fore_20260417_093157.json
  Loaded fold  6: fold_06_Tropical_and_Subtropical_Dry_Broadleaf_F_20260417_111724.json
  Loaded fold  7: fold_07_Tropical_and_Subtropical_Grasslands_Sav_20260417_115124.json
  Loaded fold  8: fold_08_Tropical_and_Subtropical_Moist_Broadleaf_20260417_122833.json

Loaded 9 fold(s)

======================================================================
PER-BIOME RESULTS
======================================================================

Fold  Biome                                              N_test    Pos  ROC-AUC   PR-AUC    P@1%    R@5%  Lift@1%
------------------------------------------------------------------------------------------------------------------------
   0  Mangroves                                         285,627     46   0.9676   0.0080  0.0077  0.7391    47.8x
   1  Montane Grasslands & Shrublands                    13,599      0     N/A    0.0000  0.0000  0.0000     0.0x
   2  N/A                                                     0      0     N/A      N/A     N/A     N/A       N/A
   3  Temperate Broadleaf & Mixed Forests                24,861      0     N/A    0.0000  0.0000  0.0000     0.0x
   4  Temperate Conifer Forests                          17,094   4284   0.8256   0.6281  0.9412  0.1788     3.8x
   5  Tropical & Subtropical Coniferous Forests          25,137     21   0.9913   0.6193  0.0598  0.9524    71.5x
   6  Tropical & Subtropical Dry Broadleaf Forests     1,651,993  17702   0.8145   0.0399  0.0780  0.2247     7.3x
   7  Tropical & Subtropical Grasslands, Savannas & Sh   12,996      0     N/A    0.0000  0.0000  0.0000     0.0x
   8  Tropical & Subtropical Moist Broadleaf Forests   10,239,060  51475   0.8288   0.0668  0.0823  0.3624    16.4x
MEAN  — MEAN —                                              N/A    N/A   0.8856   0.2724  0.2338  0.4915    29.4x
 STD  — STD —                                               N/A    N/A   0.0863   0.3214  0.3965  0.3389    29.3x

Summary saved: /cluster/scratch/gikaufmann/outputs/se_asia/results/spatial_cv/lgbm/lobo_summary_20260419_151620.csv
Total time: 0.2s
Done.

Log saved to: /cluster/scratch/gikaufmann/outputs/se_asia/results/spatial_cv/lgbm/lobo_aggregate_20260419_151620.txt
spatial_CV_1_aggregate (South East Asia, lgbm) finished.
