drwxr-xr-x 10 gikaufmann gikaufmann-group 4096 Mar 17 11:17 /cluster/home/gikaufmann/master_thesis
PWD = /cluster/home/gikaufmann/master_thesis
Starting spatial_CV_1_aggregate (USA, rf)...
======================================================================
LOBO AGGREGATE — USA (RF)
======================================================================
Looking for fold JSONs in: /cluster/scratch/gikaufmann/outputs/usa/results/spatial_cv/rf
  Loaded fold  4: fold_04_Mediterranean_Forests_Woodlands_and_Scr_20260317_151036.json
  Loaded fold  5: fold_05_Temperate_Broadleaf_and_Mixed_Forests_20260317_161853.json
  Loaded fold  6: fold_06_Temperate_Conifer_Forests_20260317_172944.json
  Loaded fold  7: fold_07_Temperate_Grasslands_Savannas_and_Shrub_20260317_183957.json
  Loaded fold  8: fold_08_Tropical_and_Subtropical_Coniferous_Fore_20260317_195530.json
  Loaded fold 10: fold_10_Tropical_and_Subtropical_Grasslands_Sav_20260317_210605.json

Loaded 6 fold(s)

======================================================================
PER-BIOME RESULTS
======================================================================

Fold  Biome                                              N_test    Pos  ROC-AUC   PR-AUC    P@1%  Lift@1%
--------------------------------------------------------------------------------------------------------------
   4  Mediterranean Forests, Woodlands & Scrub          455,758    216   0.4967   0.0005  0.0000     0.0x
   5  Temperate Broadleaf & Mixed Forests              9,181,073    564   0.5515   0.0001  0.0000     0.7x
   6  Temperate Conifer Forests                        5,103,496    737   0.5318   0.0017  0.0006     4.3x
   7  Temperate Grasslands, Savannas & Shrublands      15,657,831    363   0.5960   0.0141  0.0003    11.8x
   8  Tropical & Subtropical Coniferous Forests          15,576      0     N/A    0.0000  0.0000     0.0x
  10  Tropical & Subtropical Grasslands, Savannas & Sh  279,543      0     N/A    0.0000  0.0000     0.0x
MEAN  — MEAN —                                              N/A    N/A   0.5440   0.0027  0.0002     2.8x
 STD  — STD —                                               N/A    N/A   0.0414   0.0056  0.0003     4.7x

Summary saved: /cluster/scratch/gikaufmann/outputs/usa/results/spatial_cv/rf/lobo_summary_20260317_221721.csv
Total time: 0.0s
Done.

Log saved to: /cluster/scratch/gikaufmann/outputs/usa/results/spatial_cv/rf/lobo_aggregate_20260317_221721.txt
spatial_CV_1_aggregate (USA, rf) finished.
