drwxr-xr-x 10 gikaufmann gikaufmann-group 4096 Mar 17 11:17 /cluster/home/gikaufmann/master_thesis
PWD = /cluster/home/gikaufmann/master_thesis
Starting spatial_CV_1_aggregate (South America, rf)...
======================================================================
LOBO AGGREGATE — SOUTH AMERICA (RF)
======================================================================
Looking for fold JSONs in: /cluster/scratch/gikaufmann/outputs/south_america/results/spatial_cv/rf
  Loaded fold  5: fold_05_Temperate_Broadleaf_and_Mixed_Forests_20260317_061945.json

Loaded 1 fold(s)

======================================================================
PER-BIOME RESULTS
======================================================================

Fold  Biome                                              N_test    Pos  ROC-AUC   PR-AUC    P@1%  Lift@1%
--------------------------------------------------------------------------------------------------------------
   5  Temperate Broadleaf & Mixed Forests                43,739    889   0.3829   0.0246  0.0870     4.3x
MEAN  — MEAN —                                              N/A    N/A   0.3829   0.0246  0.0870     4.3x
 STD  — STD —                                               N/A    N/A     N/A      N/A     N/A       N/A

Summary saved: /cluster/scratch/gikaufmann/outputs/south_america/results/spatial_cv/rf/lobo_summary_20260317_121853.csv
Total time: 0.0s
Done.

Log saved to: /cluster/scratch/gikaufmann/outputs/south_america/results/spatial_cv/rf/lobo_aggregate_20260317_121853.txt
spatial_CV_1_aggregate (South America, rf) finished.
