drwxr-xr-x 12 gikaufmann gikaufmann-group 4096 Apr 15 00:17 /cluster/home/gikaufmann/master_thesis
PWD = /cluster/home/gikaufmann/master_thesis
Starting spatial_CV_1_aggregate (South America, lgbm)...
======================================================================
LOBO AGGREGATE — SOUTH AMERICA (LGBM)
======================================================================
Looking for fold JSONs in: /cluster/scratch/gikaufmann/outputs/south_america/results/spatial_cv/lgbm
  Loaded fold  0: fold_00_Deserts_and_Xeric_Shrublands_20260415_003250.json
  Loaded fold  1: fold_01_Flooded_Grasslands_and_Savannas_20260415_015854.json
  Loaded fold  2: fold_02_Mangroves_20260415_062113.json
  Loaded fold  3: fold_03_Mediterranean_Forests_Woodlands_and_Scr_20260415_100801.json
  Loaded fold  4: fold_04_Montane_Grasslands_and_Shrublands_20260415_114842.json
  Loaded fold  6: fold_06_Temperate_Broadleaf_and_Mixed_Forests_20260415_145359.json
  Loaded fold  7: fold_07_Temperate_Grasslands_Savannas_and_Shrub_20260415_162141.json
  Loaded fold  8: fold_08_Tropical_and_Subtropical_Coniferous_Fore_20260415_175553.json
  Loaded fold  9: fold_09_Tropical_and_Subtropical_Dry_Broadleaf_F_20260415_193752.json
  Loaded fold 10: fold_10_Tropical_and_Subtropical_Grasslands_Sav_20260415_230407.json
  Loaded fold 11: fold_11_Tropical_and_Subtropical_Moist_Broadleaf_20260416_012632.json

Loaded 11 fold(s)

======================================================================
PER-BIOME RESULTS
======================================================================

Fold  Biome                                              N_test    Pos  ROC-AUC   PR-AUC    P@1%    R@5%  Lift@1%
------------------------------------------------------------------------------------------------------------------------
   0  Deserts & Xeric Shrublands                       1,197,205   1642   0.9052   0.0131  0.0169  0.5128    12.3x
   1  Flooded Grasslands & Savannas                     694,428    486   0.1899   0.0004  0.0000  0.0000     0.0x
   2  Mangroves                                          96,634   1869   0.9508   0.3801  0.5414  0.6966    28.0x
   3  Mediterranean Forests, Woodlands & Scrub          598,143   2381   0.5434   0.0823  0.0473  0.1600    11.9x
   4  Montane Grasslands & Shrublands                  2,571,166  36436   0.7568   0.0451  0.0975  0.1378     6.9x
   6  Temperate Broadleaf & Mixed Forests              1,507,741 117685   0.9635   0.9041  0.9707  0.6330    12.4x
   7  Temperate Grasslands, Savannas & Shrublands      7,860,915   6895   0.9139   0.7384  0.0686  0.8168    78.2x
   8  Tropical & Subtropical Coniferous Forests               0      0     N/A      N/A     N/A     N/A       N/A
   9  Tropical & Subtropical Dry Broadleaf Forests     4,147,799  20948   0.8525   0.1094  0.1391  0.4808    27.5x
  10  Tropical & Subtropical Grasslands, Savannas & Sh 11,868,861  16752   0.4819   0.0016  0.0033  0.0761     2.3x
  11  Tropical & Subtropical Moist Broadleaf Forests   16,852,053 150459   0.7008   0.0555  0.1152  0.2756    12.9x
MEAN  — MEAN —                                              N/A    N/A   0.7259   0.2330  0.2000  0.3790    19.3x
 STD  — STD —                                               N/A    N/A   0.2522   0.3314  0.3135  0.2863    22.7x

Summary saved: /cluster/scratch/gikaufmann/outputs/south_america/results/spatial_cv/lgbm/lobo_summary_20260416_031200.csv
Total time: 0.1s
Done.

Log saved to: /cluster/scratch/gikaufmann/outputs/south_america/results/spatial_cv/lgbm/lobo_aggregate_20260416_031200.txt
spatial_CV_1_aggregate (South America, lgbm) finished.
