drwxr-xr-x 10 gikaufmann gikaufmann-group 4096 Apr  1 13:22 /cluster/home/gikaufmann/master_thesis
PWD = /cluster/home/gikaufmann/master_thesis
Starting spatial_CV_1_aggregate (South East Asia, lgbm)...
======================================================================
LOBO AGGREGATE — SE ASIA (LGBM)
======================================================================
Looking for fold JSONs in: /cluster/scratch/gikaufmann/outputs/se_asia/results/spatial_cv/lgbm
  Loaded fold  0: fold_00_Mangroves_20260401_134637.json
  Loaded fold  1: fold_01_Montane_Grasslands_and_Shrublands_20260401_143914.json
  Loaded fold  2: fold_02_N_A_20260401_165116.json
  Loaded fold  3: fold_03_Temperate_Broadleaf_and_Mixed_Forests_20260401_172725.json
  Loaded fold  4: fold_04_Temperate_Conifer_Forests_20260401_184318.json
  Loaded fold  5: fold_05_Tropical_and_Subtropical_Coniferous_Fore_20260401_203218.json
  Loaded fold  6: fold_06_Tropical_and_Subtropical_Dry_Broadleaf_F_20260401_220638.json
  Loaded fold  7: fold_07_Tropical_and_Subtropical_Grasslands_Sav_20260401_233526.json
  Loaded fold  8: fold_08_Tropical_and_Subtropical_Moist_Broadleaf_20260402_013950.json

Loaded 9 fold(s)

======================================================================
PER-BIOME RESULTS
======================================================================

Fold  Biome                                              N_test    Pos  ROC-AUC   PR-AUC    P@1%    R@5%  Lift@1%
------------------------------------------------------------------------------------------------------------------------
   0  Mangroves                                         285,627     46   0.9566   0.0074  0.0077  0.7609    47.8x
   1  Montane Grasslands & Shrublands                    13,599      0     N/A    0.0000  0.0000  0.0000     0.0x
   2  N/A                                                     0      0     N/A      N/A     N/A     N/A       N/A
   3  Temperate Broadleaf & Mixed Forests                24,861      0     N/A    0.0000  0.0000  0.0000     0.0x
   4  Temperate Conifer Forests                          17,094   4284   0.8223   0.6341  0.9706  0.1797     3.9x
   5  Tropical & Subtropical Coniferous Forests          25,137     21   0.9911   0.6033  0.0598  0.9524    71.5x
   6  Tropical & Subtropical Dry Broadleaf Forests     1,651,993  17702   0.8179   0.0406  0.0787  0.2311     7.3x
   7  Tropical & Subtropical Grasslands, Savannas & Sh   12,996      0     N/A    0.0000  0.0000  0.0000     0.0x
   8  Tropical & Subtropical Moist Broadleaf Forests   10,239,060  51475   0.8257   0.0661  0.0807  0.3713    16.0x
MEAN  — MEAN —                                              N/A    N/A   0.8827   0.2703  0.2395  0.4991    29.3x
 STD  — STD —                                               N/A    N/A   0.0841   0.3189  0.4098  0.3406    29.3x

Summary saved: /cluster/scratch/gikaufmann/outputs/se_asia/results/spatial_cv/lgbm/lobo_summary_20260403_140204.csv
Total time: 0.0s
Done.

Log saved to: /cluster/scratch/gikaufmann/outputs/se_asia/results/spatial_cv/lgbm/lobo_aggregate_20260403_140204.txt
spatial_CV_1_aggregate (South East Asia, lgbm) finished.
