drwxr-xr-x 12 gikaufmann gikaufmann-group 4096 Apr 15 00:17 /cluster/home/gikaufmann/master_thesis
PWD = /cluster/home/gikaufmann/master_thesis
Starting spatial_CV_1_aggregate (South America, rf)...
======================================================================
LOBO AGGREGATE — SOUTH AMERICA (RF)
======================================================================
Looking for fold JSONs in: /cluster/scratch/gikaufmann/outputs/south_america/results/spatial_cv/rf
  Loaded fold  0: fold_00_Deserts_and_Xeric_Shrublands_20260416_031419.json
  Loaded fold  1: fold_01_Flooded_Grasslands_and_Savannas_20260416_045148.json
  Loaded fold  2: fold_02_Mangroves_20260416_062950.json
  Loaded fold  3: fold_03_Mediterranean_Forests_Woodlands_and_Scr_20260416_082637.json
  Loaded fold  4: fold_04_Montane_Grasslands_and_Shrublands_20260416_102815.json
  Loaded fold  6: fold_06_Temperate_Broadleaf_and_Mixed_Forests_20260416_123046.json
  Loaded fold  7: fold_07_Temperate_Grasslands_Savannas_and_Shrub_20260416_142944.json
  Loaded fold  8: fold_08_Tropical_and_Subtropical_Coniferous_Fore_20260416_163126.json
  Loaded fold  9: fold_09_Tropical_and_Subtropical_Dry_Broadleaf_F_20260416_181001.json
  Loaded fold 10: fold_10_Tropical_and_Subtropical_Grasslands_Sav_20260416_201146.json
  Loaded fold 11: fold_11_Tropical_and_Subtropical_Moist_Broadleaf_20260416_220832.json

Loaded 11 fold(s)

======================================================================
PER-BIOME RESULTS
======================================================================

Fold  Biome                                              N_test    Pos  ROC-AUC   PR-AUC    P@1%    R@5%  Lift@1%
------------------------------------------------------------------------------------------------------------------------
   0  Deserts & Xeric Shrublands                       1,197,205   1642   0.9142   0.0118  0.0140  0.4507    10.2x
   1  Flooded Grasslands & Savannas                     694,428    486   0.5529   0.0008  0.0000  0.0514     0.0x
   2  Mangroves                                          96,634   1869   0.9456   0.3576  0.5642  0.6404    29.2x
   3  Mediterranean Forests, Woodlands & Scrub          598,143   2381   0.5189   0.0524  0.0441  0.1306    11.1x
   4  Montane Grasslands & Shrublands                  2,571,166  36436   0.6704   0.0395  0.0787  0.1380     5.6x
   6  Temperate Broadleaf & Mixed Forests              1,507,741 117685   0.9631   0.9032  0.9979  0.6141    12.8x
   7  Temperate Grasslands, Savannas & Shrublands      7,860,915   6895   0.9410   0.6758  0.0684  0.7906    78.0x
   8  Tropical & Subtropical Coniferous Forests               0      0     N/A      N/A     N/A     N/A       N/A
   9  Tropical & Subtropical Dry Broadleaf Forests     4,147,799  20948   0.8347   0.1143  0.1152  0.3789    22.8x
  10  Tropical & Subtropical Grasslands, Savannas & Sh 11,868,861  16752   0.6750   0.0032  0.0021  0.1403     1.5x
  11  Tropical & Subtropical Moist Broadleaf Forests   16,852,053 150459   0.8830   0.1043  0.1653  0.5658    18.5x
MEAN  — MEAN —                                              N/A    N/A   0.7899   0.2263  0.2050  0.3901    19.0x
 STD  — STD —                                               N/A    N/A   0.1701   0.3192  0.3245  0.2616    22.7x

Summary saved: /cluster/scratch/gikaufmann/outputs/south_america/results/spatial_cv/rf/lobo_summary_20260419_151838.csv
Total time: 0.2s
Done.

Log saved to: /cluster/scratch/gikaufmann/outputs/south_america/results/spatial_cv/rf/lobo_aggregate_20260419_151838.txt
spatial_CV_1_aggregate (South America, rf) finished.
