drwxr-xr-x 10 gikaufmann gikaufmann-group 4096 Mar 15 16:02 /cluster/home/gikaufmann/master_thesis
PWD = /cluster/home/gikaufmann/master_thesis
Starting spatial_CV_1_aggregate (South America, lgbm)...
======================================================================
LOBO AGGREGATE — SOUTH AMERICA (LGBM)
======================================================================
Looking for fold JSONs in: /cluster/scratch/gikaufmann/outputs/south_america/results/spatial_cv/lgbm
  Loaded fold  0: fold_00_Deserts_and_Xeric_Shrublands_20260316_184647.json
  Loaded fold  1: fold_01_Flooded_Grasslands_and_Savannas_20260316_200435.json
  Loaded fold  3: fold_03_Mediterranean_Forests_Woodlands_and_Scr_20260316_221004.json
  Loaded fold  4: fold_04_Montane_Grasslands_and_Shrublands_20260317_000451.json
  Loaded fold  5: fold_05_Temperate_Broadleaf_and_Mixed_Forests_20260317_030045.json

Loaded 5 fold(s)

======================================================================
PER-BIOME RESULTS
======================================================================

Fold  Biome                                              N_test    Pos  ROC-AUC   PR-AUC    P@1%  Lift@1%
--------------------------------------------------------------------------------------------------------------
   0  Deserts & Xeric Shrublands                       1,053,035 109678   0.9958   0.9768  0.9977     9.6x
   1  Flooded Grasslands & Savannas                      52,337   1425   0.7570   0.1405  0.2792    10.3x
   3  Mediterranean Forests, Woodlands & Scrub           57,566    442   0.6291   0.0144  0.0383     5.0x
   4  Montane Grasslands & Shrublands                  7,530,283   5184   0.7655   0.0015  0.0017     2.5x
   5  Temperate Broadleaf & Mixed Forests                43,739    889   0.4598   0.0232  0.0549     2.7x
MEAN  — MEAN —                                              N/A    N/A   0.7214   0.2313  0.2744     6.0x
 STD  — STD —                                               N/A    N/A   0.1971   0.4205  0.4188     3.7x

Summary saved: /cluster/scratch/gikaufmann/outputs/south_america/results/spatial_cv/lgbm/lobo_summary_20260317_045912.csv
Total time: 0.0s
Done.

Log saved to: /cluster/scratch/gikaufmann/outputs/south_america/results/spatial_cv/lgbm/lobo_aggregate_20260317_045912.txt
spatial_CV_1_aggregate (South America, lgbm) finished.
