drwxr-xr-x 12 gikaufmann gikaufmann-group 4096 Apr 15 00:17 /cluster/home/gikaufmann/master_thesis
PWD = /cluster/home/gikaufmann/master_thesis
Starting spatial_CV_1_aggregate (USA, rf)...
======================================================================
LOBO AGGREGATE — USA (RF)
======================================================================
Looking for fold JSONs in: /cluster/scratch/gikaufmann/outputs/usa/results/spatial_cv/rf
  Loaded fold  0: fold_00_Boreal_Forests_Taiga_20260322_205313.json
  Loaded fold  1: fold_01_Deserts_and_Xeric_Shrublands_20260322_221431.json
  Loaded fold  2: fold_02_Flooded_Grasslands_and_Savannas_20260322_235733.json
  Loaded fold  3: fold_03_Mangroves_20260323_015013.json
  Loaded fold  4: fold_04_Mediterranean_Forests_Woodlands_and_Scr_20260323_032146.json
  Loaded fold  5: fold_05_Temperate_Broadleaf_and_Mixed_Forests_20260323_043924.json
  Loaded fold  6: fold_06_Temperate_Conifer_Forests_20260323_055012.json
  Loaded fold  7: fold_07_Temperate_Grasslands_Savannas_and_Shrub_20260323_070800.json
  Loaded fold  8: fold_08_Tropical_and_Subtropical_Coniferous_Fore_20260323_082055.json
  Loaded fold  9: fold_09_Tropical_and_Subtropical_Dry_Broadleaf_F_20260323_093737.json
  Loaded fold 10: fold_10_Tropical_and_Subtropical_Grasslands_Sav_20260323_110049.json
  Loaded fold 11: fold_11_Tropical_and_Subtropical_Moist_Broadleaf_20260323_122433.json

Loaded 12 fold(s)

======================================================================
PER-BIOME RESULTS
======================================================================

Fold  Biome                                              N_test    Pos  ROC-AUC   PR-AUC    P@1%    R@5%  Lift@1%
------------------------------------------------------------------------------------------------------------------------
   0  Boreal Forests/Taiga                                    0      0     N/A      N/A     N/A     N/A       N/A
   1  Deserts & Xeric Shrublands                       5,895,851  12625   0.5567   0.0026  0.0018  0.0617     0.8x
   2  Flooded Grasslands & Savannas                      63,141      0     N/A    0.0000  0.0000  0.0000     0.0x
   3  Mangroves                                           3,726      0     N/A    0.0000  0.0000  0.0000     0.0x
   4  Mediterranean Forests, Woodlands & Scrub          455,758    216   0.5308   0.0005  0.0000  0.0046     0.0x
   5  Temperate Broadleaf & Mixed Forests              9,181,073    564   0.7353   0.0001  0.0001  0.0993     1.1x
   6  Temperate Conifer Forests                        5,103,496    737   0.7168   0.0019  0.0005  0.0651     3.3x
   7  Temperate Grasslands, Savannas & Shrublands      15,657,831    363   0.5696   0.0116  0.0004  0.1763    16.0x
   8  Tropical & Subtropical Coniferous Forests          15,576      0     N/A    0.0000  0.0000  0.0000     0.0x
   9  Tropical & Subtropical Dry Broadleaf Forests            0      0     N/A      N/A     N/A     N/A       N/A
  10  Tropical & Subtropical Grasslands, Savannas & Sh  279,543      0     N/A    0.0000  0.0000  0.0000     0.0x
  11  Tropical & Subtropical Moist Broadleaf Forests          0      0     N/A      N/A     N/A     N/A       N/A
MEAN  — MEAN —                                              N/A    N/A   0.6218   0.0033  0.0005  0.0814     4.2x
 STD  — STD —                                               N/A    N/A   0.0964   0.0047  0.0007  0.0630     6.7x

Summary saved: /cluster/scratch/gikaufmann/outputs/usa/results/spatial_cv/rf/lobo_summary_20260419_151838.csv
Total time: 0.1s
Done.

Log saved to: /cluster/scratch/gikaufmann/outputs/usa/results/spatial_cv/rf/lobo_aggregate_20260419_151838.txt
spatial_CV_1_aggregate (USA, rf) finished.
