drwxr-xr-x 10 gikaufmann gikaufmann-group 4096 Mar 18 15:57 /cluster/home/gikaufmann/master_thesis
PWD = /cluster/home/gikaufmann/master_thesis
Starting spatial_CV_1_aggregate (South America, lgbm)...
======================================================================
LOBO AGGREGATE — SOUTH AMERICA (LGBM)
======================================================================
Looking for fold JSONs in: /cluster/scratch/gikaufmann/outputs/south_america/results/spatial_cv/lgbm
  Loaded fold  0: fold_00_Deserts_and_Xeric_Shrublands_20260318_204003.json
  Loaded fold  1: fold_01_Flooded_Grasslands_and_Savannas_20260319_025906.json
  Loaded fold  2: fold_02_Mangroves_20260319_061336.json
  Loaded fold  3: fold_03_Mediterranean_Forests_Woodlands_and_Scr_20260319_092830.json
  Loaded fold  4: fold_04_Montane_Grasslands_and_Shrublands_20260319_142823.json
  Loaded fold  5: fold_05_Temperate_Broadleaf_and_Mixed_Forests_20260319_174823.json
  Loaded fold  6: fold_06_Tropical_and_Subtropical_Dry_Broadleaf_F_20260319_221641.json
  Loaded fold  7: fold_07_Tropical_and_Subtropical_Grasslands_Sav_20260320_022437.json
  Loaded fold  8: fold_08_Tropical_and_Subtropical_Moist_Broadleaf_20260320_054948.json

Loaded 9 fold(s)

======================================================================
PER-BIOME RESULTS
======================================================================

Fold  Biome                                              N_test    Pos  ROC-AUC   PR-AUC    P@1%    R@5%  Lift@1%
------------------------------------------------------------------------------------------------------------------------
   0  Deserts & Xeric Shrublands                       1,053,035 109678   0.9950   0.9796  0.9995  0.4782     9.6x
   1  Flooded Grasslands & Savannas                      52,337   1425   0.8014   0.2187  0.4207  0.3291    15.4x
   2  Mangroves                                         757,031   1457   0.9802   0.2152  0.1222  0.9492    63.5x
   3  Mediterranean Forests, Woodlands & Scrub           57,566    442   0.7011   0.0371  0.0765  0.1448    10.0x
   4  Montane Grasslands & Shrublands                  7,530,283   5184   0.7966   0.0018  0.0023  0.1236     3.3x
   5  Temperate Broadleaf & Mixed Forests                43,739    889   0.4910   0.0353  0.1236  0.1024     6.1x
   6  Tropical & Subtropical Dry Broadleaf Forests     2,582,683  10328   0.8469   0.2316  0.1576  0.4627    39.4x
   7  Tropical & Subtropical Grasslands, Savannas & Sh 1,128,827   4184   0.8423   0.1181  0.1034  0.4665    27.9x
   8  Tropical & Subtropical Moist Broadleaf Forests   12,320,915  62359   0.8139   0.1074  0.0952  0.4129    18.8x
MEAN  — MEAN —                                              N/A    N/A   0.8076   0.2161  0.2334  0.3855    21.6x
 STD  — STD —                                               N/A    N/A   0.1498   0.2990  0.3095  0.2621    19.4x

Summary saved: /cluster/scratch/gikaufmann/outputs/south_america/results/spatial_cv/lgbm/lobo_summary_20260323_122133.csv
Total time: 0.1s
Done.

Log saved to: /cluster/scratch/gikaufmann/outputs/south_america/results/spatial_cv/lgbm/lobo_aggregate_20260323_122133.txt
spatial_CV_1_aggregate (South America, lgbm) finished.
