drwxr-xr-x 10 gikaufmann gikaufmann-group 4096 Apr  3 22:47 /cluster/home/gikaufmann/master_thesis
PWD = /cluster/home/gikaufmann/master_thesis
Starting cross-continental transfer evaluation...
======================================================================
CROSS-CONTINENTAL TRANSFER EVALUATION — SA ↔ USA (Layer 3)
Uses production models from step-5 training — no retraining.
======================================================================
Test years:   2017-2019
Output dir:   /cluster/scratch/gikaufmann/outputs/south_america/results/spatial_cv/transfer

======================================================================
STEP 0: VERIFY FEATURE SETS
======================================================================
SA features:  73
USA features: 73
Feature sets are identical — cross-scoring is exact.
W&B connected

======================================================================
TRANSFER (LGBM): SOUTH_AMERICA → USA
======================================================================
  Loading model: model1_lgbm_deployment_20260330_015217.pkl
  Features: 73
  num_boost_round: 2555

Scoring south_america_to_usa_lgbm test set (years 2017-2019)...
  Found 36,766,833 test samples
  36,752,046 neg, 14,787 pos | ROC-AUC 0.5122  PR-AUC 0.0004  P@1% 0.0000
  [Memory after south_america→usa (lgbm)] RSS: 1.18 GB

======================================================================
TRANSFER (LGBM): USA → SOUTH_AMERICA
======================================================================
  Loading model: model2_lgbm_deployment_20260329_142401.pkl
  Features: 73
  num_boost_round: 2985

Scoring usa_to_south_america_lgbm test set (years 2017-2019)...
  Found 47,695,507 test samples
  47,315,443 neg, 380,064 pos | ROC-AUC 0.4870  PR-AUC 0.0073  P@1% 0.0035
  [Memory after usa→south_america (lgbm)] RSS: 1.18 GB

======================================================================
TRANSFER (RF): SOUTH_AMERICA → USA
======================================================================
  Loading model: model1_rf_win5_20260315_083850.joblib

Log saved to: /cluster/scratch/gikaufmann/outputs/south_america/results/spatial_cv/transfer/transfer_results_20260406_083225.txt
Cross-continental transfer evaluation finished.
