Many modules are hidden in this stack. Use "module --show_hidden spider SOFTWARE" if you are not able to find the required software

The following have been reloaded with a version change:
  1) cuda/12.1.1 => cuda/12.4.1

wandb: Currently logged in as: gikaufmann (gikaufmann-eth-z-rich) to https://api.wandb.ai. Use `wandb login --relogin` to force relogin
wandb: setting up run 95zp3ua2
wandb: Tracking run with wandb version 0.23.0
wandb: Run data is saved locally in /cluster/home/gikaufmann/master_thesis/wandb/run-20260408_114725-95zp3ua2
wandb: Run `wandb offline` to turn off syncing.
wandb: Syncing run transfer_se_asia_20260408_114724
wandb:  View project at https://wandb.ai/gikaufmann-eth-z-rich/spatial-cv
wandb:  View run at https://wandb.ai/gikaufmann-eth-z-rich/spatial-cv/runs/95zp3ua2
wandb: updating run metadata
wandb: uploading output.log; uploading wandb-summary.json; uploading config.yaml
wandb: uploading history steps 0-8, summary, console lines 103-122
wandb: 
wandb: Run history:
wandb:       se_asia_to_south_america_lgbm/brier_score ▁
wandb:      se_asia_to_south_america_lgbm/lift_at_1pct ▁
wandb:            se_asia_to_south_america_lgbm/n_test ▁
wandb:   se_asia_to_south_america_lgbm/n_test_positive ▁
wandb:            se_asia_to_south_america_lgbm/pr_auc ▁
wandb: se_asia_to_south_america_lgbm/precision_at_1pct ▁
wandb: se_asia_to_south_america_lgbm/precision_at_5pct ▁
wandb:           se_asia_to_south_america_lgbm/roc_auc ▁
wandb:         se_asia_to_south_america_rf/brier_score ▁
wandb:        se_asia_to_south_america_rf/lift_at_1pct ▁
wandb:                                             +55 ...
wandb: 
wandb: Run summary:
wandb:       se_asia_to_south_america_lgbm/brier_score 0.00797
wandb:      se_asia_to_south_america_lgbm/lift_at_1pct 1.90757
wandb:            se_asia_to_south_america_lgbm/n_test 47695507
wandb:   se_asia_to_south_america_lgbm/n_test_positive 380064
wandb:            se_asia_to_south_america_lgbm/pr_auc 0.00642
wandb: se_asia_to_south_america_lgbm/precision_at_1pct 0.0152
wandb: se_asia_to_south_america_lgbm/precision_at_5pct 0.00736
wandb:           se_asia_to_south_america_lgbm/roc_auc 0.38057
wandb:         se_asia_to_south_america_rf/brier_score 0.01764
wandb:        se_asia_to_south_america_rf/lift_at_1pct 0.87222
wandb:                                             +55 ...
wandb: 
wandb:  View run transfer_se_asia_20260408_114724 at: https://wandb.ai/gikaufmann-eth-z-rich/spatial-cv/runs/95zp3ua2
wandb:  View project at: https://wandb.ai/gikaufmann-eth-z-rich/spatial-cv
wandb: Synced 5 W&B file(s), 0 media file(s), 0 artifact file(s) and 0 other file(s)
wandb: Find logs at: ./wandb/run-20260408_114725-95zp3ua2/logs
