drwxr-xr-x 11 gikaufmann gikaufmann-group 4096 Apr  8 11:19 /cluster/home/gikaufmann/master_thesis
PWD = /cluster/home/gikaufmann/master_thesis
Starting cross-continental transfer evaluation...
======================================================================
CROSS-CONTINENTAL TRANSFER EVALUATION — SOUTH_AMERICA ↔ USA (Layer 3)
Uses production models from step-5 training — no retraining.
======================================================================
Test years:   2017-2019
Output dir:   /cluster/scratch/gikaufmann/outputs/south_america/results/spatial_cv/transfer

======================================================================
STEP 0: VERIFY FEATURE SETS
======================================================================
south_america features: 73
usa features: 73
  south_america ↔ usa: feature sets identical.
All regions share identical feature names — cross-scoring is exact.
W&B connected

======================================================================
TRANSFER (LGBM): SOUTH_AMERICA → USA
======================================================================
  Loading model: model1_lgbm_20260406_165138.pkl
  NOTE: Replaced generic Column_N names with 73 parquet-derived feature names
  Features: 73
  num_boost_round: 775

Scoring south_america_to_usa_lgbm test set (years 2017-2019)...
  Found 36,766,833 test samples
  36,752,046 neg, 14,787 pos | ROC-AUC 0.5169  PR-AUC 0.0005  P@1% 0.0010
  [Memory after south_america→usa (lgbm)] RSS: 0.95 GB

======================================================================
TRANSFER (LGBM): USA → SOUTH_AMERICA
======================================================================
  Loading model: model2_lgbm_20260407_024258.pkl
  NOTE: Replaced generic Column_N names with 73 parquet-derived feature names
  Features: 73
  num_boost_round: 3134

Scoring usa_to_south_america_lgbm test set (years 2017-2019)...
  Found 47,695,507 test samples
  47,315,443 neg, 380,064 pos | ROC-AUC 0.5178  PR-AUC 0.0077  P@1% 0.0021
  [Memory after usa→south_america (lgbm)] RSS: 1.07 GB

======================================================================
TRANSFER (RF): SOUTH_AMERICA → USA
======================================================================
  Loading model: model1_rf_win5_20260406_211847.joblib
  WARNING: feature_names_in_ not available — column order differs between regions; using source column order (target re-indexed by name).
  Features: 73
  n_estimators: 300

Scoring south_america_to_usa_rf test set (years 2017-2019)...
  Found 36,766,833 test samples
  36,752,046 neg, 14,787 pos | ROC-AUC 0.3008  PR-AUC 0.0003  P@1% 0.0005
  [Memory after south_america→usa (rf)] RSS: 3.99 GB

======================================================================
TRANSFER (RF): USA → SOUTH_AMERICA
======================================================================
  Loading model: model2_rf_win5_20260407_111250.joblib
  WARNING: feature_names_in_ not available — column order differs between regions; using source column order (target re-indexed by name).
  Features: 73
  n_estimators: 300

Scoring usa_to_south_america_rf test set (years 2017-2019)...
  Found 47,695,507 test samples
  47,315,443 neg, 380,064 pos | ROC-AUC 0.5313  PR-AUC 0.0082  P@1% 0.0027
  [Memory after usa→south_america (rf)] RSS: 4.94 GB

======================================================================
RESULTS SUMMARY
======================================================================

Direction                        Model   ROC-AUC   PR-AUC    P@1%  Lift@1%
---------------------------------------------------------------------------
south_america → usa               LGBM    0.5169   0.0005  0.0010 2.4x
usa → south_america               LGBM    0.5178   0.0077  0.0021 0.3x
south_america → usa                 RF    0.3008   0.0003  0.0005 1.1x
usa → south_america                 RF    0.5313   0.0082  0.0027 0.3x

Results saved: /cluster/scratch/gikaufmann/outputs/south_america/results/spatial_cv/transfer/transfer_results_20260408_112252.json
Total time: 1442.7s (24.0 min)
Done.

Log saved to: /cluster/scratch/gikaufmann/outputs/south_america/results/spatial_cv/transfer/transfer_results_20260408_112252.txt
Cross-continental transfer evaluation finished.
