Many modules are hidden in this stack. Use "module --show_hidden spider SOFTWARE" if you are not able to find the required software

The following have been reloaded with a version change:
  1) cuda/12.1.1 => cuda/12.4.1

wandb: Currently logged in as: gikaufmann (gikaufmann-eth-z-rich) to https://api.wandb.ai. Use `wandb login --relogin` to force relogin
wandb: setting up run qy6hkrab
wandb: Tracking run with wandb version 0.23.0
wandb: Run data is saved locally in /cluster/home/gikaufmann/master_thesis/wandb/run-20260402_104032-qy6hkrab
wandb: Run `wandb offline` to turn off syncing.
wandb: Syncing run transfer_sa_usa_20260402_104031
wandb:  View project at https://wandb.ai/gikaufmann-eth-z-rich/spatial-cv
wandb:  View run at https://wandb.ai/gikaufmann-eth-z-rich/spatial-cv/runs/qy6hkrab
wandb: updating run metadata; uploading wandb-metadata.json; uploading console lines 0-0; uploading requirements.txt
wandb: uploading console lines 0-0; uploading output.log; uploading wandb-summary.json
wandb: uploading summary, console lines 1-5
wandb:  View run transfer_sa_usa_20260402_104031 at: https://wandb.ai/gikaufmann-eth-z-rich/spatial-cv/runs/qy6hkrab
wandb:  View project at: https://wandb.ai/gikaufmann-eth-z-rich/spatial-cv
wandb: Synced 5 W&B file(s), 0 media file(s), 0 artifact file(s) and 0 other file(s)
wandb: Find logs at: ./wandb/run-20260402_104032-qy6hkrab/logs
Traceback (most recent call last):
  File "/cluster/home/gikaufmann/master_thesis/scripts/regions/se_asia/6_evaluation/spatial_CV_3", line 35, in <module>
    run_transfer_main(output_region="se_asia")
  File "/cluster/home/gikaufmann/master_thesis/scripts/regions/shared/evaluation/spatial_cv_core.py", line 2304, in run_transfer_main
    result = _run_transfer_direction(
             ^^^^^^^^^^^^^^^^^^^^^^^^
  File "/cluster/home/gikaufmann/master_thesis/scripts/regions/shared/evaluation/spatial_cv_core.py", line 1504, in _run_transfer_direction
    feature_cols = list(model.feature_name())
                        ^^^^^^^^^^^^^^^^^^
AttributeError: 'dict' object has no attribute 'feature_name'
srun: error: eu-a2p-318: task 0: Exited with exit code 1
