drwxr-xr-x 10 gikaufmann gikaufmann-group 4096 Mar 15 16:02 /cluster/home/gikaufmann/master_thesis
PWD = /cluster/home/gikaufmann/master_thesis
Starting cross-continental transfer evaluation...
======================================================================
CROSS-CONTINENTAL TRANSFER EVALUATION — SA ↔ USA (Layer 3)
Uses production models from step-5 training — no retraining.
======================================================================
Test years:   2017-2019
Output dir:   /cluster/scratch/gikaufmann/outputs/south_america/results/spatial_cv/transfer

======================================================================
STEP 0: VERIFY FEATURE SETS
======================================================================
SA features:  73
USA features: 73
Feature sets are identical — cross-scoring is exact.
W&B connected

======================================================================
TRANSFER (LGBM): SOUTH_AMERICA → USA
======================================================================
  Loading model: model1_lgbm_20260309_153019.pkl
  Features: 73
  num_boost_round: 775

Scoring south_america_to_usa_lgbm test set (years 2017-2019)...
  Found 36,766,833 test samples

Log saved to: /cluster/scratch/gikaufmann/outputs/south_america/results/spatial_cv/transfer/transfer_results_20260316_014236.txt
Cross-continental transfer evaluation finished.
