drwxr-xr-x 10 gikaufmann gikaufmann-group 4096 Apr  1 13:22 /cluster/home/gikaufmann/master_thesis
PWD = /cluster/home/gikaufmann/master_thesis
Starting cross-continental transfer evaluation...
======================================================================
CROSS-CONTINENTAL TRANSFER EVALUATION — SA ↔ USA (Layer 3)
Uses production models from step-5 training — no retraining.
======================================================================
Test years:   2017-2019
Output dir:   /cluster/scratch/gikaufmann/outputs/se_asia/results/spatial_cv/transfer

======================================================================
STEP 0: VERIFY FEATURE SETS
======================================================================
SA features:  73
USA features: 73
Feature sets are identical — cross-scoring is exact.
W&B connected

======================================================================
TRANSFER (LGBM): SOUTH_AMERICA → USA
======================================================================
  Loading model: model1_lgbm_deployment_20260330_015217.pkl

Log saved to: /cluster/scratch/gikaufmann/outputs/se_asia/results/spatial_cv/transfer/transfer_results_20260402_104031.txt
Cross-continental transfer evaluation finished.
