Many modules are hidden in this stack. Use "module --show_hidden spider SOFTWARE" if you are not able to find the required software

The following have been reloaded with a version change:
  1) cuda/12.1.1 => cuda/12.4.1

wandb: Currently logged in as: gikaufmann (gikaufmann-eth-z-rich) to https://api.wandb.ai. Use `wandb login --relogin` to force relogin
wandb: setting up run i94w5ayx
wandb: Tracking run with wandb version 0.23.0
wandb: Run data is saved locally in /cluster/home/gikaufmann/master_thesis/wandb/run-20260408_112253-i94w5ayx
wandb: Run `wandb offline` to turn off syncing.
wandb: Syncing run transfer_south_america_20260408_112252
wandb:  View project at https://wandb.ai/gikaufmann-eth-z-rich/spatial-cv
wandb:  View run at https://wandb.ai/gikaufmann-eth-z-rich/spatial-cv/runs/i94w5ayx
wandb: uploading console lines 51-51
wandb: uploading output.log; uploading wandb-summary.json
wandb: uploading history steps 0-4, summary, console lines 52-66
wandb: 
wandb: Run history:
wandb:       south_america_to_usa_lgbm/brier_score ▁
wandb:      south_america_to_usa_lgbm/lift_at_1pct ▁
wandb:            south_america_to_usa_lgbm/n_test ▁
wandb:   south_america_to_usa_lgbm/n_test_positive ▁
wandb:            south_america_to_usa_lgbm/pr_auc ▁
wandb: south_america_to_usa_lgbm/precision_at_1pct ▁
wandb: south_america_to_usa_lgbm/precision_at_5pct ▁
wandb:           south_america_to_usa_lgbm/roc_auc ▁
wandb:         south_america_to_usa_rf/brier_score ▁
wandb:        south_america_to_usa_rf/lift_at_1pct ▁
wandb:                                         +23 ...
wandb: 
wandb: Run summary:
wandb:       south_america_to_usa_lgbm/brier_score 0.01708
wandb:      south_america_to_usa_lgbm/lift_at_1pct 2.44134
wandb:            south_america_to_usa_lgbm/n_test 36766833
wandb:   south_america_to_usa_lgbm/n_test_positive 14787
wandb:            south_america_to_usa_lgbm/pr_auc 0.00054
wandb: south_america_to_usa_lgbm/precision_at_1pct 0.00098
wandb: south_america_to_usa_lgbm/precision_at_5pct 0.0009
wandb:           south_america_to_usa_lgbm/roc_auc 0.51693
wandb:         south_america_to_usa_rf/brier_score 0.01938
wandb:        south_america_to_usa_rf/lift_at_1pct 1.1429
wandb:                                         +23 ...
wandb: 
wandb:  View run transfer_south_america_20260408_112252 at: https://wandb.ai/gikaufmann-eth-z-rich/spatial-cv/runs/i94w5ayx
wandb:  View project at: https://wandb.ai/gikaufmann-eth-z-rich/spatial-cv
wandb: Synced 5 W&B file(s), 0 media file(s), 0 artifact file(s) and 0 other file(s)
wandb: Find logs at: ./wandb/run-20260408_112253-i94w5ayx/logs
