Many modules are hidden in this stack. Use "module --show_hidden spider SOFTWARE" if you are not able to find the required software

The following have been reloaded with a version change:
  1) cuda/12.1.1 => cuda/12.4.1

wandb: Currently logged in as: gikaufmann (gikaufmann-eth-z-rich) to https://api.wandb.ai. Use `wandb login --relogin` to force relogin
wandb: setting up run 3u8skkkt
wandb: Tracking run with wandb version 0.23.0
wandb: Run data is saved locally in /cluster/home/gikaufmann/master_thesis/wandb/run-20260318_201648-3u8skkkt
wandb: Run `wandb offline` to turn off syncing.
wandb: Syncing run transfer_sa_usa_20260318_201647
wandb:  View project at https://wandb.ai/gikaufmann-eth-z-rich/spatial-cv
wandb:  View run at https://wandb.ai/gikaufmann-eth-z-rich/spatial-cv/runs/3u8skkkt
wandb: updating run metadata
wandb: uploading summary, console lines 26-31
wandb:  View run transfer_sa_usa_20260318_201647 at: https://wandb.ai/gikaufmann-eth-z-rich/spatial-cv/runs/3u8skkkt
wandb:  View project at: https://wandb.ai/gikaufmann-eth-z-rich/spatial-cv
wandb: Synced 5 W&B file(s), 0 media file(s), 0 artifact file(s) and 0 other file(s)
wandb: Find logs at: ./wandb/run-20260318_201648-3u8skkkt/logs
Traceback (most recent call last):
  File "/cluster/home/gikaufmann/master_thesis/scripts/regions/south_america/6_evaluation/spatial_CV_3", line 33, in <module>
    run_transfer_main()
  File "/cluster/home/gikaufmann/master_thesis/scripts/regions/shared/evaluation/spatial_cv_core.py", line 2019, in run_transfer_main
    result = _run_transfer_direction(
             ^^^^^^^^^^^^^^^^^^^^^^^^
  File "/cluster/home/gikaufmann/master_thesis/scripts/regions/shared/evaluation/spatial_cv_core.py", line 1307, in _run_transfer_direction
    raise ValueError(
ValueError: RF feature_names_in_ not available and source/target parquet schemas differ — cannot safely score cross-continental transfer.
Source (south_america): ['elevation_b1', 'elevation_b2', 'GSN_b1', 'GSN_b2', 'GSN_b3', 'GSN_b4', 'GSN_b5', 'powerplants_b2', 'WorldClim_b1', 'WorldClim_b2', 'WorldClim_b3', 'WorldClim_b4', 'WorldClim_b5', 'WorldClim_b6', 'WorldClim_b7', 'WorldClim_b8', 'WorldClim_b9', 'WorldClim_b10', 'WorldClim_b11', 'WorldClim_b12', 'WorldClim_b13', 'WorldClim_b14', 'WorldClim_b15', 'WorldClim_b16', 'WorldClim_b17', 'WorldClim_b18', 'WorldClim_b19', 'WDPA', 'deforestation_b1', 'deforestation_b2', 'deforestation_b3', 'GPW', 'HNTL', 'landcover', 'NDVI', 'policy_b1', 'policy_b2', 'policy_b3', 'policy_b4', 'wildfire_b1', 'wildfire_b2', 'economic_value_lag1', 'dist_wdpa', 'dist_road', 'dist_oil_gas', 'dist_powerplant', 'dist_indigenous', 'elevation_b1_smooth4', 'elevation_b1_smooth16', 'elevation_b1_smooth64', 'elevation_b2_smooth4', 'elevation_b2_smooth16', 'elevation_b2_smooth64', 'NDVI_smooth16', 'NDVI_smooth64', 'GPW_smooth16', 'GPW_smooth64', 'HNTL_smooth16', 'HNTL_smooth64', 'deforestation_b1_smooth16', 'deforestation_b1_smooth64', 'wildfire_b1_smooth16', 'wildfire_b1_smooth64', 'GSN_b1_smooth16', 'GSN_b1_smooth64', 'GSN_b2_smooth16', 'GSN_b2_smooth64', 'GSN_b3_smooth16', 'GSN_b3_smooth64', 'GSN_b4_smooth16', 'GSN_b4_smooth64', 'GSN_b5_smooth16', 'GSN_b5_smooth64']
Target (usa): ['elevation_b1', 'GSN_b1', 'GSN_b2', 'GSN_b3', 'GSN_b4', 'GSN_b5', 'powerplants_b2', 'elevation_b2', 'WorldClim_b1', 'WorldClim_b2', 'WorldClim_b3', 'WorldClim_b4', 'WorldClim_b5', 'WorldClim_b6', 'WorldClim_b7', 'WorldClim_b8', 'WorldClim_b9', 'WorldClim_b10', 'WorldClim_b11', 'WorldClim_b12', 'WorldClim_b13', 'WorldClim_b14', 'WorldClim_b15', 'WorldClim_b16', 'WorldClim_b17', 'WorldClim_b18', 'WorldClim_b19', 'WDPA', 'deforestation_b1', 'deforestation_b2', 'deforestation_b3', 'GPW', 'HNTL', 'landcover', 'NDVI', 'policy_b1', 'policy_b2', 'policy_b3', 'policy_b4', 'wildfire_b1', 'wildfire_b2', 'economic_value_lag1', 'dist_wdpa', 'dist_road', 'dist_oil_gas', 'dist_powerplant', 'dist_indigenous', 'elevation_b1_smooth4', 'elevation_b1_smooth16', 'elevation_b1_smooth64', 'elevation_b2_smooth4', 'elevation_b2_smooth16', 'elevation_b2_smooth64', 'NDVI_smooth16', 'NDVI_smooth64', 'GPW_smooth16', 'GPW_smooth64', 'HNTL_smooth16', 'HNTL_smooth64', 'deforestation_b1_smooth16', 'deforestation_b1_smooth64', 'wildfire_b1_smooth16', 'wildfire_b1_smooth64', 'GSN_b1_smooth16', 'GSN_b1_smooth64', 'GSN_b2_smooth16', 'GSN_b2_smooth64', 'GSN_b3_smooth16', 'GSN_b3_smooth64', 'GSN_b4_smooth16', 'GSN_b4_smooth64', 'GSN_b5_smooth16', 'GSN_b5_smooth64']
srun: error: eu-a2p-474: task 0: Exited with exit code 1
