Many modules are hidden in this stack. Use "module --show_hidden spider SOFTWARE" if you are not able to find the required software

The following have been reloaded with a version change:
  1) cuda/12.1.1 => cuda/12.4.1

wandb: Currently logged in as: gikaufmann (gikaufmann-eth-z-rich) to https://api.wandb.ai. Use `wandb login --relogin` to force relogin
wandb: setting up run v1ad9dld
wandb: Tracking run with wandb version 0.23.0
wandb: Run data is saved locally in /cluster/home/gikaufmann/master_thesis/wandb/run-20260316_014237-v1ad9dld
wandb: Run `wandb offline` to turn off syncing.
wandb: Syncing run transfer_sa_usa_20260316_014236
wandb:  View project at https://wandb.ai/gikaufmann-eth-z-rich/spatial-cv
wandb:  View run at https://wandb.ai/gikaufmann-eth-z-rich/spatial-cv/runs/v1ad9dld
wandb: updating run metadata
wandb: uploading wandb-summary.json; uploading config.yaml
wandb: uploading summary, console lines 0-10
wandb:  View run transfer_sa_usa_20260316_014236 at: https://wandb.ai/gikaufmann-eth-z-rich/spatial-cv/runs/v1ad9dld
wandb:  View project at: https://wandb.ai/gikaufmann-eth-z-rich/spatial-cv
wandb: Synced 5 W&B file(s), 0 media file(s), 0 artifact file(s) and 0 other file(s)
wandb: Find logs at: ./wandb/run-20260316_014237-v1ad9dld/logs
Traceback (most recent call last):
  File "/cluster/home/gikaufmann/master_thesis/scripts/regions/south_america/6_evaluation/spatial_CV_3", line 33, in <module>
    run_transfer_main()
  File "/cluster/home/gikaufmann/master_thesis/scripts/regions/shared/evaluation/spatial_cv_core.py", line 1791, in run_transfer_main
    result = _run_transfer_direction(
             ^^^^^^^^^^^^^^^^^^^^^^^^
  File "/cluster/home/gikaufmann/master_thesis/scripts/regions/shared/evaluation/spatial_cv_core.py", line 1157, in _run_transfer_direction
    test_result = score_region_test(
                  ^^^^^^^^^^^^^^^^^^
  File "/cluster/home/gikaufmann/master_thesis/scripts/regions/shared/evaluation/spatial_cv_core.py", line 932, in score_region_test
    Xb   = extract_features_pyarrow_to_numpy(batch.select(feature_cols), final)
                                             ^^^^^^^^^^^^^^^^^^^^^^^^^^
  File "pyarrow/table.pxi", line 3292, in pyarrow.lib.RecordBatch.select
  File "pyarrow/table.pxi", line 1733, in pyarrow.lib._Tabular._ensure_integer_index
KeyError: 'Field "Column_0" does not exist in schema'
srun: error: eu-g5-034-2: task 0: Exited with exit code 1
