drwxr-xr-x 11 gikaufmann gikaufmann-group 4096 Apr  8 11:19 /cluster/home/gikaufmann/master_thesis
PWD = /cluster/home/gikaufmann/master_thesis
Starting cross-continental transfer evaluation (SEA ↔ SA and SEA ↔ USA)...
======================================================================
CROSS-CONTINENTAL TRANSFER EVALUATION — SE_ASIA ↔ SOUTH_AMERICA / SE_ASIA ↔ USA (Layer 3)
Uses production models from step-5 training — no retraining.
======================================================================
Test years:   2017-2019
Output dir:   /cluster/scratch/gikaufmann/outputs/se_asia/results/spatial_cv/transfer

======================================================================
STEP 0: VERIFY FEATURE SETS
======================================================================
se_asia features: 73
south_america features: 73
usa features: 73
  se_asia ↔ south_america: feature sets identical.
  se_asia ↔ usa: feature sets identical.
All regions share identical feature names — cross-scoring is exact.
W&B connected

======================================================================
TRANSFER (LGBM): SE_ASIA → SOUTH_AMERICA
======================================================================
  Loading model: model3_lgbm_20260407_162640.pkl
  NOTE: Replaced generic Column_N names with 73 parquet-derived feature names
  Features: 73
  num_boost_round: 3137

Scoring se_asia_to_south_america_lgbm test set (years 2017-2019)...
  Found 47,695,507 test samples
  47,315,443 neg, 380,064 pos | ROC-AUC 0.3806  PR-AUC 0.0064  P@1% 0.0152
  [Memory after se_asia→south_america (lgbm)] RSS: 1.16 GB

======================================================================
TRANSFER (LGBM): SOUTH_AMERICA → SE_ASIA
======================================================================
  Loading model: model1_lgbm_20260406_165138.pkl
  NOTE: Replaced generic Column_N names with 73 parquet-derived feature names
  Features: 73
  num_boost_round: 775

Scoring south_america_to_se_asia_lgbm test set (years 2017-2019)...
  Found 12,503,260 test samples
  12,428,756 neg, 74,504 pos | ROC-AUC 0.5214  PR-AUC 0.0056  P@1% 0.0013
  [Memory after south_america→se_asia (lgbm)] RSS: 1.21 GB

======================================================================
TRANSFER (LGBM): SE_ASIA → USA
======================================================================
  Loading model: model3_lgbm_20260407_162640.pkl
  NOTE: Replaced generic Column_N names with 73 parquet-derived feature names
  Features: 73
  num_boost_round: 3137

Scoring se_asia_to_usa_lgbm test set (years 2017-2019)...
  Found 36,766,833 test samples
  36,752,046 neg, 14,787 pos | ROC-AUC 0.2376  PR-AUC 0.0003  P@1% 0.0002
  [Memory after se_asia→usa (lgbm)] RSS: 1.18 GB

======================================================================
TRANSFER (LGBM): USA → SE_ASIA
======================================================================
  Loading model: model2_lgbm_20260407_024258.pkl
  NOTE: Replaced generic Column_N names with 73 parquet-derived feature names
  Features: 73
  num_boost_round: 3134

Scoring usa_to_se_asia_lgbm test set (years 2017-2019)...
  Found 12,503,260 test samples
  12,428,756 neg, 74,504 pos | ROC-AUC 0.6166  PR-AUC 0.0085  P@1% 0.0066
  [Memory after usa→se_asia (lgbm)] RSS: 1.18 GB

======================================================================
TRANSFER (RF): SE_ASIA → SOUTH_AMERICA
======================================================================
  Loading model: model3_rf_win5_20260408_000517.joblib
  WARNING: feature_names_in_ not available — inferred from parquet schemas (source and target schemas verified identical)
  Features: 73
  n_estimators: 300

Scoring se_asia_to_south_america_rf test set (years 2017-2019)...
  Found 47,695,507 test samples
  47,315,443 neg, 380,064 pos | ROC-AUC 0.5978  PR-AUC 0.0103  P@1% 0.0070
  [Memory after se_asia→south_america (rf)] RSS: 4.04 GB

======================================================================
TRANSFER (RF): SOUTH_AMERICA → SE_ASIA
======================================================================
  Loading model: model1_rf_win5_20260406_211847.joblib
  WARNING: feature_names_in_ not available — inferred from parquet schemas (source and target schemas verified identical)
  Features: 73
  n_estimators: 300

Scoring south_america_to_se_asia_rf test set (years 2017-2019)...
  Found 12,503,260 test samples
  12,428,756 neg, 74,504 pos | ROC-AUC 0.7195  PR-AUC 0.0151  P@1% 0.0234
  [Memory after south_america→se_asia (rf)] RSS: 4.03 GB

======================================================================
TRANSFER (RF): SE_ASIA → USA
======================================================================
  Loading model: model3_rf_win5_20260408_000517.joblib
  WARNING: feature_names_in_ not available — column order differs between regions; using source column order (target re-indexed by name).
  Features: 73
  n_estimators: 300

Scoring se_asia_to_usa_rf test set (years 2017-2019)...
  Found 36,766,833 test samples
  36,752,046 neg, 14,787 pos | ROC-AUC 0.7129  PR-AUC 0.0009  P@1% 0.0014
  [Memory after se_asia→usa (rf)] RSS: 4.04 GB

======================================================================
TRANSFER (RF): USA → SE_ASIA
======================================================================
  Loading model: model2_rf_win5_20260407_111250.joblib
  WARNING: feature_names_in_ not available — column order differs between regions; using source column order (target re-indexed by name).
  Features: 73
  n_estimators: 300

Scoring usa_to_se_asia_rf test set (years 2017-2019)...
  Found 12,503,260 test samples
  12,428,756 neg, 74,504 pos | ROC-AUC 0.6142  PR-AUC 0.0087  P@1% 0.0128
  [Memory after usa→se_asia (rf)] RSS: 4.02 GB

======================================================================
RESULTS SUMMARY
======================================================================

Direction                        Model   ROC-AUC   PR-AUC    P@1%  Lift@1%
---------------------------------------------------------------------------
se_asia → south_america           LGBM    0.3806   0.0064  0.0152 1.9x
south_america → se_asia           LGBM    0.5214   0.0056  0.0013 0.2x
se_asia → usa                     LGBM    0.2376   0.0003  0.0002 0.6x
usa → se_asia                     LGBM    0.6166   0.0085  0.0066 1.1x
se_asia → south_america             RF    0.5978   0.0103  0.0070 0.9x
south_america → se_asia             RF    0.7195   0.0151  0.0234 3.9x
se_asia → usa                       RF    0.7129   0.0009  0.0014 3.6x
usa → se_asia                       RF    0.6142   0.0087  0.0128 2.2x

Results saved: /cluster/scratch/gikaufmann/outputs/se_asia/results/spatial_cv/transfer/transfer_results_20260408_114724.json
Total time: 2263.4s (37.7 min)
Done.

Log saved to: /cluster/scratch/gikaufmann/outputs/se_asia/results/spatial_cv/transfer/transfer_results_20260408_114724.txt
Cross-continental transfer evaluation finished.
