drwxr-xr-x 10 gikaufmann gikaufmann-group 4096 Mar 18 15:57 /cluster/home/gikaufmann/master_thesis
PWD = /cluster/home/gikaufmann/master_thesis

=========================================================================
Stage 0b: Training deployment model (2001-2019)...
=========================================================================
======================================================================
MODEL 1 LGBM — DEPLOYMENT MODEL (2001-2019)
======================================================================
  train:     /cluster/scratch/gikaufmann/data/south_america/ml/main/train_win5.parquet
  earlystop: /cluster/scratch/gikaufmann/data/south_america/ml/main/earlystop_win5.parquet
  test:      /cluster/scratch/gikaufmann/data/south_america/ml/main/test_win5.parquet
  params:    /cluster/home/gikaufmann/master_thesis/scripts/regions/south_america/5_training/lgbm_best_params.json

  num_boost_round (locked from JSON): 2555

  Feature columns: 73

======================================================================
STEP 1: TRAINING DEPLOYMENT MODEL (2001-2019)
======================================================================
  [Memory before loading deployment training data] RSS: 0.36 GB
  Pass 1: counting rows (deployment_train, years 2001–2019)…
    8,551,415 pos / 353,728,843 neg → capping neg to 100,000,000
    Using 108,551,415 samples (8,551,415 pos / 100,000,000 neg)
    0% — 200,000/108,551,415
    25% — 27,200,000/108,551,415
    50% — 54,400,000/108,551,415
    75% — 81,600,000/108,551,415
    100% — 108,551,415/108,551,415
  Loaded 108,551,415 rows in 1614.5s (100,000,000 neg / 8,551,415 pos)
  [Memory after loading deployment training data] RSS: 30.99 GB
  scale_pos_weight = 41.3649 (full pass-1 counts; loaded 100,000,000 neg / 8,551,415 pos)
  Training deployment model — 108,551,415 samples, 2555 rounds
    boosting_type: gbdt
    colsample_bynode: 0.5533445346791958
    colsample_bytree: 0.7
    is_unbalance: False
    learning_rate: 0.0422247011782185
    max_depth: 35
    metric: average_precision
    min_child_samples: 144
    min_split_gain: 0.003734373949593618
    num_leaves: 238
    num_threads: 32
    objective: binary
    path_smooth: 2.881526228955016
    random_state: 42
    reg_alpha: 1.8246601965129443
    reg_lambda: 2.475579682420576e-05
    scale_pos_weight: 41.364948724860156
    subsample: 0.9061122914959859
    subsample_freq: 1
    verbose: -1
  Done in 6930.3s
  [Memory after training deployment model] RSS: 32.57 GB

======================================================================
DEPLOYMENT CALIBRATION SPLIT
  Auxiliary model train: 2001–2016
  Calibration held-out:  2017–2019
======================================================================
  Pass 1: counting rows (aux_train, years 2001–2016)…
    8,171,351 pos / 306,413,400 neg → capping neg to 100,000,000
    Using 108,171,351 samples (8,171,351 pos / 100,000,000 neg)
    0% — 200,000/108,171,351
    25% — 27,200,000/108,171,351
    50% — 54,200,000/108,171,351
    75% — 81,200,000/108,171,351
    100% — 108,171,351/108,171,351
  Loaded 108,171,351 rows in 1371.8s (100,000,000 neg / 8,171,351 pos)
  scale_pos_weight = 37.4985 (full pass-1 counts; loaded 100,000,000 neg / 8,171,351 pos)
  Training auxiliary calibration model — 108,171,351 samples, 2555 rounds
    boosting_type: gbdt
    colsample_bynode: 0.5533445346791958
    colsample_bytree: 0.7
    is_unbalance: False
    learning_rate: 0.0422247011782185
    max_depth: 35
    metric: average_precision
    min_child_samples: 144
    min_split_gain: 0.003734373949593618
    num_leaves: 238
    num_threads: 32
    objective: binary
    path_smooth: 2.881526228955016
    random_state: 42
    reg_alpha: 1.8246601965129443
    reg_lambda: 2.475579682420576e-05
    scale_pos_weight: 37.498499330159724
    subsample: 0.9061122914959859
    subsample_freq: 1
    verbose: -1
  Done in 6525.9s

Scoring calibration held-out set…
  Pass 1: counting rows (aux_calib, years 2017–2019)…
    Using 47,695,507 samples (380,064 pos / 47,315,443 neg)
    0% — 200,000/47,695,507
    25% — 12,000,000/47,695,507
    50% — 24,000,000/47,695,507
    75% — 35,800,000/47,695,507
    100% — 47,695,507/47,695,507
  Loaded 47,695,507 rows in 138.6s (47,315,443 neg / 380,064 pos)
  Aux model on calib set: PR-AUC 0.6833, ROC-AUC 0.8938, P@1% 0.5504

Fitting Platt calibrator…
Fitting isotonic calibrator…
  Brier score — raw: 0.003589, Platt: 0.003454, isotonic: 0.003268
  [Memory after fitting calibrators] RSS: 32.75 GB

Saved deployment artifact: /cluster/home/gikaufmann/master_thesis/data/south_america/ml/models/model1_lgbm_deployment_20260326_010319.pkl
W&B connected

======================================================================
SUMMARY
======================================================================
  Model:           LightGBM deployment (2001-2019)
  Features:        73
  Train samples:   108,551,415 (8,551,415 pos / 100,000,000 neg)
  num_boost_round: 2555
  scale_pos_weight:41.3649
  Calibrators:     Platt + isotonic (deployment calibration split)
  Artifact:        /cluster/home/gikaufmann/master_thesis/data/south_america/ml/models/model1_lgbm_deployment_20260326_010319.pkl
  Total time:      17113.6s (285.2min)
======================================================================

Log saved: /cluster/home/gikaufmann/master_thesis/outputs/south_america/results/forward/model1_lgbm_deployment_20260326_010319.txt
Stage 0b complete.

=========================================================================
Stage 1: Extracting 2024 inference features...
=========================================================================

======================================================================
EXTRACTING 2024 INFERENCE FEATURES (year=2024)
======================================================================
  Source: /cluster/scratch/gikaufmann/data/south_america/ml/merged_panel_final.parquet

  Feature columns:  73
  Coordinate cols:  ['x', 'y']

  Pass 1: counting year==2024, WDPA_prev==0, WDPA==0 rows…
  Found 15,591,767 qualifying pixels

  Pass 2: streaming and writing to forward_features_2024.parquet…
  1% — 190,833/15,591,767
  25% — 3,967,541/15,591,767
  51% — 7,966,465/15,591,767
  75% — 11,763,693/15,591,767
  100% — 15,591,767/15,591,767

  Written: 15,591,767 rows → /cluster/home/gikaufmann/master_thesis/outputs/south_america/results/forward/forward_features_2024.parquet
  Columns: ['row', 'col', 'x', 'y', 'elevation_b1'] … (77 total)

Done. Output: /cluster/home/gikaufmann/master_thesis/outputs/south_america/results/forward/forward_features_2024.parquet
W&B connected
Stage 1 complete.

=========================================================================
Stage 2: Running calibrated forward inference...
=========================================================================

======================================================================
FORWARD INFERENCE — 2024 (LGBM)
======================================================================
  Features:   /cluster/home/gikaufmann/master_thesis/outputs/south_america/results/forward/forward_features_2024.parquet
  Artifact:   /cluster/scratch/gikaufmann/data/south_america/ml/models/model1_lgbm_deployment_20260326_010319.pkl
  Model type: lgbm

Loading deployment artifact…
  Model trained on years: [2001, 2019]
  num_boost_round:        2555
  feature_cols:           73
  calibrators:            platt=True, isotonic=True
  [Memory after loading artifact] RSS: 0.25 GB

Pass 1: counting rows…
  15,591,767 inference pixels

Pass 2: inference → forward_scored_2024.parquet…
  3% — 500,000/15,591,767
  [Memory   3%] RSS: 0.96 GB
  12% — 2,000,000/15,591,767
  [Memory   12%] RSS: 0.96 GB
  22% — 3,500,000/15,591,767
  [Memory   22%] RSS: 0.98 GB
  32% — 5,000,000/15,591,767
  [Memory   32%] RSS: 0.99 GB
  41% — 6,500,000/15,591,767
  [Memory   41%] RSS: 1.00 GB
  51% — 8,000,000/15,591,767
  [Memory   51%] RSS: 1.01 GB
  60% — 9,500,000/15,591,767
  [Memory   60%] RSS: 1.01 GB
  70% — 11,000,000/15,591,767
  [Memory   70%] RSS: 1.01 GB
  80% — 12,500,000/15,591,767
  [Memory   80%] RSS: 0.98 GB
  92% — 14,500,000/15,591,767
  [Memory   92%] RSS: 0.99 GB
  100% — 15,591,767/15,591,767
  [Memory   100%] RSS: 0.68 GB

Written: 15,591,767 rows → /cluster/home/gikaufmann/master_thesis/outputs/south_america/results/forward/lgbm/forward_scored_2024.parquet

Sampling calibrated probability statistics…
  min:    0.000088
  p50:    0.001752
  p95:    0.006370
  p99:    0.015123
  max:    0.951680

Done. Output: /cluster/home/gikaufmann/master_thesis/outputs/south_america/results/forward/lgbm/forward_scored_2024.parquet
W&B connected
Stage 2 complete.

forward_deployment job finished. Next steps:
  1. Run 1_forward_coverage_baseline.py (if not already done)
  2. Run 4_forward_results.py for maps and scenario analysis
  3. Run forward_backtest.slurm for backtesting validation
