drwxr-xr-x 10 gikaufmann gikaufmann-group 4096 Mar 18 15:57 /cluster/home/gikaufmann/master_thesis
PWD = /cluster/home/gikaufmann/master_thesis

=========================================================================
Stage 0b: Training USA RF deployment model (2001-2019)...
=========================================================================
======================================================================
MODEL 2 RF — DEPLOYMENT MODEL (2001-2019)
======================================================================
  train:     /cluster/scratch/gikaufmann/data/usa/ml/main/train_win5.parquet
  earlystop: /cluster/scratch/gikaufmann/data/usa/ml/main/earlystop_win5.parquet
  test:      /cluster/scratch/gikaufmann/data/usa/ml/main/test_win5.parquet
  params:    /cluster/home/gikaufmann/master_thesis/scripts/regions/usa/5_training/rf_best_params.json
  n_jobs:    32
  MAX_NEG_TRAIN: (no cap)

  n_estimators: 300

  Feature columns: 73

======================================================================
STEP 1: TRAINING DEPLOYMENT MODEL (2001-2019)
======================================================================
  [Memory before loading deployment training data] RSS: 0.30 GB
  Pass 1: counting rows (deployment_train, years 2001–2019)…
    Using 270,261,575 samples (360,885 pos / 269,900,690 neg)
  Loaded 270,261,575 rows in 330.3s (269,900,690 neg / 360,885 pos)
  [Memory after loading deployment training data] RSS: 74.64 GB

  Training RF deployment model — 270,261,575 samples (360,885 pos / 269,900,690 neg)
    bootstrap: True
    class_weight: balanced_subsample
    max_depth: None
    max_features: sqrt
    min_samples_leaf: 7
    min_samples_split: 23
    n_estimators: 300
    n_jobs: 32
    random_state: 42
    verbose: 0
Stage 0b complete.

=========================================================================
Stage 1: Extracting 2024 inference features...
=========================================================================

======================================================================
EXTRACTING 2024 INFERENCE FEATURES (year=2024)
======================================================================
  Source: /cluster/scratch/gikaufmann/data/usa/ml/merged_panel_final.parquet

  Feature columns:  73
  Coordinate cols:  ['x', 'y']

  Pass 1: counting year==2024, WDPA_prev==0, WDPA==0 rows…
  Found 12,218,241 qualifying pixels

  Pass 2: streaming and writing to forward_features_2024.parquet…
  0% — 36,259/12,218,241
  26% — 3,232,346/12,218,241
  50% — 6,224,752/12,218,241
  75% — 9,220,333/12,218,241
  100% — 12,218,241/12,218,241

  Written: 12,218,241 rows → /cluster/home/gikaufmann/master_thesis/outputs/usa/results/forward/forward_features_2024.parquet
  Columns: ['row', 'col', 'x', 'y', 'elevation_b1'] … (77 total)

Done. Output: /cluster/home/gikaufmann/master_thesis/outputs/usa/results/forward/forward_features_2024.parquet
Stage 1 complete.

=========================================================================
Stage 2: Running calibrated RF forward inference...
=========================================================================
Stage 2 complete.

forward_deployment_rf (USA RF) job finished. Next steps:
  1. Run 1_forward_coverage_baseline.py (if not already done)
  2. Run 4_forward_results.py --model-type rf for maps and scenario analysis
  3. Run forward_backtest_rf.slurm (usa) for RF backtesting validation
