Many modules are hidden in this stack. Use "module --show_hidden spider SOFTWARE" if you are not able to find the required software

The following have been reloaded with a version change:
  1) cuda/12.1.1 => cuda/12.4.1

wandb: Currently logged in as: gikaufmann (gikaufmann-eth-z-rich) to https://api.wandb.ai. Use `wandb login --relogin` to force relogin
wandb: setting up run 8wv1vg9u
wandb: Tracking run with wandb version 0.23.0
wandb: Run data is saved locally in /cluster/scratch/gikaufmann/wandb/wandb/run-20260405_054843-8wv1vg9u
wandb: Run `wandb offline` to turn off syncing.
wandb: Syncing run backtest_usa_lgbm_20260405_054840
wandb: ⭐️ View project at https://wandb.ai/gikaufmann-eth-z-rich/forward
wandb: 🚀 View run at https://wandb.ai/gikaufmann-eth-z-rich/forward/runs/8wv1vg9u
wandb: updating run metadata
wandb: uploading output.log; uploading wandb-summary.json; uploading config.yaml
wandb: uploading history steps 4-4, summary, console lines 43-45
wandb: 
wandb: Run history:
wandb:                     backtest/base_rate ▁▁
wandb:                  backtest/clean_window ▁
wandb: backtest/forecast_capture_rate_top5pct ▁▁
wandb:                 backtest/lift_at_10pct ▁▁
wandb:                  backtest/lift_at_1pct ▁▁
wandb:                  backtest/lift_at_5pct ▁▁
wandb:                   backtest/n_evaluable ▁▁
wandb:                      backtest/n_pixels ▁▁
wandb:               backtest/n_pixels_scored ▁▁
wandb:                         backtest/n_pos ▁▁
wandb:                                    +10 ...
wandb: 
wandb: Run summary:
wandb:                     backtest/base_rate 3e-05
wandb:                  backtest/clean_window 1
wandb: backtest/forecast_capture_rate_top5pct 0.1952
wandb:                 backtest/lift_at_10pct 3.39339
wandb:                  backtest/lift_at_1pct 2.70272
wandb:                  backtest/lift_at_5pct 3.90391
wandb:                   backtest/n_evaluable 12218574
wandb:                      backtest/n_pixels 12218574
wandb:               backtest/n_pixels_scored 12218574
wandb:                         backtest/n_pos 333
wandb:                                    +11 ...
wandb: 
wandb: 🚀 View run backtest_usa_lgbm_20260405_054840 at: https://wandb.ai/gikaufmann-eth-z-rich/forward/runs/8wv1vg9u
wandb: ⭐️ View project at: https://wandb.ai/gikaufmann-eth-z-rich/forward
wandb: Synced 5 W&B file(s), 0 media file(s), 0 artifact file(s) and 0 other file(s)
wandb: Find logs at: /cluster/scratch/gikaufmann/wandb/wandb/run-20260405_054843-8wv1vg9u/logs
