RF backtest task 2: origin year T=2017
drwxr-xr-x 10 gikaufmann gikaufmann-group 4096 Apr  3 22:47 /cluster/home/gikaufmann/master_thesis
PWD = /cluster/home/gikaufmann/master_thesis

=========================================================================
Running RF backtest for T=2017...
=========================================================================
W&B connected — run: https://wandb.ai/gikaufmann-eth-z-rich/forward/runs/fl3d3nfn
Processing origin year T=2017 [RF]
  panel:        /cluster/scratch/gikaufmann/data/se_asia/ml/merged_panel_final.parquet
  split_paths:  ['/cluster/scratch/gikaufmann/data/se_asia/ml/main/train_win5.parquet', '/cluster/scratch/gikaufmann/data/se_asia/ml/main/earlystop_win5.parquet', '/cluster/scratch/gikaufmann/data/se_asia/ml/main/test_win5.parquet']
  feature_cols: 73

======================================================================
BACKTEST [RF]: origin year T=2017  (train 2001–2012, eval 2018–2022)
  Clean 5-year window: True
======================================================================
  [Memory start T=2017] RSS: 0.28 GB
  Found 604,177 pos + 50,951,681 neg → capping neg to 20,000,000 (MAX_NEG_TRAIN)
  Using 20,604,177 samples (604,177 pos / 20,000,000 neg)
  Training data: 20,604,177 rows (604,177 pos / 20,000,000 neg)
  RF training: 20,604,177 samples (604,177 pos / 20,000,000 neg), n_estimators=300
    bootstrap: True
    class_weight: balanced_subsample
    max_depth: None
    max_features: log2
    min_samples_leaf: 6
    min_samples_split: 30
    n_estimators: 300
    n_jobs: 32
    random_state: 42
  Training done in 4536.9s
  [Memory after training T=2017] RSS: 2.80 GB

Loading year-T=2017 inference rows (WDPA_prev==0 AND WDPA==0)…
  4,104,927 inference pixels at T=2017
  Reconstructing 5-year labels from years 2018–2022…

Scoring 4,104,927 pixels…

  T=2017, window [2018–2019]
    n=4,104,927, pos=37,778 (0.9203%)
    ROC-AUC: 0.8361  PR-AUC: 0.0307
    P@1%: 0.0055  R@1%: 0.0060  Lift: 0.60x
    P@5%: 0.0374  R@5%: 0.2032  Lift: 4.06x
    P@10%: 0.0374  R@10%: 0.4069  Lift: 4.07x
    Forecast Capture Rate (top 5%): 0.2032
  NOTE: forward_coverage_baseline.json not found — FP map uses repo/scratch backbone paths only

  T=2017 FP map: top-5% → 7,677 TP, 197,570 FP (precision=0.037)
Loading South East Asia boundary from URL...
  Successfully loaded from https://naciscdn.org/naturalearth/110m/cultural/ne_110m_admin_0_countries.zip
  Found South East Asia boundary with 10 feature(s) in EPSG:4326
  Backbone background plotted from: /cluster/scratch/gikaufmann/data/se_asia/ready/backbone/backbone.tif
  Backbone background plotted from: /cluster/scratch/gikaufmann/data/se_asia/ready/backbone/backbone.tif
  Saved: /cluster/scratch/gikaufmann/outputs/se_asia/results/forward/rf/forward_backtest_T2017_false_positives.pdf

Saved: /cluster/scratch/gikaufmann/outputs/se_asia/results/forward/rf/forward_backtest_T2017.json
RF backtest T=2017 finished (exit code: 0)

Task 2 (T=2017) done. After all 4 tasks finish, aggregate with:
  sbatch slurm/se_asia/forward_backtest_aggregate_rf.slurm
