Backtest task 2: origin year T=2017
drwxr-xr-x 10 gikaufmann gikaufmann-group 4096 Mar 18 15:57 /cluster/home/gikaufmann/master_thesis
PWD = /cluster/home/gikaufmann/master_thesis

=========================================================================
Running backtest for T=2017...
=========================================================================
Processing origin year T=2017 [LGBM]
  panel:        /cluster/scratch/gikaufmann/data/south_america/ml/merged_panel_final.parquet
  split_paths:  ['/cluster/scratch/gikaufmann/data/south_america/ml/main/train_win5.parquet', '/cluster/scratch/gikaufmann/data/south_america/ml/main/earlystop_win5.parquet', '/cluster/scratch/gikaufmann/data/south_america/ml/main/test_win5.parquet']
  feature_cols: 73

======================================================================
BACKTEST [LGBM]: origin year T=2017  (train 2001–2016, eval 2018–2019)
  Clean 5-year window: False
======================================================================
  [Memory start T=2017] RSS: 0.36 GB
  Found 8,171,351 pos + 306,413,400 neg, neg capped at 20,000,000 → 28,171,351 total
  Training data: 28,171,351 rows (8,171,351 pos / 20,000,000 neg)
  Training done in 1840.4s
  [Memory after training T=2017] RSS: 2.99 GB

Loading year-T=2017 inference rows (WDPA_prev==0 AND WDPA==0)…
  15,790,966 inference pixels at T=2017
  Reconstructing 5-year labels from years 2018–2019…
  NOTE: T=2017 has only 2/5 years observable (T+5=2022 > LAST_LABEL_YEAR=2019)

Scoring 15,790,966 pixels…

  T=2017, window [2018–2019] (PARTIAL)
    n=15,790,966, pos=139,954 (0.8863%)
    ROC-AUC: 0.9997  PR-AUC: 0.9621
    P@1%: 0.8525  R@1%: 0.9619  Lift: 96.19x
    P@5%: 0.1773  R@5%: 1.0000  Lift: 20.00x
    P@10%: 0.0886  R@10%: 1.0000  Lift: 10.00x
    Forecast Capture Rate (top 5%): 1.0000

Saved: /cluster/home/gikaufmann/master_thesis/outputs/south_america/results/forward/lgbm/forward_backtest_T2017.json
W&B connected
Backtest T=2017 finished (exit code: 0)

Task 2 (T=2017) done. To aggregate all results and produce the summary plot, run:
  python scripts/regions/south_america/8_forward/5_forward_backtest.py --aggregate
