USA LGBM backtest task 3: origin year T=2019
drwxr-xr-x 10 gikaufmann gikaufmann-group 4096 Apr  3 22:47 /cluster/home/gikaufmann/master_thesis
PWD = /cluster/home/gikaufmann/master_thesis

=========================================================================
Running USA LGBM backtest for T=2019...
=========================================================================
W&B connected — run: https://wandb.ai/gikaufmann-eth-z-rich/forward/runs/8wv1vg9u
Processing origin year T=2019 [LGBM]
  panel:        /cluster/scratch/gikaufmann/data/usa/ml/merged_panel_final.parquet
  split_paths:  ['/cluster/scratch/gikaufmann/data/usa/ml/main/train_win5.parquet', '/cluster/scratch/gikaufmann/data/usa/ml/main/earlystop_win5.parquet', '/cluster/scratch/gikaufmann/data/usa/ml/main/test_win5.parquet']
  feature_cols: 73

======================================================================
BACKTEST [LGBM]: origin year T=2019  (train 2001–2014, eval 2020–2024)
  Clean 5-year window: True
======================================================================
  [Memory start T=2019] RSS: 0.36 GB
  Found 311,772 pos + 184,139,870 neg → 184,451,642 total (full risk set)
    0% — 200,000/184,451,642
    25% — 46,200,000/184,451,642
    50% — 92,400,000/184,451,642
    75% — 138,400,000/184,451,642
    100% — 184,451,642/184,451,642
  Labels indexed — 184,451,642 rows, 951 batches queued (X not in RAM)
  Training data: 184,451,642 rows (311,772 pos / 184,139,870 neg)
  Training done in 16075.9s
  [Memory after training T=2019] RSS: 2.32 GB

Loading year-T=2019 inference rows (WDPA_prev==0 AND WDPA==0)…
  12,218,574 inference pixels at T=2019
  Reconstructing 5-year labels from years 2020–2024…

Scoring 12,218,574 pixels…

  T=2019, window [2020–2019]
    n=12,218,574, pos=333 (0.0027%)
    ROC-AUC: 0.6667  PR-AUC: 0.0001
    P@1%: 0.0001  R@1%: 0.0270  Lift: 2.70x
    P@5%: 0.0001  R@5%: 0.1952  Lift: 3.90x
    P@10%: 0.0001  R@10%: 0.3393  Lift: 3.39x
    Forecast Capture Rate (top 5%): 0.1952

  T=2019 FP map: top-5% → 65 TP, 610,864 FP (precision=0.000)
Loading USA boundary from URL...
  Successfully loaded from https://naciscdn.org/naturalearth/110m/cultural/ne_110m_admin_0_countries.zip
  Clipped USA boundary to CONUS extent (-125, -66)/(24, 50)
  Found USA boundary with 1 feature(s) in EPSG:4326
  Backbone background plotted from: /cluster/scratch/gikaufmann/data/usa/ready/backbone/backbone.tif
  Backbone background plotted from: /cluster/scratch/gikaufmann/data/usa/ready/backbone/backbone.tif
  Saved: /cluster/scratch/gikaufmann/outputs/usa/results/forward/lgbm/forward_backtest_T2019_false_positives.pdf

Saved: /cluster/scratch/gikaufmann/outputs/usa/results/forward/lgbm/forward_backtest_T2019.json
USA LGBM backtest T=2019 finished (exit code: 0)

Task 3 (T=2019) done. After all 4 tasks finish, aggregate with:
  sbatch slurm/usa/forward_backtest_aggregate.slurm
