RF backtest task 1: origin year T=2015
drwxr-xr-x 10 gikaufmann gikaufmann-group 4096 Mar 18 15:57 /cluster/home/gikaufmann/master_thesis
PWD = /cluster/home/gikaufmann/master_thesis

=========================================================================
Running RF backtest for T=2015...
=========================================================================
Processing origin year T=2015 [RF]
  panel:        /cluster/scratch/gikaufmann/data/south_america/ml/merged_panel_final.parquet
  split_paths:  ['/cluster/scratch/gikaufmann/data/south_america/ml/main/train_win5.parquet', '/cluster/scratch/gikaufmann/data/south_america/ml/main/earlystop_win5.parquet', '/cluster/scratch/gikaufmann/data/south_america/ml/main/test_win5.parquet']
  feature_cols: 73

======================================================================
BACKTEST [RF]: origin year T=2015  (train 2001–2014, eval 2016–2019)
  Clean 5-year window: False
======================================================================
  [Memory start T=2015] RSS: 0.36 GB
  Training data: 250,555,057 rows (7,394,963 pos / 243,160,094 neg)
  RF training: 250,555,057 samples (7,394,963 pos / 243,160,094 neg), n_estimators=500
    bootstrap: True
    class_weight: balanced_subsample
    max_depth: 30
    max_features: sqrt
    min_samples_leaf: 1
    min_samples_split: 22
    n_estimators: 500
    n_jobs: 32
    random_state: 42
RF backtest T=2015 finished (exit code: 1)
