Many modules are hidden in this stack. Use "module --show_hidden spider SOFTWARE" if you are not able to find the required software

The following have been reloaded with a version change:
  1) cuda/12.1.1 => cuda/12.4.1

wandb: Currently logged in as: gikaufmann (gikaufmann-eth-z-rich) to https://api.wandb.ai. Use `wandb login --relogin` to force relogin
wandb: setting up run 06if6buo
wandb: Tracking run with wandb version 0.23.0
wandb: Run data is saved locally in /cluster/home/gikaufmann/master_thesis/wandb/run-20260326_084748-06if6buo
wandb: Run `wandb offline` to turn off syncing.
wandb: Syncing run deploy_lgbm_usa_20260326_055819
wandb:  View project at https://wandb.ai/gikaufmann-eth-z-rich/forward
wandb:  View run at https://wandb.ai/gikaufmann-eth-z-rich/forward/runs/06if6buo
wandb: updating run metadata
wandb: updating run metadata; uploading summary
wandb: uploading requirements.txt
wandb: uploading history steps 0-0, summary, console lines 0-0
wandb: 
wandb: Run history:
wandb:      deployment/deploy_n_neg ▁
wandb: deployment/deploy_n_neg_full ▁
wandb:      deployment/deploy_n_pos ▁
wandb: deployment/deploy_n_pos_full ▁
wandb:        deployment/n_features ▁
wandb:  deployment/scale_pos_weight ▁
wandb:      deployment/total_time_s ▁
wandb: 
wandb: Run summary:
wandb:      deployment/deploy_n_neg 100000000.0
wandb: deployment/deploy_n_neg_full 269900690.0
wandb:      deployment/deploy_n_pos 360885
wandb: deployment/deploy_n_pos_full 360885
wandb:        deployment/n_features 73
wandb:  deployment/scale_pos_weight 747.88559
wandb:      deployment/total_time_s 10165.9
wandb: 
wandb:  View run deploy_lgbm_usa_20260326_055819 at: https://wandb.ai/gikaufmann-eth-z-rich/forward/runs/06if6buo
wandb:  View project at: https://wandb.ai/gikaufmann-eth-z-rich/forward
wandb: Synced 5 W&B file(s), 0 media file(s), 0 artifact file(s) and 0 other file(s)
wandb: Find logs at: ./wandb/run-20260326_084748-06if6buo/logs
wandb: Currently logged in as: gikaufmann (gikaufmann-eth-z-rich) to https://api.wandb.ai. Use `wandb login --relogin` to force relogin
wandb: setting up run jn9902to
wandb: Tracking run with wandb version 0.23.0
wandb: Run data is saved locally in /cluster/home/gikaufmann/master_thesis/wandb/run-20260326_084846-jn9902to
wandb: Run `wandb offline` to turn off syncing.
wandb: Syncing run features_usa_20260326_084845
wandb: ⭐️ View project at https://wandb.ai/gikaufmann-eth-z-rich/forward
wandb: 🚀 View run at https://wandb.ai/gikaufmann-eth-z-rich/forward/runs/jn9902to
wandb: updating run metadata
wandb: updating run metadata; uploading summary
wandb: uploading config.yaml
wandb: uploading history steps 0-0, summary, console lines 0-0
wandb: 
wandb: Run history:
wandb: features/n_feature_cols ▁
wandb:         features/n_rows ▁
wandb: 
wandb: Run summary:
wandb: features/n_feature_cols 73
wandb:         features/n_rows 12218241
wandb:    features/output_path /cluster/home/gikauf...
wandb:     features/panel_path /cluster/scratch/gik...
wandb: 
wandb: 🚀 View run features_usa_20260326_084845 at: https://wandb.ai/gikaufmann-eth-z-rich/forward/runs/jn9902to
wandb: ⭐️ View project at: https://wandb.ai/gikaufmann-eth-z-rich/forward
wandb: Synced 5 W&B file(s), 0 media file(s), 0 artifact file(s) and 0 other file(s)
wandb: Find logs at: ./wandb/run-20260326_084846-jn9902to/logs
wandb: Currently logged in as: gikaufmann (gikaufmann-eth-z-rich) to https://api.wandb.ai. Use `wandb login --relogin` to force relogin
wandb: setting up run wom6lhhe
wandb: Tracking run with wandb version 0.23.0
wandb: Run data is saved locally in /cluster/home/gikaufmann/master_thesis/wandb/run-20260326_085023-wom6lhhe
wandb: Run `wandb offline` to turn off syncing.
wandb: Syncing run predict_usa_lgbm_20260326_085021
wandb: ⭐️ View project at https://wandb.ai/gikaufmann-eth-z-rich/forward
wandb: 🚀 View run at https://wandb.ai/gikaufmann-eth-z-rich/forward/runs/wom6lhhe
wandb: updating run metadata
wandb: updating run metadata; uploading requirements.txt; uploading summary
wandb: uploading config.yaml
wandb: uploading history steps 0-0, summary, console lines 0-0
wandb: 
wandb: Run history:
wandb:  inference/n_pixels ▁
wandb:  inference/prob_max ▁
wandb: inference/prob_mean ▁
wandb:  inference/prob_min ▁
wandb:  inference/prob_p50 ▁
wandb:  inference/prob_p95 ▁
wandb:  inference/prob_p99 ▁
wandb: 
wandb: Run summary:
wandb:  inference/n_pixels 12218241
wandb:  inference/prob_max 0.98978
wandb: inference/prob_mean 5e-05
wandb:  inference/prob_min 0.0
wandb:  inference/prob_p50 0.0
wandb:  inference/prob_p95 2e-05
wandb:  inference/prob_p99 0.00024
wandb: 
wandb: 🚀 View run predict_usa_lgbm_20260326_085021 at: https://wandb.ai/gikaufmann-eth-z-rich/forward/runs/wom6lhhe
wandb: ⭐️ View project at: https://wandb.ai/gikaufmann-eth-z-rich/forward
wandb: Synced 5 W&B file(s), 0 media file(s), 0 artifact file(s) and 0 other file(s)
wandb: Find logs at: ./wandb/run-20260326_085023-wom6lhhe/logs
