Backtest task 1: origin year T=2015
drwxr-xr-x 10 gikaufmann gikaufmann-group 4096 Apr  3 22:47 /cluster/home/gikaufmann/master_thesis
PWD = /cluster/home/gikaufmann/master_thesis

=========================================================================
Running backtest for T=2015...
=========================================================================
Processing origin year T=2015 [LGBM]
  panel:        /cluster/scratch/gikaufmann/data/se_asia/ml/merged_panel_final.parquet
  split_paths:  ['/cluster/scratch/gikaufmann/data/se_asia/ml/main/train_win5.parquet', '/cluster/scratch/gikaufmann/data/se_asia/ml/main/earlystop_win5.parquet', '/cluster/scratch/gikaufmann/data/se_asia/ml/main/test_win5.parquet']
  feature_cols: 73

======================================================================
BACKTEST [LGBM]: origin year T=2015  (train 2001–2010, eval 2016–2020)
  Clean 5-year window: True
======================================================================
  [Memory start T=2015] RSS: 0.25 GB
  Found 483,015 pos + 42,593,235 neg → 43,076,250 total (full risk set)
    0% — 200,000/43,076,250
    25% — 10,800,000/43,076,250
    50% — 21,600,000/43,076,250
    75% — 32,400,000/43,076,250
    100% — 43,076,250/43,076,250
  Labels indexed — 43,076,250 rows, 220 batches queued (X not in RAM)
  Training data: 43,076,250 rows (483,015 pos / 42,593,235 neg)
