Many modules are hidden in this stack. Use "module --show_hidden spider SOFTWARE" if you are not able to find the required software

The following have been reloaded with a version change:
  1) cuda/12.1.1 => cuda/12.4.1

wandb: Currently logged in as: gikaufmann (gikaufmann-eth-z-rich) to https://api.wandb.ai. Use `wandb login --relogin` to force relogin
wandb: setting up run 9n2quh4z
wandb: Tracking run with wandb version 0.23.0
wandb: Run data is saved locally in /cluster/home/gikaufmann/master_thesis/wandb/run-20260326_085208-9n2quh4z
wandb: Run `wandb offline` to turn off syncing.
wandb: Syncing run results_usa_lgbm_20260326_085206
wandb: ⭐️ View project at https://wandb.ai/gikaufmann-eth-z-rich/forward
wandb: 🚀 View run at https://wandb.ai/gikaufmann-eth-z-rich/forward/runs/9n2quh4z
wandb: updating run metadata
wandb: updating run metadata; uploading requirements.txt; uploading summary
wandb: uploading summary; uploading wandb-summary.json
wandb: uploading history steps 0-0, summary, console lines 0-0
wandb: 
wandb: Run history:
wandb:                                   results/bau_cutoff ▁
wandb:                            results/coverage_pct_2024 ▁
wandb:                                  results/full_cutoff ▁
wandb:                         results/km2_needed_for_30pct ▁
wandb:                              results/moderate_cutoff ▁
wandb:                         results/n_unprotected_pixels ▁
wandb:                           results/protected_2024_km2 ▁
wandb:                     results/scenarios/30x30/area_km2 ▁
wandb:                     results/scenarios/30x30/n_pixels ▁
wandb: results/scenarios/30x30/projected_total_coverage_pct ▁
wandb:                                                   +6 ...
wandb: 
wandb: Run summary:
wandb:                                   results/bau_cutoff 0.24577
wandb:                            results/coverage_pct_2024 0.07707
wandb:                                  results/full_cutoff 0.0
wandb:                         results/km2_needed_for_30pct 1745275.35
wandb:                              results/moderate_cutoff 0.0
wandb:                         results/n_unprotected_pixels 12218241
wandb:                           results/protected_2024_km2 603356.92
wandb:                     results/scenarios/30x30/area_km2 1741585.75
wandb:                     results/scenarios/30x30/n_pixels 3056222
wandb: results/scenarios/30x30/projected_total_coverage_pct 0.29953
wandb:                                                   +6 ...
wandb: 
wandb: 🚀 View run results_usa_lgbm_20260326_085206 at: https://wandb.ai/gikaufmann-eth-z-rich/forward/runs/9n2quh4z
wandb: ⭐️ View project at: https://wandb.ai/gikaufmann-eth-z-rich/forward
wandb: Synced 5 W&B file(s), 0 media file(s), 0 artifact file(s) and 0 other file(s)
wandb: Find logs at: ./wandb/run-20260326_085208-9n2quh4z/logs
