RF backtest task 0: origin year T=2013
drwxr-xr-x 10 gikaufmann gikaufmann-group 4096 Apr  3 22:47 /cluster/home/gikaufmann/master_thesis
PWD = /cluster/home/gikaufmann/master_thesis

=========================================================================
Running RF backtest for T=2013...
=========================================================================
W&B connected — run: https://wandb.ai/gikaufmann-eth-z-rich/forward/runs/tg3xw3tk
Processing origin year T=2013 [RF]
  panel:        /cluster/scratch/gikaufmann/data/se_asia/ml/merged_panel_final.parquet
  split_paths:  ['/cluster/scratch/gikaufmann/data/se_asia/ml/main/train_win5.parquet', '/cluster/scratch/gikaufmann/data/se_asia/ml/main/earlystop_win5.parquet', '/cluster/scratch/gikaufmann/data/se_asia/ml/main/test_win5.parquet']
  feature_cols: 73

======================================================================
BACKTEST [RF]: origin year T=2013  (train 2001–2008, eval 2014–2018)
  Clean 5-year window: True
======================================================================
  [Memory start T=2013] RSS: 0.28 GB
  Found 418,458 pos + 34,130,222 neg → capping neg to 20,000,000 (MAX_NEG_TRAIN)
  Using 20,418,458 samples (418,458 pos / 20,000,000 neg)
  Training data: 20,418,458 rows (418,458 pos / 20,000,000 neg)
  RF training: 20,418,458 samples (418,458 pos / 20,000,000 neg), n_estimators=300
    bootstrap: True
    class_weight: balanced_subsample
    max_depth: None
    max_features: log2
    min_samples_leaf: 6
    min_samples_split: 30
    n_estimators: 300
    n_jobs: 32
    random_state: 42
  Training done in 2286.9s
  [Memory after training T=2013] RSS: 2.19 GB

Loading year-T=2013 inference rows (WDPA_prev==0 AND WDPA==0)…
  4,167,937 inference pixels at T=2013
  Reconstructing 5-year labels from years 2014–2018…

Scoring 4,167,937 pixels…

  T=2013, window [2014–2018]
    n=4,167,937, pos=76,476 (1.8349%)
    ROC-AUC: 0.4628  PR-AUC: 0.0186
    P@1%: 0.0469  R@1%: 0.0255  Lift: 2.55x
    P@5%: 0.0273  R@5%: 0.0744  Lift: 1.49x
    P@10%: 0.0179  R@10%: 0.0978  Lift: 0.98x
    Forecast Capture Rate (top 5%): 0.0744
  NOTE: forward_coverage_baseline.json not found — FP map uses repo/scratch backbone paths only

  T=2013 FP map: top-5% → 5,687 TP, 202,710 FP (precision=0.027)
Loading South East Asia boundary from URL...
  Successfully loaded from https://naciscdn.org/naturalearth/110m/cultural/ne_110m_admin_0_countries.zip
  Found South East Asia boundary with 10 feature(s) in EPSG:4326
  Backbone background plotted from: /cluster/scratch/gikaufmann/data/se_asia/ready/backbone/backbone.tif
  Backbone background plotted from: /cluster/scratch/gikaufmann/data/se_asia/ready/backbone/backbone.tif
  Saved: /cluster/scratch/gikaufmann/outputs/se_asia/results/forward/rf/forward_backtest_T2013_false_positives.pdf

Saved: /cluster/scratch/gikaufmann/outputs/se_asia/results/forward/rf/forward_backtest_T2013.json
RF backtest T=2013 finished (exit code: 0)

Task 0 (T=2013) done. After all 4 tasks finish, aggregate with:
  sbatch slurm/se_asia/forward_backtest_aggregate_rf.slurm
