Many modules are hidden in this stack. Use "module --show_hidden spider SOFTWARE" if you are not able to find the required software

The following have been reloaded with a version change:
  1) cuda/12.1.1 => cuda/12.4.1

wandb: Currently logged in as: gikaufmann (gikaufmann-eth-z-rich) to https://api.wandb.ai. Use `wandb login --relogin` to force relogin
wandb: setting up run njtuv15x
wandb: Tracking run with wandb version 0.23.0
wandb: Run data is saved locally in /cluster/home/gikaufmann/master_thesis/wandb/run-20260326_163957-njtuv15x
wandb: Run `wandb offline` to turn off syncing.
wandb: Syncing run coverage_south_america_20260326_163954
wandb: ⭐️ View project at https://wandb.ai/gikaufmann-eth-z-rich/forward
wandb: 🚀 View run at https://wandb.ai/gikaufmann-eth-z-rich/forward/runs/njtuv15x
wandb: uploading history steps 0-0, summary, console lines 0-42; updating run metadata
wandb: uploading history steps 0-0, summary, console lines 0-42; uploading wandb-summary.json
wandb: uploading history steps 0-0, summary, console lines 0-42
wandb: uploading history steps 1-1, summary, console lines 43-47
wandb: 
wandb: Run history:
wandb:              coverage/bau_km2 ▁
wandb:    coverage/coverage_pct_2024 ▁
wandb: coverage/km2_needed_for_30pct ▁
wandb:  coverage/moderate_target_pct ▁
wandb:   coverage/protected_2024_km2 ▁
wandb:       coverage/total_land_km2 ▁
wandb: 
wandb: Run summary:
wandb:              coverage/bau_km2 54352.27
wandb:    coverage/coverage_pct_2024 0.25566
wandb: coverage/km2_needed_for_30pct 792034.55
wandb:  coverage/moderate_target_pct 0.27783
wandb:   coverage/protected_2024_km2 4567119.49
wandb:                coverage/stage done
wandb:       coverage/total_land_km2 17863846.81
wandb: 
wandb: 🚀 View run coverage_south_america_20260326_163954 at: https://wandb.ai/gikaufmann-eth-z-rich/forward/runs/njtuv15x
wandb: ⭐️ View project at: https://wandb.ai/gikaufmann-eth-z-rich/forward
wandb: Synced 5 W&B file(s), 0 media file(s), 0 artifact file(s) and 0 other file(s)
wandb: Find logs at: ./wandb/run-20260326_163957-njtuv15x/logs
