USA RF backtest task 2: origin year T=2017
drwxr-xr-x 10 gikaufmann gikaufmann-group 4096 Mar 18 15:57 /cluster/home/gikaufmann/master_thesis
PWD = /cluster/home/gikaufmann/master_thesis

=========================================================================
Running USA RF backtest for T=2017...
=========================================================================
Processing origin year T=2017 [RF]
  panel:        /cluster/scratch/gikaufmann/data/usa/ml/merged_panel_final.parquet
  split_paths:  ['/cluster/scratch/gikaufmann/data/usa/ml/main/train_win5.parquet', '/cluster/scratch/gikaufmann/data/usa/ml/main/earlystop_win5.parquet', '/cluster/scratch/gikaufmann/data/usa/ml/main/test_win5.parquet']
  feature_cols: 73

======================================================================
BACKTEST [RF]: origin year T=2017  (train 2001–2016, eval 2018–2019)
  Clean 5-year window: False
======================================================================
  [Memory start T=2017] RSS: 0.32 GB
  Training data: 233,494,742 rows (346,098 pos / 233,148,644 neg)
  RF training: 233,494,742 samples (346,098 pos / 233,148,644 neg), n_estimators=500
    bootstrap: True
    class_weight: balanced_subsample
    max_depth: None
    max_features: sqrt
    min_samples_leaf: 7
    min_samples_split: 23
    n_estimators: 500
    n_jobs: 32
    random_state: 42
USA RF backtest T=2017 finished (exit code: 1)
