drwxr-xr-x 10 gikaufmann gikaufmann-group 4096 Mar 18 15:57 /cluster/home/gikaufmann/master_thesis
PWD = /cluster/home/gikaufmann/master_thesis

=========================================================================
Stage 3: Generating forward results (RF)...
=========================================================================
W&B connected — run: https://wandb.ai/gikaufmann-eth-z-rich/forward/runs/1l2ttrms
======================================================================
FORWARD RESULTS — MAPS, SCENARIOS, BREAKDOWNS, GAP ANALYSIS (RF)
======================================================================
  Pixel size from backbone: 1000.00 m
  Using pixel_size_m from coverage baseline: 1000.00 m

Loading scored parquet: forward_scored_2024.parquet
  15,591,767 rows
  Columns: ['row', 'col', 'x', 'y', 'y_pred_proba_raw', 'y_pred_proba_calibrated']
  Joined GSN_b1 from features parquet (forward_features_2024.parquet): 15,591,767 non-null values

  Total unprotected 2024 pixels: 15,591,767
  Total unprotected 2024 area:   13,230,919 km²
  Baseline total land km²:        17,863,847
  Baseline protected 2024 km²:   4,567,119
  Baseline coverage 2024:        25.57%

Computing scenario cutoffs…
  BAU (historical 2019→2024 volume): target 54,352 km² → top 60,527 pixels (54,353 km²), cutoff p=0.053924
  Moderate (→27.8%): target 396,017 km² → top 430,354 pixels (396,018 km²), cutoff p=0.012690
  30x30 Full    (→30%): target 792,035 km² → top 852,606 pixels (792,035 km²), cutoff p=0.009782

======================================================================
CREATING PROBABILITY MAP (BAU forecast)
======================================================================
  Saved: /cluster/home/gikaufmann/master_thesis/outputs/south_america/results/forward/rf/forward_probability_map.pdf
  Saved: /cluster/home/gikaufmann/master_thesis/outputs/south_america/results/forward/rf/forward_probability_map.png

======================================================================
CREATING SCENARIO MAPS
======================================================================

  bau: 60,527 pixels, 54,350 km², → coverage 25.87%
  Saved: /cluster/home/gikaufmann/master_thesis/outputs/south_america/results/forward/rf/forward_risk_map_bau.pdf
  Saved: /cluster/home/gikaufmann/master_thesis/outputs/south_america/results/forward/rf/forward_risk_map_bau.png

  moderate: 430,355 pixels, 395,761 km², → coverage 27.78%
  Saved: /cluster/home/gikaufmann/master_thesis/outputs/south_america/results/forward/rf/forward_scenario_moderate.pdf
  Saved: /cluster/home/gikaufmann/master_thesis/outputs/south_america/results/forward/rf/forward_scenario_moderate.png

  30x30: 852,606 pixels, 790,159 km², → coverage 29.99%
  Saved: /cluster/home/gikaufmann/master_thesis/outputs/south_america/results/forward/rf/forward_scenario_30x30.pdf
  Saved: /cluster/home/gikaufmann/master_thesis/outputs/south_america/results/forward/rf/forward_scenario_30x30.png

======================================================================
CREATING COUNTRY BREAKDOWN
======================================================================
  Joining 15,591,767 pixels to country boundaries…
  Saved: /cluster/home/gikaufmann/master_thesis/outputs/south_america/results/forward/rf/forward_country_breakdown.csv
  WARNING: Country breakdown failed: Missing optional dependency 'Jinja2'. DataFrame.style requires jinja2. Use pip or conda to install Jinja2.

======================================================================
CREATING BIOME BREAKDOWN
======================================================================
  GSN raster: /cluster/scratch/gikaufmann/data/south_america/ready/GSN/gsn_terrestrial_ecoregions_mask_1km.tif
  Saved: /cluster/home/gikaufmann/master_thesis/outputs/south_america/results/forward/rf/forward_biome_breakdown.csv

======================================================================
GAP ANALYSIS (Biodiversity Capture Rate)
======================================================================
  BCR bau: 0.0028 vs. random 0.0041
  BCR 30x30_full: 0.0518 vs. random 0.0597
  Saved: /cluster/home/gikaufmann/master_thesis/outputs/south_america/results/forward/rf/forward_gap_analysis.pdf
  Saved: /cluster/home/gikaufmann/master_thesis/outputs/south_america/results/forward/rf/forward_gap_analysis.png

======================================================================
ECONOMIC EXPOSURE ANALYSIS
======================================================================
  NTL column detected:        none
  Population column detected: GPW
  Loading features: ['GPW'] …
  Saved: /cluster/home/gikaufmann/master_thesis/outputs/south_america/results/forward/rf/forward_economic_exposure.csv
                      zone  n_pixels   area_km2  GPW_mean  GPW_median  GPW_p75
All unprotected (baseline)  15591767 13230919.0    29.523       2.230    7.872
             BAU risk zone     60527    54350.0   128.217       4.437   25.835
               Top 5% risk    779590   721915.0   114.496       4.727   23.716
               Top 1% risk    155918   141962.0   161.650       5.408   26.849

======================================================================
HOTSPOT ZOOM-IN MAPS
======================================================================
  Amazon Basin: 2,364,050 pixels
  Cerrado / Atlantic Forest: 3,156,765 pixels
  Andes Foothills: 2,825,671 pixels
  Saved: /cluster/home/gikaufmann/master_thesis/outputs/south_america/results/forward/rf/forward_hotspot_maps.pdf
  Saved: /cluster/home/gikaufmann/master_thesis/outputs/south_america/results/forward/rf/forward_hotspot_maps.png

Saved scenario summary: /cluster/home/gikaufmann/master_thesis/outputs/south_america/results/forward/rf/forward_scenario_summary.json

======================================================================
FORWARD RESULTS COMPLETE
======================================================================
  [OK]  forward_probability_map.pdf
  [OK]  forward_risk_map_bau.pdf
  [OK]  forward_scenario_moderate.pdf
  [OK]  forward_scenario_30x30.pdf
  [OK]  forward_gap_analysis.pdf
  [OK]  forward_country_breakdown.csv
  [OK]  forward_biome_breakdown.csv
  [OK]  forward_economic_exposure.csv
  [OK]  forward_hotspot_maps.pdf
  [OK]  forward_scenario_summary.json
forward_results (RF) finished (exit code: 0)
