Backtest task 1: origin year T=2015
drwxr-xr-x 10 gikaufmann gikaufmann-group 4096 Mar 18 15:57 /cluster/home/gikaufmann/master_thesis
PWD = /cluster/home/gikaufmann/master_thesis

=========================================================================
Running backtest for T=2015...
=========================================================================
Processing origin year T=2015 [LGBM]
  panel:        /cluster/scratch/gikaufmann/data/south_america/ml/merged_panel_final.parquet
  split_paths:  ['/cluster/scratch/gikaufmann/data/south_america/ml/main/train_win5.parquet', '/cluster/scratch/gikaufmann/data/south_america/ml/main/earlystop_win5.parquet', '/cluster/scratch/gikaufmann/data/south_america/ml/main/test_win5.parquet']
  feature_cols: 73

======================================================================
BACKTEST [LGBM]: origin year T=2015  (train 2001–2014, eval 2016–2019)
  Clean 5-year window: False
======================================================================
  [Memory start T=2015] RSS: 0.38 GB
  Found 7,394,963 pos + 243,160,094 neg, neg capped at 100,000,000 → 107,394,963 total
  Training data: 107,394,963 rows (7,394,963 pos / 100,000,000 neg)
  Training done in 4001.2s
  [Memory after training T=2015] RSS: 2.52 GB

Loading year-T=2015 inference rows (WDPA_prev==0 AND WDPA==0)…
  15,854,262 inference pixels at T=2015
  Reconstructing 5-year labels from years 2016–2019…
  NOTE: T=2015 has only 4/5 years observable (T+5=2020 > LAST_LABEL_YEAR=2019)

Scoring 15,854,262 pixels…

  T=2015, window [2016–2019] (PARTIAL)
    n=15,854,262, pos=203,250 (1.2820%)
    ROC-AUC: 0.9895  PR-AUC: 0.8075
    P@1%: 0.8531  R@1%: 0.6654  Lift: 66.54x
    P@5%: 0.2374  R@5%: 0.9258  Lift: 18.52x
    P@10%: 0.1246  R@10%: 0.9716  Lift: 9.72x
    Forecast Capture Rate (top 5%): 0.9258

Saved: /cluster/home/gikaufmann/master_thesis/outputs/south_america/results/forward/lgbm/forward_backtest_T2015.json
W&B: backtest metrics logged.
Backtest T=2015 finished (exit code: 0)
