Many modules are hidden in this stack. Use "module --show_hidden spider SOFTWARE" if you are not able to find the required software

The following have been reloaded with a version change:
  1) cuda/12.1.1 => cuda/12.4.1

Traceback (most recent call last):
  File "/cluster/home/gikaufmann/master_thesis/scripts/regions/shared/forward/coverage_core.py", line 190, in compute_coverage_baseline
    world_gdf = gpd.read_file(gpd.datasets.get_path("naturalearth_lowres"))
                              ^^^^^^^^^^^^^^^^^^^^^^^^^^^^^^^^^^^^^^^^^^^^
  File "/cluster/home/gikaufmann/venvs/master_thesis/lib/python3.11/site-packages/geopandas/datasets/__init__.py", line 18, in get_path
    raise AttributeError(error_msg)
AttributeError: The geopandas.dataset has been deprecated and was removed in GeoPandas 1.0. You can get the original 'naturalearth_lowres' data from https://www.naturalearthdata.com/downloads/110m-cultural-vectors/.
wandb: Tracking run with wandb version 0.23.0
wandb: W&B syncing is set to `offline` in this directory. Run `wandb online` or set WANDB_MODE=online to enable cloud syncing.
wandb: Run data is saved locally in /cluster/home/gikaufmann/master_thesis/wandb/offline-run-20260325_192434-vp2y17pi
wandb: 
wandb: Run history:
wandb:              coverage/bau_km2 ▁
wandb:    coverage/coverage_pct_2024 ▁
wandb: coverage/km2_needed_for_30pct ▁
wandb:  coverage/moderate_target_pct ▁
wandb:   coverage/protected_2024_km2 ▁
wandb:       coverage/total_land_km2 ▁
wandb: 
wandb: Run summary:
wandb:              coverage/bau_km2 54352.27
wandb:    coverage/coverage_pct_2024 0.25566
wandb: coverage/km2_needed_for_30pct 792034.55
wandb:  coverage/moderate_target_pct 0.27783
wandb:   coverage/protected_2024_km2 4567119.49
wandb:       coverage/total_land_km2 17863846.81
wandb: 
wandb: You can sync this run to the cloud by running:
wandb: wandb sync /cluster/home/gikaufmann/master_thesis/wandb/offline-run-20260325_192434-vp2y17pi
wandb: Find logs at: ./wandb/offline-run-20260325_192434-vp2y17pi/logs
