Backtest task 3: origin year T=2019
drwxr-xr-x 10 gikaufmann gikaufmann-group 4096 Apr  3 22:47 /cluster/home/gikaufmann/master_thesis
PWD = /cluster/home/gikaufmann/master_thesis

=========================================================================
Running backtest for T=2019...
=========================================================================
W&B connected — run: https://wandb.ai/gikaufmann-eth-z-rich/forward/runs/m3vir4qa
Processing origin year T=2019 [LGBM]
  panel:        /cluster/scratch/gikaufmann/data/south_america/ml/merged_panel_final.parquet
  split_paths:  ['/cluster/scratch/gikaufmann/data/south_america/ml/main/train_win5.parquet', '/cluster/scratch/gikaufmann/data/south_america/ml/main/earlystop_win5.parquet', '/cluster/scratch/gikaufmann/data/south_america/ml/main/test_win5.parquet']
  feature_cols: 73

======================================================================
BACKTEST [LGBM]: origin year T=2019  (train 2001–2014, eval 2020–2024)
  Clean 5-year window: True
======================================================================
  [Memory start T=2019] RSS: 0.40 GB
  Found 7,394,963 pos + 243,160,094 neg → 250,555,057 total (full risk set)
    0% — 200,000/250,555,057
    25% — 62,800,000/250,555,057
    50% — 125,400,000/250,555,057
    75% — 188,000,000/250,555,057
    100% — 250,555,057/250,555,057
  Labels indexed — 250,555,057 rows, 1286 batches queued (X not in RAM)
  Training data: 250,555,057 rows (7,394,963 pos / 243,160,094 neg)
  Training done in 8875.3s
  [Memory after training T=2019] RSS: 2.49 GB

Loading year-T=2019 inference rows (WDPA_prev==0 AND WDPA==0)…
  15,651,012 inference pixels at T=2019
  Reconstructing 5-year labels from years 2020–2024…

Scoring 15,651,012 pixels…

  T=2019, window [2020–2019]
    n=15,651,012, pos=59,245 (0.3785%)
    ROC-AUC: 0.5821  PR-AUC: 0.0049
    P@1%: 0.0085  R@1%: 0.0224  Lift: 2.24x
    P@5%: 0.0059  R@5%: 0.0776  Lift: 1.55x
    P@10%: 0.0054  R@10%: 0.1432  Lift: 1.43x
    Forecast Capture Rate (top 5%): 0.0776

  T=2019 FP map: top-5% → 4,595 TP, 777,956 FP (precision=0.006)
Loading South America boundary from URL...
  Successfully loaded from https://naciscdn.org/naturalearth/110m/cultural/ne_110m_admin_0_countries.zip
  Found South America boundary with 12 feature(s) in EPSG:4326
  Backbone background plotted from: /cluster/scratch/gikaufmann/data/south_america/ready/backbone/backbone.tif
  Backbone background plotted from: /cluster/scratch/gikaufmann/data/south_america/ready/backbone/backbone.tif
  Saved: /cluster/scratch/gikaufmann/outputs/south_america/results/forward/lgbm/forward_backtest_T2019_false_positives.pdf

Saved: /cluster/scratch/gikaufmann/outputs/south_america/results/forward/lgbm/forward_backtest_T2019.json
Backtest T=2019 finished (exit code: 0)

Task 3 (T=2019) done. After all 4 tasks finish, aggregate with:
  sbatch slurm/south_america/forward_backtest_aggregate.slurm
