Backtest task 1: origin year T=2015
drwxr-xr-x 10 gikaufmann gikaufmann-group 4096 Apr  3 22:47 /cluster/home/gikaufmann/master_thesis
PWD = /cluster/home/gikaufmann/master_thesis

=========================================================================
Running backtest for T=2015...
=========================================================================
W&B connected — run: https://wandb.ai/gikaufmann-eth-z-rich/forward/runs/kp9imsoy
Processing origin year T=2015 [LGBM]
  panel:        /cluster/scratch/gikaufmann/data/se_asia/ml/merged_panel_final.parquet
  split_paths:  ['/cluster/scratch/gikaufmann/data/se_asia/ml/main/train_win5.parquet', '/cluster/scratch/gikaufmann/data/se_asia/ml/main/earlystop_win5.parquet', '/cluster/scratch/gikaufmann/data/se_asia/ml/main/test_win5.parquet']
  feature_cols: 73

======================================================================
BACKTEST [LGBM]: origin year T=2015  (train 2001–2010, eval 2016–2020)
  Clean 5-year window: True
======================================================================
  [Memory start T=2015] RSS: 0.28 GB
  Found 483,015 pos + 42,593,235 neg → 43,076,250 total (full risk set)
    0% — 200,000/43,076,250
    25% — 10,800,000/43,076,250
    50% — 21,600,000/43,076,250
    75% — 32,400,000/43,076,250
    100% — 43,076,250/43,076,250
  Labels indexed — 43,076,250 rows, 220 batches queued (X not in RAM)
  Training data: 43,076,250 rows (483,015 pos / 42,593,235 neg)
  Training done in 2387.8s
  [Memory after training T=2015] RSS: 1.43 GB

Loading year-T=2015 inference rows (WDPA_prev==0 AND WDPA==0)…
  4,155,793 inference pixels at T=2015
  Reconstructing 5-year labels from years 2016–2020…

Scoring 4,155,793 pixels…

  T=2015, window [2016–2019]
    n=4,155,793, pos=80,569 (1.9387%)
    ROC-AUC: 0.4863  PR-AUC: 0.0211
    P@1%: 0.0360  R@1%: 0.0186  Lift: 1.86x
    P@5%: 0.0290  R@5%: 0.0748  Lift: 1.50x
    P@10%: 0.0277  R@10%: 0.1427  Lift: 1.43x
    Forecast Capture Rate (top 5%): 0.0748
  NOTE: forward_coverage_baseline.json not found — FP map uses repo/scratch backbone paths only

  T=2015 FP map: top-5% → 6,026 TP, 201,764 FP (precision=0.029)
Loading South East Asia boundary from URL...
  Successfully loaded from https://naciscdn.org/naturalearth/110m/cultural/ne_110m_admin_0_countries.zip
  Found South East Asia boundary with 10 feature(s) in EPSG:4326
  Backbone background plotted from: /cluster/scratch/gikaufmann/data/se_asia/ready/backbone/backbone.tif
  Backbone background plotted from: /cluster/scratch/gikaufmann/data/se_asia/ready/backbone/backbone.tif
  Saved: /cluster/scratch/gikaufmann/outputs/se_asia/results/forward/lgbm/forward_backtest_T2015_false_positives.pdf

Saved: /cluster/scratch/gikaufmann/outputs/se_asia/results/forward/lgbm/forward_backtest_T2015.json
Backtest T=2015 finished (exit code: 0)

Task 1 (T=2015) done. After all 4 tasks finish, aggregate with:
  sbatch slurm/se_asia/forward_backtest_aggregate.slurm
