RF backtest task 1: origin year T=2015
drwxr-xr-x 10 gikaufmann gikaufmann-group 4096 Apr  3 22:47 /cluster/home/gikaufmann/master_thesis
PWD = /cluster/home/gikaufmann/master_thesis

=========================================================================
Running RF backtest for T=2015...
=========================================================================
W&B connected — run: https://wandb.ai/gikaufmann-eth-z-rich/forward/runs/3dyfthj6
Processing origin year T=2015 [RF]
  panel:        /cluster/scratch/gikaufmann/data/se_asia/ml/merged_panel_final.parquet
  split_paths:  ['/cluster/scratch/gikaufmann/data/se_asia/ml/main/train_win5.parquet', '/cluster/scratch/gikaufmann/data/se_asia/ml/main/earlystop_win5.parquet', '/cluster/scratch/gikaufmann/data/se_asia/ml/main/test_win5.parquet']
  feature_cols: 73

======================================================================
BACKTEST [RF]: origin year T=2015  (train 2001–2010, eval 2016–2020)
  Clean 5-year window: True
======================================================================
  [Memory start T=2015] RSS: 0.28 GB
  Found 483,015 pos + 42,593,235 neg → capping neg to 20,000,000 (MAX_NEG_TRAIN)
  Using 20,483,015 samples (483,015 pos / 20,000,000 neg)
  Training data: 20,483,015 rows (483,015 pos / 20,000,000 neg)
  RF training: 20,483,015 samples (483,015 pos / 20,000,000 neg), n_estimators=300
    bootstrap: True
    class_weight: balanced_subsample
    max_depth: None
    max_features: log2
    min_samples_leaf: 6
    min_samples_split: 30
    n_estimators: 300
    n_jobs: 32
    random_state: 42
  Training done in 3141.5s
  [Memory after training T=2015] RSS: 2.53 GB

Loading year-T=2015 inference rows (WDPA_prev==0 AND WDPA==0)…
  4,155,793 inference pixels at T=2015
  Reconstructing 5-year labels from years 2016–2020…

Scoring 4,155,793 pixels…

  T=2015, window [2016–2019]
    n=4,155,793, pos=80,569 (1.9387%)
    ROC-AUC: 0.4904  PR-AUC: 0.0187
    P@1%: 0.0088  R@1%: 0.0045  Lift: 0.45x
    P@5%: 0.0156  R@5%: 0.0403  Lift: 0.81x
    P@10%: 0.0172  R@10%: 0.0888  Lift: 0.89x
    Forecast Capture Rate (top 5%): 0.0403
  NOTE: forward_coverage_baseline.json not found — FP map uses repo/scratch backbone paths only

  T=2015 FP map: top-5% → 3,247 TP, 204,543 FP (precision=0.016)
Loading South East Asia boundary from URL...
  Successfully loaded from https://naciscdn.org/naturalearth/110m/cultural/ne_110m_admin_0_countries.zip
  Found South East Asia boundary with 10 feature(s) in EPSG:4326
  Backbone background plotted from: /cluster/scratch/gikaufmann/data/se_asia/ready/backbone/backbone.tif
  Backbone background plotted from: /cluster/scratch/gikaufmann/data/se_asia/ready/backbone/backbone.tif
  Saved: /cluster/scratch/gikaufmann/outputs/se_asia/results/forward/rf/forward_backtest_T2015_false_positives.pdf

Saved: /cluster/scratch/gikaufmann/outputs/se_asia/results/forward/rf/forward_backtest_T2015.json
RF backtest T=2015 finished (exit code: 0)

Task 1 (T=2015) done. After all 4 tasks finish, aggregate with:
  sbatch slurm/se_asia/forward_backtest_aggregate_rf.slurm
