RF backtest task 0: origin year T=2013
drwxr-xr-x 10 gikaufmann gikaufmann-group 4096 Mar 18 15:57 /cluster/home/gikaufmann/master_thesis
PWD = /cluster/home/gikaufmann/master_thesis

=========================================================================
Running RF backtest for T=2013...
=========================================================================
Processing origin year T=2013 [RF]
  panel:        /cluster/scratch/gikaufmann/data/south_america/ml/merged_panel_final.parquet
  split_paths:  ['/cluster/scratch/gikaufmann/data/south_america/ml/main/train_win5.parquet', '/cluster/scratch/gikaufmann/data/south_america/ml/main/earlystop_win5.parquet', '/cluster/scratch/gikaufmann/data/south_america/ml/main/test_win5.parquet']
  feature_cols: 73

======================================================================
BACKTEST [RF]: origin year T=2013  (train 2001–2012, eval 2014–2018)
  Clean 5-year window: True
======================================================================
  [Memory start T=2013] RSS: 0.38 GB
  Found 6,644,100 pos + 195,716,810 neg, neg capped at 50,000,000 → 56,644,100 total
  Training data: 56,644,100 rows (6,644,100 pos / 50,000,000 neg)
  RF training: 56,644,100 samples (6,644,100 pos / 50,000,000 neg), n_estimators=500
    bootstrap: True
    class_weight: balanced_subsample
    max_depth: 30
    max_features: sqrt
    min_samples_leaf: 1
    min_samples_split: 22
    n_estimators: 500
    n_jobs: 32
    random_state: 42
  Training done in 13068.1s
  [Memory after training T=2013] RSS: 6.22 GB

Loading year-T=2013 inference rows (WDPA_prev==0 AND WDPA==0)…
  15,942,154 inference pixels at T=2013
  Reconstructing 5-year labels from years 2014–2018…

Scoring 15,942,154 pixels…

  T=2013, window [2014–2018]
    n=15,942,154, pos=217,489 (1.3642%)
    ROC-AUC: 0.9125  PR-AUC: 0.7265
    P@1%: 0.8796  R@1%: 0.6447  Lift: 64.47x
    P@5%: 0.2141  R@5%: 0.7848  Lift: 15.70x
    P@10%: 0.1118  R@10%: 0.8198  Lift: 8.20x
    Forecast Capture Rate (top 5%): 0.7848

  T=2013 FP map: top-5% → 170,694 TP, 626,415 FP (precision=0.214)
  Saved: /cluster/home/gikaufmann/master_thesis/outputs/south_america/results/forward/rf/forward_backtest_T2013_false_positives.pdf

Saved: /cluster/home/gikaufmann/master_thesis/outputs/south_america/results/forward/rf/forward_backtest_T2013.json
W&B: backtest metrics logged.
RF backtest T=2013 finished (exit code: 0)
