Backtest task 0: origin year T=2013
drwxr-xr-x 10 gikaufmann gikaufmann-group 4096 Apr  3 22:47 /cluster/home/gikaufmann/master_thesis
PWD = /cluster/home/gikaufmann/master_thesis

=========================================================================
Running backtest for T=2013...
=========================================================================
W&B connected — run: https://wandb.ai/gikaufmann-eth-z-rich/forward/runs/n7qmi5y8
Processing origin year T=2013 [LGBM]
  panel:        /cluster/scratch/gikaufmann/data/south_america/ml/merged_panel_final.parquet
  split_paths:  ['/cluster/scratch/gikaufmann/data/south_america/ml/main/train_win5.parquet', '/cluster/scratch/gikaufmann/data/south_america/ml/main/earlystop_win5.parquet', '/cluster/scratch/gikaufmann/data/south_america/ml/main/test_win5.parquet']
  feature_cols: 73

======================================================================
BACKTEST [LGBM]: origin year T=2013  (train 2001–2008, eval 2014–2018)
  Clean 5-year window: True
======================================================================
  [Memory start T=2013] RSS: 0.40 GB
  Found 6,042,308 pos + 131,531,849 neg → 137,574,157 total (full risk set)
    0% — 200,000/137,574,157
    25% — 34,400,000/137,574,157
    50% — 68,800,000/137,574,157
    75% — 103,200,000/137,574,157
    100% — 137,574,157/137,574,157
  Labels indexed — 137,574,157 rows, 702 batches queued (X not in RAM)
  Training data: 137,574,157 rows (6,042,308 pos / 131,531,849 neg)
  Training done in 7197.7s
  [Memory after training T=2013] RSS: 2.38 GB

Loading year-T=2013 inference rows (WDPA_prev==0 AND WDPA==0)…
  15,942,154 inference pixels at T=2013
  Reconstructing 5-year labels from years 2014–2018…

Scoring 15,942,154 pixels…

  T=2013, window [2014–2018]
    n=15,942,154, pos=217,489 (1.3642%)
    ROC-AUC: 0.7138  PR-AUC: 0.0482
    P@1%: 0.1111  R@1%: 0.0814  Lift: 8.14x
    P@5%: 0.0678  R@5%: 0.2486  Lift: 4.97x
    P@10%: 0.0489  R@10%: 0.3588  Lift: 3.59x
    Forecast Capture Rate (top 5%): 0.2486

  T=2013 FP map: top-5% → 54,064 TP, 743,044 FP (precision=0.068)
Loading South America boundary from URL...
  Successfully loaded from https://naciscdn.org/naturalearth/110m/cultural/ne_110m_admin_0_countries.zip
  Found South America boundary with 12 feature(s) in EPSG:4326
  Backbone background plotted from: /cluster/scratch/gikaufmann/data/south_america/ready/backbone/backbone.tif
  Backbone background plotted from: /cluster/scratch/gikaufmann/data/south_america/ready/backbone/backbone.tif
  Saved: /cluster/scratch/gikaufmann/outputs/south_america/results/forward/lgbm/forward_backtest_T2013_false_positives.pdf

Saved: /cluster/scratch/gikaufmann/outputs/south_america/results/forward/lgbm/forward_backtest_T2013.json
Backtest T=2013 finished (exit code: 0)

Task 0 (T=2013) done. After all 4 tasks finish, aggregate with:
  sbatch slurm/south_america/forward_backtest_aggregate.slurm
