USA LGBM backtest task 1: origin year T=2015
drwxr-xr-x 10 gikaufmann gikaufmann-group 4096 Apr  3 22:47 /cluster/home/gikaufmann/master_thesis
PWD = /cluster/home/gikaufmann/master_thesis

=========================================================================
Running USA LGBM backtest for T=2015...
=========================================================================
W&B connected — run: https://wandb.ai/gikaufmann-eth-z-rich/forward/runs/65j84k10
Processing origin year T=2015 [LGBM]
  panel:        /cluster/scratch/gikaufmann/data/usa/ml/merged_panel_final.parquet
  split_paths:  ['/cluster/scratch/gikaufmann/data/usa/ml/main/train_win5.parquet', '/cluster/scratch/gikaufmann/data/usa/ml/main/earlystop_win5.parquet', '/cluster/scratch/gikaufmann/data/usa/ml/main/test_win5.parquet']
  feature_cols: 73

======================================================================
BACKTEST [LGBM]: origin year T=2015  (train 2001–2010, eval 2016–2020)
  Clean 5-year window: True
======================================================================
  [Memory start T=2015] RSS: 0.36 GB
  Found 222,332 pos + 122,849,159 neg → 123,071,491 total (full risk set)
    0% — 200,000/123,071,491
    25% — 30,800,000/123,071,491
    50% — 61,600,000/123,071,491
    75% — 92,400,000/123,071,491
    100% — 123,071,491/123,071,491
  Labels indexed — 123,071,491 rows, 631 batches queued (X not in RAM)
  Training data: 123,071,491 rows (222,332 pos / 122,849,159 neg)
  Training done in 10757.5s
  [Memory after training T=2015] RSS: 1.89 GB

Loading year-T=2015 inference rows (WDPA_prev==0 AND WDPA==0)…
  12,228,140 inference pixels at T=2015
  Reconstructing 5-year labels from years 2016–2020…

Scoring 12,228,140 pixels…

  T=2015, window [2016–2019]
    n=12,228,140, pos=9,762 (0.0798%)
    ROC-AUC: 0.3563  PR-AUC: 0.0007
    P@1%: 0.0017  R@1%: 0.0216  Lift: 2.16x
    P@5%: 0.0008  R@5%: 0.0518  Lift: 1.04x
    P@10%: 0.0006  R@10%: 0.0697  Lift: 0.70x
    Forecast Capture Rate (top 5%): 0.0518

  T=2015 FP map: top-5% → 506 TP, 610,901 FP (precision=0.001)
Loading USA boundary from URL...
  Successfully loaded from https://naciscdn.org/naturalearth/110m/cultural/ne_110m_admin_0_countries.zip
  Clipped USA boundary to CONUS extent (-125, -66)/(24, 50)
  Found USA boundary with 1 feature(s) in EPSG:4326
  Backbone background plotted from: /cluster/scratch/gikaufmann/data/usa/ready/backbone/backbone.tif
  Backbone background plotted from: /cluster/scratch/gikaufmann/data/usa/ready/backbone/backbone.tif
  Saved: /cluster/scratch/gikaufmann/outputs/usa/results/forward/lgbm/forward_backtest_T2015_false_positives.pdf

Saved: /cluster/scratch/gikaufmann/outputs/usa/results/forward/lgbm/forward_backtest_T2015.json
USA LGBM backtest T=2015 finished (exit code: 0)

Task 1 (T=2015) done. After all 4 tasks finish, aggregate with:
  sbatch slurm/usa/forward_backtest_aggregate.slurm
