Backtest task 3: origin year T=2019
drwxr-xr-x 10 gikaufmann gikaufmann-group 4096 Mar 18 15:57 /cluster/home/gikaufmann/master_thesis
PWD = /cluster/home/gikaufmann/master_thesis

=========================================================================
Running backtest for T=2019...
=========================================================================
Processing origin year T=2019 [LGBM]
  panel:        /cluster/scratch/gikaufmann/data/south_america/ml/merged_panel_final.parquet
  split_paths:  ['/cluster/scratch/gikaufmann/data/south_america/ml/main/train_win5.parquet', '/cluster/scratch/gikaufmann/data/south_america/ml/main/earlystop_win5.parquet', '/cluster/scratch/gikaufmann/data/south_america/ml/main/test_win5.parquet']
  feature_cols: 73

======================================================================
BACKTEST [LGBM]: origin year T=2019  (train 2001–2018, eval 2020–2019)
  Clean 5-year window: False
======================================================================
  [Memory start T=2019] RSS: 0.39 GB
  Found 8,492,170 pos + 337,941,880 neg, neg capped at 100,000,000 → 108,492,170 total
  Training data: 108,492,170 rows (8,492,170 pos / 100,000,000 neg)
  Training done in 10933.4s
  [Memory after training T=2019] RSS: 2.56 GB

Loading year-T=2019 inference rows (WDPA_prev==0 AND WDPA==0)…
  15,651,012 inference pixels at T=2019
  NOTE: T=2019 has only 0/5 years observable (T+5=2024 > LAST_LABEL_YEAR=2019)

Scoring 15,651,012 pixels…
  T=2019: no evaluable positive labels — skipping metrics

Saved: /cluster/home/gikaufmann/master_thesis/outputs/south_america/results/forward/lgbm/forward_backtest_T2019.json
W&B: backtest metrics logged.
Backtest T=2019 finished (exit code: 0)

Task 3 (T=2019) done. To aggregate all results and produce the summary plot, run:
  python scripts/regions/south_america/8_forward/5_forward_backtest.py --aggregate
