drwxr-xr-x 10 gikaufmann gikaufmann-group 4096 Mar 18 15:57 /cluster/home/gikaufmann/master_thesis
PWD = /cluster/home/gikaufmann/master_thesis

=========================================================================
Stage 0b: Training RF deployment model (2001-2019)...
=========================================================================
======================================================================
MODEL 1 RF — DEPLOYMENT MODEL (2001-2019)
======================================================================
  train:     /cluster/scratch/gikaufmann/data/south_america/ml/main/train_win5.parquet
  earlystop: /cluster/scratch/gikaufmann/data/south_america/ml/main/earlystop_win5.parquet
  test:      /cluster/scratch/gikaufmann/data/south_america/ml/main/test_win5.parquet
  params:    /cluster/home/gikaufmann/master_thesis/scripts/regions/south_america/5_training/rf_best_params.json
  n_jobs:    32
  MAX_NEG_TRAIN: (no cap)

  n_estimators: 300

  Feature columns: 73

======================================================================
STEP 1: TRAINING DEPLOYMENT MODEL (2001-2019)
======================================================================
  [Memory before loading deployment training data] RSS: 0.35 GB
  Pass 1: counting rows (deployment_train, years 2001–2019)…
    Using 362,280,258 samples (8,551,415 pos / 353,728,843 neg)
  Loaded 362,280,258 rows in 790.7s (353,728,843 neg / 8,551,415 pos)
  [Memory after loading deployment training data] RSS: 99.81 GB

  Training RF deployment model — 362,280,258 samples (8,551,415 pos / 353,728,843 neg)
    bootstrap: True
    class_weight: balanced_subsample
    max_depth: 30
    max_features: sqrt
    min_samples_leaf: 1
    min_samples_split: 22
    n_estimators: 300
    n_jobs: 32
    random_state: 42
    verbose: 0
Stage 0b complete.

=========================================================================
Stage 1: Extracting 2024 inference features...
=========================================================================

======================================================================
EXTRACTING 2024 INFERENCE FEATURES (year=2024)
======================================================================
  Source: /cluster/scratch/gikaufmann/data/south_america/ml/merged_panel_final.parquet

  Feature columns:  73
  Coordinate cols:  ['x', 'y']

  Pass 1: counting year==2024, WDPA_prev==0, WDPA==0 rows…
  Found 15,591,767 qualifying pixels

  Pass 2: streaming and writing to forward_features_2024.parquet…
  1% — 190,833/15,591,767
  25% — 3,967,541/15,591,767
  51% — 7,966,465/15,591,767
  75% — 11,763,693/15,591,767
  100% — 15,591,767/15,591,767

  Written: 15,591,767 rows → /cluster/home/gikaufmann/master_thesis/outputs/south_america/results/forward/forward_features_2024.parquet
  Columns: ['row', 'col', 'x', 'y', 'elevation_b1'] … (77 total)

Done. Output: /cluster/home/gikaufmann/master_thesis/outputs/south_america/results/forward/forward_features_2024.parquet
Stage 1 complete.

=========================================================================
Stage 2: Running calibrated RF forward inference...
=========================================================================
Stage 2 complete.

forward_deployment_rf job finished. Next steps:
  1. Run 1_forward_coverage_baseline.py (if not already done)
  2. Run 4_forward_results.py --model-type rf for maps and scenario analysis
  3. Run forward_backtest_rf.slurm for RF backtesting validation
