drwxr-xr-x 10 gikaufmann gikaufmann-group 4096 Mar 18 15:57 /cluster/home/gikaufmann/master_thesis
PWD = /cluster/home/gikaufmann/master_thesis

=========================================================================
Stage 0b: Training deployment model (2001-2019)...
=========================================================================
======================================================================
MODEL 1 LGBM — DEPLOYMENT MODEL (2001-2019)
======================================================================
  train:     /cluster/scratch/gikaufmann/data/south_america/ml/main/train_win5.parquet
  earlystop: /cluster/scratch/gikaufmann/data/south_america/ml/main/earlystop_win5.parquet
  test:      /cluster/scratch/gikaufmann/data/south_america/ml/main/test_win5.parquet
  params:    /cluster/home/gikaufmann/master_thesis/scripts/regions/south_america/5_training/lgbm_best_params.json

  num_boost_round (locked from JSON): 2555

  Feature columns: 73

======================================================================
STEP 1: TRAINING DEPLOYMENT MODEL (2001-2019)
======================================================================
  [Memory before loading deployment training data] RSS: 0.35 GB
  Pass 1: counting rows (deployment_train, years 2001–2019)…
    Found 362,280,258 samples
    0% — 200,000/362,280,258
    25% — 90,600,000/362,280,258
    50% — 181,200,000/362,280,258
    75% — 271,906,207/362,280,258
    100% — 362,280,258/362,280,258
  Loaded 362,280,258 rows in 649.6s (353,728,843 neg / 8,551,415 pos)
  [Memory after loading deployment training data] RSS: 101.15 GB
  scale_pos_weight = 41.3649 = 353,728,843 / 8,551,415
  Training deployment model — 362,280,258 samples, 2555 rounds
    boosting_type: gbdt
    colsample_bynode: 0.5533445346791958
    colsample_bytree: 0.7
    is_unbalance: False
    learning_rate: 0.0422247011782185
    max_depth: 35
    metric: average_precision
    min_child_samples: 144
    min_split_gain: 0.003734373949593618
    num_leaves: 238
    num_threads: 32
    objective: binary
    path_smooth: 2.881526228955016
    random_state: 42
    reg_alpha: 1.8246601965129443
    reg_lambda: 2.475579682420576e-05
    scale_pos_weight: 41.364948724860156
    subsample: 0.9061122914959859
    subsample_freq: 1
    verbose: -1
ERROR: Stage 0b (deployment model training) failed (exit code 1). Aborting.
