Backtest task 0: origin year T=2013
drwxr-xr-x 10 gikaufmann gikaufmann-group 4096 Mar 18 15:57 /cluster/home/gikaufmann/master_thesis
PWD = /cluster/home/gikaufmann/master_thesis

=========================================================================
Running backtest for T=2013...
=========================================================================
Processing origin year T=2013 [LGBM]
  panel:        /cluster/scratch/gikaufmann/data/south_america/ml/merged_panel_final.parquet
  split_paths:  ['/cluster/scratch/gikaufmann/data/south_america/ml/main/train_win5.parquet', '/cluster/scratch/gikaufmann/data/south_america/ml/main/earlystop_win5.parquet', '/cluster/scratch/gikaufmann/data/south_america/ml/main/test_win5.parquet']
  feature_cols: 73

======================================================================
BACKTEST [LGBM]: origin year T=2013  (train 2001–2012, eval 2014–2018)
  Clean 5-year window: True
======================================================================
  [Memory start T=2013] RSS: 0.37 GB
  Found 6,644,100 pos + 195,716,810 neg, neg capped at 20,000,000 → 26,644,100 total
  Training data: 26,644,100 rows (6,644,100 pos / 20,000,000 neg)
  Training done in 2662.5s
  [Memory after training T=2013] RSS: 3.22 GB

Loading year-T=2013 inference rows (WDPA_prev==0 AND WDPA==0)…
  15,942,154 inference pixels at T=2013
  Reconstructing 5-year labels from years 2014–2018…

Scoring 15,942,154 pixels…

  T=2013, window [2014–2018]
    n=15,942,154, pos=217,489 (1.3642%)
    ROC-AUC: 0.8982  PR-AUC: 0.6802
    P@1%: 0.8208  R@1%: 0.6017  Lift: 60.17x
    P@5%: 0.2003  R@5%: 0.7343  Lift: 14.69x
    P@10%: 0.1056  R@10%: 0.7744  Lift: 7.74x
    Forecast Capture Rate (top 5%): 0.7343

  T=2013 FP map: top-5% → 159,695 TP, 637,413 FP (precision=0.200)
  Saved: /cluster/home/gikaufmann/master_thesis/outputs/south_america/results/forward/lgbm/forward_backtest_T2013_false_positives.pdf

Saved: /cluster/home/gikaufmann/master_thesis/outputs/south_america/results/forward/lgbm/forward_backtest_T2013.json
W&B connected
Backtest T=2013 finished (exit code: 0)
