USA LGBM backtest task 0: origin year T=2013
drwxr-xr-x 10 gikaufmann gikaufmann-group 4096 Apr  3 22:47 /cluster/home/gikaufmann/master_thesis
PWD = /cluster/home/gikaufmann/master_thesis

=========================================================================
Running USA LGBM backtest for T=2013...
=========================================================================
W&B connected — run: https://wandb.ai/gikaufmann-eth-z-rich/forward/runs/73id044v
Processing origin year T=2013 [LGBM]
  panel:        /cluster/scratch/gikaufmann/data/usa/ml/merged_panel_final.parquet
  split_paths:  ['/cluster/scratch/gikaufmann/data/usa/ml/main/train_win5.parquet', '/cluster/scratch/gikaufmann/data/usa/ml/main/earlystop_win5.parquet', '/cluster/scratch/gikaufmann/data/usa/ml/main/test_win5.parquet']
  feature_cols: 73

======================================================================
BACKTEST [LGBM]: origin year T=2013  (train 2001–2008, eval 2014–2018)
  Clean 5-year window: True
======================================================================
  [Memory start T=2013] RSS: 0.36 GB
  Found 180,876 pos + 98,314,217 neg → 98,495,093 total (full risk set)
    0% — 200,000/98,495,093
    25% — 24,800,000/98,495,093
    50% — 49,400,000/98,495,093
    75% — 74,000,000/98,495,093
    100% — 98,495,093/98,495,093
  Labels indexed — 98,495,093 rows, 504 batches queued (X not in RAM)
  Training data: 98,495,093 rows (180,876 pos / 98,314,217 neg)
  Training done in 4145.8s
  [Memory after training T=2013] RSS: 1.80 GB

Loading year-T=2013 inference rows (WDPA_prev==0 AND WDPA==0)…
  12,243,013 inference pixels at T=2013
  Reconstructing 5-year labels from years 2014–2018…

Scoring 12,243,013 pixels…

  T=2013, window [2014–2018]
    n=12,243,013, pos=17,624 (0.1440%)
    ROC-AUC: 0.4026  PR-AUC: 0.0015
    P@1%: 0.0043  R@1%: 0.0300  Lift: 3.00x
    P@5%: 0.0026  R@5%: 0.0904  Lift: 1.81x
    P@10%: 0.0021  R@10%: 0.1426  Lift: 1.43x
    Forecast Capture Rate (top 5%): 0.0904

  T=2013 FP map: top-5% → 1,593 TP, 610,558 FP (precision=0.003)
Loading USA boundary from URL...
  Successfully loaded from https://naciscdn.org/naturalearth/110m/cultural/ne_110m_admin_0_countries.zip
  Clipped USA boundary to CONUS extent (-125, -66)/(24, 50)
  Found USA boundary with 1 feature(s) in EPSG:4326
  Backbone background plotted from: /cluster/scratch/gikaufmann/data/usa/ready/backbone/backbone.tif
  Backbone background plotted from: /cluster/scratch/gikaufmann/data/usa/ready/backbone/backbone.tif
  Saved: /cluster/scratch/gikaufmann/outputs/usa/results/forward/lgbm/forward_backtest_T2013_false_positives.pdf

Saved: /cluster/scratch/gikaufmann/outputs/usa/results/forward/lgbm/forward_backtest_T2013.json
USA LGBM backtest T=2013 finished (exit code: 0)

Task 0 (T=2013) done. After all 4 tasks finish, aggregate with:
  sbatch slurm/usa/forward_backtest_aggregate.slurm
