Many modules are hidden in this stack. Use "module --show_hidden spider SOFTWARE" if you are not able to find the required software

The following have been reloaded with a version change:
  1) cuda/12.1.1 => cuda/12.4.1

wandb: Currently logged in as: gikaufmann (gikaufmann-eth-z-rich) to https://api.wandb.ai. Use `wandb login --relogin` to force relogin
wandb: setting up run 2b6ju13i
wandb: Tracking run with wandb version 0.23.0
wandb: Run data is saved locally in /cluster/home/gikaufmann/master_thesis/wandb/run-20260328_162028-2b6ju13i
wandb: Run `wandb offline` to turn off syncing.
wandb: Syncing run backtest_south_america_lgbm_20260328_162025
wandb: ⭐️ View project at https://wandb.ai/gikaufmann-eth-z-rich/forward
wandb: 🚀 View run at https://wandb.ai/gikaufmann-eth-z-rich/forward/runs/2b6ju13i
wandb: updating run metadata
wandb: uploading output.log; uploading wandb-summary.json
wandb: uploading history steps 4-4, summary, console lines 42-44
wandb: 
wandb: Run history:
wandb:                     backtest/base_rate ▁▁
wandb:                  backtest/clean_window ▁
wandb: backtest/forecast_capture_rate_top5pct ▁▁
wandb:                 backtest/lift_at_10pct ▁▁
wandb:                  backtest/lift_at_1pct ▁▁
wandb:                  backtest/lift_at_5pct ▁▁
wandb:                   backtest/n_evaluable ▁▁
wandb:                      backtest/n_pixels ▁▁
wandb:               backtest/n_pixels_scored ▁▁
wandb:                         backtest/n_pos ▁▁
wandb:                                    +10 ...
wandb: 
wandb: Run summary:
wandb:                     backtest/base_rate 0.00379
wandb:                  backtest/clean_window 1
wandb: backtest/forecast_capture_rate_top5pct 0.08326
wandb:                 backtest/lift_at_10pct 1.48418
wandb:                  backtest/lift_at_1pct 2.46097
wandb:                  backtest/lift_at_5pct 1.66529
wandb:                   backtest/n_evaluable 15651012
wandb:                      backtest/n_pixels 15651012
wandb:               backtest/n_pixels_scored 15651012
wandb:                         backtest/n_pos 59245
wandb:                                    +11 ...
wandb: 
wandb: 🚀 View run backtest_south_america_lgbm_20260328_162025 at: https://wandb.ai/gikaufmann-eth-z-rich/forward/runs/2b6ju13i
wandb: ⭐️ View project at: https://wandb.ai/gikaufmann-eth-z-rich/forward
wandb: Synced 5 W&B file(s), 0 media file(s), 0 artifact file(s) and 0 other file(s)
wandb: Find logs at: ./wandb/run-20260328_162028-2b6ju13i/logs
