drwxr-xr-x 10 gikaufmann gikaufmann-group 4096 Mar 18 15:57 /cluster/home/gikaufmann/master_thesis
PWD = /cluster/home/gikaufmann/master_thesis

=========================================================================
Stage 3: Generating USA forward results (LGBM)...
=========================================================================
======================================================================
FORWARD RESULTS — MAPS, SCENARIOS, BREAKDOWNS, GAP ANALYSIS (LGBM)
======================================================================
  Pixel size from backbone: 1000.00 m
  Using pixel_size_m from coverage baseline: 1000.00 m

Loading scored parquet: forward_scored_2024.parquet
  12,218,241 rows
  Columns: ['row', 'col', 'x', 'y', 'y_pred_proba_raw', 'y_pred_proba_calibrated']

  Total unprotected 2024 pixels: 12,218,241
  Total unprotected 2024 area:   7,201,908 km²
  Baseline total land km²:        7,828,774
  Baseline protected 2024 km²:   603,357
  Baseline coverage 2024:        7.71%

Computing scenario cutoffs…
  BAU (historical 2019→2024 volume): target 257 km² → top 429 pixels (258 km²), cutoff p=0.245766
  Moderate (→18.9%): target 872,638 km² → top 1,537,104 pixels (872,638 km²), cutoff p=0.000003
  30x30 Full    (→30%): target 1,745,275 km² → top 3,056,221 pixels (1,745,276 km²), cutoff p=0.000001

======================================================================
CREATING PROBABILITY MAP (BAU forecast)
======================================================================
  Saved: /cluster/home/gikaufmann/master_thesis/outputs/usa/results/forward/lgbm/forward_probability_map.pdf
  Saved: /cluster/home/gikaufmann/master_thesis/outputs/usa/results/forward/lgbm/forward_probability_map.png

======================================================================
CREATING SCENARIO MAPS
======================================================================

  bau: 429 pixels, 258 km², → coverage 7.71%
  Saved: /cluster/home/gikaufmann/master_thesis/outputs/usa/results/forward/lgbm/forward_risk_map_bau.pdf
  Saved: /cluster/home/gikaufmann/master_thesis/outputs/usa/results/forward/lgbm/forward_risk_map_bau.png

  moderate: 1,537,104 pixels, 872,697 km², → coverage 18.85%
  Saved: /cluster/home/gikaufmann/master_thesis/outputs/usa/results/forward/lgbm/forward_scenario_moderate.pdf
  Saved: /cluster/home/gikaufmann/master_thesis/outputs/usa/results/forward/lgbm/forward_scenario_moderate.png

  30x30: 3,056,222 pixels, 1,741,586 km², → coverage 29.95%
  Saved: /cluster/home/gikaufmann/master_thesis/outputs/usa/results/forward/lgbm/forward_scenario_30x30.pdf
  Saved: /cluster/home/gikaufmann/master_thesis/outputs/usa/results/forward/lgbm/forward_scenario_30x30.png

======================================================================
CREATING COUNTRY BREAKDOWN
======================================================================
  Skipping country breakdown — naturalearth boundaries not available

======================================================================
CREATING BIOME BREAKDOWN
======================================================================
  GSN raster: /cluster/scratch/gikaufmann/data/usa/ready/GSN/gsn_terrestrial_ecoregions_mask_1km.tif
  Saved: /cluster/home/gikaufmann/master_thesis/outputs/usa/results/forward/lgbm/forward_biome_breakdown.csv

======================================================================
GAP ANALYSIS (Biodiversity Capture Rate)
======================================================================
  NOTE: 'GSN_b1' column not found — using placeholder.
  Saved: /cluster/home/gikaufmann/master_thesis/outputs/usa/results/forward/lgbm/forward_gap_analysis.pdf
  Saved: /cluster/home/gikaufmann/master_thesis/outputs/usa/results/forward/lgbm/forward_gap_analysis.png

======================================================================
ECONOMIC EXPOSURE ANALYSIS
======================================================================
  NTL column detected:        none
  Population column detected: GPW
  Loading features: ['GPW'] …
  Saved: /cluster/home/gikaufmann/master_thesis/outputs/usa/results/forward/lgbm/forward_economic_exposure.csv
                      zone  n_pixels  area_km2  GPW_mean  GPW_median  GPW_p75
All unprotected (baseline)  12218241 7201908.0    46.035       0.818    8.331
             BAU risk zone       429     258.0     8.811       0.015    2.271
               Top 5% risk    610913  346194.0    24.826       0.418    3.802
               Top 1% risk    122183   70100.0    19.183       0.120    2.134

======================================================================
HOTSPOT ZOOM-IN MAPS
======================================================================
  Pacific Northwest: 1,267,155 pixels
  Rocky Mountains: 2,737,331 pixels
  Southeast: 962,838 pixels
  Saved: /cluster/home/gikaufmann/master_thesis/outputs/usa/results/forward/lgbm/forward_hotspot_maps.pdf
  Saved: /cluster/home/gikaufmann/master_thesis/outputs/usa/results/forward/lgbm/forward_hotspot_maps.png

Saved scenario summary: /cluster/home/gikaufmann/master_thesis/outputs/usa/results/forward/lgbm/forward_scenario_summary.json
W&B connected

======================================================================
FORWARD RESULTS COMPLETE
======================================================================
  [OK]  forward_probability_map.pdf
  [OK]  forward_risk_map_bau.pdf
  [OK]  forward_scenario_moderate.pdf
  [OK]  forward_scenario_30x30.pdf
  [OK]  forward_gap_analysis.pdf
  [MISSING]  forward_country_breakdown.csv
  [OK]  forward_biome_breakdown.csv
  [OK]  forward_economic_exposure.csv
  [OK]  forward_hotspot_maps.pdf
  [OK]  forward_scenario_summary.json
USA forward_results (LGBM) finished (exit code: 0)
