Many modules are hidden in this stack. Use "module --show_hidden spider SOFTWARE" if you are not able to find the required software

The following have been reloaded with a version change:
  1) cuda/12.1.1 => cuda/12.4.1

wandb: Currently logged in as: gikaufmann (gikaufmann-eth-z-rich) to https://api.wandb.ai. Use `wandb login --relogin` to force relogin
wandb: setting up run pszvmsar
wandb: Tracking run with wandb version 0.23.0
wandb: Run data is saved locally in /cluster/home/gikaufmann/master_thesis/wandb/run-20260329_134545-pszvmsar
wandb: Run `wandb offline` to turn off syncing.
wandb: Syncing run results_south_america_rf_20260329_134544
wandb: ⭐️ View project at https://wandb.ai/gikaufmann-eth-z-rich/forward
wandb: 🚀 View run at https://wandb.ai/gikaufmann-eth-z-rich/forward/runs/pszvmsar
Traceback (most recent call last):
  File "/cluster/home/gikaufmann/master_thesis/scripts/regions/south_america/8_forward/4_forward_results.py", line 24, in <module>
    run_region_forward("south_america", stage="results", model_type=model_type)
  File "/cluster/home/gikaufmann/master_thesis/scripts/regions/shared/forward/runner.py", line 65, in run_region_forward
    core_module.main()
  File "/cluster/home/gikaufmann/master_thesis/scripts/regions/shared/forward/results_core.py", line 1370, in main
    scored_path  = resolve_scored_parquet(model_output_dir)
                   ^^^^^^^^^^^^^^^^^^^^^^^^^^^^^^^^^^^^^^^^
  File "/cluster/home/gikaufmann/master_thesis/scripts/regions/shared/forward/results_core.py", line 106, in resolve_scored_parquet
    raise FileNotFoundError(
FileNotFoundError: forward_scored_2024.parquet not found in /cluster/home/gikaufmann/master_thesis/outputs/south_america/results/forward/rf.
Run predict_core (3_forward_predict.py) first.
srun: error: eu-a2p-382: task 0: Exited with exit code 1
