drwxr-xr-x 10 gikaufmann gikaufmann-group 4096 Mar 18 15:57 /cluster/home/gikaufmann/master_thesis
PWD = /cluster/home/gikaufmann/master_thesis

=========================================================================
Stage 0b: Training deployment model (2001-2019)...
=========================================================================
======================================================================
MODEL 1 LGBM — DEPLOYMENT MODEL (2001-2019)
======================================================================
  train:     /cluster/scratch/gikaufmann/data/south_america/ml/main/train_win5.parquet
  earlystop: /cluster/scratch/gikaufmann/data/south_america/ml/main/earlystop_win5.parquet
  test:      /cluster/scratch/gikaufmann/data/south_america/ml/main/test_win5.parquet
  params:    /cluster/home/gikaufmann/master_thesis/scripts/regions/south_america/5_training/lgbm_best_params.json

  num_boost_round (locked from JSON): 2555

  Feature columns: 73

======================================================================
STEP 1: TRAINING DEPLOYMENT MODEL (2001-2019)
======================================================================
  [Memory before loading deployment training data] RSS: 0.35 GB
  Pass 1: counting rows (deployment_train, years 2001–2019)…
    8,551,415 pos / 353,728,843 neg → capping neg to 100,000,000
    Using 108,551,415 samples (8,551,415 pos / 100,000,000 neg)
    0% — 200,000/108,551,415
    25% — 27,200,000/108,551,415
    50% — 54,400,000/108,551,415
    75% — 81,600,000/108,551,415
    100% — 108,551,415/108,551,415
  Loaded 108,551,415 rows in 2513.7s (100,000,000 neg / 8,551,415 pos)
  [Memory after loading deployment training data] RSS: 30.98 GB
  scale_pos_weight = 41.3649 (full pass-1 counts; loaded 100,000,000 neg / 8,551,415 pos)
  Training deployment model — 108,551,415 samples, 2555 rounds
    boosting_type: gbdt
    colsample_bynode: 0.5533445346791958
    colsample_bytree: 0.7
    is_unbalance: False
    learning_rate: 0.0422247011782185
    max_depth: 35
    metric: average_precision
    min_child_samples: 144
    min_split_gain: 0.003734373949593618
    num_leaves: 238
    num_threads: 32
    objective: binary
    path_smooth: 2.881526228955016
    random_state: 42
    reg_alpha: 1.8246601965129443
    reg_lambda: 2.475579682420576e-05
    scale_pos_weight: 41.364948724860156
    subsample: 0.9061122914959859
    subsample_freq: 1
    verbose: -1
  Done in 6602.4s
  [Memory after training deployment model] RSS: 32.51 GB

======================================================================
DEPLOYMENT CALIBRATION SPLIT
  Auxiliary model train: 2001–2016
  Calibration held-out:  2017–2019
======================================================================
  Pass 1: counting rows (aux_train, years 2001–2016)…
    8,171,351 pos / 306,413,400 neg → capping neg to 100,000,000
    Using 108,171,351 samples (8,171,351 pos / 100,000,000 neg)
    0% — 200,000/108,171,351
    25% — 27,200,000/108,171,351
    50% — 54,200,000/108,171,351
    75% — 81,200,000/108,171,351
    100% — 108,171,351/108,171,351
  Loaded 108,171,351 rows in 2455.5s (100,000,000 neg / 8,171,351 pos)
  scale_pos_weight = 37.4985 (full pass-1 counts; loaded 100,000,000 neg / 8,171,351 pos)
  Training auxiliary calibration model — 108,171,351 samples, 2555 rounds
    boosting_type: gbdt
    colsample_bynode: 0.5533445346791958
    colsample_bytree: 0.7
    is_unbalance: False
    learning_rate: 0.0422247011782185
    max_depth: 35
    metric: average_precision
    min_child_samples: 144
    min_split_gain: 0.003734373949593618
    num_leaves: 238
    num_threads: 32
    objective: binary
    path_smooth: 2.881526228955016
    random_state: 42
    reg_alpha: 1.8246601965129443
    reg_lambda: 2.475579682420576e-05
    scale_pos_weight: 37.498499330159724
    subsample: 0.9061122914959859
    subsample_freq: 1
    verbose: -1
