Many modules are hidden in this stack. Use "module --show_hidden spider SOFTWARE" if you are not able to find the required software

The following have been reloaded with a version change:
  1) cuda/12.1.1 => cuda/12.4.1

wandb: Currently logged in as: gikaufmann (gikaufmann-eth-z-rich) to https://api.wandb.ai. Use `wandb login --relogin` to force relogin
wandb: setting up run ywog7w59
wandb: Tracking run with wandb version 0.23.0
wandb: Run data is saved locally in /cluster/home/gikaufmann/master_thesis/wandb/run-20260325_045508-ywog7w59
wandb: Run `wandb offline` to turn off syncing.
wandb: Syncing run backtest_south_america_lgbm_T2017_20260325_045507
wandb: ⭐️ View project at https://wandb.ai/gikaufmann-eth-z-rich/forward
wandb: 🚀 View run at https://wandb.ai/gikaufmann-eth-z-rich/forward/runs/ywog7w59
wandb: updating run metadata; uploading wandb-metadata.json
wandb: updating run metadata; uploading data; uploading requirements.txt; uploading wandb-summary.json
wandb: uploading data; uploading config.yaml
wandb: uploading data
wandb: uploading history steps 0-0, summary
wandb: 
wandb: Run history:
wandb:                     backtest/base_rate ▁
wandb:                  backtest/clean_window ▁
wandb: backtest/forecast_capture_rate_top5pct ▁
wandb:                 backtest/lift_at_10pct ▁
wandb:                  backtest/lift_at_1pct ▁
wandb:                  backtest/lift_at_5pct ▁
wandb:                   backtest/n_evaluable ▁
wandb:                      backtest/n_pixels ▁
wandb:               backtest/n_pixels_scored ▁
wandb:                         backtest/n_pos ▁
wandb:                                    +10 ...
wandb: 
wandb: Run summary:
wandb:                     backtest/base_rate 0.00886
wandb:                  backtest/clean_window 0
wandb: backtest/forecast_capture_rate_top5pct 1
wandb:                 backtest/lift_at_10pct 10.0
wandb:                  backtest/lift_at_1pct 96.40636
wandb:                  backtest/lift_at_5pct 20.00001
wandb:                   backtest/n_evaluable 15790966
wandb:                      backtest/n_pixels 15790966
wandb:               backtest/n_pixels_scored 15790966
wandb:                         backtest/n_pos 139954
wandb:                                    +10 ...
wandb: 
wandb: 🚀 View run backtest_south_america_lgbm_T2017_20260325_045507 at: https://wandb.ai/gikaufmann-eth-z-rich/forward/runs/ywog7w59
wandb: ⭐️ View project at: https://wandb.ai/gikaufmann-eth-z-rich/forward
wandb: Synced 4 W&B file(s), 0 media file(s), 0 artifact file(s) and 0 other file(s)
wandb: Find logs at: ./wandb/run-20260325_045508-ywog7w59/logs
