Backtest task 0: origin year T=2013
drwxr-xr-x 10 gikaufmann gikaufmann-group 4096 Apr  3 22:47 /cluster/home/gikaufmann/master_thesis
PWD = /cluster/home/gikaufmann/master_thesis

=========================================================================
Running backtest for T=2013...
=========================================================================
Processing origin year T=2013 [LGBM]
  panel:        /cluster/scratch/gikaufmann/data/se_asia/ml/merged_panel_final.parquet
  split_paths:  ['/cluster/scratch/gikaufmann/data/se_asia/ml/main/train_win5.parquet', '/cluster/scratch/gikaufmann/data/se_asia/ml/main/earlystop_win5.parquet', '/cluster/scratch/gikaufmann/data/se_asia/ml/main/test_win5.parquet']
  feature_cols: 73

======================================================================
BACKTEST [LGBM]: origin year T=2013  (train 2001–2008, eval 2014–2018)
  Clean 5-year window: True
======================================================================
  [Memory start T=2013] RSS: 0.25 GB
  Found 418,458 pos + 34,130,222 neg → 34,548,680 total (full risk set)
    0% — 200,000/34,548,680
    25% — 8,800,000/34,548,680
    50% — 17,400,000/34,548,680
    75% — 26,000,000/34,548,680
    100% — 34,548,680/34,548,680
  Labels indexed — 34,548,680 rows, 178 batches queued (X not in RAM)
  Training data: 34,548,680 rows (418,458 pos / 34,130,222 neg)
