RF backtest task 0: origin year T=2013
drwxr-xr-x 10 gikaufmann gikaufmann-group 4096 Apr  3 22:47 /cluster/home/gikaufmann/master_thesis
PWD = /cluster/home/gikaufmann/master_thesis

=========================================================================
Running RF backtest for T=2013...
=========================================================================
W&B connected — run: https://wandb.ai/gikaufmann-eth-z-rich/forward/runs/szipfq96
Processing origin year T=2013 [RF]
  panel:        /cluster/scratch/gikaufmann/data/south_america/ml/merged_panel_final.parquet
  split_paths:  ['/cluster/scratch/gikaufmann/data/south_america/ml/main/train_win5.parquet', '/cluster/scratch/gikaufmann/data/south_america/ml/main/earlystop_win5.parquet', '/cluster/scratch/gikaufmann/data/south_america/ml/main/test_win5.parquet']
  feature_cols: 73

======================================================================
BACKTEST [RF]: origin year T=2013  (train 2001–2008, eval 2014–2018)
  Clean 5-year window: True
======================================================================
  [Memory start T=2013] RSS: 0.40 GB
  Found 6,042,308 pos + 131,531,849 neg → capping neg to 40,000,000 (MAX_NEG_TRAIN)
  Using 46,042,308 samples (6,042,308 pos / 40,000,000 neg)
  Training data: 46,042,308 rows (6,042,308 pos / 40,000,000 neg)
  RF training: 46,042,308 samples (6,042,308 pos / 40,000,000 neg), n_estimators=300
    bootstrap: True
    class_weight: balanced_subsample
    max_depth: 30
    max_features: sqrt
    min_samples_leaf: 1
    min_samples_split: 22
    n_estimators: 300
    n_jobs: 32
    random_state: 42
  Training done in 9003.4s
  [Memory after training T=2013] RSS: 3.62 GB

Loading year-T=2013 inference rows (WDPA_prev==0 AND WDPA==0)…
  15,942,154 inference pixels at T=2013
  Reconstructing 5-year labels from years 2014–2018…

Scoring 15,942,154 pixels…

  T=2013, window [2014–2018]
    n=15,942,154, pos=217,489 (1.3642%)
    ROC-AUC: 0.7032  PR-AUC: 0.1150
    P@1%: 0.2765  R@1%: 0.2027  Lift: 20.27x
    P@5%: 0.1007  R@5%: 0.3691  Lift: 7.38x
    P@10%: 0.0613  R@10%: 0.4494  Lift: 4.49x
    Forecast Capture Rate (top 5%): 0.3691

  T=2013 FP map: top-5% → 80,269 TP, 716,840 FP (precision=0.101)
Loading South America boundary from URL...
  Successfully loaded from https://naciscdn.org/naturalearth/110m/cultural/ne_110m_admin_0_countries.zip
  Found South America boundary with 12 feature(s) in EPSG:4326
  Backbone background plotted from: /cluster/scratch/gikaufmann/data/south_america/ready/backbone/backbone.tif
  Backbone background plotted from: /cluster/scratch/gikaufmann/data/south_america/ready/backbone/backbone.tif
  Saved: /cluster/scratch/gikaufmann/outputs/south_america/results/forward/rf/forward_backtest_T2013_false_positives.pdf

Saved: /cluster/scratch/gikaufmann/outputs/south_america/results/forward/rf/forward_backtest_T2013.json
RF backtest T=2013 finished (exit code: 0)

Task 0 (T=2013) done. After all 4 tasks finish, aggregate with:
  sbatch slurm/south_america/forward_backtest_aggregate_rf.slurm
