USA LGBM backtest task 0: origin year T=2013
drwxr-xr-x 10 gikaufmann gikaufmann-group 4096 Mar 18 15:57 /cluster/home/gikaufmann/master_thesis
PWD = /cluster/home/gikaufmann/master_thesis

=========================================================================
Running USA LGBM backtest for T=2013...
=========================================================================
Processing origin year T=2013 [LGBM]
  panel:        /cluster/scratch/gikaufmann/data/usa/ml/merged_panel_final.parquet
  split_paths:  ['/cluster/scratch/gikaufmann/data/usa/ml/main/train_win5.parquet', '/cluster/scratch/gikaufmann/data/usa/ml/main/earlystop_win5.parquet', '/cluster/scratch/gikaufmann/data/usa/ml/main/test_win5.parquet']
  feature_cols: 73

======================================================================
BACKTEST [LGBM]: origin year T=2013  (train 2001–2012, eval 2014–2018)
  Clean 5-year window: True
======================================================================
  [Memory start T=2013] RSS: 0.32 GB
  Found 264,768 pos + 147,364,817 neg, neg capped at 20,000,000 → 20,264,768 total
  Training data: 20,264,768 rows (264,768 pos / 20,000,000 neg)
  Training done in 1439.7s
  [Memory after training T=2013] RSS: 1.16 GB

Loading year-T=2013 inference rows (WDPA_prev==0 AND WDPA==0)…
  12,243,013 inference pixels at T=2013
  Reconstructing 5-year labels from years 2014–2018…

Scoring 12,243,013 pixels…

  T=2013, window [2014–2018]
    n=12,243,013, pos=17,624 (0.1440%)
    ROC-AUC: 0.9948  PR-AUC: 0.8898
    P@1%: 0.1425  R@1%: 0.9900  Lift: 99.00x
    P@5%: 0.0285  R@5%: 0.9910  Lift: 19.82x
    P@10%: 0.0143  R@10%: 0.9913  Lift: 9.91x
    Forecast Capture Rate (top 5%): 0.9910

  T=2013 FP map: top-5% → 17,466 TP, 594,686 FP (precision=0.029)
  Saved: /cluster/home/gikaufmann/master_thesis/outputs/usa/results/forward/lgbm/forward_backtest_T2013_false_positives.pdf

Saved: /cluster/home/gikaufmann/master_thesis/outputs/usa/results/forward/lgbm/forward_backtest_T2013.json
W&B connected
USA LGBM backtest T=2013 finished (exit code: 0)
