USA RF backtest task 1: origin year T=2015
drwxr-xr-x 10 gikaufmann gikaufmann-group 4096 Mar 18 15:57 /cluster/home/gikaufmann/master_thesis
PWD = /cluster/home/gikaufmann/master_thesis

=========================================================================
Running USA RF backtest for T=2015...
=========================================================================
Processing origin year T=2015 [RF]
  panel:        /cluster/scratch/gikaufmann/data/usa/ml/merged_panel_final.parquet
  split_paths:  ['/cluster/scratch/gikaufmann/data/usa/ml/main/train_win5.parquet', '/cluster/scratch/gikaufmann/data/usa/ml/main/earlystop_win5.parquet', '/cluster/scratch/gikaufmann/data/usa/ml/main/test_win5.parquet']
  feature_cols: 73

======================================================================
BACKTEST [RF]: origin year T=2015  (train 2001–2014, eval 2016–2019)
  Clean 5-year window: False
======================================================================
  [Memory start T=2015] RSS: 0.32 GB
  Training data: 184,451,642 rows (311,772 pos / 184,139,870 neg)
  RF training: 184,451,642 samples (311,772 pos / 184,139,870 neg), n_estimators=500
    bootstrap: True
    class_weight: balanced_subsample
    max_depth: None
    max_features: sqrt
    min_samples_leaf: 7
    min_samples_split: 23
    n_estimators: 500
    n_jobs: 32
    random_state: 42
USA RF backtest T=2015 finished (exit code: 1)
