USA RF backtest task 0: origin year T=2013
drwxr-xr-x 10 gikaufmann gikaufmann-group 4096 Apr  3 22:47 /cluster/home/gikaufmann/master_thesis
PWD = /cluster/home/gikaufmann/master_thesis

=========================================================================
Running USA RF backtest for T=2013...
=========================================================================
W&B connected — run: https://wandb.ai/gikaufmann-eth-z-rich/forward/runs/mfk9x224
Processing origin year T=2013 [RF]
  panel:        /cluster/scratch/gikaufmann/data/usa/ml/merged_panel_final.parquet
  split_paths:  ['/cluster/scratch/gikaufmann/data/usa/ml/main/train_win5.parquet', '/cluster/scratch/gikaufmann/data/usa/ml/main/earlystop_win5.parquet', '/cluster/scratch/gikaufmann/data/usa/ml/main/test_win5.parquet']
  feature_cols: 73

======================================================================
BACKTEST [RF]: origin year T=2013  (train 2001–2008, eval 2014–2018)
  Clean 5-year window: True
======================================================================
  [Memory start T=2013] RSS: 0.36 GB
  Found 180,876 pos + 98,314,217 neg → capping neg to 30,000,000 (MAX_NEG_TRAIN)
  Using 30,180,876 samples (180,876 pos / 30,000,000 neg)
  Training data: 30,180,876 rows (180,876 pos / 30,000,000 neg)
  RF training: 30,180,876 samples (180,876 pos / 30,000,000 neg), n_estimators=300
    bootstrap: True
    class_weight: balanced_subsample
    max_depth: None
    max_features: sqrt
    min_samples_leaf: 7
    min_samples_split: 23
    n_estimators: 300
    n_jobs: 32
    random_state: 42
  Training done in 5080.2s
  [Memory after training T=2013] RSS: 3.10 GB

Loading year-T=2013 inference rows (WDPA_prev==0 AND WDPA==0)…
  12,243,013 inference pixels at T=2013
  Reconstructing 5-year labels from years 2014–2018…

Scoring 12,243,013 pixels…

  T=2013, window [2014–2018]
    n=12,243,013, pos=17,624 (0.1440%)
    ROC-AUC: 0.5714  PR-AUC: 0.0023
    P@1%: 0.0054  R@1%: 0.0375  Lift: 3.75x
    P@5%: 0.0039  R@5%: 0.1344  Lift: 2.69x
    P@10%: 0.0030  R@10%: 0.2090  Lift: 2.09x
    Forecast Capture Rate (top 5%): 0.1344

  T=2013 FP map: top-5% → 2,368 TP, 609,783 FP (precision=0.004)
Loading USA boundary from URL...
  Successfully loaded from https://naciscdn.org/naturalearth/110m/cultural/ne_110m_admin_0_countries.zip
  Clipped USA boundary to CONUS extent (-125, -66)/(24, 50)
  Found USA boundary with 1 feature(s) in EPSG:4326
  Backbone background plotted from: /cluster/scratch/gikaufmann/data/usa/ready/backbone/backbone.tif
  Backbone background plotted from: /cluster/scratch/gikaufmann/data/usa/ready/backbone/backbone.tif
  Saved: /cluster/scratch/gikaufmann/outputs/usa/results/forward/rf/forward_backtest_T2013_false_positives.pdf

Saved: /cluster/scratch/gikaufmann/outputs/usa/results/forward/rf/forward_backtest_T2013.json
USA RF backtest T=2013 finished (exit code: 0)

Task 0 (T=2013) done. After all 4 tasks finish, aggregate with:
  sbatch slurm/usa/forward_backtest_aggregate_rf.slurm
