drwxr-xr-x 10 gikaufmann gikaufmann-group 4096 Mar 18 15:57 /cluster/home/gikaufmann/master_thesis
PWD = /cluster/home/gikaufmann/master_thesis

=========================================================================
Stage 0a: Computing South America coverage baseline...
=========================================================================

======================================================================
COMPUTING SOUTH AMERICA COVERAGE BASELINE
======================================================================

Reading backbone raster: /cluster/scratch/gikaufmann/data/south_america/ready/backbone/backbone.tif
  Pixel size:  1000.00 m
  CRS:         LOCAL_CS["WGS 84 / Pseudo-Mercator",UNIT["metre",1,AUTHORITY["EPSG","9001"]],AXIS["Easting",EAST],AXIS["Northing",NORTH]]
  Shape:       9172 × 8974
  Transform:   | 1000.00, 0.00,-12185000.00|
| 0.00,-1000.00, 1505000.00|
| 0.00, 0.00, 1.00|
  Total South America land pixels: 20,785,671
  y range: [-7666500, 1504500] m (EPSG:3857)

  Total South America area (latitude-corrected): 17,863,847 km²

Reading WDPA 2024 raster: /cluster/scratch/gikaufmann/data/south_america/ready/WDPA/WDPA_SA_1km_2024.tif
  CRS:   EPSG:3857
  Shape: 9047 × 8975
  WARNING: WDPA shape (9047, 8975) != backbone shape (9172, 8974). Clipping to minimum common shape.
  Protected 2024 pixels: 5,072,461
  Protected area 2024: 4,567,119 km² (25.6%)

Reading WDPA 2019 raster for BAU baseline: /cluster/scratch/gikaufmann/data/south_america/ready/WDPA/WDPA_SA_1km_2019.tif
  Protected 2019: 4,512,767 km²
  BAU volume (2019→2024): 54,352 km² over 5 years

  Scenario thresholds:
    Moderate target (27.8%, midpoint current→30%): 396,017 km² additional protection needed
    30% target: 792,035 km² additional protection needed

  Computing per-country area stats (raster-based)...
    ARG (Argentina): total=2,775,676 km², protected=282,367 km² (10.2%)
    CHL (Chile): total=759,505 km², protected=202,031 km² (26.6%)
    URY (Uruguay): total=177,081 km², protected=13,458 km² (7.6%)
    BRA (Brazil): total=8,521,553 km², protected=2,600,460 km² (30.5%)
    BOL (Bolivia): total=1,091,310 km², protected=259,398 km² (23.8%)
    PER (Peru): total=1,300,291 km², protected=246,329 km² (18.9%)
    COL (Colombia): total=1,151,369 km², protected=204,143 km² (17.7%)
    VEN (Venezuela): total=906,575 km², protected=509,327 km² (56.2%)
    GUY (Guyana): total=211,165 km², protected=19,334 km² (9.2%)
    SUR (Suriname): total=144,854 km², protected=23,124 km² (16.0%)
    ECU (Ecuador): total=249,532 km², protected=53,341 km² (21.4%)
    PRY (Paraguay): total=403,153 km², protected=71,174 km² (17.7%)

Saved: /cluster/home/gikaufmann/master_thesis/outputs/south_america/results/forward/forward_coverage_baseline.json
W&B connected — run: https://wandb.ai/gikaufmann-eth-z-rich/forward/runs/dde2f0ar
W&B logged: total_land_km2=1.786e+07, protected_2024_km2=4.567e+06, coverage_pct_2024=0.2557, km2_needed_for_30pct=7.92e+05, moderate_target_pct=0.2778, bau_km2=5.435e+04
forward_coverage (SA) finished (exit code: 0)
