RF backtest task 2: origin year T=2017
drwxr-xr-x 10 gikaufmann gikaufmann-group 4096 Apr  3 22:47 /cluster/home/gikaufmann/master_thesis
PWD = /cluster/home/gikaufmann/master_thesis

=========================================================================
Running RF backtest for T=2017...
=========================================================================
W&B connected — run: https://wandb.ai/gikaufmann-eth-z-rich/forward/runs/a5fli9mx
Processing origin year T=2017 [RF]
  panel:        /cluster/scratch/gikaufmann/data/south_america/ml/merged_panel_final.parquet
  split_paths:  ['/cluster/scratch/gikaufmann/data/south_america/ml/main/train_win5.parquet', '/cluster/scratch/gikaufmann/data/south_america/ml/main/earlystop_win5.parquet', '/cluster/scratch/gikaufmann/data/south_america/ml/main/test_win5.parquet']
  feature_cols: 73

======================================================================
BACKTEST [RF]: origin year T=2017  (train 2001–2012, eval 2018–2022)
  Clean 5-year window: True
======================================================================
  [Memory start T=2017] RSS: 0.40 GB
  Found 6,644,100 pos + 195,716,810 neg → capping neg to 40,000,000 (MAX_NEG_TRAIN)
  Using 46,644,100 samples (6,644,100 pos / 40,000,000 neg)
  Training data: 46,644,100 rows (6,644,100 pos / 40,000,000 neg)
  RF training: 46,644,100 samples (6,644,100 pos / 40,000,000 neg), n_estimators=300
    bootstrap: True
    class_weight: balanced_subsample
    max_depth: 30
    max_features: sqrt
    min_samples_leaf: 1
    min_samples_split: 22
    n_estimators: 300
    n_jobs: 32
    random_state: 42
  Training done in 8698.0s
  [Memory after training T=2017] RSS: 3.91 GB

Loading year-T=2017 inference rows (WDPA_prev==0 AND WDPA==0)…
  15,790,966 inference pixels at T=2017
  Reconstructing 5-year labels from years 2018–2022…

Scoring 15,790,966 pixels…

  T=2017, window [2018–2019]
    n=15,790,966, pos=189,449 (1.1997%)
    ROC-AUC: 0.6572  PR-AUC: 0.0293
    P@1%: 0.0881  R@1%: 0.0734  Lift: 7.34x
    P@5%: 0.0423  R@5%: 0.1762  Lift: 3.52x
    P@10%: 0.0315  R@10%: 0.2627  Lift: 2.63x
    Forecast Capture Rate (top 5%): 0.1762

  T=2017 FP map: top-5% → 33,382 TP, 756,167 FP (precision=0.042)
Loading South America boundary from URL...
  Successfully loaded from https://naciscdn.org/naturalearth/110m/cultural/ne_110m_admin_0_countries.zip
  Found South America boundary with 12 feature(s) in EPSG:4326
  Backbone background plotted from: /cluster/scratch/gikaufmann/data/south_america/ready/backbone/backbone.tif
  Backbone background plotted from: /cluster/scratch/gikaufmann/data/south_america/ready/backbone/backbone.tif
  Saved: /cluster/scratch/gikaufmann/outputs/south_america/results/forward/rf/forward_backtest_T2017_false_positives.pdf

Saved: /cluster/scratch/gikaufmann/outputs/south_america/results/forward/rf/forward_backtest_T2017.json
RF backtest T=2017 finished (exit code: 0)

Task 2 (T=2017) done. After all 4 tasks finish, aggregate with:
  sbatch slurm/south_america/forward_backtest_aggregate_rf.slurm
