Many modules are hidden in this stack. Use "module --show_hidden spider SOFTWARE" if you are not able to find the required software

The following have been reloaded with a version change:
  1) cuda/12.1.1 => cuda/12.4.1

wandb: Currently logged in as: gikaufmann (gikaufmann-eth-z-rich) to https://api.wandb.ai. Use `wandb login --relogin` to force relogin
wandb: setting up run hut0v3nx
wandb: Tracking run with wandb version 0.23.0
wandb: Run data is saved locally in /cluster/home/gikaufmann/master_thesis/wandb/run-20260325_080802-hut0v3nx
wandb: Run `wandb offline` to turn off syncing.
wandb: Syncing run backtest_south_america_lgbm_T2019_20260325_080801
wandb: ⭐️ View project at https://wandb.ai/gikaufmann-eth-z-rich/forward
wandb: 🚀 View run at https://wandb.ai/gikaufmann-eth-z-rich/forward/runs/hut0v3nx
wandb: updating run metadata
wandb: updating run metadata; uploading requirements.txt; uploading summary; uploading wandb-summary.json
wandb: uploading summary
wandb: uploading history steps 0-0, summary
wandb: 
wandb: Run history:
wandb:    backtest/clean_window ▁
wandb:     backtest/n_evaluable ▁
wandb: backtest/n_pixels_scored ▁
wandb: backtest/n_pos_evaluable ▁
wandb:     backtest/origin_year ▁
wandb: 
wandb: Run summary:
wandb:    backtest/clean_window 0
wandb:     backtest/n_evaluable 0
wandb: backtest/n_pixels_scored 15651012
wandb: backtest/n_pos_evaluable 0
wandb:     backtest/origin_year 2019
wandb: 
wandb: 🚀 View run backtest_south_america_lgbm_T2019_20260325_080801 at: https://wandb.ai/gikaufmann-eth-z-rich/forward/runs/hut0v3nx
wandb: ⭐️ View project at: https://wandb.ai/gikaufmann-eth-z-rich/forward
wandb: Synced 4 W&B file(s), 0 media file(s), 0 artifact file(s) and 0 other file(s)
wandb: Find logs at: ./wandb/run-20260325_080802-hut0v3nx/logs
