Many modules are hidden in this stack. Use "module --show_hidden spider SOFTWARE" if you are not able to find the required software

The following have been reloaded with a version change:
  1) cuda/12.1.1 => cuda/12.4.1

wandb: Currently logged in as: gikaufmann (gikaufmann-eth-z-rich) to https://api.wandb.ai. Use `wandb login --relogin` to force relogin
wandb: setting up run qiwabqcz
wandb: Tracking run with wandb version 0.23.0
wandb: Run data is saved locally in /cluster/home/gikaufmann/master_thesis/wandb/run-20260326_224640-qiwabqcz
wandb: Run `wandb offline` to turn off syncing.
wandb: Syncing run deploy_lgbm_south_america_20260326_224638
wandb:  View project at https://wandb.ai/gikaufmann-eth-z-rich/forward
wandb:  View run at https://wandb.ai/gikaufmann-eth-z-rich/forward/runs/qiwabqcz
wandb: updating run metadata
wandb: uploading history steps 3-4, summary, console lines 101-104
wandb: 
wandb: Run history:
wandb:     deployment/deploy_n_neg ▁▁
wandb:     deployment/deploy_n_pos ▁▁
wandb:       deployment/n_features ▁▁
wandb: deployment/scale_pos_weight ▁▁
wandb:     deployment/total_time_s ▁
wandb: 
wandb: Run summary:
wandb:     deployment/deploy_n_neg 353728843.0
wandb:     deployment/deploy_n_pos 8551415.0
wandb:       deployment/n_features 73
wandb: deployment/scale_pos_weight 41.36495
wandb:            deployment/stage done
wandb:     deployment/total_time_s 34812.4
wandb: 
wandb:  View run deploy_lgbm_south_america_20260326_224638 at: https://wandb.ai/gikaufmann-eth-z-rich/forward/runs/qiwabqcz
wandb:  View project at: https://wandb.ai/gikaufmann-eth-z-rich/forward
wandb: Synced 5 W&B file(s), 0 media file(s), 0 artifact file(s) and 0 other file(s)
wandb: Find logs at: ./wandb/run-20260326_224640-qiwabqcz/logs
srun: Step created for StepId=61507526.1
wandb: Currently logged in as: gikaufmann (gikaufmann-eth-z-rich) to https://api.wandb.ai. Use `wandb login --relogin` to force relogin
wandb: setting up run c7dhusxc
wandb: Tracking run with wandb version 0.23.0
wandb: Run data is saved locally in /cluster/home/gikaufmann/master_thesis/wandb/run-20260327_082706-c7dhusxc
wandb: Run `wandb offline` to turn off syncing.
wandb: Syncing run features_south_america_20260327_082703
wandb: ⭐️ View project at https://wandb.ai/gikaufmann-eth-z-rich/forward
wandb: 🚀 View run at https://wandb.ai/gikaufmann-eth-z-rich/forward/runs/c7dhusxc
wandb: updating run metadata
wandb: updating run metadata; uploading wandb-summary.json
wandb: uploading config.yaml
wandb: uploading history steps 7-8, summary, console lines 18-23
wandb: 
wandb: Run history:
wandb: features/n_feature_cols ▁▁
wandb:         features/n_rows ▁
wandb:  features/n_rows_target ▁
wandb: features/n_rows_written ▁▃▅▆█
wandb:   features/progress_pct ▁▃▅▆█
wandb: 
wandb: Run summary:
wandb: features/n_feature_cols 73
wandb:         features/n_rows 15591767
wandb:  features/n_rows_target 15591767
wandb: features/n_rows_written 15591767
wandb:    features/output_path /cluster/home/gikauf...
wandb:     features/panel_path /cluster/scratch/gik...
wandb:   features/progress_pct 100
wandb:          features/stage done
wandb: 
wandb: 🚀 View run features_south_america_20260327_082703 at: https://wandb.ai/gikaufmann-eth-z-rich/forward/runs/c7dhusxc
wandb: ⭐️ View project at: https://wandb.ai/gikaufmann-eth-z-rich/forward
wandb: Synced 5 W&B file(s), 0 media file(s), 0 artifact file(s) and 0 other file(s)
wandb: Find logs at: ./wandb/run-20260327_082706-c7dhusxc/logs
srun: Step created for StepId=61507526.2
wandb: Currently logged in as: gikaufmann (gikaufmann-eth-z-rich) to https://api.wandb.ai. Use `wandb login --relogin` to force relogin
wandb: setting up run uop8axzr
wandb: Tracking run with wandb version 0.23.0
wandb: Run data is saved locally in /cluster/home/gikaufmann/master_thesis/wandb/run-20260327_082918-uop8axzr
wandb: Run `wandb offline` to turn off syncing.
wandb: Syncing run predict_south_america_lgbm_20260327_082916
wandb: ⭐️ View project at https://wandb.ai/gikaufmann-eth-z-rich/forward
wandb: 🚀 View run at https://wandb.ai/gikaufmann-eth-z-rich/forward/runs/uop8axzr
wandb: updating run metadata
wandb: uploading wandb-summary.json
wandb: uploading history steps 12-13, summary, console lines 41-53
wandb: 
wandb: Run history:
wandb:         inference/n_pixels ▁
wandb:  inference/n_pixels_target ▁
wandb: inference/n_pixels_written ▁▂▂▃▄▄▅▆▇▇█
wandb:         inference/prob_max ▁
wandb:        inference/prob_mean ▁
wandb:         inference/prob_min ▁
wandb:         inference/prob_p50 ▁
wandb:         inference/prob_p95 ▁
wandb:         inference/prob_p99 ▁
wandb:     inference/progress_pct ▁▂▂▃▄▄▅▆▇▇█
wandb: 
wandb: Run summary:
wandb:         inference/n_pixels 15591767
wandb:  inference/n_pixels_target 15591767
wandb: inference/n_pixels_written 15591767
wandb:         inference/prob_max 0.98219
wandb:        inference/prob_mean 0.00302
wandb:         inference/prob_min 0.00011
wandb:         inference/prob_p50 0.00164
wandb:         inference/prob_p95 0.00861
wandb:         inference/prob_p99 0.02257
wandb:     inference/progress_pct 100
wandb:                         +1 ...
wandb: 
wandb: 🚀 View run predict_south_america_lgbm_20260327_082916 at: https://wandb.ai/gikaufmann-eth-z-rich/forward/runs/uop8axzr
wandb: ⭐️ View project at: https://wandb.ai/gikaufmann-eth-z-rich/forward
wandb: Synced 5 W&B file(s), 0 media file(s), 0 artifact file(s) and 0 other file(s)
wandb: Find logs at: ./wandb/run-20260327_082918-uop8axzr/logs
