Backtest task 2: origin year T=2017
drwxr-xr-x 10 gikaufmann gikaufmann-group 4096 Apr  3 22:47 /cluster/home/gikaufmann/master_thesis
PWD = /cluster/home/gikaufmann/master_thesis

=========================================================================
Running backtest for T=2017...
=========================================================================
W&B connected — run: https://wandb.ai/gikaufmann-eth-z-rich/forward/runs/0bov6xl5
Processing origin year T=2017 [LGBM]
  panel:        /cluster/scratch/gikaufmann/data/south_america/ml/merged_panel_final.parquet
  split_paths:  ['/cluster/scratch/gikaufmann/data/south_america/ml/main/train_win5.parquet', '/cluster/scratch/gikaufmann/data/south_america/ml/main/earlystop_win5.parquet', '/cluster/scratch/gikaufmann/data/south_america/ml/main/test_win5.parquet']
  feature_cols: 73

======================================================================
BACKTEST [LGBM]: origin year T=2017  (train 2001–2012, eval 2018–2022)
  Clean 5-year window: True
======================================================================
  [Memory start T=2017] RSS: 0.40 GB
  Found 6,644,100 pos + 195,716,810 neg → 202,360,910 total (full risk set)
    0% — 200,000/202,360,910
    25% — 50,600,000/202,360,910
    50% — 101,200,000/202,360,910
    75% — 151,800,000/202,360,910
    100% — 202,360,910/202,360,910
  Labels indexed — 202,360,910 rows, 1025 batches queued (X not in RAM)
  Training data: 202,360,910 rows (6,644,100 pos / 195,716,810 neg)
  Training done in 10063.9s
  [Memory after training T=2017] RSS: 1.87 GB

Loading year-T=2017 inference rows (WDPA_prev==0 AND WDPA==0)…
  15,790,966 inference pixels at T=2017
  Reconstructing 5-year labels from years 2018–2022…

Scoring 15,790,966 pixels…

  T=2017, window [2018–2019]
    n=15,790,966, pos=189,449 (1.1997%)
    ROC-AUC: 0.4593  PR-AUC: 0.0125
    P@1%: 0.0199  R@1%: 0.0166  Lift: 1.66x
    P@5%: 0.0173  R@5%: 0.0722  Lift: 1.44x
    P@10%: 0.0155  R@10%: 0.1292  Lift: 1.29x
    Forecast Capture Rate (top 5%): 0.0722

  T=2017 FP map: top-5% → 13,685 TP, 775,864 FP (precision=0.017)
Loading South America boundary from URL...
  Successfully loaded from https://naciscdn.org/naturalearth/110m/cultural/ne_110m_admin_0_countries.zip
  Found South America boundary with 12 feature(s) in EPSG:4326
  Backbone background plotted from: /cluster/scratch/gikaufmann/data/south_america/ready/backbone/backbone.tif
  Backbone background plotted from: /cluster/scratch/gikaufmann/data/south_america/ready/backbone/backbone.tif
  Saved: /cluster/scratch/gikaufmann/outputs/south_america/results/forward/lgbm/forward_backtest_T2017_false_positives.pdf

Saved: /cluster/scratch/gikaufmann/outputs/south_america/results/forward/lgbm/forward_backtest_T2017.json
Backtest T=2017 finished (exit code: 0)

Task 2 (T=2017) done. After all 4 tasks finish, aggregate with:
  sbatch slurm/south_america/forward_backtest_aggregate.slurm
