Many modules are hidden in this stack. Use "module --show_hidden spider SOFTWARE" if you are not able to find the required software

The following have been reloaded with a version change:
  1) cuda/12.1.1 => cuda/12.4.1

wandb: Currently logged in as: gikaufmann (gikaufmann-eth-z-rich) to https://api.wandb.ai. Use `wandb login --relogin` to force relogin
wandb: setting up run bhx9fq3d
wandb: Tracking run with wandb version 0.23.0
wandb: Run data is saved locally in /cluster/scratch/gikaufmann/wandb/wandb/run-20260406_081441-bhx9fq3d
wandb: Run `wandb offline` to turn off syncing.
wandb: Syncing run backtest_usa_rf_20260406_081438
wandb: ⭐️ View project at https://wandb.ai/gikaufmann-eth-z-rich/forward
wandb: 🚀 View run at https://wandb.ai/gikaufmann-eth-z-rich/forward/runs/bhx9fq3d
wandb: updating run metadata
wandb: uploading wandb-summary.json
wandb: uploading history steps 0-0, summary, console lines 0-4
wandb: 
wandb: Run history:
wandb: backtest/n_origins_aggregated ▁
wandb: 
wandb: Run summary:
wandb: backtest/n_origins_aggregated 4
wandb:                backtest/stage aggregate_done
wandb: 
wandb: 🚀 View run backtest_usa_rf_20260406_081438 at: https://wandb.ai/gikaufmann-eth-z-rich/forward/runs/bhx9fq3d
wandb: ⭐️ View project at: https://wandb.ai/gikaufmann-eth-z-rich/forward
wandb: Synced 5 W&B file(s), 0 media file(s), 0 artifact file(s) and 0 other file(s)
wandb: Find logs at: /cluster/scratch/gikaufmann/wandb/wandb/run-20260406_081441-bhx9fq3d/logs
