drwxr-xr-x 10 gikaufmann gikaufmann-group 4096 Mar 28 15:24 /cluster/home/gikaufmann/master_thesis
PWD = /cluster/home/gikaufmann/master_thesis

=========================================================================
Stage 3: Generating forward results (RF)...
=========================================================================
W&B connected — run: https://wandb.ai/gikaufmann-eth-z-rich/forward_results/runs/28nzebuw
======================================================================
FORWARD RESULTS — MAPS, SCENARIOS, BREAKDOWNS, GAP ANALYSIS (RF)
======================================================================
  Forward output root: /cluster/scratch/gikaufmann/outputs/se_asia/results/forward
  Pixel size from backbone: 1000.00 m
  Using pixel_size_m from coverage baseline: 1000.00 m

Loading scored parquet: forward_scored_2024.parquet
  4,067,149 rows
  Columns: ['row', 'col', 'x', 'y', 'y_pred_proba_raw', 'y_pred_proba_calibrated']

======================================================================
MODEL AGREEMENT MAP (top 1%: LGBM vs RF)
======================================================================
  LGBM scored: /cluster/scratch/gikaufmann/outputs/se_asia/results/forward/lgbm/forward_scored_2024.parquet
  RF scored:   /cluster/scratch/gikaufmann/outputs/se_asia/results/forward/rf/forward_scored_2024.parquet
  Counts (overlap pixels): both=11,321, lgbm_only=29,351, rf_only=29,351
  Agreement (Jaccard on top sets): 0.162
  Backbone background plotted from: /cluster/scratch/gikaufmann/data/se_asia/ready/backbone/backbone.tif
  Saved: /cluster/scratch/gikaufmann/outputs/se_asia/results/forward/model_agreement_top1pct.png
  Saved: /cluster/scratch/gikaufmann/outputs/se_asia/results/forward/model_agreement_top1pct.pdf
  Saved: /cluster/scratch/gikaufmann/outputs/se_asia/results/forward/model_agreement_top1pct.json
  Joined GSN_b1 from features parquet (forward_features_2024.parquet): 4,067,149 non-null values
  Joined GSN_b2 from features parquet (forward_features_2024.parquet): 4,067,149 non-null values

  Total unprotected 2024 pixels: 4,067,149
  Total unprotected 2024 area:   3,864,910 km²
  Baseline total land km²:        4,563,860
  Baseline protected 2024 km²:   640,247
  Baseline coverage 2024:        14.03%

Computing scenario cutoffs…
  BAU (historical 2019→2024 volume): target 11,188 km² → top 12,201 pixels (11,188 km²), cutoff p=0.072875
  Moderate (→22.0%): target 364,455 km² → top 374,158 pixels (364,456 km²), cutoff p=0.003551
  30x30 Full    (→30%): target 728,910 km² → top 742,846 pixels (728,911 km²), cutoff p=0.002380

======================================================================
CREATING PROBABILITY MAP (BAU forecast)
======================================================================
  Probability colour scaling: sqrt, percentiles 32–98, γ=1.12
  Raster shape: (4553, 5439), extent (3857): (10260000.0, 15699000.0, -1234000.0, 3319000.0)
  Backbone background plotted from: /cluster/scratch/gikaufmann/data/se_asia/ready/backbone/backbone.tif
  Saved: /cluster/scratch/gikaufmann/outputs/se_asia/results/forward/rf/probability_map.png
  Saved: /cluster/scratch/gikaufmann/outputs/se_asia/results/forward/rf/probability_map.pdf

======================================================================
CREATING SCENARIO MAPS
======================================================================

  bau: 12,201 pixels, 11,188 km², → coverage 14.27%
  Backbone background plotted from: /cluster/scratch/gikaufmann/data/se_asia/ready/backbone/backbone.tif
  Saved: /cluster/scratch/gikaufmann/outputs/se_asia/results/forward/rf/risk_map_bau.png
  Saved: /cluster/scratch/gikaufmann/outputs/se_asia/results/forward/rf/risk_map_bau.pdf

  moderate: 374,158 pixels, 364,140 km², → coverage 22.01%
  Backbone background plotted from: /cluster/scratch/gikaufmann/data/se_asia/ready/backbone/backbone.tif
  Saved: /cluster/scratch/gikaufmann/outputs/se_asia/results/forward/rf/scenario_moderate.png
  Saved: /cluster/scratch/gikaufmann/outputs/se_asia/results/forward/rf/scenario_moderate.pdf

  30x30: 742,846 pixels, 727,382 km², → coverage 29.97%
  Backbone background plotted from: /cluster/scratch/gikaufmann/data/se_asia/ready/backbone/backbone.tif
  Saved: /cluster/scratch/gikaufmann/outputs/se_asia/results/forward/rf/scenario_30x30.png
  Saved: /cluster/scratch/gikaufmann/outputs/se_asia/results/forward/rf/scenario_30x30.pdf

======================================================================
FEATURE IMPORTANCE PLOT (RF)
======================================================================
  Artifact: /cluster/scratch/gikaufmann/data/se_asia/ml/models/model3_rf_deployment_20260331_061857.pkl
  Saved: /cluster/scratch/gikaufmann/outputs/se_asia/results/forward/rf/feature_importance_rf.png
  Saved: /cluster/scratch/gikaufmann/outputs/se_asia/results/forward/rf/feature_importance_rf.pdf

======================================================================
CREATING COUNTRY BREAKDOWN
======================================================================
  Joining 4,067,149 pixels to country boundaries…
  Saved: /cluster/scratch/gikaufmann/outputs/se_asia/results/forward/rf/country_breakdown.csv
  Saved: /cluster/scratch/gikaufmann/outputs/se_asia/results/forward/rf/country_breakdown.tex

======================================================================
CREATING BIOME BREAKDOWN
======================================================================
  Skipping biome breakdown — GSN raster not available

======================================================================
GAP ANALYSIS (Biodiversity Capture Rate)
======================================================================
  BCR bau: 0.0025 vs. random 0.0029
  BCR 30x30_full: 0.3121 vs. random 0.1882
  Backbone background plotted from: /cluster/scratch/gikaufmann/data/se_asia/ready/backbone/backbone.tif
  Backbone background plotted from: /cluster/scratch/gikaufmann/data/se_asia/ready/backbone/backbone.tif
  Backbone background plotted from: /cluster/scratch/gikaufmann/data/se_asia/ready/backbone/backbone.tif
  Backbone background plotted from: /cluster/scratch/gikaufmann/data/se_asia/ready/backbone/backbone.tif
  Saved: /cluster/scratch/gikaufmann/outputs/se_asia/results/forward/rf/gap_analysis.png
  Saved: /cluster/scratch/gikaufmann/outputs/se_asia/results/forward/rf/gap_analysis.pdf

======================================================================
ECONOMIC EXPOSURE ANALYSIS
======================================================================
  NTL column detected:        none
  Population column detected: GPW
  Loading features: ['GPW'] …
  Saved: /cluster/scratch/gikaufmann/outputs/se_asia/results/forward/rf/economic_exposure.csv
                      zone  n_pixels  area_km2  GPW_mean  GPW_median  GPW_p75
All unprotected (baseline)   4067149 3864910.0   170.856      50.977  118.051
             BAU risk zone     12201   11188.0   161.392      17.239   70.699
               Top 5% risk    203358  196171.0   134.921      41.878   74.234
               Top 1% risk     40672   37648.0   162.251      22.521   74.234

======================================================================
HOTSPOT ZOOM-IN MAPS
======================================================================
  Borneo / Kalimantan: 658,623 pixels
  Backbone background plotted from: /cluster/scratch/gikaufmann/data/se_asia/ready/backbone/backbone.tif
  Backbone background plotted from: /cluster/scratch/gikaufmann/data/se_asia/ready/backbone/backbone.tif
  Mekong / Indochina: 870,529 pixels
  Backbone background plotted from: /cluster/scratch/gikaufmann/data/se_asia/ready/backbone/backbone.tif
  Backbone background plotted from: /cluster/scratch/gikaufmann/data/se_asia/ready/backbone/backbone.tif
  Sumatra / Malay Pen.: 572,153 pixels
  Backbone background plotted from: /cluster/scratch/gikaufmann/data/se_asia/ready/backbone/backbone.tif
  Backbone background plotted from: /cluster/scratch/gikaufmann/data/se_asia/ready/backbone/backbone.tif
  Saved: /cluster/scratch/gikaufmann/outputs/se_asia/results/forward/rf/hotspot_maps.png
  Saved: /cluster/scratch/gikaufmann/outputs/se_asia/results/forward/rf/hotspot_maps.pdf

======================================================================
FORECAST CONFIDENCE SUMMARY (from backtesting)
======================================================================
  WARNING: forward_backtest_results.json not found — skipping confidence summary

======================================================================
CONSERVATION ALIGNMENT MAP (sweet spots vs gaps)
======================================================================
  Sweet spots (both):    323,326 km²
  Conservation gaps:     712,485 km²
  Misdirected:           404,056 km²
  Total designated (30×30): 727,382 km²
  Total priority area:      1,035,811 km²
  Alignment score:          44.5% of 30×30 establishments inside biodiversity priority
  Backbone background plotted from: /cluster/scratch/gikaufmann/data/se_asia/ready/backbone/backbone.tif
  Saved: /cluster/scratch/gikaufmann/outputs/se_asia/results/forward/rf/conservation_alignment.png
  Saved: /cluster/scratch/gikaufmann/outputs/se_asia/results/forward/rf/conservation_alignment.pdf

======================================================================
CLIMATE STABILISATION ALIGNMENT MAP (sweet spots vs gaps)
======================================================================
  Sweet spots (both):    12,197 km²
  Conservation gaps:     52,842 km²
  Misdirected:           715,186 km²
  Total designated (30×30): 727,382 km²
  Total priority area:      65,038 km²
  Alignment score:          1.7% of 30×30 establishments inside climate stabilisation priority
  Backbone background plotted from: /cluster/scratch/gikaufmann/data/se_asia/ready/backbone/backbone.tif
  Saved: /cluster/scratch/gikaufmann/outputs/se_asia/results/forward/rf/climate_stabilisation_alignment.png
  Saved: /cluster/scratch/gikaufmann/outputs/se_asia/results/forward/rf/climate_stabilisation_alignment.pdf

======================================================================
COUNTRY CONSERVATION ALIGNMENT SCORES
======================================================================
  Saved: /cluster/scratch/gikaufmann/outputs/se_asia/results/forward/rf/country_alignment.csv
    country  new_designated_km2  sweet_spot_km2  alignment_pct
  Indonesia            508079.0        269417.0           53.0
    Vietnam              3292.0          1603.0           48.7
   Malaysia             17901.0          7960.0           44.5
       Laos             45517.0         18897.0           41.5
     Brunei                69.0            20.0           28.6
   Thailand              5425.0           830.0           15.3
 East Timor               831.0            96.0           11.5
    Myanmar             17260.0          1943.0           11.3
   Cambodia             14790.0          1023.0            6.9
Philippines             29712.0           304.0            1.0
  Saved: /cluster/scratch/gikaufmann/outputs/se_asia/results/forward/rf/country_alignment.png
  Saved: /cluster/scratch/gikaufmann/outputs/se_asia/results/forward/rf/country_alignment.pdf

Saved scenario summary: /cluster/scratch/gikaufmann/outputs/se_asia/results/forward/rf/scenario_summary.json

======================================================================
FORWARD RESULTS COMPLETE
======================================================================
  [OK]  probability_map.png
  [OK]  risk_map_bau.png
  [OK]  scenario_moderate.png
  [OK]  scenario_30x30.png
  [OK]  gap_analysis.png
  [OK]  country_breakdown.csv
  [MISSING]  biome_breakdown.csv
  [OK]  economic_exposure.csv
  [OK]  hotspot_maps.png
  [OK]  scenario_summary.json
  [OK]  conservation_alignment.png
  [OK]  climate_stabilisation_alignment.png
  [OK]  country_alignment.png
  [OK]  country_alignment.csv
  [OK]  feature_importance_rf.png
  [OK]  probability_map.pdf
  [OK]  risk_map_bau.pdf
  [OK]  scenario_moderate.pdf
  [OK]  scenario_30x30.pdf
  [OK]  gap_analysis.pdf
  [OK]  hotspot_maps.pdf
  [OK]  conservation_alignment.pdf
  [OK]  climate_stabilisation_alignment.pdf
  [OK]  country_alignment.pdf
  [OK]  feature_importance_rf.pdf
forward_results (RF) finished (exit code: 0)
