drwxr-xr-x 10 gikaufmann gikaufmann-group 4096 Mar 28 15:24 /cluster/home/gikaufmann/master_thesis
PWD = /cluster/home/gikaufmann/master_thesis

=========================================================================
Stage 0b: Training deployment model (2001-2019)...
=========================================================================
W&B connected — run: https://wandb.ai/gikaufmann-eth-z-rich/forward/runs/gzfpx8dt
======================================================================
MODEL 1 LGBM — DEPLOYMENT MODEL (2001-2019)
======================================================================
  train:     /cluster/scratch/gikaufmann/data/se_asia/ml/main/train_win5.parquet
  earlystop: /cluster/scratch/gikaufmann/data/se_asia/ml/main/earlystop_win5.parquet
  test:      /cluster/scratch/gikaufmann/data/se_asia/ml/main/test_win5.parquet
  params:    /cluster/home/gikaufmann/master_thesis/scripts/regions/se_asia/5_training/lgbm_best_params.json

  num_boost_round (locked from JSON): 2999

  Feature columns: 73

======================================================================
STEP 1: TRAINING DEPLOYMENT MODEL (2001-2019)
======================================================================
  [Memory before loading deployment training labels] RSS: 0.27 GB
  Pass 1: counting rows (deployment_train, years 2001–2019)…
    93,621,839 samples (1,192,787 pos / 92,429,052 neg) — full risk set
    0% — 200,000/93,621,839
    25% — 23,600,000/93,621,839
    50% — 47,000,000/93,621,839
    75% — 70,254,529/93,621,839
    100% — 93,621,839/93,621,839
  Labels indexed in 18.2s — 93,621,839 rows (92,429,052 neg / 1,192,787 pos), 470 feature batches queued (X not in RAM)
  [Memory after indexing deployment training data (X not in RAM)] RSS: 1.30 GB
  scale_pos_weight = 77.4900 (full pass-1 counts; loaded 92,429,052 neg / 1,192,787 pos)
  Training deployment model — 93,621,839 samples, 2999 rounds
    boosting_type: gbdt
    colsample_bynode: 0.8736455457066947
    colsample_bytree: 0.7
    is_unbalance: False
    learning_rate: 0.04831534102862365
    max_depth: 15
    metric: average_precision
    min_child_samples: 58
    min_split_gain: 0.7881532395972265
    num_leaves: 255
    num_threads: 32
    objective: binary
    path_smooth: 0.7472205243582717
    random_state: 42
    reg_alpha: 0.0014606754265450645
    reg_lambda: 0.02439606003228813
    scale_pos_weight: 77.4899894113534
    subsample: 0.8409400933005192
    subsample_freq: 1
    verbose: -1
  Done in 5043.8s
  [Memory after training deployment model] RSS: 2.87 GB

======================================================================
DEPLOYMENT CALIBRATION SPLIT
  Auxiliary model train: 2001–2016
  Calibration held-out:  2017–2019
======================================================================
  Pass 1: counting rows (aux_train, years 2001–2016)…
    81,118,579 samples (1,118,283 pos / 80,000,296 neg) — full risk set
    0% — 200,000/81,118,579
    25% — 20,400,000/81,118,579
    50% — 40,600,000/81,118,579
    75% — 61,000,000/81,118,579
    100% — 81,118,579/81,118,579
  Labels indexed in 21.9s — 81,118,579 rows (80,000,296 neg / 1,118,283 pos), 407 feature batches queued (X not in RAM)
  scale_pos_weight = 71.5385 (full pass-1 counts; loaded 80,000,296 neg / 1,118,283 pos)
  Training auxiliary calibration model — 81,118,579 samples, 2999 rounds
    boosting_type: gbdt
    colsample_bynode: 0.8736455457066947
    colsample_bytree: 0.7
    is_unbalance: False
    learning_rate: 0.04831534102862365
    max_depth: 15
    metric: average_precision
    min_child_samples: 58
    min_split_gain: 0.7881532395972265
    num_leaves: 255
    num_threads: 32
    objective: binary
    path_smooth: 0.7472205243582717
    random_state: 42
    reg_alpha: 0.0014606754265450645
    reg_lambda: 0.02439606003228813
    scale_pos_weight: 71.53850680015702
    subsample: 0.8409400933005192
    subsample_freq: 1
    verbose: -1
  Done in 4541.4s

Scoring calibration held-out set…
  Pass 1: counting rows (aux_calib, years 2017–2019)…
    Using 12,503,260 samples (74,504 pos / 12,428,756 neg)
    1% — 200,000/12,503,260
    25% — 3,200,000/12,503,260
    51% — 6,400,000/12,503,260
    75% — 9,400,000/12,503,260
    100% — 12,503,260/12,503,260
  Loaded 12,503,260 rows in 29.8s (12,428,756 neg / 74,504 pos)
  Aux model on calib set: PR-AUC 0.9185, ROC-AUC 0.9934, P@1% 0.5602

Fitting Platt calibrator…
Fitting isotonic calibrator…
  Brier score — raw: 0.001649, Platt: 0.001203, isotonic: 0.001181
  [Memory after fitting calibrators] RSS: 2.55 GB

Saved deployment artifact: /cluster/scratch/gikaufmann/data/se_asia/ml/models/model3_lgbm_deployment_20260330_192936.pkl

======================================================================
SUMMARY
======================================================================
  Model:           LightGBM deployment (2001-2019)
  Features:        73
  Train samples:   93,621,839 (1,192,787 pos / 92,429,052 neg)
  num_boost_round: 2999
  scale_pos_weight:77.4900
  Calibrators:     Platt + isotonic (deployment calibration split)
  Artifact:        /cluster/scratch/gikaufmann/data/se_asia/ml/models/model3_lgbm_deployment_20260330_192936.pkl
  Total time:      9909.2s (165.2min)
======================================================================

Log saved: /cluster/scratch/gikaufmann/outputs/se_asia/results/forward/model3_lgbm_deployment_20260330_192936.txt
Stage 0b complete.

=========================================================================
Stage 1: Extracting 2024 inference features...
=========================================================================
W&B connected — run: https://wandb.ai/gikaufmann-eth-z-rich/forward/runs/qtxw199s

======================================================================
EXTRACTING 2024 INFERENCE FEATURES (year=2024)
======================================================================
  Source: /cluster/scratch/gikaufmann/data/se_asia/ml/merged_panel_final.parquet

  Feature columns:  73
  Coordinate cols:  ['x', 'y']

  Pass 1: counting year==2024, WDPA_prev==0, WDPA==0 rows…
  Found 4,067,149 qualifying pixels

  Pass 2: streaming and writing to forward_features_2024.parquet…
  2% — 108,111/4,067,149
  27% — 1,103,697/4,067,149
  51% — 2,085,099/4,067,149
  75% — 3,072,586/4,067,149
  100% — 4,067,149/4,067,149

  Written: 4,067,149 rows → /cluster/scratch/gikaufmann/outputs/se_asia/results/forward/forward_features_2024.parquet
  Columns: ['row', 'col', 'x', 'y', 'elevation_b1'] … (77 total)

Done. Output: /cluster/scratch/gikaufmann/outputs/se_asia/results/forward/forward_features_2024.parquet
Stage 1 complete.

=========================================================================
Stage 2: Running calibrated forward inference...
=========================================================================
W&B connected — run: https://wandb.ai/gikaufmann-eth-z-rich/forward/runs/98bnchjz

======================================================================
FORWARD INFERENCE — 2024 (LGBM)
======================================================================
  Features:   /cluster/scratch/gikaufmann/outputs/se_asia/results/forward/forward_features_2024.parquet
  Artifact:   /cluster/scratch/gikaufmann/data/se_asia/ml/models/model3_lgbm_deployment_20260330_192936.pkl
  Model type: lgbm

Loading deployment artifact…
  Model trained on years: [2001, 2019]
  num_boost_round:        2999
  feature_cols:           73
  calibrators:            platt=True, isotonic=True
  [Memory after loading artifact] RSS: 0.28 GB

Pass 1: counting rows…
  4,067,149 inference pixels

Pass 2: inference → forward_scored_2024.parquet…
  12% — 500,000/4,067,149
  [Memory   12%] RSS: 0.86 GB
  24% — 1,000,000/4,067,149
  [Memory   24%] RSS: 0.90 GB
  36% — 1,500,000/4,067,149
  [Memory   36%] RSS: 0.85 GB
  49% — 2,000,000/4,067,149
  [Memory   49%] RSS: 0.88 GB
  61% — 2,500,000/4,067,149
  [Memory   61%] RSS: 0.88 GB
  73% — 3,000,000/4,067,149
  [Memory   73%] RSS: 0.88 GB
  86% — 3,500,000/4,067,149
  [Memory   86%] RSS: 0.90 GB
  98% — 4,000,000/4,067,149
  [Memory   98%] RSS: 0.90 GB
  100% — 4,067,149/4,067,149
  [Memory   100%] RSS: 0.54 GB

Written: 4,067,149 rows → /cluster/scratch/gikaufmann/outputs/se_asia/results/forward/lgbm/forward_scored_2024.parquet

Sampling calibrated probability statistics…
  min:    0.000030
  p50:    0.000031
  p95:    0.000863
  p99:    0.004978
  max:    0.997512

Done. Output: /cluster/scratch/gikaufmann/outputs/se_asia/results/forward/lgbm/forward_scored_2024.parquet
Stage 2 complete.

forward_deployment job finished. Next steps:
  1. Run 1_forward_coverage_baseline.py (if not already done)
  2. Run 4_forward_results.py for maps and scenario analysis
  3. Run forward_backtest.slurm for backtesting validation
