USA RF backtest task 3: origin year T=2019
drwxr-xr-x 10 gikaufmann gikaufmann-group 4096 Mar 18 15:57 /cluster/home/gikaufmann/master_thesis
PWD = /cluster/home/gikaufmann/master_thesis

=========================================================================
Running USA RF backtest for T=2019...
=========================================================================
Processing origin year T=2019 [RF]
  panel:        /cluster/scratch/gikaufmann/data/usa/ml/merged_panel_final.parquet
  split_paths:  ['/cluster/scratch/gikaufmann/data/usa/ml/main/train_win5.parquet', '/cluster/scratch/gikaufmann/data/usa/ml/main/earlystop_win5.parquet', '/cluster/scratch/gikaufmann/data/usa/ml/main/test_win5.parquet']
  feature_cols: 73

======================================================================
BACKTEST [RF]: origin year T=2019  (train 2001–2018, eval 2020–2019)
  Clean 5-year window: False
======================================================================
  [Memory start T=2019] RSS: 0.32 GB
  Training data: 258,006,113 rows (360,552 pos / 257,645,561 neg)
  RF training: 258,006,113 samples (360,552 pos / 257,645,561 neg), n_estimators=500
    bootstrap: True
    class_weight: balanced_subsample
    max_depth: None
    max_features: sqrt
    min_samples_leaf: 7
    min_samples_split: 23
    n_estimators: 500
    n_jobs: 32
    random_state: 42
USA RF backtest T=2019 finished (exit code: 1)

Task 3 (T=2019) done. To aggregate all RF results and produce the summary plot, run:
  python scripts/regions/usa/8_forward/5_forward_backtest.py --model-type rf --aggregate
