drwxr-xr-x 10 gikaufmann gikaufmann-group 4096 Mar 18 15:57 /cluster/home/gikaufmann/master_thesis
PWD = /cluster/home/gikaufmann/master_thesis

=========================================================================
Stage 3: Generating USA forward results (RF)...
=========================================================================
W&B connected — run: https://wandb.ai/gikaufmann-eth-z-rich/forward/runs/a3ayrs7k
======================================================================
FORWARD RESULTS — MAPS, SCENARIOS, BREAKDOWNS, GAP ANALYSIS (LGBM)
======================================================================
  Pixel size from backbone: 1000.00 m
  Using pixel_size_m from coverage baseline: 1000.00 m

Loading scored parquet: forward_scored_2024.parquet
  12,218,241 rows
  Columns: ['row', 'col', 'x', 'y', 'y_pred_proba_raw', 'y_pred_proba_calibrated']
  Joined GSN_b1 from features parquet (forward_features_2024.parquet): 12,218,241 non-null values

  Total unprotected 2024 pixels: 12,218,241
  Total unprotected 2024 area:   7,201,908 km²
  Baseline total land km²:        7,828,774
  Baseline protected 2024 km²:   603,357
  Baseline coverage 2024:        7.71%

Computing scenario cutoffs…
  BAU (historical 2019→2024 volume): target 257 km² → top 435 pixels (258 km²), cutoff p=0.043161
  Moderate (→18.9%): target 872,638 km² → top 1,515,508 pixels (872,638 km²), cutoff p=0.000041
  30x30 Full    (→30%): target 1,745,275 km² → top 3,030,429 pixels (1,745,276 km²), cutoff p=0.000036

======================================================================
CREATING PROBABILITY MAP (BAU forecast)
======================================================================
  Saved: /cluster/home/gikaufmann/master_thesis/outputs/usa/results/forward/lgbm/forward_probability_map.pdf
  Saved: /cluster/home/gikaufmann/master_thesis/outputs/usa/results/forward/lgbm/forward_probability_map.png

======================================================================
CREATING SCENARIO MAPS
======================================================================

  bau: 435 pixels, 258 km², → coverage 7.71%
  Saved: /cluster/home/gikaufmann/master_thesis/outputs/usa/results/forward/lgbm/forward_risk_map_bau.pdf
  Saved: /cluster/home/gikaufmann/master_thesis/outputs/usa/results/forward/lgbm/forward_risk_map_bau.png

  moderate: 1,515,509 pixels, 872,915 km², → coverage 18.86%
  Saved: /cluster/home/gikaufmann/master_thesis/outputs/usa/results/forward/lgbm/forward_scenario_moderate.pdf
  Saved: /cluster/home/gikaufmann/master_thesis/outputs/usa/results/forward/lgbm/forward_scenario_moderate.png

  30x30: 3,030,429 pixels, 1,741,742 km², → coverage 29.95%
  Saved: /cluster/home/gikaufmann/master_thesis/outputs/usa/results/forward/lgbm/forward_scenario_30x30.pdf
  Saved: /cluster/home/gikaufmann/master_thesis/outputs/usa/results/forward/lgbm/forward_scenario_30x30.png

======================================================================
CREATING COUNTRY BREAKDOWN
======================================================================
  NOTE: country_stats not found in baseline — run 1_forward_coverage_baseline.py to populate per-country area stats. Current/projected % will be 0.
  Joining 12,218,241 pixels to country boundaries…
  Saved: /cluster/home/gikaufmann/master_thesis/outputs/usa/results/forward/lgbm/forward_country_breakdown.csv
  WARNING: Country breakdown failed: Missing optional dependency 'Jinja2'. DataFrame.style requires jinja2. Use pip or conda to install Jinja2.

======================================================================
CREATING BIOME BREAKDOWN
======================================================================
  GSN raster: /cluster/scratch/gikaufmann/data/usa/ready/GSN/gsn_terrestrial_ecoregions_mask_1km.tif
  Saved: /cluster/home/gikaufmann/master_thesis/outputs/usa/results/forward/lgbm/forward_biome_breakdown.csv

======================================================================
GAP ANALYSIS (Biodiversity Capture Rate)
======================================================================
  BCR bau: 0.0000 vs. random 0.0000
  BCR 30x30_full: 0.1569 vs. random 0.2418
  Saved: /cluster/home/gikaufmann/master_thesis/outputs/usa/results/forward/lgbm/forward_gap_analysis.pdf
  Saved: /cluster/home/gikaufmann/master_thesis/outputs/usa/results/forward/lgbm/forward_gap_analysis.png

======================================================================
ECONOMIC EXPOSURE ANALYSIS
======================================================================
  NTL column detected:        none
  Population column detected: GPW
  Loading features: ['GPW'] …
  Saved: /cluster/home/gikaufmann/master_thesis/outputs/usa/results/forward/lgbm/forward_economic_exposure.csv
                      zone  n_pixels  area_km2  GPW_mean  GPW_median  GPW_p75
All unprotected (baseline)  12218241 7201908.0    46.035       0.818    8.331
             BAU risk zone       435     258.0    22.075       1.568    9.390
               Top 5% risk    610913  355500.0    27.637       1.064    6.869
               Top 1% risk    122183   72597.0    35.196       0.272    3.968

======================================================================
HOTSPOT ZOOM-IN MAPS
======================================================================
  Pacific Northwest: 1,267,155 pixels
  Rocky Mountains: 2,737,331 pixels
  Southeast: 962,838 pixels
  Saved: /cluster/home/gikaufmann/master_thesis/outputs/usa/results/forward/lgbm/forward_hotspot_maps.pdf
  Saved: /cluster/home/gikaufmann/master_thesis/outputs/usa/results/forward/lgbm/forward_hotspot_maps.png

Saved scenario summary: /cluster/home/gikaufmann/master_thesis/outputs/usa/results/forward/lgbm/forward_scenario_summary.json

======================================================================
FORWARD RESULTS COMPLETE
======================================================================
  [OK]  forward_probability_map.pdf
  [OK]  forward_risk_map_bau.pdf
  [OK]  forward_scenario_moderate.pdf
  [OK]  forward_scenario_30x30.pdf
  [OK]  forward_gap_analysis.pdf
  [OK]  forward_country_breakdown.csv
  [OK]  forward_biome_breakdown.csv
  [OK]  forward_economic_exposure.csv
  [OK]  forward_hotspot_maps.pdf
  [OK]  forward_scenario_summary.json
USA forward_results (RF) finished (exit code: 0)
