drwxr-xr-x 10 gikaufmann gikaufmann-group 4096 Mar 18 15:57 /cluster/home/gikaufmann/master_thesis
PWD = /cluster/home/gikaufmann/master_thesis

=========================================================================
Stage 0a: Computing South America coverage baseline...
=========================================================================

======================================================================
COMPUTING SOUTH AMERICA COVERAGE BASELINE
======================================================================

Reading backbone raster: /cluster/scratch/gikaufmann/data/south_america/ready/backbone/backbone.tif
  Pixel size:  1000.00 m
  CRS:         LOCAL_CS["WGS 84 / Pseudo-Mercator",UNIT["metre",1,AUTHORITY["EPSG","9001"]],AXIS["Easting",EAST],AXIS["Northing",NORTH]]
  Shape:       9172 × 8974
  Transform:   | 1000.00, 0.00,-12185000.00|
| 0.00,-1000.00, 1505000.00|
| 0.00, 0.00, 1.00|
  Total South America land pixels: 20,785,671
  y range: [-7666500, 1504500] m (EPSG:3857)

  Total South America area (latitude-corrected): 17,863,847 km²

Reading WDPA 2024 raster: /cluster/scratch/gikaufmann/data/south_america/ready/WDPA/WDPA_SA_1km_2024.tif
  CRS:   EPSG:3857
  Shape: 9047 × 8975
  WARNING: WDPA shape (9047, 8975) != backbone shape (9172, 8974). Clipping to minimum common shape.
  Protected 2024 pixels: 5,072,461
  Protected area 2024: 4,567,119 km² (25.6%)

Reading WDPA 2019 raster for BAU baseline: /cluster/scratch/gikaufmann/data/south_america/ready/WDPA/WDPA_SA_1km_2019.tif
  Protected 2019: 4,512,767 km²
  BAU volume (2019→2024): 54,352 km² over 5 years

  Scenario thresholds:
    Moderate target (27.8%, midpoint current→30%): 396,017 km² additional protection needed
    30% target: 792,035 km² additional protection needed

  Computing per-country area stats (raster-based)...
  WARNING: Per-country stats failed: The geopandas.dataset has been deprecated and was removed in GeoPandas 1.0. You can get the original 'naturalearth_lowres' data from https://www.naturalearthdata.com/downloads/110m-cultural-vectors/.

Saved: /cluster/home/gikaufmann/master_thesis/outputs/south_america/results/forward/forward_coverage_baseline.json
W&B: metrics logged.
forward_coverage (SA) finished (exit code: 0)
