Many modules are hidden in this stack. Use "module --show_hidden spider SOFTWARE" if you are not able to find the required software

The following have been reloaded with a version change:
  1) cuda/12.1.1 => cuda/12.4.1

wandb: Currently logged in as: gikaufmann (gikaufmann-eth-z-rich) to https://api.wandb.ai. Use `wandb login --relogin` to force relogin
wandb: setting up run 5xncdpsp
wandb: Tracking run with wandb version 0.23.0
wandb: Run data is saved locally in /cluster/scratch/gikaufmann/wandb/wandb/run-20260406_092114-5xncdpsp
wandb: Run `wandb offline` to turn off syncing.
wandb: Syncing run results_usa_rf_20260406_092113
wandb: ⭐️ View project at https://wandb.ai/gikaufmann-eth-z-rich/forward_results
wandb: 🚀 View run at https://wandb.ai/gikaufmann-eth-z-rich/forward_results/runs/5xncdpsp
/cluster/home/gikaufmann/master_thesis/scripts/regions/shared/results/results_core.py:1261: RuntimeWarning: invalid value encountered in maximum
  np.maximum.at(raster_flat, flat_idx, values)
wandb: updating run metadata
wandb: uploading output.log; uploading wandb-summary.json
wandb: uploading history steps 8-8, summary, console lines 223-229
wandb: 
wandb: Run history:
wandb:             results/alignment/biodiversity/alignment_pct_designations_inside_priority ▁
wandb:          results/alignment/biodiversity/coverage_pct_priority_covered_by_designations ▁
wandb:                                   results/alignment/biodiversity/designated_30x30_km2 ▁
wandb:                                      results/alignment/biodiversity/priority_area_km2 ▁
wandb:                                         results/alignment/biodiversity/sweet_spot_km2 ▁
wandb:    results/alignment/climate_stabilisation/alignment_pct_designations_inside_priority ▁
wandb: results/alignment/climate_stabilisation/coverage_pct_priority_covered_by_designations ▁
wandb:                          results/alignment/climate_stabilisation/designated_30x30_km2 ▁
wandb:                             results/alignment/climate_stabilisation/priority_area_km2 ▁
wandb:                                results/alignment/climate_stabilisation/sweet_spot_km2 ▁
wandb:                                                                                   +16 ...
wandb: 
wandb: Run summary:
wandb:             results/alignment/biodiversity/alignment_pct_designations_inside_priority 1.617
wandb:          results/alignment/biodiversity/coverage_pct_priority_covered_by_designations 47.376
wandb:                                   results/alignment/biodiversity/designated_30x30_km2 1741735.375
wandb:                                      results/alignment/biodiversity/priority_area_km2 59454.012
wandb:                                         results/alignment/biodiversity/sweet_spot_km2 28166.959
wandb:    results/alignment/climate_stabilisation/alignment_pct_designations_inside_priority 11.35
wandb: results/alignment/climate_stabilisation/coverage_pct_priority_covered_by_designations 32.01
wandb:                          results/alignment/climate_stabilisation/designated_30x30_km2 1741735.375
wandb:                             results/alignment/climate_stabilisation/priority_area_km2 617569.312
wandb:                                results/alignment/climate_stabilisation/sweet_spot_km2 197686.75
wandb:                                                                                   +17 ...
wandb: 
wandb: 🚀 View run results_usa_rf_20260406_092113 at: https://wandb.ai/gikaufmann-eth-z-rich/forward_results/runs/5xncdpsp
wandb: ⭐️ View project at: https://wandb.ai/gikaufmann-eth-z-rich/forward_results
wandb: Synced 5 W&B file(s), 0 media file(s), 0 artifact file(s) and 0 other file(s)
wandb: Find logs at: /cluster/scratch/gikaufmann/wandb/wandb/run-20260406_092114-5xncdpsp/logs
