Backtest task 2: origin year T=2017
drwxr-xr-x 10 gikaufmann gikaufmann-group 4096 Apr  3 22:47 /cluster/home/gikaufmann/master_thesis
PWD = /cluster/home/gikaufmann/master_thesis

=========================================================================
Running backtest for T=2017...
=========================================================================
W&B connected — run: https://wandb.ai/gikaufmann-eth-z-rich/forward/runs/0jtg1elt
Processing origin year T=2017 [LGBM]
  panel:        /cluster/scratch/gikaufmann/data/se_asia/ml/merged_panel_final.parquet
  split_paths:  ['/cluster/scratch/gikaufmann/data/se_asia/ml/main/train_win5.parquet', '/cluster/scratch/gikaufmann/data/se_asia/ml/main/earlystop_win5.parquet', '/cluster/scratch/gikaufmann/data/se_asia/ml/main/test_win5.parquet']
  feature_cols: 73

======================================================================
BACKTEST [LGBM]: origin year T=2017  (train 2001–2012, eval 2018–2022)
  Clean 5-year window: True
======================================================================
  [Memory start T=2017] RSS: 0.28 GB
  Found 604,177 pos + 50,951,681 neg → 51,555,858 total (full risk set)
    0% — 200,000/51,555,858
    25% — 13,000,000/51,555,858
    50% — 25,800,000/51,555,858
    75% — 38,800,000/51,555,858
    100% — 51,555,858/51,555,858
  Labels indexed — 51,555,858 rows, 263 batches queued (X not in RAM)
  Training data: 51,555,858 rows (604,177 pos / 50,951,681 neg)
  Training done in 3028.7s
  [Memory after training T=2017] RSS: 2.40 GB

Loading year-T=2017 inference rows (WDPA_prev==0 AND WDPA==0)…
  4,104,927 inference pixels at T=2017
  Reconstructing 5-year labels from years 2018–2022…

Scoring 4,104,927 pixels…

  T=2017, window [2018–2019]
    n=4,104,927, pos=37,778 (0.9203%)
    ROC-AUC: 0.7626  PR-AUC: 0.0233
    P@1%: 0.0140  R@1%: 0.0152  Lift: 1.52x
    P@5%: 0.0277  R@5%: 0.1503  Lift: 3.01x
    P@10%: 0.0302  R@10%: 0.3281  Lift: 3.28x
    Forecast Capture Rate (top 5%): 0.1503
  NOTE: forward_coverage_baseline.json not found — FP map uses repo/scratch backbone paths only

  T=2017 FP map: top-5% → 5,678 TP, 199,569 FP (precision=0.028)
Loading South East Asia boundary from URL...
  Successfully loaded from https://naciscdn.org/naturalearth/110m/cultural/ne_110m_admin_0_countries.zip
  Found South East Asia boundary with 10 feature(s) in EPSG:4326
  Backbone background plotted from: /cluster/scratch/gikaufmann/data/se_asia/ready/backbone/backbone.tif
  Backbone background plotted from: /cluster/scratch/gikaufmann/data/se_asia/ready/backbone/backbone.tif
  Saved: /cluster/scratch/gikaufmann/outputs/se_asia/results/forward/lgbm/forward_backtest_T2017_false_positives.pdf

Saved: /cluster/scratch/gikaufmann/outputs/se_asia/results/forward/lgbm/forward_backtest_T2017.json
Backtest T=2017 finished (exit code: 0)

Task 2 (T=2017) done. After all 4 tasks finish, aggregate with:
  sbatch slurm/se_asia/forward_backtest_aggregate.slurm
