drwxr-xr-x 10 gikaufmann gikaufmann-group 4096 Mar 18 15:57 /cluster/home/gikaufmann/master_thesis
PWD = /cluster/home/gikaufmann/master_thesis

=========================================================================
Stage 0b: Training USA LGBM deployment model (2001-2019)...
=========================================================================
======================================================================
MODEL 2 LGBM — DEPLOYMENT MODEL (2001-2019)
======================================================================
  train:     /cluster/scratch/gikaufmann/data/usa/ml/main/train_win5.parquet
  earlystop: /cluster/scratch/gikaufmann/data/usa/ml/main/earlystop_win5.parquet
  test:      /cluster/scratch/gikaufmann/data/usa/ml/main/test_win5.parquet
  params:    /cluster/home/gikaufmann/master_thesis/scripts/regions/usa/5_training/lgbm_best_params.json

  num_boost_round (locked from JSON): 2985

  Feature columns: 73

======================================================================
STEP 1: TRAINING DEPLOYMENT MODEL (2001-2019)
======================================================================
  [Memory before loading deployment training data] RSS: 0.31 GB
  Pass 1: counting rows (deployment_train, years 2001–2019)…
    360,885 pos / 269,900,690 neg → capping neg to 100,000,000
    Using 100,360,885 samples (360,885 pos / 100,000,000 neg)
    0% — 200,000/100,360,885
    25% — 25,200,000/100,360,885
    50% — 50,200,000/100,360,885
    75% — 75,400,000/100,360,885
    100% — 100,360,885/100,360,885
  Loaded 100,360,885 rows in 573.2s (100,000,000 neg / 360,885 pos)
  [Memory after loading deployment training data] RSS: 28.67 GB
  scale_pos_weight = 747.8856 (full pass-1 counts; loaded 100,000,000 neg / 360,885 pos)
  Training deployment model — 100,360,885 samples, 2985 rounds
    boosting_type: gbdt
    colsample_bynode: 0.7057804222702729
    colsample_bytree: 0.7
    is_unbalance: False
    learning_rate: 0.020951957451916664
    max_depth: 15
    metric: average_precision
    min_child_samples: 75
    min_split_gain: 0.051187338512523516
    num_leaves: 200
    num_threads: 32
    objective: binary
    path_smooth: 4.8460288990330955
    random_state: 42
    reg_alpha: 3.205453530936173e-05
    reg_lambda: 18.97325757421328
    scale_pos_weight: 747.8855868212866
    subsample: 0.8758757159236898
    subsample_freq: 1
    verbose: -1
  Done in 4594.5s
  [Memory after training deployment model] RSS: 29.85 GB

======================================================================
DEPLOYMENT CALIBRATION SPLIT
  Auxiliary model train: 2001–2016
  Calibration held-out:  2017–2019
======================================================================
  Pass 1: counting rows (aux_train, years 2001–2016)…
    346,098 pos / 233,148,644 neg → capping neg to 100,000,000
    Using 100,346,098 samples (346,098 pos / 100,000,000 neg)
    0% — 200,000/100,346,098
    25% — 25,200,000/100,346,098
    50% — 50,200,000/100,346,098
    75% — 75,400,000/100,346,098
    100% — 100,346,098/100,346,098
  Loaded 100,346,098 rows in 490.4s (100,000,000 neg / 346,098 pos)
  scale_pos_weight = 673.6492 (full pass-1 counts; loaded 100,000,000 neg / 346,098 pos)
  Training auxiliary calibration model — 100,346,098 samples, 2985 rounds
    boosting_type: gbdt
    colsample_bynode: 0.7057804222702729
    colsample_bytree: 0.7
    is_unbalance: False
    learning_rate: 0.020951957451916664
    max_depth: 15
    metric: average_precision
    min_child_samples: 75
    min_split_gain: 0.051187338512523516
    num_leaves: 200
    num_threads: 32
    objective: binary
    path_smooth: 4.8460288990330955
    random_state: 42
    reg_alpha: 3.205453530936173e-05
    reg_lambda: 18.97325757421328
    scale_pos_weight: 673.6492091835261
    subsample: 0.8758757159236898
    subsample_freq: 1
    verbose: -1
  Done in 4131.0s

Scoring calibration held-out set…
  Pass 1: counting rows (aux_calib, years 2017–2019)…
    Using 36,766,833 samples (14,787 pos / 36,752,046 neg)
    0% — 200,000/36,766,833
    25% — 9,200,000/36,766,833
    50% — 18,400,000/36,766,833
    75% — 27,600,000/36,766,833
    100% — 36,766,833/36,766,833
  Loaded 36,766,833 rows in 74.7s (36,752,046 neg / 14,787 pos)
  Aux model on calib set: PR-AUC 0.3882, ROC-AUC 0.9921, P@1% 0.0353

Fitting Platt calibrator…
Fitting isotonic calibrator…
  Brier score — raw: 0.001443, Platt: 0.000306, isotonic: 0.000298
  [Memory after fitting calibrators] RSS: 30.03 GB

Saved deployment artifact: /cluster/home/gikaufmann/master_thesis/data/usa/ml/models/model2_lgbm_deployment_20260326_055819.pkl
W&B connected

======================================================================
SUMMARY
======================================================================
  Model:           LightGBM deployment (2001-2019)
  Features:        73
  Train samples:   100,360,885 (360,885 pos / 100,000,000 neg)
  num_boost_round: 2985
  scale_pos_weight:747.8856
  Calibrators:     Platt + isotonic (deployment calibration split)
  Artifact:        /cluster/home/gikaufmann/master_thesis/data/usa/ml/models/model2_lgbm_deployment_20260326_055819.pkl
  Total time:      10172.5s (169.5min)
======================================================================

Log saved: /cluster/home/gikaufmann/master_thesis/outputs/usa/results/forward/model2_lgbm_deployment_20260326_055819.txt
Stage 0b complete.

=========================================================================
Stage 1: Extracting 2024 inference features...
=========================================================================

======================================================================
EXTRACTING 2024 INFERENCE FEATURES (year=2024)
======================================================================
  Source: /cluster/scratch/gikaufmann/data/usa/ml/merged_panel_final.parquet

  Feature columns:  73
  Coordinate cols:  ['x', 'y']

  Pass 1: counting year==2024, WDPA_prev==0, WDPA==0 rows…
  Found 12,218,241 qualifying pixels

  Pass 2: streaming and writing to forward_features_2024.parquet…
  0% — 36,259/12,218,241
  26% — 3,232,346/12,218,241
  50% — 6,224,752/12,218,241
  75% — 9,220,333/12,218,241
  100% — 12,218,241/12,218,241

  Written: 12,218,241 rows → /cluster/home/gikaufmann/master_thesis/outputs/usa/results/forward/forward_features_2024.parquet
  Columns: ['row', 'col', 'x', 'y', 'elevation_b1'] … (77 total)

Done. Output: /cluster/home/gikaufmann/master_thesis/outputs/usa/results/forward/forward_features_2024.parquet
W&B connected
Stage 1 complete.

=========================================================================
Stage 2: Running calibrated LGBM forward inference...
=========================================================================

======================================================================
FORWARD INFERENCE — 2024 (LGBM)
======================================================================
  Features:   /cluster/home/gikaufmann/master_thesis/outputs/usa/results/forward/forward_features_2024.parquet
  Artifact:   /cluster/scratch/gikaufmann/data/usa/ml/models/model2_lgbm_deployment_20260326_055819.pkl
  Model type: lgbm

Loading deployment artifact…
  Model trained on years: [2001, 2019]
  num_boost_round:        2985
  feature_cols:           73
  calibrators:            platt=True, isotonic=True
  [Memory after loading artifact] RSS: 0.24 GB

Pass 1: counting rows…
  12,218,241 inference pixels

Pass 2: inference → forward_scored_2024.parquet…
  4% — 500,000/12,218,241
  [Memory   4%] RSS: 0.96 GB
  12% — 1,500,000/12,218,241
  [Memory   12%] RSS: 0.97 GB
  20% — 2,500,000/12,218,241
  [Memory   20%] RSS: 0.96 GB
  32% — 4,000,000/12,218,241
  [Memory   32%] RSS: 0.98 GB
  40% — 5,000,000/12,218,241
  [Memory   40%] RSS: 0.98 GB
  53% — 6,500,000/12,218,241
  [Memory   53%] RSS: 1.00 GB
  61% — 7,500,000/12,218,241
  [Memory   61%] RSS: 0.99 GB
  73% — 9,000,000/12,218,241
  [Memory   73%] RSS: 0.99 GB
  81% — 10,000,000/12,218,241
  [Memory   81%] RSS: 0.98 GB
  90% — 11,000,000/12,218,241
  [Memory   90%] RSS: 0.99 GB
  100% — 12,218,241/12,218,241
  [Memory   100%] RSS: 0.69 GB

Written: 12,218,241 rows → /cluster/home/gikaufmann/master_thesis/outputs/usa/results/forward/lgbm/forward_scored_2024.parquet

Sampling calibrated probability statistics…
  min:    0.000000
  p50:    0.000000
  p95:    0.000016
  p99:    0.000240
  max:    0.989783

Done. Output: /cluster/home/gikaufmann/master_thesis/outputs/usa/results/forward/lgbm/forward_scored_2024.parquet
W&B connected
Stage 2 complete.

forward_deployment (USA LGBM) job finished. Next steps:
  1. Run 1_forward_coverage_baseline.py (if not already done)
  2. Run 4_forward_results.py for maps and scenario analysis
  3. Run forward_backtest.slurm (usa) for backtesting validation
