drwxr-xr-x 10 gikaufmann gikaufmann-group 4096 Mar 18 15:57 /cluster/home/gikaufmann/master_thesis
PWD = /cluster/home/gikaufmann/master_thesis

=========================================================================
Stage 0b: Training USA LGBM deployment model (2001-2019)...
=========================================================================
W&B connected — run: https://wandb.ai/gikaufmann-eth-z-rich/forward/runs/w5xinbnu
======================================================================
MODEL 2 LGBM — DEPLOYMENT MODEL (2001-2019)
======================================================================
  train:     /cluster/scratch/gikaufmann/data/usa/ml/main/train_win5.parquet
  earlystop: /cluster/scratch/gikaufmann/data/usa/ml/main/earlystop_win5.parquet
  test:      /cluster/scratch/gikaufmann/data/usa/ml/main/test_win5.parquet
  params:    /cluster/home/gikaufmann/master_thesis/scripts/regions/usa/5_training/lgbm_best_params.json

  num_boost_round (locked from JSON): 2985

  Feature columns: 73

======================================================================
STEP 1: TRAINING DEPLOYMENT MODEL (2001-2019)
======================================================================
  [Memory before loading deployment training labels] RSS: 0.35 GB
  Pass 1: counting rows (deployment_train, years 2001–2019)…
    270,261,575 samples (360,885 pos / 269,900,690 neg) — full risk set
    0% — 200,000/270,261,575
    25% — 67,600,000/270,261,575
    50% — 135,200,000/270,261,575
    75% — 202,700,106/270,261,575
    100% — 270,261,575/270,261,575
  Labels indexed in 50.9s — 270,261,575 rows (269,900,690 neg / 360,885 pos), 1352 feature batches queued (X not in RAM)
  [Memory after indexing deployment training data (X not in RAM)] RSS: 2.22 GB
  scale_pos_weight = 747.8856 (full pass-1 counts; loaded 269,900,690 neg / 360,885 pos)
  Training deployment model — 270,261,575 samples, 2985 rounds
    boosting_type: gbdt
    colsample_bynode: 0.7057804222702729
    colsample_bytree: 0.7
    is_unbalance: False
    learning_rate: 0.020951957451916664
    max_depth: 15
    metric: average_precision
    min_child_samples: 75
    min_split_gain: 0.051187338512523516
    num_leaves: 200
    num_threads: 32
    objective: binary
    path_smooth: 4.8460288990330955
    random_state: 42
    reg_alpha: 3.205453530936173e-05
    reg_lambda: 18.97325757421328
    scale_pos_weight: 747.8855868212866
    subsample: 0.8758757159236898
    subsample_freq: 1
    verbose: -1
