Many modules are hidden in this stack. Use "module --show_hidden spider SOFTWARE" if you are not able to find the required software

The following have been reloaded with a version change:
  1) cuda/12.1.1 => cuda/12.4.1

wandb: Currently logged in as: gikaufmann (gikaufmann-eth-z-rich) to https://api.wandb.ai. Use `wandb login --relogin` to force relogin
wandb: setting up run a4k29urb
wandb: Tracking run with wandb version 0.23.0
wandb: Run data is saved locally in /cluster/home/gikaufmann/master_thesis/wandb/run-20260326_054829-a4k29urb
wandb: Run `wandb offline` to turn off syncing.
wandb: Syncing run deploy_lgbm_south_america_20260326_010319
wandb:  View project at https://wandb.ai/gikaufmann-eth-z-rich/forward
wandb:  View run at https://wandb.ai/gikaufmann-eth-z-rich/forward/runs/a4k29urb
wandb: updating run metadata; uploading wandb-metadata.json
wandb: updating run metadata; uploading requirements.txt; uploading summary
wandb: uploading wandb-summary.json; uploading config.yaml
wandb: uploading history steps 0-0, summary, console lines 0-0
wandb: 
wandb: Run history:
wandb:      deployment/deploy_n_neg ▁
wandb: deployment/deploy_n_neg_full ▁
wandb:      deployment/deploy_n_pos ▁
wandb: deployment/deploy_n_pos_full ▁
wandb:        deployment/n_features ▁
wandb:  deployment/scale_pos_weight ▁
wandb:      deployment/total_time_s ▁
wandb: 
wandb: Run summary:
wandb:      deployment/deploy_n_neg 100000000.0
wandb: deployment/deploy_n_neg_full 353728843.0
wandb:      deployment/deploy_n_pos 8551415.0
wandb: deployment/deploy_n_pos_full 8551415.0
wandb:        deployment/n_features 73
wandb:  deployment/scale_pos_weight 41.36495
wandb:      deployment/total_time_s 17107.3
wandb: 
wandb:  View run deploy_lgbm_south_america_20260326_010319 at: https://wandb.ai/gikaufmann-eth-z-rich/forward/runs/a4k29urb
wandb:  View project at: https://wandb.ai/gikaufmann-eth-z-rich/forward
wandb: Synced 5 W&B file(s), 0 media file(s), 0 artifact file(s) and 0 other file(s)
wandb: Find logs at: ./wandb/run-20260326_054829-a4k29urb/logs
wandb: Currently logged in as: gikaufmann (gikaufmann-eth-z-rich) to https://api.wandb.ai. Use `wandb login --relogin` to force relogin
wandb: setting up run cadpq8sj
wandb: Tracking run with wandb version 0.23.0
wandb: Run data is saved locally in /cluster/home/gikaufmann/master_thesis/wandb/run-20260326_055008-cadpq8sj
wandb: Run `wandb offline` to turn off syncing.
wandb: Syncing run features_south_america_20260326_055006
wandb: ⭐️ View project at https://wandb.ai/gikaufmann-eth-z-rich/forward
wandb: 🚀 View run at https://wandb.ai/gikaufmann-eth-z-rich/forward/runs/cadpq8sj
wandb: updating run metadata
wandb: updating run metadata; uploading requirements.txt; uploading summary
wandb: uploading wandb-summary.json; uploading config.yaml
wandb: uploading history steps 0-0, summary, console lines 0-0
wandb: 
wandb: Run history:
wandb: features/n_feature_cols ▁
wandb:         features/n_rows ▁
wandb: 
wandb: Run summary:
wandb: features/n_feature_cols 73
wandb:         features/n_rows 15591767
wandb:    features/output_path /cluster/home/gikauf...
wandb:     features/panel_path /cluster/scratch/gik...
wandb: 
wandb: 🚀 View run features_south_america_20260326_055006 at: https://wandb.ai/gikaufmann-eth-z-rich/forward/runs/cadpq8sj
wandb: ⭐️ View project at: https://wandb.ai/gikaufmann-eth-z-rich/forward
wandb: Synced 5 W&B file(s), 0 media file(s), 0 artifact file(s) and 0 other file(s)
wandb: Find logs at: ./wandb/run-20260326_055008-cadpq8sj/logs
srun: Step created for StepId=61426259.2
wandb: Currently logged in as: gikaufmann (gikaufmann-eth-z-rich) to https://api.wandb.ai. Use `wandb login --relogin` to force relogin
wandb: setting up run e946dciu
wandb: Tracking run with wandb version 0.23.0
wandb: Run data is saved locally in /cluster/home/gikaufmann/master_thesis/wandb/run-20260326_055319-e946dciu
wandb: Run `wandb offline` to turn off syncing.
wandb: Syncing run predict_south_america_lgbm_20260326_055317
wandb: ⭐️ View project at https://wandb.ai/gikaufmann-eth-z-rich/forward
wandb: 🚀 View run at https://wandb.ai/gikaufmann-eth-z-rich/forward/runs/e946dciu
wandb: updating run metadata
wandb: updating run metadata; uploading requirements.txt; uploading output.log; uploading wandb-summary.json
wandb: uploading wandb-summary.json; uploading config.yaml
wandb: uploading history steps 0-0, summary, console lines 0-0
wandb: 
wandb: Run history:
wandb:  inference/n_pixels ▁
wandb:  inference/prob_max ▁
wandb: inference/prob_mean ▁
wandb:  inference/prob_min ▁
wandb:  inference/prob_p50 ▁
wandb:  inference/prob_p95 ▁
wandb:  inference/prob_p99 ▁
wandb: 
wandb: Run summary:
wandb:  inference/n_pixels 15591767
wandb:  inference/prob_max 0.95168
wandb: inference/prob_mean 0.00251
wandb:  inference/prob_min 9e-05
wandb:  inference/prob_p50 0.00175
wandb:  inference/prob_p95 0.00637
wandb:  inference/prob_p99 0.01512
wandb: 
wandb: 🚀 View run predict_south_america_lgbm_20260326_055317 at: https://wandb.ai/gikaufmann-eth-z-rich/forward/runs/e946dciu
wandb: ⭐️ View project at: https://wandb.ai/gikaufmann-eth-z-rich/forward
wandb: Synced 5 W&B file(s), 0 media file(s), 0 artifact file(s) and 0 other file(s)
wandb: Find logs at: ./wandb/run-20260326_055319-e946dciu/logs
