Backtest task 0: origin year T=2013
drwxr-xr-x 10 gikaufmann gikaufmann-group 4096 Apr  3 22:47 /cluster/home/gikaufmann/master_thesis
PWD = /cluster/home/gikaufmann/master_thesis

=========================================================================
Running backtest for T=2013...
=========================================================================
Processing origin year T=2013 [LGBM]
  panel:        /cluster/scratch/gikaufmann/data/se_asia/ml/merged_panel_final.parquet
  split_paths:  ['/cluster/scratch/gikaufmann/data/se_asia/ml/main/train_win5.parquet', '/cluster/scratch/gikaufmann/data/se_asia/ml/main/earlystop_win5.parquet', '/cluster/scratch/gikaufmann/data/se_asia/ml/main/test_win5.parquet']
  feature_cols: 73

======================================================================
BACKTEST [LGBM]: origin year T=2013  (train 2001–2008, eval 2014–2018)
  Clean 5-year window: True
======================================================================
  [Memory start T=2013] RSS: 0.25 GB
  Found 418,458 pos + 34,130,222 neg → 34,548,680 total (full risk set)
    0% — 200,000/34,548,680
    25% — 8,800,000/34,548,680
    50% — 17,400,000/34,548,680
    75% — 26,000,000/34,548,680
    100% — 34,548,680/34,548,680
  Labels indexed — 34,548,680 rows, 178 batches queued (X not in RAM)
  Training data: 34,548,680 rows (418,458 pos / 34,130,222 neg)
  Training done in 743.9s
  [Memory after training T=2013] RSS: 1.88 GB

Loading year-T=2013 inference rows (WDPA_prev==0 AND WDPA==0)…
  4,167,937 inference pixels at T=2013
  Reconstructing 5-year labels from years 2014–2018…

Scoring 4,167,937 pixels…

  T=2013, window [2014–2018]
    n=4,167,937, pos=76,476 (1.8349%)
    ROC-AUC: 0.5219  PR-AUC: 0.0206
    P@1%: 0.0282  R@1%: 0.0154  Lift: 1.54x
    P@5%: 0.0256  R@5%: 0.0697  Lift: 1.39x
    P@10%: 0.0239  R@10%: 0.1303  Lift: 1.30x
    Forecast Capture Rate (top 5%): 0.0697
  NOTE: forward_coverage_baseline.json not found — FP map uses repo/scratch backbone paths only

  T=2013 FP map: top-5% → 5,334 TP, 203,063 FP (precision=0.026)
Loading South East Asia boundary from URL...
  Successfully loaded from https://naciscdn.org/naturalearth/110m/cultural/ne_110m_admin_0_countries.zip
  Found South East Asia boundary with 10 feature(s) in EPSG:4326
  Backbone background plotted from: /cluster/scratch/gikaufmann/data/se_asia/ready/backbone/backbone.tif
  Backbone background plotted from: /cluster/scratch/gikaufmann/data/se_asia/ready/backbone/backbone.tif
  Saved: /cluster/scratch/gikaufmann/outputs/se_asia/results/forward/lgbm/forward_backtest_T2013_false_positives.pdf

Saved: /cluster/scratch/gikaufmann/outputs/se_asia/results/forward/lgbm/forward_backtest_T2013.json
Backtest T=2013 finished (exit code: 0)

Task 0 (T=2013) done. After all 4 tasks finish, aggregate with:
  sbatch slurm/se_asia/forward_backtest_aggregate.slurm
