Many modules are hidden in this stack. Use "module --show_hidden spider SOFTWARE" if you are not able to find the required software

The following have been reloaded with a version change:
  1) cuda/12.1.1 => cuda/12.4.1

wandb: Currently logged in as: gikaufmann (gikaufmann-eth-z-rich) to https://api.wandb.ai. Use `wandb login --relogin` to force relogin
wandb: setting up run 8w07rr7t
wandb: Tracking run with wandb version 0.23.0
wandb: Run data is saved locally in /cluster/home/gikaufmann/master_thesis/wandb/run-20260326_055545-8w07rr7t
wandb: Run `wandb offline` to turn off syncing.
wandb: Syncing run results_south_america_lgbm_20260326_055543
wandb: ⭐️ View project at https://wandb.ai/gikaufmann-eth-z-rich/forward
wandb: 🚀 View run at https://wandb.ai/gikaufmann-eth-z-rich/forward/runs/8w07rr7t
wandb: updating run metadata; uploading wandb-metadata.json
wandb: updating run metadata; uploading data
wandb: uploading config.yaml
wandb: uploading history steps 0-0, summary, console lines 0-0
wandb: 
wandb: Run history:
wandb:                                   results/bau_cutoff ▁
wandb:                            results/coverage_pct_2024 ▁
wandb:                                  results/full_cutoff ▁
wandb:                         results/km2_needed_for_30pct ▁
wandb:                              results/moderate_cutoff ▁
wandb:                         results/n_unprotected_pixels ▁
wandb:                           results/protected_2024_km2 ▁
wandb:                     results/scenarios/30x30/area_km2 ▁
wandb:                     results/scenarios/30x30/n_pixels ▁
wandb: results/scenarios/30x30/projected_total_coverage_pct ▁
wandb:                                                   +6 ...
wandb: 
wandb: Run summary:
wandb:                                   results/bau_cutoff 0.02346
wandb:                            results/coverage_pct_2024 0.25566
wandb:                                  results/full_cutoff 0.00595
wandb:                         results/km2_needed_for_30pct 792034.55
wandb:                              results/moderate_cutoff 0.00876
wandb:                         results/n_unprotected_pixels 15591767
wandb:                           results/protected_2024_km2 4567119.49
wandb:                     results/scenarios/30x30/area_km2 790371.75
wandb:                     results/scenarios/30x30/n_pixels 892525
wandb: results/scenarios/30x30/projected_total_coverage_pct 0.29991
wandb:                                                   +6 ...
wandb: 
wandb: 🚀 View run results_south_america_lgbm_20260326_055543 at: https://wandb.ai/gikaufmann-eth-z-rich/forward/runs/8w07rr7t
wandb: ⭐️ View project at: https://wandb.ai/gikaufmann-eth-z-rich/forward
wandb: Synced 5 W&B file(s), 0 media file(s), 0 artifact file(s) and 0 other file(s)
wandb: Find logs at: ./wandb/run-20260326_055545-8w07rr7t/logs
