RF backtest task 3: origin year T=2019
drwxr-xr-x 10 gikaufmann gikaufmann-group 4096 Mar 18 15:57 /cluster/home/gikaufmann/master_thesis
PWD = /cluster/home/gikaufmann/master_thesis

=========================================================================
Running RF backtest for T=2019...
=========================================================================
Processing origin year T=2019 [RF]
  panel:        /cluster/scratch/gikaufmann/data/south_america/ml/merged_panel_final.parquet
  split_paths:  ['/cluster/scratch/gikaufmann/data/south_america/ml/main/train_win5.parquet', '/cluster/scratch/gikaufmann/data/south_america/ml/main/earlystop_win5.parquet', '/cluster/scratch/gikaufmann/data/south_america/ml/main/test_win5.parquet']
  feature_cols: 73

======================================================================
BACKTEST [RF]: origin year T=2019  (train 2001–2018, eval 2020–2019)
  Clean 5-year window: False
======================================================================
  [Memory start T=2019] RSS: 0.36 GB
  Training data: 346,434,050 rows (8,492,170 pos / 337,941,880 neg)
  RF training: 346,434,050 samples (8,492,170 pos / 337,941,880 neg), n_estimators=500
    bootstrap: True
    class_weight: balanced_subsample
    max_depth: 30
    max_features: sqrt
    min_samples_leaf: 1
    min_samples_split: 22
    n_estimators: 500
    n_jobs: 32
    random_state: 42
RF backtest T=2019 finished (exit code: 1)

Task 3 (T=2019) done. To aggregate all RF results and produce the summary plot, run:
  python scripts/regions/south_america/8_forward/5_forward_backtest.py --model-type rf --aggregate
