Backtest task 1: origin year T=2015
drwxr-xr-x 10 gikaufmann gikaufmann-group 4096 Apr  3 22:47 /cluster/home/gikaufmann/master_thesis
PWD = /cluster/home/gikaufmann/master_thesis

=========================================================================
Running backtest for T=2015...
=========================================================================
W&B connected — run: https://wandb.ai/gikaufmann-eth-z-rich/forward/runs/adlzvia9
Processing origin year T=2015 [LGBM]
  panel:        /cluster/scratch/gikaufmann/data/south_america/ml/merged_panel_final.parquet
  split_paths:  ['/cluster/scratch/gikaufmann/data/south_america/ml/main/train_win5.parquet', '/cluster/scratch/gikaufmann/data/south_america/ml/main/earlystop_win5.parquet', '/cluster/scratch/gikaufmann/data/south_america/ml/main/test_win5.parquet']
  feature_cols: 73

======================================================================
BACKTEST [LGBM]: origin year T=2015  (train 2001–2010, eval 2016–2020)
  Clean 5-year window: True
======================================================================
  [Memory start T=2015] RSS: 0.40 GB
  Found 6,347,136 pos + 163,806,685 neg → 170,153,821 total (full risk set)
    0% — 200,000/170,153,821
    25% — 42,600,000/170,153,821
    50% — 85,200,000/170,153,821
    75% — 127,800,000/170,153,821
    100% — 170,153,821/170,153,821
  Labels indexed — 170,153,821 rows, 864 batches queued (X not in RAM)
  Training data: 170,153,821 rows (6,347,136 pos / 163,806,685 neg)
  Training done in 8254.2s
  [Memory after training T=2015] RSS: 2.36 GB

Loading year-T=2015 inference rows (WDPA_prev==0 AND WDPA==0)…
  15,854,262 inference pixels at T=2015
  Reconstructing 5-year labels from years 2016–2020…

Scoring 15,854,262 pixels…

  T=2015, window [2016–2019]
    n=15,854,262, pos=205,855 (1.2984%)
    ROC-AUC: 0.5613  PR-AUC: 0.0231
    P@1%: 0.0477  R@1%: 0.0367  Lift: 3.67x
    P@5%: 0.0402  R@5%: 0.1546  Lift: 3.09x
    P@10%: 0.0326  R@10%: 0.2507  Lift: 2.51x
    Forecast Capture Rate (top 5%): 0.1546

  T=2015 FP map: top-5% → 31,830 TP, 760,884 FP (precision=0.040)
Loading South America boundary from URL...
  Successfully loaded from https://naciscdn.org/naturalearth/110m/cultural/ne_110m_admin_0_countries.zip
  Found South America boundary with 12 feature(s) in EPSG:4326
  Backbone background plotted from: /cluster/scratch/gikaufmann/data/south_america/ready/backbone/backbone.tif
  Backbone background plotted from: /cluster/scratch/gikaufmann/data/south_america/ready/backbone/backbone.tif
  Saved: /cluster/scratch/gikaufmann/outputs/south_america/results/forward/lgbm/forward_backtest_T2015_false_positives.pdf

Saved: /cluster/scratch/gikaufmann/outputs/south_america/results/forward/lgbm/forward_backtest_T2015.json
Backtest T=2015 finished (exit code: 0)

Task 1 (T=2015) done. After all 4 tasks finish, aggregate with:
  sbatch slurm/south_america/forward_backtest_aggregate.slurm
