Backtest task 3: origin year T=2019
drwxr-xr-x 10 gikaufmann gikaufmann-group 4096 Apr  3 22:47 /cluster/home/gikaufmann/master_thesis
PWD = /cluster/home/gikaufmann/master_thesis

=========================================================================
Running backtest for T=2019...
=========================================================================
W&B connected — run: https://wandb.ai/gikaufmann-eth-z-rich/forward/runs/fojgl28b
Processing origin year T=2019 [LGBM]
  panel:        /cluster/scratch/gikaufmann/data/se_asia/ml/merged_panel_final.parquet
  split_paths:  ['/cluster/scratch/gikaufmann/data/se_asia/ml/main/train_win5.parquet', '/cluster/scratch/gikaufmann/data/se_asia/ml/main/earlystop_win5.parquet', '/cluster/scratch/gikaufmann/data/se_asia/ml/main/test_win5.parquet']
  feature_cols: 73

======================================================================
BACKTEST [LGBM]: origin year T=2019  (train 2001–2014, eval 2020–2024)
  Clean 5-year window: True
======================================================================
  [Memory start T=2019] RSS: 0.28 GB
  Found 841,075 pos + 63,405,642 neg → 64,246,717 total (full risk set)
    0% — 200,000/64,246,717
    25% — 16,200,000/64,246,717
    50% — 32,200,000/64,246,717
    75% — 48,200,000/64,246,717
    100% — 64,246,717/64,246,717
  Labels indexed — 64,246,717 rows, 333 batches queued (X not in RAM)
  Training data: 64,246,717 rows (841,075 pos / 63,405,642 neg)
  Training done in 3363.3s
  [Memory after training T=2019] RSS: 2.47 GB

Loading year-T=2019 inference rows (WDPA_prev==0 AND WDPA==0)…
  4,079,563 inference pixels at T=2019
  Reconstructing 5-year labels from years 2020–2024…

Scoring 4,079,563 pixels…

  T=2019, window [2020–2019]
    n=4,079,563, pos=12,414 (0.3043%)
    ROC-AUC: 0.7832  PR-AUC: 0.0130
    P@1%: 0.0269  R@1%: 0.0883  Lift: 8.83x
    P@5%: 0.0155  R@5%: 0.2546  Lift: 5.09x
    P@10%: 0.0122  R@10%: 0.4018  Lift: 4.02x
    Forecast Capture Rate (top 5%): 0.2546
  NOTE: forward_coverage_baseline.json not found — FP map uses repo/scratch backbone paths only

  T=2019 FP map: top-5% → 3,161 TP, 200,818 FP (precision=0.015)
Loading South East Asia boundary from URL...
  Successfully loaded from https://naciscdn.org/naturalearth/110m/cultural/ne_110m_admin_0_countries.zip
  Found South East Asia boundary with 10 feature(s) in EPSG:4326
  Backbone background plotted from: /cluster/scratch/gikaufmann/data/se_asia/ready/backbone/backbone.tif
  Backbone background plotted from: /cluster/scratch/gikaufmann/data/se_asia/ready/backbone/backbone.tif
  Saved: /cluster/scratch/gikaufmann/outputs/se_asia/results/forward/lgbm/forward_backtest_T2019_false_positives.pdf

Saved: /cluster/scratch/gikaufmann/outputs/se_asia/results/forward/lgbm/forward_backtest_T2019.json
Backtest T=2019 finished (exit code: 0)

Task 3 (T=2019) done. After all 4 tasks finish, aggregate with:
  sbatch slurm/se_asia/forward_backtest_aggregate.slurm
