USA RF backtest task 1: origin year T=2015
drwxr-xr-x 10 gikaufmann gikaufmann-group 4096 Apr  3 22:47 /cluster/home/gikaufmann/master_thesis
PWD = /cluster/home/gikaufmann/master_thesis

=========================================================================
Running USA RF backtest for T=2015...
=========================================================================
W&B connected — run: https://wandb.ai/gikaufmann-eth-z-rich/forward/runs/coq4d2nv
Processing origin year T=2015 [RF]
  panel:        /cluster/scratch/gikaufmann/data/usa/ml/merged_panel_final.parquet
  split_paths:  ['/cluster/scratch/gikaufmann/data/usa/ml/main/train_win5.parquet', '/cluster/scratch/gikaufmann/data/usa/ml/main/earlystop_win5.parquet', '/cluster/scratch/gikaufmann/data/usa/ml/main/test_win5.parquet']
  feature_cols: 73

======================================================================
BACKTEST [RF]: origin year T=2015  (train 2001–2010, eval 2016–2020)
  Clean 5-year window: True
======================================================================
  [Memory start T=2015] RSS: 0.36 GB
  Found 222,332 pos + 122,849,159 neg → capping neg to 30,000,000 (MAX_NEG_TRAIN)
  Using 30,222,332 samples (222,332 pos / 30,000,000 neg)
  Training data: 30,222,332 rows (222,332 pos / 30,000,000 neg)
  RF training: 30,222,332 samples (222,332 pos / 30,000,000 neg), n_estimators=300
    bootstrap: True
    class_weight: balanced_subsample
    max_depth: None
    max_features: sqrt
    min_samples_leaf: 7
    min_samples_split: 23
    n_estimators: 300
    n_jobs: 32
    random_state: 42
  Training done in 5133.9s
  [Memory after training T=2015] RSS: 3.31 GB

Loading year-T=2015 inference rows (WDPA_prev==0 AND WDPA==0)…
  12,228,140 inference pixels at T=2015
  Reconstructing 5-year labels from years 2016–2020…

Scoring 12,228,140 pixels…

  T=2015, window [2016–2019]
    n=12,228,140, pos=9,762 (0.0798%)
    ROC-AUC: 0.3992  PR-AUC: 0.0008
    P@1%: 0.0016  R@1%: 0.0205  Lift: 2.05x
    P@5%: 0.0008  R@5%: 0.0528  Lift: 1.06x
    P@10%: 0.0006  R@10%: 0.0757  Lift: 0.76x
    Forecast Capture Rate (top 5%): 0.0528

  T=2015 FP map: top-5% → 515 TP, 610,893 FP (precision=0.001)
Loading USA boundary from URL...
  Successfully loaded from https://naciscdn.org/naturalearth/110m/cultural/ne_110m_admin_0_countries.zip
  Clipped USA boundary to CONUS extent (-125, -66)/(24, 50)
  Found USA boundary with 1 feature(s) in EPSG:4326
  Backbone background plotted from: /cluster/scratch/gikaufmann/data/usa/ready/backbone/backbone.tif
  Backbone background plotted from: /cluster/scratch/gikaufmann/data/usa/ready/backbone/backbone.tif
  Saved: /cluster/scratch/gikaufmann/outputs/usa/results/forward/rf/forward_backtest_T2015_false_positives.pdf

Saved: /cluster/scratch/gikaufmann/outputs/usa/results/forward/rf/forward_backtest_T2015.json
USA RF backtest T=2015 finished (exit code: 0)

Task 1 (T=2015) done. After all 4 tasks finish, aggregate with:
  sbatch slurm/usa/forward_backtest_aggregate_rf.slurm
