drwxr-xr-x 10 gikaufmann gikaufmann-group 4096 Mar 18 15:57 /cluster/home/gikaufmann/master_thesis
PWD = /cluster/home/gikaufmann/master_thesis

=========================================================================
Stage 3: Generating forward results (LGBM)...
=========================================================================
======================================================================
FORWARD RESULTS — MAPS, SCENARIOS, BREAKDOWNS, GAP ANALYSIS (LGBM)
======================================================================
  Pixel size from backbone: 1000.00 m
  Using pixel_size_m from coverage baseline: 1000.00 m

Loading scored parquet: forward_scored_2024.parquet
  15,591,767 rows
  Columns: ['row', 'col', 'x', 'y', 'y_pred_proba_raw', 'y_pred_proba_calibrated']

  Total unprotected 2024 pixels: 15,591,767
  Total unprotected 2024 area:   13,230,919 km²
  Baseline total land km²:        17,863,847
  Baseline protected 2024 km²:   4,567,119
  Baseline coverage 2024:        25.57%

Computing scenario cutoffs…
  BAU (historical 2019→2024 volume): target 54,352 km² → top 63,592 pixels (54,353 km²), cutoff p=0.023457
  Moderate (→27.8%): target 396,017 km² → top 449,547 pixels (396,017 km²), cutoff p=0.008757
  30x30 Full    (→30%): target 792,035 km² → top 892,525 pixels (792,035 km²), cutoff p=0.005954

======================================================================
CREATING PROBABILITY MAP (BAU forecast)
======================================================================
  Saved: /cluster/home/gikaufmann/master_thesis/outputs/south_america/results/forward/lgbm/forward_probability_map.pdf
  Saved: /cluster/home/gikaufmann/master_thesis/outputs/south_america/results/forward/lgbm/forward_probability_map.png

======================================================================
CREATING SCENARIO MAPS
======================================================================

  bau: 63,592 pixels, 54,349 km², → coverage 25.87%
  Saved: /cluster/home/gikaufmann/master_thesis/outputs/south_america/results/forward/lgbm/forward_risk_map_bau.pdf
  Saved: /cluster/home/gikaufmann/master_thesis/outputs/south_america/results/forward/lgbm/forward_risk_map_bau.png

  moderate: 449,547 pixels, 395,869 km², → coverage 27.78%
  Saved: /cluster/home/gikaufmann/master_thesis/outputs/south_america/results/forward/lgbm/forward_scenario_moderate.pdf
  Saved: /cluster/home/gikaufmann/master_thesis/outputs/south_america/results/forward/lgbm/forward_scenario_moderate.png

  30x30: 892,525 pixels, 790,372 km², → coverage 29.99%
  Saved: /cluster/home/gikaufmann/master_thesis/outputs/south_america/results/forward/lgbm/forward_scenario_30x30.pdf
  Saved: /cluster/home/gikaufmann/master_thesis/outputs/south_america/results/forward/lgbm/forward_scenario_30x30.png

======================================================================
CREATING COUNTRY BREAKDOWN
======================================================================
  Skipping country breakdown — naturalearth boundaries not available

======================================================================
CREATING BIOME BREAKDOWN
======================================================================
  GSN raster: /cluster/scratch/gikaufmann/data/south_america/ready/GSN/gsn_terrestrial_ecoregions_mask_1km.tif
  Saved: /cluster/home/gikaufmann/master_thesis/outputs/south_america/results/forward/lgbm/forward_biome_breakdown.csv

======================================================================
GAP ANALYSIS (Biodiversity Capture Rate)
======================================================================
  NOTE: 'GSN_b1' column not found — using placeholder.
  Saved: /cluster/home/gikaufmann/master_thesis/outputs/south_america/results/forward/lgbm/forward_gap_analysis.pdf
  Saved: /cluster/home/gikaufmann/master_thesis/outputs/south_america/results/forward/lgbm/forward_gap_analysis.png

======================================================================
ECONOMIC EXPOSURE ANALYSIS
======================================================================
  NTL column detected:        none
  Population column detected: GPW
  Loading features: ['GPW'] …
  Saved: /cluster/home/gikaufmann/master_thesis/outputs/south_america/results/forward/lgbm/forward_economic_exposure.csv
                      zone  n_pixels   area_km2  GPW_mean  GPW_median  GPW_p75
All unprotected (baseline)  15591767 13230919.0    29.523       2.230    7.872
             BAU risk zone     63592    54349.0    72.821       5.552   21.161
               Top 5% risk    779589   689635.0    72.184       4.814   16.709
               Top 1% risk    155918   135595.0    82.128       5.384   20.182

======================================================================
HOTSPOT ZOOM-IN MAPS
======================================================================
  Amazon Basin: 2,364,050 pixels
  Cerrado / Atlantic Forest: 3,156,765 pixels
  Andes Foothills: 2,825,671 pixels
  Saved: /cluster/home/gikaufmann/master_thesis/outputs/south_america/results/forward/lgbm/forward_hotspot_maps.pdf
  Saved: /cluster/home/gikaufmann/master_thesis/outputs/south_america/results/forward/lgbm/forward_hotspot_maps.png

Saved scenario summary: /cluster/home/gikaufmann/master_thesis/outputs/south_america/results/forward/lgbm/forward_scenario_summary.json
W&B connected

======================================================================
FORWARD RESULTS COMPLETE
======================================================================
  [OK]  forward_probability_map.pdf
  [OK]  forward_risk_map_bau.pdf
  [OK]  forward_scenario_moderate.pdf
  [OK]  forward_scenario_30x30.pdf
  [OK]  forward_gap_analysis.pdf
  [MISSING]  forward_country_breakdown.csv
  [OK]  forward_biome_breakdown.csv
  [OK]  forward_economic_exposure.csv
  [OK]  forward_hotspot_maps.pdf
  [OK]  forward_scenario_summary.json
forward_results (LGBM) finished (exit code: 0)
