RF backtest task 1: origin year T=2015
drwxr-xr-x 10 gikaufmann gikaufmann-group 4096 Apr  3 22:47 /cluster/home/gikaufmann/master_thesis
PWD = /cluster/home/gikaufmann/master_thesis

=========================================================================
Running RF backtest for T=2015...
=========================================================================
W&B connected — run: https://wandb.ai/gikaufmann-eth-z-rich/forward/runs/5ndgzmm1
Processing origin year T=2015 [RF]
  panel:        /cluster/scratch/gikaufmann/data/south_america/ml/merged_panel_final.parquet
  split_paths:  ['/cluster/scratch/gikaufmann/data/south_america/ml/main/train_win5.parquet', '/cluster/scratch/gikaufmann/data/south_america/ml/main/earlystop_win5.parquet', '/cluster/scratch/gikaufmann/data/south_america/ml/main/test_win5.parquet']
  feature_cols: 73

======================================================================
BACKTEST [RF]: origin year T=2015  (train 2001–2010, eval 2016–2020)
  Clean 5-year window: True
======================================================================
  [Memory start T=2015] RSS: 0.40 GB
  Found 6,347,136 pos + 163,806,685 neg → capping neg to 40,000,000 (MAX_NEG_TRAIN)
  Using 46,347,136 samples (6,347,136 pos / 40,000,000 neg)
  Training data: 46,347,136 rows (6,347,136 pos / 40,000,000 neg)
  RF training: 46,347,136 samples (6,347,136 pos / 40,000,000 neg), n_estimators=300
    bootstrap: True
    class_weight: balanced_subsample
    max_depth: 30
    max_features: sqrt
    min_samples_leaf: 1
    min_samples_split: 22
    n_estimators: 300
    n_jobs: 32
    random_state: 42
  Training done in 8888.6s
  [Memory after training T=2015] RSS: 3.83 GB

Loading year-T=2015 inference rows (WDPA_prev==0 AND WDPA==0)…
  15,854,262 inference pixels at T=2015
  Reconstructing 5-year labels from years 2016–2020…

Scoring 15,854,262 pixels…

  T=2015, window [2016–2019]
    n=15,854,262, pos=205,855 (1.2984%)
    ROC-AUC: 0.7424  PR-AUC: 0.1068
    P@1%: 0.2311  R@1%: 0.1780  Lift: 17.80x
    P@5%: 0.0759  R@5%: 0.2921  Lift: 5.84x
    P@10%: 0.0477  R@10%: 0.3677  Lift: 3.68x
    Forecast Capture Rate (top 5%): 0.2921

  T=2015 FP map: top-5% → 60,132 TP, 732,582 FP (precision=0.076)
Loading South America boundary from URL...
  Successfully loaded from https://naciscdn.org/naturalearth/110m/cultural/ne_110m_admin_0_countries.zip
  Found South America boundary with 12 feature(s) in EPSG:4326
  Backbone background plotted from: /cluster/scratch/gikaufmann/data/south_america/ready/backbone/backbone.tif
  Backbone background plotted from: /cluster/scratch/gikaufmann/data/south_america/ready/backbone/backbone.tif
  Saved: /cluster/scratch/gikaufmann/outputs/south_america/results/forward/rf/forward_backtest_T2015_false_positives.pdf

Saved: /cluster/scratch/gikaufmann/outputs/south_america/results/forward/rf/forward_backtest_T2015.json
RF backtest T=2015 finished (exit code: 0)

Task 1 (T=2015) done. After all 4 tasks finish, aggregate with:
  sbatch slurm/south_america/forward_backtest_aggregate_rf.slurm
