RF backtest task 0: origin year T=2019
drwxr-xr-x 10 gikaufmann gikaufmann-group 4096 Apr  1 13:22 /cluster/home/gikaufmann/master_thesis
PWD = /cluster/home/gikaufmann/master_thesis

=========================================================================
Running RF backtest for T=2019...
=========================================================================
Processing origin year T=2019 [RF]
  panel:        /cluster/scratch/gikaufmann/data/se_asia/ml/merged_panel_final.parquet
  split_paths:  ['/cluster/scratch/gikaufmann/data/se_asia/ml/main/train_win5.parquet', '/cluster/scratch/gikaufmann/data/se_asia/ml/main/earlystop_win5.parquet', '/cluster/scratch/gikaufmann/data/se_asia/ml/main/test_win5.parquet']
  feature_cols: 73

======================================================================
BACKTEST [RF]: origin year T=2019  (train 2001–2014, eval 2020–2024)
  Clean 5-year window: True
======================================================================
  [Memory start T=2019] RSS: 0.25 GB
  Found 841,075 pos + 63,405,642 neg → capping neg to 20,000,000 (MAX_NEG_TRAIN)
  Using 20,841,075 samples (841,075 pos / 20,000,000 neg)
  Training data: 20,841,075 rows (841,075 pos / 20,000,000 neg)
  RF training: 20,841,075 samples (841,075 pos / 20,000,000 neg), n_estimators=300
    bootstrap: True
    class_weight: balanced_subsample
    max_depth: None
    max_features: log2
    min_samples_leaf: 6
    min_samples_split: 30
    n_estimators: 300
    n_jobs: 32
    random_state: 42
  Training done in 2649.7s
  [Memory after training T=2019] RSS: 2.97 GB

Loading year-T=2019 inference rows (WDPA_prev==0 AND WDPA==0)…
  4,079,563 inference pixels at T=2019
  Reconstructing 5-year labels from years 2020–2024…

Scoring 4,079,563 pixels…

  T=2019, window [2020–2019]
    n=4,079,563, pos=12,414 (0.3043%)
    ROC-AUC: 0.8373  PR-AUC: 0.0138
    P@1%: 0.0113  R@1%: 0.0371  Lift: 3.71x
    P@5%: 0.0201  R@5%: 0.3298  Lift: 6.60x
    P@10%: 0.0154  R@10%: 0.5063  Lift: 5.06x
    Forecast Capture Rate (top 5%): 0.3298
  NOTE: forward_coverage_baseline.json not found — FP map uses repo/scratch backbone paths only

  T=2019 FP map: top-5% → 4,094 TP, 199,885 FP (precision=0.020)
Loading South East Asia boundary from URL...
  Successfully loaded from https://naciscdn.org/naturalearth/110m/cultural/ne_110m_admin_0_countries.zip
  Found South East Asia boundary with 10 feature(s) in EPSG:4326
  Backbone background plotted from: /cluster/scratch/gikaufmann/data/se_asia/ready/backbone/backbone.tif
  Backbone background plotted from: /cluster/scratch/gikaufmann/data/se_asia/ready/backbone/backbone.tif
  Saved: /cluster/scratch/gikaufmann/outputs/se_asia/results/forward/rf/forward_backtest_T2019_false_positives.pdf

Saved: /cluster/scratch/gikaufmann/outputs/se_asia/results/forward/rf/forward_backtest_T2019.json
RF backtest T=2019 finished (exit code: 0)

Task 0 (T=2019) done. To aggregate RF results and produce the summary plot, run:
  python scripts/regions/se_asia/8_forward/5_forward_backtest.py --model-type rf --aggregate
