USA LGBM backtest task 2: origin year T=2017
drwxr-xr-x 10 gikaufmann gikaufmann-group 4096 Apr  3 22:47 /cluster/home/gikaufmann/master_thesis
PWD = /cluster/home/gikaufmann/master_thesis

=========================================================================
Running USA LGBM backtest for T=2017...
=========================================================================
W&B connected — run: https://wandb.ai/gikaufmann-eth-z-rich/forward/runs/ugnho0r8
Processing origin year T=2017 [LGBM]
  panel:        /cluster/scratch/gikaufmann/data/usa/ml/merged_panel_final.parquet
  split_paths:  ['/cluster/scratch/gikaufmann/data/usa/ml/main/train_win5.parquet', '/cluster/scratch/gikaufmann/data/usa/ml/main/earlystop_win5.parquet', '/cluster/scratch/gikaufmann/data/usa/ml/main/test_win5.parquet']
  feature_cols: 73

======================================================================
BACKTEST [LGBM]: origin year T=2017  (train 2001–2012, eval 2018–2022)
  Clean 5-year window: True
======================================================================
  [Memory start T=2017] RSS: 0.36 GB
  Found 264,768 pos + 147,364,817 neg → 147,629,585 total (full risk set)
    0% — 200,000/147,629,585
    25% — 37,000,000/147,629,585
    50% — 74,000,000/147,629,585
    75% — 110,800,000/147,629,585
    100% — 147,629,585/147,629,585
  Labels indexed — 147,629,585 rows, 753 batches queued (X not in RAM)
  Training data: 147,629,585 rows (264,768 pos / 147,364,817 neg)
  Training done in 47095.7s
  [Memory after training T=2017] RSS: 2.18 GB

Loading year-T=2017 inference rows (WDPA_prev==0 AND WDPA==0)…
  12,225,558 inference pixels at T=2017
  Reconstructing 5-year labels from years 2018–2022…

Scoring 12,225,558 pixels…

  T=2017, window [2018–2019]
    n=12,225,558, pos=7,306 (0.0598%)
    ROC-AUC: 0.2732  PR-AUC: 0.0004
    P@1%: 0.0002  R@1%: 0.0037  Lift: 0.37x
    P@5%: 0.0002  R@5%: 0.0138  Lift: 0.28x
    P@10%: 0.0002  R@10%: 0.0259  Lift: 0.26x
    Forecast Capture Rate (top 5%): 0.0138

  T=2017 FP map: top-5% → 101 TP, 611,177 FP (precision=0.000)
Loading USA boundary from URL...
  Successfully loaded from https://naciscdn.org/naturalearth/110m/cultural/ne_110m_admin_0_countries.zip
  Clipped USA boundary to CONUS extent (-125, -66)/(24, 50)
  Found USA boundary with 1 feature(s) in EPSG:4326
  Backbone background plotted from: /cluster/scratch/gikaufmann/data/usa/ready/backbone/backbone.tif
  Backbone background plotted from: /cluster/scratch/gikaufmann/data/usa/ready/backbone/backbone.tif
  Saved: /cluster/scratch/gikaufmann/outputs/usa/results/forward/lgbm/forward_backtest_T2017_false_positives.pdf

Saved: /cluster/scratch/gikaufmann/outputs/usa/results/forward/lgbm/forward_backtest_T2017.json
USA LGBM backtest T=2017 finished (exit code: 0)

Task 2 (T=2017) done. After all 4 tasks finish, aggregate with:
  sbatch slurm/usa/forward_backtest_aggregate.slurm
