USA LGBM backtest task 1: origin year T=2015
drwxr-xr-x 10 gikaufmann gikaufmann-group 4096 Mar 18 15:57 /cluster/home/gikaufmann/master_thesis
PWD = /cluster/home/gikaufmann/master_thesis

=========================================================================
Running USA LGBM backtest for T=2015...
=========================================================================
Processing origin year T=2015 [LGBM]
  panel:        /cluster/scratch/gikaufmann/data/usa/ml/merged_panel_final.parquet
  split_paths:  ['/cluster/scratch/gikaufmann/data/usa/ml/main/train_win5.parquet', '/cluster/scratch/gikaufmann/data/usa/ml/main/earlystop_win5.parquet', '/cluster/scratch/gikaufmann/data/usa/ml/main/test_win5.parquet']
  feature_cols: 73

======================================================================
BACKTEST [LGBM]: origin year T=2015  (train 2001–2014, eval 2016–2019)
  Clean 5-year window: False
======================================================================
  [Memory start T=2015] RSS: 0.32 GB
  Found 311,772 pos + 184,139,870 neg, neg capped at 20,000,000 → 20,311,772 total
  Training data: 20,311,772 rows (311,772 pos / 20,000,000 neg)
  Training done in 899.6s
  [Memory after training T=2015] RSS: 1.18 GB

Loading year-T=2015 inference rows (WDPA_prev==0 AND WDPA==0)…
  12,228,140 inference pixels at T=2015
  Reconstructing 5-year labels from years 2016–2019…
  NOTE: T=2015 has only 4/5 years observable (T+5=2020 > LAST_LABEL_YEAR=2019)

Scoring 12,228,140 pixels…

  T=2015, window [2016–2019] (PARTIAL)
    n=12,228,140, pos=9,566 (0.0782%)
    ROC-AUC: 0.9894  PR-AUC: 0.2432
    P@1%: 0.0555  R@1%: 0.7090  Lift: 70.90x
    P@5%: 0.0149  R@5%: 0.9532  Lift: 19.06x
    P@10%: 0.0078  R@10%: 0.9916  Lift: 9.92x
    Forecast Capture Rate (top 5%): 0.9532

Saved: /cluster/home/gikaufmann/master_thesis/outputs/usa/results/forward/lgbm/forward_backtest_T2015.json
W&B connected
USA LGBM backtest T=2015 finished (exit code: 0)
