drwxr-xr-x 10 gikaufmann gikaufmann-group 4096 Apr  3 22:47 /cluster/home/gikaufmann/master_thesis
PWD = /cluster/home/gikaufmann/master_thesis

=========================================================================
Stage 3: Generating USA forward results (RF)...
=========================================================================
W&B connected — run: https://wandb.ai/gikaufmann-eth-z-rich/forward_results/runs/5xncdpsp
======================================================================
FORWARD RESULTS — MAPS, SCENARIOS, BREAKDOWNS, GAP ANALYSIS (RF)
======================================================================
  Forward output root: /cluster/scratch/gikaufmann/outputs/usa/results/forward
  Pixel size from backbone: 1000.00 m
  Using pixel_size_m from coverage baseline: 1000.00 m

Loading scored parquet: forward_scored_2024.parquet
  12,218,241 rows
  Columns: ['row', 'col', 'x', 'y', 'y_pred_proba_raw', 'y_pred_proba_calibrated']

======================================================================
MODEL AGREEMENT MAP (top 1%: LGBM vs RF)
======================================================================
  LGBM scored: /cluster/scratch/gikaufmann/outputs/usa/results/forward/lgbm/forward_scored_2024.parquet
  RF scored:   /cluster/scratch/gikaufmann/outputs/usa/results/forward/rf/forward_scored_2024.parquet
  Counts (overlap pixels): both=26,291, lgbm_only=95,892, rf_only=95,892
  Agreement (Jaccard on top sets): 0.121
  Backbone background plotted from: /cluster/scratch/gikaufmann/data/usa/ready/backbone/backbone.tif
  Saved: /cluster/scratch/gikaufmann/outputs/usa/results/forward/model_agreement_top1pct.png
  Saved: /cluster/scratch/gikaufmann/outputs/usa/results/forward/model_agreement_top1pct.pdf
  Saved: /cluster/scratch/gikaufmann/outputs/usa/results/forward/model_agreement_top1pct.json

======================================================================
EVAL VS DEPLOYMENT MODEL SCATTER
======================================================================
  Skipping — no eval calibrated parquet matching '*rf*scored_calibrated*.parquet' in /cluster/home/gikaufmann/master_thesis/outputs/usa/results/ml_models/main
  Joined GSN_b1 from features parquet (forward_features_2024.parquet): 12,218,241 non-null values
  Joined GSN_b2 from features parquet (forward_features_2024.parquet): 12,218,241 non-null values

  Total unprotected 2024 pixels: 12,218,241
  Total unprotected 2024 area:   7,201,908 km²
  Baseline total land km²:        7,828,774
  Baseline protected 2024 km²:   603,357
  Baseline coverage 2024:        7.71%

Computing scenario cutoffs…
  BAU (historical 2019→2024 volume): target 257 km² → top 451 pixels (257 km²), cutoff p=0.481311
  Moderate (→18.9%): target 872,638 km² → top 1,511,258 pixels (872,638 km²), cutoff p=0.000013
  30x30 Full    (→30%): target 1,745,275 km² → top 2,975,942 pixels (1,745,276 km²), cutoff p=0.000003

======================================================================
CREATING PROBABILITY MAP (BAU forecast)
======================================================================
  Probability colour scaling: log, percentiles 47–99, γ=2.0
  Raster shape: (3536, 6437), extent (3857): (-13889000.0, -7452000.0, 2806000.0, 6342000.0)
  Backbone background plotted from: /cluster/scratch/gikaufmann/data/usa/ready/backbone/backbone.tif
  Saved: /cluster/scratch/gikaufmann/outputs/usa/results/forward/rf/probability_map.png
  Saved: /cluster/scratch/gikaufmann/outputs/usa/results/forward/rf/probability_map.pdf

======================================================================
CREATING SCENARIO MAPS
======================================================================

  bau: 451 pixels, 257 km², → coverage 7.71%
  Backbone background plotted from: /cluster/scratch/gikaufmann/data/usa/ready/backbone/backbone.tif
  Saved: /cluster/scratch/gikaufmann/outputs/usa/results/forward/rf/risk_map_bau.png
  Saved: /cluster/scratch/gikaufmann/outputs/usa/results/forward/rf/risk_map_bau.pdf

  moderate: 1,511,259 pixels, 872,704 km², → coverage 18.85%
  Backbone background plotted from: /cluster/scratch/gikaufmann/data/usa/ready/backbone/backbone.tif
  Saved: /cluster/scratch/gikaufmann/outputs/usa/results/forward/rf/scenario_moderate.png
  Saved: /cluster/scratch/gikaufmann/outputs/usa/results/forward/rf/scenario_moderate.pdf

  30x30: 2,976,112 pixels, 1,741,735 km², → coverage 29.95%
  Backbone background plotted from: /cluster/scratch/gikaufmann/data/usa/ready/backbone/backbone.tif
  Saved: /cluster/scratch/gikaufmann/outputs/usa/results/forward/rf/scenario_30x30.png
  Saved: /cluster/scratch/gikaufmann/outputs/usa/results/forward/rf/scenario_30x30.pdf

======================================================================
FEATURE IMPORTANCE PLOT (RF)
======================================================================
  Artifact: /cluster/scratch/gikaufmann/data/usa/ml/models/model2_rf_deployment_20260329_212324.pkl
  Saved: /cluster/scratch/gikaufmann/outputs/usa/results/forward/rf/feature_importance_rf.png
  Saved: /cluster/scratch/gikaufmann/outputs/usa/results/forward/rf/feature_importance_rf.pdf

======================================================================
CREATING COUNTRY BREAKDOWN
======================================================================
  Joining 12,218,241 pixels to country boundaries…
  Saved: /cluster/scratch/gikaufmann/outputs/usa/results/forward/rf/country_breakdown.csv
  Saved: /cluster/scratch/gikaufmann/outputs/usa/results/forward/rf/country_breakdown.tex

======================================================================
CREATING BIOME BREAKDOWN
======================================================================
  GSN raster: /cluster/scratch/gikaufmann/data/usa/ready/GSN/gsn_terrestrial_ecoregions_mask_1km.tif
  Saved: /cluster/scratch/gikaufmann/outputs/usa/results/forward/rf/biome_breakdown.csv

======================================================================
GAP ANALYSIS (Biodiversity Capture Rate)
======================================================================
  BCR bau: 0.0000 vs. random 0.0000
  BCR 30x30_full: 0.4738 vs. random 0.2418
  Backbone background plotted from: /cluster/scratch/gikaufmann/data/usa/ready/backbone/backbone.tif
  Backbone background plotted from: /cluster/scratch/gikaufmann/data/usa/ready/backbone/backbone.tif
  Backbone background plotted from: /cluster/scratch/gikaufmann/data/usa/ready/backbone/backbone.tif
  Backbone background plotted from: /cluster/scratch/gikaufmann/data/usa/ready/backbone/backbone.tif
  Saved: /cluster/scratch/gikaufmann/outputs/usa/results/forward/rf/gap_analysis.png
  Saved: /cluster/scratch/gikaufmann/outputs/usa/results/forward/rf/gap_analysis.pdf

======================================================================
ECONOMIC EXPOSURE ANALYSIS
======================================================================
  NTL column:           HNTL
  Population column:    GPW
  Economic value col:   economic_value_lag1
  Infrastructure cols:  ['dist_road', 'dist_oil_gas']
  Land-cover column:    landcover
  Loading features: ['HNTL', 'GPW', 'economic_value_lag1', 'dist_road', 'dist_oil_gas', 'landcover'] …
  Saved: /cluster/scratch/gikaufmann/outputs/usa/results/forward/rf/economic_exposure.csv
                      zone  n_pixels  area_km2  HNTL_mean  HNTL_median  HNTL_p75  GPW_mean  GPW_median  GPW_p75  dist_road_median_km  dist_road_mean_km  dist_oil_gas_median_km  dist_oil_gas_mean_km
All unprotected (baseline)  12218241 7201908.0      7.938        7.000     8.094    46.035       0.818    8.331                 3.00               6.08                    6.71                 20.48
             BAU risk zone       451     257.0      9.742        7.000    10.098    29.944       3.618   11.464                 2.00               6.76                    9.22                 12.32
               Top 5% risk    610913  344107.0      7.962        5.866     8.383    45.299       1.807   16.058                 2.83               6.56                   13.60                 26.65
               Top 1% risk    122183   68229.0      6.641        0.000     7.155    47.479       0.390    8.414                 4.00               8.18                   13.00                 28.19

  Economic value concentration (economic_value_lag1):
    Top 1% zone: 0.6% of continental economic value
    Top 5% zone: 3.3% of continental economic value
    BAU zone:    0.0% of continental economic value

  Land-cover breakdown of risk zones:
  Saved: /cluster/scratch/gikaufmann/outputs/usa/results/forward/rf/economic_exposure_landcover.csv

  HEADLINE: 5,234 km² of agricultural land is in the top-1% risk zone
           (0.4% of all unprotected agricultural land)
           Mean predicted probability in top-1% zone: 0.0085
  Saved: /cluster/scratch/gikaufmann/outputs/usa/results/forward/rf/economic_exposure_landcover.tex
  Saved: /cluster/scratch/gikaufmann/outputs/usa/results/forward/rf/economic_exposure_barchart.pdf
  Saved: /cluster/scratch/gikaufmann/outputs/usa/results/forward/rf/economic_exposure_barchart.png
  Backbone background plotted from: /cluster/scratch/gikaufmann/data/usa/ready/backbone/backbone.tif
  Saved: /cluster/scratch/gikaufmann/outputs/usa/results/forward/rf/economic_exposure_map.png
  Saved: /cluster/scratch/gikaufmann/outputs/usa/results/forward/rf/economic_exposure_map.pdf

======================================================================
ECONOMIC ACTIVITY INDEX ANALYSIS
======================================================================
  Using columns: ['HNTL', 'GPW', 'dist_road']
  EAI computed: mean=0.337, std=0.137, range=[0.000, 1.000]
  Spearman r(EAI, PA_prob) = 0.2044  (p = 0.00e+00)

  Quintile breakdown:
 EAI quintile  n_pixels  eai_mean  pa_prob_mean  pa_prob_median
 Q1\n(lowest)   2449714     0.183      0.000122        0.000000
           Q2   2458790     0.290      0.000074        0.000000
           Q3   2422442     0.331      0.000069        0.000000
           Q4   2443648     0.364      0.000089        0.000000
Q5\n(highest)   2443647     0.516      0.000096        0.000001

  Saved: /cluster/scratch/gikaufmann/outputs/usa/results/forward/rf/economic_activity_correlation.csv
  Saved: /cluster/scratch/gikaufmann/outputs/usa/results/forward/rf/economic_activity_quintiles.csv
  Backbone background plotted from: /cluster/scratch/gikaufmann/data/usa/ready/backbone/backbone.tif
  Saved: /cluster/scratch/gikaufmann/outputs/usa/results/forward/rf/economic_activity_map.pdf
  Saved: /cluster/scratch/gikaufmann/outputs/usa/results/forward/rf/economic_activity_map.png
  Backbone background plotted from: /cluster/scratch/gikaufmann/data/usa/ready/backbone/backbone.tif
  Backbone background plotted from: /cluster/scratch/gikaufmann/data/usa/ready/backbone/backbone.tif
  Saved: /cluster/scratch/gikaufmann/outputs/usa/results/forward/rf/economic_activity_vs_risk.pdf
  Saved: /cluster/scratch/gikaufmann/outputs/usa/results/forward/rf/economic_activity_vs_risk.png
  Saved: /cluster/scratch/gikaufmann/outputs/usa/results/forward/rf/economic_activity_quintile_chart.pdf
  Saved: /cluster/scratch/gikaufmann/outputs/usa/results/forward/rf/economic_activity_quintile_chart.png

======================================================================
HOTSPOT ZOOM-IN MAPS
======================================================================
  Pacific Northwest: 1,267,155 pixels
  Backbone background plotted from: /cluster/scratch/gikaufmann/data/usa/ready/backbone/backbone.tif
  Backbone background plotted from: /cluster/scratch/gikaufmann/data/usa/ready/backbone/backbone.tif
  Rocky Mountains: 2,737,331 pixels
  Backbone background plotted from: /cluster/scratch/gikaufmann/data/usa/ready/backbone/backbone.tif
  Backbone background plotted from: /cluster/scratch/gikaufmann/data/usa/ready/backbone/backbone.tif
  Southeast: 962,838 pixels
  Backbone background plotted from: /cluster/scratch/gikaufmann/data/usa/ready/backbone/backbone.tif
  Backbone background plotted from: /cluster/scratch/gikaufmann/data/usa/ready/backbone/backbone.tif
  Saved: /cluster/scratch/gikaufmann/outputs/usa/results/forward/rf/hotspot_maps.png
  Saved: /cluster/scratch/gikaufmann/outputs/usa/results/forward/rf/hotspot_maps.pdf

======================================================================
FORECAST CONFIDENCE SUMMARY (from backtesting)
======================================================================
  Valid windows: [2013, 2015, 2017, 2019]
  Primary (conservative) window: 2019
  Precision@1% range: 0.0%–0.5%
  Recall@1%    range: 0.4%–10.5%
  Precision@5% range: 0.0%–0.4%
  Recall@5%    range: 1.2%–26.7%

======================================================================
CONSERVATION ALIGNMENT MAP (sweet spots vs gaps)
======================================================================
  Sweet spots (both):    28,167 km²
  Conservation gaps:     31,287 km²
  Misdirected:           1,713,570 km²
  Total designated (30×30): 1,741,735 km²
  Total priority area:      59,454 km²
  Alignment score:          1.6% of 30×30 establishments inside biodiversity priority
  Priority coverage:        47.4% of biodiversity priority covered by 30×30 establishments
  Backbone background plotted from: /cluster/scratch/gikaufmann/data/usa/ready/backbone/backbone.tif
  Saved: /cluster/scratch/gikaufmann/outputs/usa/results/forward/rf/conservation_alignment.png
  Saved: /cluster/scratch/gikaufmann/outputs/usa/results/forward/rf/conservation_alignment.pdf

======================================================================
CLIMATE STABILISATION ALIGNMENT MAP (sweet spots vs gaps)
======================================================================
  Sweet spots (both):    197,687 km²
  Conservation gaps:     419,882 km²
  Misdirected:           1,544,049 km²
  Total designated (30×30): 1,741,735 km²
  Total priority area:      617,569 km²
  Alignment score:          11.3% of 30×30 establishments inside climate stabilisation priority
  Priority coverage:        32.0% of climate stabilisation priority covered by 30×30 establishments
  Backbone background plotted from: /cluster/scratch/gikaufmann/data/usa/ready/backbone/backbone.tif
  Saved: /cluster/scratch/gikaufmann/outputs/usa/results/forward/rf/climate_stabilisation_alignment.png
  Saved: /cluster/scratch/gikaufmann/outputs/usa/results/forward/rf/climate_stabilisation_alignment.pdf
  Saved: /cluster/scratch/gikaufmann/outputs/usa/results/forward/rf/alignment_summary.csv
  Saved: /cluster/scratch/gikaufmann/outputs/usa/results/forward/rf/alignment_summary.json

======================================================================
COUNTRY CONSERVATION ALIGNMENT SCORES
======================================================================
  Saved: /cluster/scratch/gikaufmann/outputs/usa/results/forward/rf/country_alignment.csv
                 country  new_designated_km2  sweet_spot_km2  alignment_pct
United States of America           1732686.0         28071.0            1.6
  Saved: /cluster/scratch/gikaufmann/outputs/usa/results/forward/rf/country_alignment.png
  Saved: /cluster/scratch/gikaufmann/outputs/usa/results/forward/rf/country_alignment.pdf

Saved scenario summary: /cluster/scratch/gikaufmann/outputs/usa/results/forward/rf/scenario_summary.json

======================================================================
FORWARD RESULTS COMPLETE
======================================================================
  [OK]  probability_map.png
  [OK]  risk_map_bau.png
  [OK]  scenario_moderate.png
  [OK]  scenario_30x30.png
  [OK]  gap_analysis.png
  [OK]  country_breakdown.csv
  [OK]  biome_breakdown.csv
  [OK]  economic_exposure.csv
  [OK]  hotspot_maps.png
  [OK]  scenario_summary.json
  [OK]  conservation_alignment.png
  [OK]  climate_stabilisation_alignment.png
  [OK]  country_alignment.png
  [OK]  country_alignment.csv
  [OK]  alignment_summary.csv
  [OK]  alignment_summary.json
  [OK]  feature_importance_rf.png
  [OK]  probability_map.pdf
  [OK]  risk_map_bau.pdf
  [OK]  scenario_moderate.pdf
  [OK]  scenario_30x30.pdf
  [OK]  gap_analysis.pdf
  [OK]  hotspot_maps.pdf
  [OK]  conservation_alignment.pdf
  [OK]  climate_stabilisation_alignment.pdf
  [OK]  country_alignment.pdf
  [OK]  feature_importance_rf.pdf
USA forward_results (RF) finished (exit code: 0)
