Many modules are hidden in this stack. Use "module --show_hidden spider SOFTWARE" if you are not able to find the required software

The following have been reloaded with a version change:
  1) cuda/12.1.1 => cuda/12.4.1

Traceback (most recent call last):
  File "/cluster/home/gikaufmann/master_thesis/scripts/regions/south_america/8_forward/1_forward_coverage_baseline.py", line 13, in <module>
    run_region_forward("south_america", stage="coverage_baseline")
  File "/cluster/home/gikaufmann/master_thesis/scripts/regions/shared/forward/runner.py", line 65, in run_region_forward
    core_module.main()
  File "/cluster/home/gikaufmann/master_thesis/scripts/regions/shared/forward/coverage_core.py", line 263, in main
    wdpa_2024_path = resolve_raster("WDPA_2024.tif", DATA_SUBDIR, subdirs=["WDPA", "wdpa"])
                     ^^^^^^^^^^^^^^^^^^^^^^^^^^^^^^^^^^^^^^^^^^^^^^^^^^^^^^^^^^^^^^^^^^^^^^
  File "/cluster/home/gikaufmann/master_thesis/scripts/regions/shared/forward/coverage_core.py", line 62, in resolve_raster
    raise FileNotFoundError(
FileNotFoundError: 'WDPA_2024.tif' not found. Checked:
  /cluster/scratch/gikaufmann/data/south_america/ready/WDPA_2024.tif
  /cluster/scratch/gikaufmann/data/south_america/ready/WDPA/WDPA_2024.tif
  /cluster/scratch/gikaufmann/data/south_america/ready/wdpa/WDPA_2024.tif
  /cluster/home/gikaufmann/master_thesis/data/south_america/ready/WDPA_2024.tif
  /cluster/home/gikaufmann/master_thesis/data/south_america/ready/WDPA/WDPA_2024.tif
  /cluster/home/gikaufmann/master_thesis/data/south_america/ready/wdpa/WDPA_2024.tif
srun: error: eu-a2p-131: task 0: Exited with exit code 1
