Many modules are hidden in this stack. Use "module --show_hidden spider SOFTWARE" if you are not able to find the required software

The following have been reloaded with a version change:
  1) cuda/12.1.1 => cuda/12.4.1

wandb: Currently logged in as: gikaufmann (gikaufmann-eth-z-rich) to https://api.wandb.ai. Use `wandb login --relogin` to force relogin
wandb: setting up run ecnechmd
wandb: Tracking run with wandb version 0.23.0
wandb: Run data is saved locally in /cluster/home/gikaufmann/master_thesis/wandb/run-20260317_172945-ecnechmd
wandb: Run `wandb offline` to turn off syncing.
wandb: Syncing run lobo_usa_06_Temperate_Conifer_Fo
wandb:  View project at https://wandb.ai/gikaufmann-eth-z-rich/spatial-cv
wandb:  View run at https://wandb.ai/gikaufmann-eth-z-rich/spatial-cv/runs/ecnechmd
wandb: uploading console lines 47-48
wandb: uploading console lines 47-48; updating run metadata; uploading wandb-summary.json; uploading output.log
wandb: uploading config.yaml
wandb: uploading history steps 0-0, summary, console lines 49-65
wandb: 
wandb: Run history:
wandb:      test/lift_at_1pct ▁
wandb:        test/n_positive ▁
wandb:         test/n_samples ▁
wandb:            test/pr_auc ▁
wandb: test/precision_at_1pct ▁
wandb: test/precision_at_5pct ▁
wandb:           test/roc_auc ▁
wandb:   timing/total_seconds ▁
wandb:       train/n_positive ▁
wandb:        train/n_samples ▁
wandb:                     +1 ...
wandb: 
wandb: Run summary:
wandb:       test/brier_score nan
wandb:      test/lift_at_1pct 4.34201
wandb:        test/n_positive 737
wandb:         test/n_samples 5103496
wandb:            test/pr_auc 0.00168
wandb: test/precision_at_1pct 0.00063
wandb: test/precision_at_5pct 0.00033
wandb:           test/roc_auc 0.53183
wandb:   timing/total_seconds 3977.85498
wandb:       train/n_positive 265248
wandb:                     +1 ...
wandb: 
wandb:  View run lobo_usa_06_Temperate_Conifer_Fo at: https://wandb.ai/gikaufmann-eth-z-rich/spatial-cv/runs/ecnechmd
wandb:  View project at: https://wandb.ai/gikaufmann-eth-z-rich/spatial-cv
wandb: Synced 5 W&B file(s), 0 media file(s), 0 artifact file(s) and 0 other file(s)
wandb: Find logs at: ./wandb/run-20260317_172945-ecnechmd/logs
