LOBO RF fold index: 2
drwxr-xr-x 10 gikaufmann gikaufmann-group 4096 Mar 15 16:02 /cluster/home/gikaufmann/master_thesis
PWD = /cluster/home/gikaufmann/master_thesis
Starting LOBO RF fold 2 (South America)...
Loading biome raster and mapping...
  Loading biome raster: /cluster/home/gikaufmann/master_thesis/data/south_america/ready/GSN/gsn_terrestrial_ecoregions_mask_1km.tif
  Raster shape: (9047, 8975), dtype: int16
  137 ecoregions → 13 biomes
======================================================================
LOBO SPATIAL CV — SOUTH AMERICA  Fold 2/8
======================================================================
Model type:       RF
Held-out biome:   Mangroves
Biome int codes:  [8, 120]
N biomes total:   9
Train years:      2001-2016
Test years:       2017-2019
Output dir:       /cluster/scratch/gikaufmann/outputs/south_america/results/spatial_cv/rf

Train:     /cluster/scratch/gikaufmann/data/south_america/ml/main/train_win5.parquet
Earlystop: /cluster/scratch/gikaufmann/data/south_america/ml/main/earlystop_win5.parquet
Test:      /cluster/scratch/gikaufmann/data/south_america/ml/main/test_win5.parquet

Loaded RF params: /cluster/home/gikaufmann/master_thesis/scripts/regions/south_america/5_training/rf_best_params.json
n_estimators: 300

Features: 73
  [Memory startup] RSS: 2.11 GB
W&B connected

======================================================================
STEP 1: LOAD TRAINING DATA (held-out biome excluded)
======================================================================

Loading train+earlystop [EXCLUDE biome, years 2001-2016]...
  Pass 1: counting rows...
  Found 309,616,891 samples
  Pass 2: pre-allocating 309,616,891 × 73 float32...
  0% — 200,000/309,616,891 rows
  [Memory   0%] RSS: 2.75 GB
  25% — 77,474,924/309,616,891 rows
  [Memory   25%] RSS: 24.05 GB
  50% — 154,818,084/309,616,891 rows
  [Memory   50%] RSS: 45.37 GB
  75% — 232,390,712/309,616,891 rows
  [Memory   75%] RSS: 66.76 GB
  100% — 309,616,891/309,616,891 rows
  [Memory   100%] RSS: 88.04 GB
  Loaded in 295.8s — 301,550,993 neg, 8,065,898 pos (ratio 1:37.4)
  Training set: 309,616,891 rows
  [Memory after loading training data] RSS: 88.04 GB

======================================================================
STEP 2: TRAIN RF (fixed rounds/trees)
======================================================================

  Training RandomForestClassifier: 300 trees, n_jobs=32
  class_weight=balanced_subsample, max_depth=30, max_features=sqrt
  Training set: 309,616,891 samples (8,065,898 pos, 301,550,993 neg)
  [Memory before RF fit] RSS: 88.04 GB
spatial_CV_1 (rf) fold 2 (South America) finished.
