LOBO RF fold index: 10
drwxr-xr-x 10 gikaufmann gikaufmann-group 4096 Mar 17 11:17 /cluster/home/gikaufmann/master_thesis
PWD = /cluster/home/gikaufmann/master_thesis
Starting LOBO RF fold 10 (USA)...
Loading biome raster and mapping...
  Loading biome raster: /cluster/home/gikaufmann/master_thesis/data/usa/ready/GSN/gsn_terrestrial_ecoregions_mask_1km.tif
  Raster shape: (3536, 6437), dtype: uint8
  85 ecoregions → 12 biomes
======================================================================
LOBO SPATIAL CV — USA  Fold 10/11
======================================================================
Model type:       RF
Held-out biome:   Tropical & Subtropical Grasslands, Savannas & Shrublands
Biome int codes:  [82]
N biomes total:   12
Train years:      2001-2016
Test years:       2017-2019
Output dir:       /cluster/scratch/gikaufmann/outputs/usa/results/spatial_cv/rf

Train:     /cluster/scratch/gikaufmann/data/usa/ml/main/train_win5.parquet
Earlystop: /cluster/scratch/gikaufmann/data/usa/ml/main/earlystop_win5.parquet
Test:      /cluster/scratch/gikaufmann/data/usa/ml/main/test_win5.parquet

Loaded RF params: /cluster/home/gikaufmann/master_thesis/scripts/regions/usa/5_training/rf_best_params.json
n_estimators: 300
  LOBO override: n_estimators 300 → 100 (LOBO_N_ESTIMATORS env var; production value preserved elsewhere)

Features: 73
  [Memory startup] RSS: 2.51 GB
W&B connected

======================================================================
STEP 1: LOAD TRAINING DATA (held-out biome excluded)
======================================================================

Loading train+earlystop [EXCLUDE biome, years 2001-2016, max_neg=50,000,000]...
  Pass 1: counting rows...
  Found 50,344,413 samples
  (344,413 pos, 231,376,324 neg → capping neg at 50,000,000)
  Pass 2: pre-allocating 50,344,413 × 73 float32...
  0% — 21,704/50,344,413 rows
  [Memory   0%] RSS: 2.96 GB
  25% — 12,604,965/50,344,413 rows
  [Memory   25%] RSS: 6.38 GB
  50% — 25,182,310/50,344,413 rows
  [Memory   50%] RSS: 9.81 GB
  75% — 37,765,784/50,344,413 rows
  [Memory   75%] RSS: 13.23 GB
  100% — 50,344,413/50,344,413 rows
  [Memory   100%] RSS: 16.64 GB
  Loaded in 240.0s — 50,000,000 neg, 344,413 pos (ratio 1:145.2)
  Training set: 50,344,413 rows
  [Memory after loading training data] RSS: 16.27 GB

======================================================================
STEP 2: TRAIN RF (fixed rounds/trees)
======================================================================

  Training RandomForestClassifier: 100 trees, n_jobs=32
  class_weight=balanced_subsample, max_depth=None, max_features=sqrt
  Training set: 50,344,413 samples (344,413 pos, 50,000,000 neg)
  NaNs in training data: True
  [Memory before RF fit] RSS: 16.27 GB
  RF training done in 3947.0s
  [Memory after RF fit] RSS: 17.17 GB
  [Memory after training] RSS: 3.48 GB
  Model saved: /cluster/home/gikaufmann/master_thesis/data/usa/ml/models/lobo_rf_10_Tropical_and_Subtropical_Grasslands_Sav_20260317_210605.pkl

======================================================================
STEP 3: EVALUATE ON HELD-OUT BIOME
======================================================================

Evaluating on held-out biome (test years 2017-2019)...
  Pass 1: counting test rows...
  Found 279,543 test samples
  Pass 2: predicting and writing scored output...

  Test held-out biome: 279,543 neg, 0 pos
  ROC-AUC: nan  PR-AUC: 0.0000
  P@1%: 0.0000  Lift@1%: 0.0x
  Scored output: spatial_cv1_scored_Tropical_and_Subtropical_Grasslands_Sav_20260317_210605.parquet

WARNING: Only 0 positives in held-out biome (minimum recommended: 10). Metrics may be unreliable.

======================================================================
SUMMARY
======================================================================
Biome:     Tropical & Subtropical Grasslands, Savannas & Shrublands
Test rows: 279,543  (0 pos)
ROC-AUC:   nan
PR-AUC:    0.0000
P@1%:      0.0000  (Lift 0.0x)
P@5%:      0.0000
Time:      4202.2s (70.0 min)
======================================================================

Fold results saved: /cluster/scratch/gikaufmann/outputs/usa/results/spatial_cv/rf/fold_10_Tropical_and_Subtropical_Grasslands_Sav_20260317_210605.json
Done.

Log saved to: /cluster/scratch/gikaufmann/outputs/usa/results/spatial_cv/rf/fold_10_Tropical_and_Subtropical_Grasslands_Sav_20260317_210605.txt
spatial_CV_1 (rf) fold 10 (USA) finished.
