LOBO fold index: 4
drwxr-xr-x 10 gikaufmann gikaufmann-group 4096 Mar 15 16:02 /cluster/home/gikaufmann/master_thesis
PWD = /cluster/home/gikaufmann/master_thesis
Starting LOBO fold 4 (South America)...
Loading biome raster and mapping...
  Loading biome raster: /cluster/home/gikaufmann/master_thesis/data/south_america/ready/GSN/gsn_terrestrial_ecoregions_mask_1km.tif
  Raster shape: (9047, 8975), dtype: int16
  137 ecoregions → 13 biomes
======================================================================
LOBO SPATIAL CV — SOUTH AMERICA  Fold 4/8
======================================================================
Model type:       LGBM
Held-out biome:   Montane Grasslands & Shrublands
Biome int codes:  [28, 40, 88]
N biomes total:   9
Train years:      2001-2016
Test years:       2017-2019
Output dir:       /cluster/scratch/gikaufmann/outputs/south_america/results/spatial_cv/lgbm

Train:     /cluster/scratch/gikaufmann/data/south_america/ml/main/train_win5.parquet
Earlystop: /cluster/scratch/gikaufmann/data/south_america/ml/main/earlystop_win5.parquet
Test:      /cluster/scratch/gikaufmann/data/south_america/ml/main/test_win5.parquet

Loaded LGBM params: /cluster/home/gikaufmann/master_thesis/scripts/regions/south_america/5_training/lgbm_best_params.json
num_boost_round: 2555
  LOBO override: num_boost_round 2555 → 1000 (LOBO_NUM_BOOST_ROUND env var; production value preserved elsewhere)

Features: 73
  [Memory startup] RSS: 2.69 GB
W&B connected

======================================================================
STEP 1: LOAD TRAINING DATA (held-out biome excluded)
======================================================================

Loading train+earlystop [EXCLUDE biome, years 2001-2016]...
  Pass 1: counting rows...
  Found 266,308,797 samples
  Pass 2: pre-allocating 266,308,797 × 73 float32...
  0% — 200,000/266,308,797 rows
  [Memory   0%] RSS: 3.32 GB
  25% — 66,747,460/266,308,797 rows
  [Memory   25%] RSS: 21.67 GB
  50% — 133,281,718/266,308,797 rows
  [Memory   50%] RSS: 40.01 GB
  75% — 199,749,900/266,308,797 rows
  [Memory   75%] RSS: 58.33 GB
  100% — 266,308,797/266,308,797 rows
  [Memory   100%] RSS: 76.67 GB
  Loaded in 485.0s — 258,435,464 neg, 7,873,333 pos (ratio 1:32.8)
  Training set: 266,308,797 rows
  [Memory after loading training data] RSS: 76.69 GB

======================================================================
STEP 2: TRAIN LGBM (fixed rounds/trees)
======================================================================

  scale_pos_weight = 32.8242
  sample weights: min=0.500 max=1.000
  Creating lgb.Dataset (266,308,797 samples)...
  [Memory before lgb.train] RSS: 76.69 GB
  Training 1000 rounds...
  Training done in 9816.8s
  [Memory after training] RSS: 2.03 GB
  Model saved: /cluster/home/gikaufmann/master_thesis/data/south_america/ml/models/lobo_lgbm_04_Montane_Grasslands_and_Shrublands_20260317_000451.pkl

======================================================================
STEP 3: EVALUATE ON HELD-OUT BIOME
======================================================================

Evaluating on held-out biome (test years 2017-2019)...
  Pass 1: counting test rows...
  Found 7,530,283 test samples
  Pass 2: predicting and writing scored output...

  Test held-out biome: 7,525,099 neg, 5,184 pos
  ROC-AUC: 0.7655  PR-AUC: 0.0015
  P@1%: 0.0017  Lift@1%: 2.5x
  Scored output: spatial_cv1_scored_Montane_Grasslands_and_Shrublands_20260317_000451.parquet

======================================================================
SUMMARY
======================================================================
Biome:     Montane Grasslands & Shrublands
Test rows: 7,530,283  (5,184 pos)
ROC-AUC:   0.7655
PR-AUC:    0.0015
P@1%:      0.0017  (Lift 2.5x)
P@5%:      0.0015
Time:      10398.4s (173.3 min)
======================================================================

Fold results saved: /cluster/scratch/gikaufmann/outputs/south_america/results/spatial_cv/lgbm/fold_04_Montane_Grasslands_and_Shrublands_20260317_000451.json
Done.

Log saved to: /cluster/scratch/gikaufmann/outputs/south_america/results/spatial_cv/lgbm/fold_04_Montane_Grasslands_and_Shrublands_20260317_000451.txt
spatial_CV_1 (lgbm) fold 4 (South America) finished.
