LOBO fold index: 2
drwxr-xr-x 12 gikaufmann gikaufmann-group 4096 Apr 15 00:17 /cluster/home/gikaufmann/master_thesis
PWD = /cluster/home/gikaufmann/master_thesis
Starting LOBO fold 2 (South East Asia)...
Loading biome raster and mapping...
  Loading biome raster: /cluster/home/gikaufmann/master_thesis/data/se_asia/ready/GSN/gsn_terrestrial_ecoregions_mask_1km.tif
  Raster shape: (4553, 5439), dtype: uint8
  109 ecoregions → 9 biomes
======================================================================
LOBO SPATIAL CV — SE ASIA  Fold 2/8
======================================================================
Model type:       LGBM
Held-out biome:   N/A
Biome int codes:  [73]
N biomes total:   9
Train years:      2001-2016
Test years:       2017-2019
Output dir:       /cluster/scratch/gikaufmann/outputs/se_asia/results/spatial_cv/lgbm

Train:     /cluster/scratch/gikaufmann/data/se_asia/ml/main/train_win5.parquet
Earlystop: /cluster/scratch/gikaufmann/data/se_asia/ml/main/earlystop_win5.parquet
Test:      /cluster/scratch/gikaufmann/data/se_asia/ml/main/test_win5.parquet

Loaded LGBM params: /cluster/home/gikaufmann/master_thesis/scripts/regions/se_asia/5_training/lgbm_best_params.json
num_boost_round: 2999

Features: 73
  [Memory startup] RSS: 2.64 GB
W&B connected

======================================================================
STEP 1: LOAD TRAINING DATA (held-out biome excluded)
======================================================================

Loading train+earlystop [EXCLUDE biome, years 2001-2016]...
  Pass 1: counting rows...
  Found 81,118,579 samples
  Pass 2: pre-allocating 81,118,579 × 73 float32...
  0% — 200,000/81,118,579 rows
  [Memory   0%] RSS: 3.29 GB
  25% — 20,400,000/81,118,579 rows
  [Memory   25%] RSS: 8.79 GB
  50% — 40,600,000/81,118,579 rows
  [Memory   50%] RSS: 14.28 GB
  75% — 61,000,000/81,118,579 rows
  [Memory   75%] RSS: 19.83 GB
  100% — 81,118,579/81,118,579 rows
  [Memory   100%] RSS: 25.31 GB
  Loaded in 85.1s — 80,000,296 neg, 1,118,283 pos (ratio 1:71.5)
  Training set: 81,118,579 rows
  [Memory after loading training data] RSS: 25.31 GB

======================================================================
STEP 2: TRAIN LGBM (fixed rounds/trees)
======================================================================

  scale_pos_weight = 71.5385
  sample weights: min=0.500 max=1.000
  Creating lgb.Dataset (81,118,579 samples)...
  [Memory before lgb.train] RSS: 25.31 GB
  Training 2999 rounds...
  Training done in 7450.8s
  [Memory after training] RSS: 2.88 GB
  Model saved: /cluster/home/gikaufmann/master_thesis/data/se_asia/ml/models/lobo_lgbm_02_N_A_20260417_030545.pkl

======================================================================
STEP 3: EVALUATE ON HELD-OUT BIOME
======================================================================

Evaluating on held-out biome (test years 2017-2019)...
  Pass 1: counting test rows...
  Found 0 test samples
  DIAGNOSTIC: 0 rows found for this biome in test years even before WDPA_prev filter — possible biome raster coordinate mismatch or biome truly absent from test parquet.
  WARNING: No unprotected test samples for held-out biome in test years (2017-2019). Fold will be skipped.

Fold 2 (N/A) SKIPPED — no test samples.

======================================================================
SUMMARY
======================================================================
Biome:     N/A
Test rows: 0 (fold skipped — no test samples)
Time:      7543.8s (125.7 min)
======================================================================

Fold results saved: /cluster/scratch/gikaufmann/outputs/se_asia/results/spatial_cv/lgbm/fold_02_N_A_20260417_030545.json
Done.

Log saved to: /cluster/scratch/gikaufmann/outputs/se_asia/results/spatial_cv/lgbm/fold_02_N_A_20260417_030545.txt
spatial_CV_1 (lgbm) fold 2 (South East Asia) finished.
