Many modules are hidden in this stack. Use "module --show_hidden spider SOFTWARE" if you are not able to find the required software

The following have been reloaded with a version change:
  1) cuda/12.1.1 => cuda/12.4.1

wandb: Currently logged in as: gikaufmann (gikaufmann-eth-z-rich) to https://api.wandb.ai. Use `wandb login --relogin` to force relogin
wandb: setting up run ys41y7ok
wandb: Tracking run with wandb version 0.23.0
wandb: Run data is saved locally in /cluster/home/gikaufmann/master_thesis/wandb/run-20260418_163851-ys41y7ok
wandb: Run `wandb offline` to turn off syncing.
wandb: Syncing run lobo_usa_09_Tropical_and_Subtrop
wandb:  View project at https://wandb.ai/gikaufmann-eth-z-rich/spatial-cv
wandb:  View run at https://wandb.ai/gikaufmann-eth-z-rich/spatial-cv/runs/ys41y7ok
wandb: uploading wandb-summary.json; uploading output.log
wandb: uploading history steps 0-0, summary, console lines 43-57
wandb: 
wandb: Run history:
wandb:      test/n_positive ▁
wandb:       test/n_samples ▁
wandb: timing/total_seconds ▁
wandb:     train/n_positive ▁
wandb:      train/n_samples ▁
wandb:                   +9 ...
wandb: 
wandb: Run summary:
wandb:       test/brier_score nan
wandb:      test/lift_at_1pct nan
wandb:        test/n_positive 0
wandb:         test/n_samples 0
wandb:            test/pr_auc nan
wandb: test/precision_at_1pct nan
wandb: test/precision_at_5pct nan
wandb:   test/recall_at_10pct nan
wandb:    test/recall_at_1pct nan
wandb:    test/recall_at_5pct nan
wandb:                     +4 ...
wandb: 
wandb:  View run lobo_usa_09_Tropical_and_Subtrop at: https://wandb.ai/gikaufmann-eth-z-rich/spatial-cv/runs/ys41y7ok
wandb:  View project at: https://wandb.ai/gikaufmann-eth-z-rich/spatial-cv
wandb: Synced 5 W&B file(s), 0 media file(s), 0 artifact file(s) and 0 other file(s)
wandb: Find logs at: ./wandb/run-20260418_163851-ys41y7ok/logs
