LOBO fold index: 4
drwxr-xr-x 12 gikaufmann gikaufmann-group 4096 Apr 15 00:17 /cluster/home/gikaufmann/master_thesis
PWD = /cluster/home/gikaufmann/master_thesis
Starting LOBO fold 4 (South America)...
Loading biome raster and mapping...
  Loading biome raster: /cluster/home/gikaufmann/master_thesis/data/south_america/ready/GSN/gsn_terrestrial_ecoregions_mask_1km.tif
  Raster shape: (9172, 8974), dtype: uint8
  137 ecoregions → 13 biomes
======================================================================
LOBO SPATIAL CV — SOUTH AMERICA  Fold 4/12
======================================================================
Model type:       LGBM
Held-out biome:   Montane Grasslands & Shrublands
Biome int codes:  [28, 29, 30, 37, 40, 57, 88, 109, 117]
N biomes total:   13
Train years:      2001-2016
Test years:       2017-2019
Output dir:       /cluster/scratch/gikaufmann/outputs/south_america/results/spatial_cv/lgbm

Train:     /cluster/scratch/gikaufmann/data/south_america/ml/main/train_win5.parquet
Earlystop: /cluster/scratch/gikaufmann/data/south_america/ml/main/earlystop_win5.parquet
Test:      /cluster/scratch/gikaufmann/data/south_america/ml/main/test_win5.parquet

Loaded LGBM params: /cluster/home/gikaufmann/master_thesis/scripts/regions/south_america/5_training/lgbm_best_params.json
num_boost_round: 2555

Features: 73
  [Memory startup] RSS: 2.84 GB
W&B connected

======================================================================
STEP 1: LOAD TRAINING DATA (held-out biome excluded)
======================================================================

Loading train+earlystop [EXCLUDE biome, years 2001-2016]...
  Pass 1: counting rows...
  Found 298,043,569 samples
  Pass 2: pre-allocating 298,043,569 × 73 float32...
  0% — 199,104/298,043,569 rows
  [Memory   0%] RSS: 3.49 GB
  25% — 74,537,148/298,043,569 rows
  [Memory   25%] RSS: 24.02 GB
  50% — 149,203,808/298,043,569 rows
  [Memory   50%] RSS: 44.60 GB
  75% — 223,546,366/298,043,569 rows
  [Memory   75%] RSS: 65.10 GB
  100% — 298,043,569/298,043,569 rows
  [Memory   100%] RSS: 85.58 GB
  Loaded in 564.5s — 290,037,298 neg, 8,006,271 pos (ratio 1:36.2)
  Training set: 298,043,569 rows
  [Memory after loading training data] RSS: 85.60 GB

======================================================================
STEP 2: TRAIN LGBM (fixed rounds/trees)
======================================================================

  scale_pos_weight = 36.2263
  sample weights: min=0.500 max=1.000
  Creating lgb.Dataset (298,043,569 samples)...
  [Memory before lgb.train] RSS: 85.60 GB
  Training 2555 rounds...
  Training done in 10361.2s
  [Memory after training] RSS: 2.31 GB
  Model saved: /cluster/home/gikaufmann/master_thesis/data/south_america/ml/models/lobo_lgbm_04_Montane_Grasslands_and_Shrublands_20260415_114842.pkl

======================================================================
STEP 3: EVALUATE ON HELD-OUT BIOME
======================================================================

Evaluating on held-out biome (test years 2017-2019)...
  Pass 1: counting test rows...
  Found 2,571,166 test samples
  Pass 2: predicting and writing scored output...

  Test held-out biome: 2,534,730 neg, 36,436 pos
  ROC-AUC: 0.7568  PR-AUC: 0.0451
  P@1%: 0.0975  Lift@1%: 6.9x
  Scored output: spatial_cv1_scored_Montane_Grasslands_and_Shrublands_20260415_114842.parquet

======================================================================
SUMMARY
======================================================================
Biome:     Montane Grasslands & Shrublands
Test rows: 2,571,166  (36,436 pos)
ROC-AUC:   0.7568
PR-AUC:    0.0451
P@1%:      0.0975  (Lift 6.9x)
P@5%:      0.0391
Time:      10989.9s (183.2 min)
======================================================================

Fold results saved: /cluster/scratch/gikaufmann/outputs/south_america/results/spatial_cv/lgbm/fold_04_Montane_Grasslands_and_Shrublands_20260415_114842.json
Done.

Log saved to: /cluster/scratch/gikaufmann/outputs/south_america/results/spatial_cv/lgbm/fold_04_Montane_Grasslands_and_Shrublands_20260415_114842.txt
spatial_CV_1 (lgbm) fold 4 (South America) finished.
