LOBO fold index: 11
drwxr-xr-x 12 gikaufmann gikaufmann-group 4096 Apr 15 00:17 /cluster/home/gikaufmann/master_thesis
PWD = /cluster/home/gikaufmann/master_thesis
Starting LOBO fold 11 (South America)...
Loading biome raster and mapping...
  Loading biome raster: /cluster/home/gikaufmann/master_thesis/data/south_america/ready/GSN/gsn_terrestrial_ecoregions_mask_1km.tif
  Raster shape: (9172, 8974), dtype: uint8
  137 ecoregions → 13 biomes
======================================================================
LOBO SPATIAL CV — SOUTH AMERICA  Fold 11/12
======================================================================
Model type:       LGBM
Held-out biome:   Tropical & Subtropical Moist Broadleaf Forests
Biome int codes:  [1, 4, 7, 9, 10, 12, 16, 18, 20, 22, 23, 24, 26, 34, 36, 38, 39, 41, 43, 44, 47, 51, 52, 53, 54, 56, 60, 61, 62, 63, 65, 71, 73, 74, 78, 80, 81, 84, 85, 86, 87, 89, 90, 94, 99, 100, 101, 102, 103, 104, 105, 108, 112, 114, 116, 121, 123, 124, 125, 126, 128, 130, 131, 134, 135, 136, 137]
N biomes total:   13
Train years:      2001-2016
Test years:       2017-2019
Output dir:       /cluster/scratch/gikaufmann/outputs/south_america/results/spatial_cv/lgbm

Train:     /cluster/scratch/gikaufmann/data/south_america/ml/main/train_win5.parquet
Earlystop: /cluster/scratch/gikaufmann/data/south_america/ml/main/earlystop_win5.parquet
Test:      /cluster/scratch/gikaufmann/data/south_america/ml/main/test_win5.parquet

Loaded LGBM params: /cluster/home/gikaufmann/master_thesis/scripts/regions/south_america/5_training/lgbm_best_params.json
num_boost_round: 2555

Features: 73
  [Memory startup] RSS: 2.71 GB
W&B connected

======================================================================
STEP 1: LOAD TRAINING DATA (held-out biome excluded)
======================================================================

Loading train+earlystop [EXCLUDE biome, years 2001-2016]...
  Pass 1: counting rows...
  Found 198,487,742 samples
  Pass 2: pre-allocating 198,487,742 × 73 float32...
  0% — 896/198,487,742 rows
  [Memory   0%] RSS: 3.29 GB
  25% — 49,692,505/198,487,742 rows
  [Memory   25%] RSS: 16.99 GB
  50% — 99,375,254/198,487,742 rows
  [Memory   50%] RSS: 30.69 GB
  75% — 148,910,231/198,487,742 rows
  [Memory   75%] RSS: 44.34 GB
  100% — 198,487,742/198,487,742 rows
  [Memory   100%] RSS: 58.00 GB
  Loaded in 469.9s — 196,242,972 neg, 2,244,770 pos (ratio 1:87.4)
  Training set: 198,487,742 rows
  [Memory after loading training data] RSS: 58.00 GB

======================================================================
STEP 2: TRAIN LGBM (fixed rounds/trees)
======================================================================

  scale_pos_weight = 87.4223
  sample weights: min=0.500 max=1.000
  Creating lgb.Dataset (198,487,742 samples)...
  [Memory before lgb.train] RSS: 58.00 GB
  Training 2555 rounds...
  Training done in 5609.6s
  [Memory after training] RSS: 2.58 GB
  Model saved: /cluster/home/gikaufmann/master_thesis/data/south_america/ml/models/lobo_lgbm_11_Tropical_and_Subtropical_Moist_Broadleaf_20260416_012632.pkl

======================================================================
STEP 3: EVALUATE ON HELD-OUT BIOME
======================================================================

Evaluating on held-out biome (test years 2017-2019)...
  Pass 1: counting test rows...
  Found 16,852,053 test samples
  Pass 2: predicting and writing scored output...

  Test held-out biome: 16,701,594 neg, 150,459 pos
  ROC-AUC: 0.7008  PR-AUC: 0.0555
  P@1%: 0.1152  Lift@1%: 12.9x
  Scored output: spatial_cv1_scored_Tropical_and_Subtropical_Moist_Broadleaf_20260416_012632.parquet

======================================================================
SUMMARY
======================================================================
Biome:     Tropical & Subtropical Moist Broadleaf Forests
Test rows: 16,852,053  (150,459 pos)
ROC-AUC:   0.7008
PR-AUC:    0.0555
P@1%:      0.1152  (Lift 12.9x)
P@5%:      0.0492
Time:      6279.7s (104.7 min)
======================================================================

Fold results saved: /cluster/scratch/gikaufmann/outputs/south_america/results/spatial_cv/lgbm/fold_11_Tropical_and_Subtropical_Moist_Broadleaf_20260416_012632.json
Done.

Log saved to: /cluster/scratch/gikaufmann/outputs/south_america/results/spatial_cv/lgbm/fold_11_Tropical_and_Subtropical_Moist_Broadleaf_20260416_012632.txt
spatial_CV_1 (lgbm) fold 11 (South America) finished.
