LOBO fold index: 6
drwxr-xr-x 10 gikaufmann gikaufmann-group 4096 Apr  1 13:22 /cluster/home/gikaufmann/master_thesis
PWD = /cluster/home/gikaufmann/master_thesis
Starting LOBO fold 6 (South East Asia)...
Loading biome raster and mapping...
  Loading biome raster: /cluster/home/gikaufmann/master_thesis/data/se_asia/ready/GSN/gsn_terrestrial_ecoregions_mask_1km.tif
  Raster shape: (4553, 5439), dtype: uint8
  109 ecoregions → 9 biomes
======================================================================
LOBO SPATIAL CV — SE ASIA  Fold 6/8
======================================================================
Model type:       LGBM
Held-out biome:   Tropical & Subtropical Dry Broadleaf Forests
Biome int codes:  [11, 29, 35, 79, 84, 94, 99, 107]
N biomes total:   9
Train years:      2001-2016
Test years:       2017-2019
Output dir:       /cluster/scratch/gikaufmann/outputs/se_asia/results/spatial_cv/lgbm

Train:     /cluster/scratch/gikaufmann/data/se_asia/ml/main/train_win5.parquet
Earlystop: /cluster/scratch/gikaufmann/data/se_asia/ml/main/earlystop_win5.parquet
Test:      /cluster/scratch/gikaufmann/data/se_asia/ml/main/test_win5.parquet

Loaded LGBM params: /cluster/home/gikaufmann/master_thesis/scripts/regions/se_asia/5_training/lgbm_best_params.json
num_boost_round: 2999

Features: 73
  [Memory startup] RSS: 2.60 GB
W&B connected

======================================================================
STEP 1: LOAD TRAINING DATA (held-out biome excluded)
======================================================================

Loading train+earlystop [EXCLUDE biome, years 2001-2016]...
  Pass 1: counting rows...
  Found 70,036,417 samples
  Pass 2: pre-allocating 70,036,417 × 73 float32...
  0% — 199,773/70,036,417 rows
  [Memory   0%] RSS: 3.25 GB
  25% — 17,638,810/70,036,417 rows
  [Memory   25%] RSS: 8.00 GB
  50% — 35,111,217/70,036,417 rows
  [Memory   50%] RSS: 12.75 GB
  75% — 52,694,094/70,036,417 rows
  [Memory   75%] RSS: 17.54 GB
  100% — 70,036,417/70,036,417 rows
  [Memory   100%] RSS: 22.25 GB
  Loaded in 65.9s — 69,235,219 neg, 801,198 pos (ratio 1:86.4)
  Training set: 70,036,417 rows
  [Memory after loading training data] RSS: 22.25 GB

======================================================================
STEP 2: TRAIN LGBM (fixed rounds/trees)
======================================================================

  scale_pos_weight = 86.4146
  sample weights: min=0.500 max=1.000
  Creating lgb.Dataset (70,036,417 samples)...
  [Memory before lgb.train] RSS: 22.53 GB
  Training 2999 rounds...
  Training done in 5028.6s
  [Memory after training] RSS: 4.22 GB
  Model saved: /cluster/home/gikaufmann/master_thesis/data/se_asia/ml/models/lobo_lgbm_06_Tropical_and_Subtropical_Dry_Broadleaf_F_20260401_220638.pkl

======================================================================
STEP 3: EVALUATE ON HELD-OUT BIOME
======================================================================

Evaluating on held-out biome (test years 2017-2019)...
  Pass 1: counting test rows...
  Found 1,651,993 test samples
  Pass 2: predicting and writing scored output...

  Test held-out biome: 1,634,291 neg, 17,702 pos
  ROC-AUC: 0.8179  PR-AUC: 0.0406
  P@1%: 0.0787  Lift@1%: 7.3x
  Scored output: spatial_cv1_scored_Tropical_and_Subtropical_Dry_Broadleaf_F_20260401_220638.parquet

======================================================================
SUMMARY
======================================================================
Biome:     Tropical & Subtropical Dry Broadleaf Forests
Test rows: 1,651,993  (17,702 pos)
ROC-AUC:   0.8179
PR-AUC:    0.0406
P@1%:      0.0787  (Lift 7.3x)
P@5%:      0.0495
Time:      5137.0s (85.6 min)
======================================================================

Fold results saved: /cluster/scratch/gikaufmann/outputs/se_asia/results/spatial_cv/lgbm/fold_06_Tropical_and_Subtropical_Dry_Broadleaf_F_20260401_220638.json
Done.

Log saved to: /cluster/scratch/gikaufmann/outputs/se_asia/results/spatial_cv/lgbm/fold_06_Tropical_and_Subtropical_Dry_Broadleaf_F_20260401_220638.txt
spatial_CV_1 (lgbm) fold 6 (South East Asia) finished.
