LOBO fold index: 7
drwxr-xr-x 12 gikaufmann gikaufmann-group 4096 Apr 15 00:17 /cluster/home/gikaufmann/master_thesis
PWD = /cluster/home/gikaufmann/master_thesis
Starting LOBO fold 7 (USA)...
Loading biome raster and mapping...
  Loading biome raster: /cluster/home/gikaufmann/master_thesis/data/usa/ready/GSN/gsn_terrestrial_ecoregions_mask_1km.tif
  Raster shape: (3536, 6437), dtype: uint8
  85 ecoregions → 12 biomes
======================================================================
LOBO SPATIAL CV — USA  Fold 7/11
======================================================================
Model type:       LGBM
Held-out biome:   Temperate Grasslands, Savannas & Shrublands
Biome int codes:  [12, 16, 19, 20, 22, 26, 32, 34, 42, 46, 47, 54, 55, 59, 72, 73, 77, 83, 84]
N biomes total:   12
Train years:      2001-2016
Test years:       2017-2019
Output dir:       /cluster/scratch/gikaufmann/outputs/usa/results/spatial_cv/lgbm

Train:     /cluster/scratch/gikaufmann/data/usa/ml/main/train_win5.parquet
Earlystop: /cluster/scratch/gikaufmann/data/usa/ml/main/earlystop_win5.parquet
Test:      /cluster/scratch/gikaufmann/data/usa/ml/main/test_win5.parquet

Loaded LGBM params: /cluster/home/gikaufmann/master_thesis/scripts/regions/usa/5_training/lgbm_best_params.json
num_boost_round: 2985

Features: 73
  [Memory startup] RSS: 2.59 GB
W&B connected

======================================================================
STEP 1: LOAD TRAINING DATA (held-out biome excluded)
======================================================================

Loading train+earlystop [EXCLUDE biome, years 2001-2016]...
  Pass 1: counting rows...
  Found 134,205,160 samples
  Pass 2: pre-allocating 134,205,160 × 73 float32...
  0% — 69,860/134,205,160 rows
  [Memory   0%] RSS: 3.21 GB
  25% — 33,600,757/134,205,160 rows
  [Memory   25%] RSS: 12.34 GB
  50% — 67,215,709/134,205,160 rows
  [Memory   50%] RSS: 21.49 GB
  75% — 100,666,954/134,205,160 rows
  [Memory   75%] RSS: 30.58 GB
  100% — 134,205,160/134,205,160 rows
  [Memory   100%] RSS: 39.70 GB
  Loaded in 121.4s — 133,920,906 neg, 284,254 pos (ratio 1:471.1)
  Training set: 134,205,160 rows
  [Memory after loading training data] RSS: 39.70 GB

======================================================================
STEP 2: TRAIN LGBM (fixed rounds/trees)
======================================================================

  scale_pos_weight = 471.1311
  sample weights: min=0.500 max=1.000
  Creating lgb.Dataset (134,205,160 samples)...
  [Memory before lgb.train] RSS: 40.20 GB
  Training 2985 rounds...
  Training done in 13611.2s
  [Memory after training] RSS: 2.97 GB
  Model saved: /cluster/home/gikaufmann/master_thesis/data/usa/ml/models/lobo_lgbm_07_Temperate_Grasslands_Savannas_and_Shrub_20260418_080354.pkl

======================================================================
STEP 3: EVALUATE ON HELD-OUT BIOME
======================================================================

Evaluating on held-out biome (test years 2017-2019)...
  Pass 1: counting test rows...
  Found 15,657,831 test samples
  Pass 2: predicting and writing scored output...

  Test held-out biome: 15,657,468 neg, 363 pos
  ROC-AUC: 0.5406  PR-AUC: 0.0001
  P@1%: 0.0002  Lift@1%: 7.2x
  Scored output: spatial_cv1_scored_Temperate_Grasslands_Savannas_and_Shrub_20260418_080354.parquet

======================================================================
SUMMARY
======================================================================
Biome:     Temperate Grasslands, Savannas & Shrublands
Test rows: 15,657,831  (363 pos)
ROC-AUC:   0.5406
PR-AUC:    0.0001
P@1%:      0.0002  (Lift 7.2x)
P@5%:      0.0001
Time:      14009.5s (233.5 min)
======================================================================

Fold results saved: /cluster/scratch/gikaufmann/outputs/usa/results/spatial_cv/lgbm/fold_07_Temperate_Grasslands_Savannas_and_Shrub_20260418_080354.json
Done.

Log saved to: /cluster/scratch/gikaufmann/outputs/usa/results/spatial_cv/lgbm/fold_07_Temperate_Grasslands_Savannas_and_Shrub_20260418_080354.txt
spatial_CV_1 (lgbm) fold 7 (USA) finished.
