LOBO fold index: 6
drwxr-xr-x 10 gikaufmann gikaufmann-group 4096 Mar 18 15:57 /cluster/home/gikaufmann/master_thesis
PWD = /cluster/home/gikaufmann/master_thesis
Starting LOBO fold 6 (USA)...
Loading biome raster and mapping...
  Loading biome raster: /cluster/home/gikaufmann/master_thesis/data/usa/ready/GSN/gsn_terrestrial_ecoregions_mask_1km.tif
  Raster shape: (3536, 6437), dtype: uint8
  85 ecoregions → 12 biomes
======================================================================
LOBO SPATIAL CV — USA  Fold 6/11
======================================================================
Model type:       LGBM
Held-out biome:   Temperate Conifer Forests
Biome int codes:  [5, 6, 10, 11, 18, 21, 25, 30, 35, 40, 49, 51, 53, 56, 60, 61, 66, 71, 80]
N biomes total:   12
Train years:      2001-2016
Test years:       2017-2019
Output dir:       /cluster/scratch/gikaufmann/outputs/usa/results/spatial_cv/lgbm

Train:     /cluster/scratch/gikaufmann/data/usa/ml/main/train_win5.parquet
Earlystop: /cluster/scratch/gikaufmann/data/usa/ml/main/earlystop_win5.parquet
Test:      /cluster/scratch/gikaufmann/data/usa/ml/main/test_win5.parquet

Loaded LGBM params: /cluster/home/gikaufmann/master_thesis/scripts/regions/usa/5_training/lgbm_best_params.json
num_boost_round: 2985

Features: 73
  [Memory startup] RSS: 2.56 GB
W&B connected

======================================================================
STEP 1: LOAD TRAINING DATA (held-out biome excluded)
======================================================================

Loading train+earlystop [EXCLUDE biome, years 2001-2016]...
  Pass 1: counting rows...
  Found 201,003,218 samples
  Pass 2: pre-allocating 201,003,218 × 73 float32...
  0% — 200,000/201,003,218 rows
  [Memory   0%] RSS: 3.21 GB
  25% — 50,409,087/201,003,218 rows
  [Memory   25%] RSS: 17.05 GB
  50% — 100,525,226/201,003,218 rows
  [Memory   50%] RSS: 30.87 GB
  75% — 150,808,857/201,003,218 rows
  [Memory   75%] RSS: 44.73 GB
  100% — 201,003,218/201,003,218 rows
  [Memory   100%] RSS: 58.56 GB
  Loaded in 307.9s — 200,737,970 neg, 265,248 pos (ratio 1:756.8)
  Training set: 201,003,218 rows
  [Memory after loading training data] RSS: 58.56 GB

======================================================================
STEP 2: TRAIN LGBM (fixed rounds/trees)
======================================================================

  scale_pos_weight = 756.7935
  sample weights: min=0.500 max=1.000
  Creating lgb.Dataset (201,003,218 samples)...
  [Memory before lgb.train] RSS: 58.56 GB
  Training 2985 rounds...
  Training done in 9380.6s
  [Memory after training] RSS: 2.53 GB
  Model saved: /cluster/home/gikaufmann/master_thesis/data/usa/ml/models/lobo_lgbm_06_Temperate_Conifer_Forests_20260322_020633.pkl

======================================================================
STEP 3: EVALUATE ON HELD-OUT BIOME
======================================================================

Evaluating on held-out biome (test years 2017-2019)...
  Pass 1: counting test rows...
  Found 5,103,496 test samples
  Pass 2: predicting and writing scored output...

  Test held-out biome: 5,102,759 neg, 737 pos
  ROC-AUC: 0.3339  PR-AUC: 0.0001
  P@1%: 0.0003  Lift@1%: 1.9x
  Scored output: spatial_cv1_scored_Temperate_Conifer_Forests_20260322_020633.parquet

======================================================================
SUMMARY
======================================================================
Biome:     Temperate Conifer Forests
Test rows: 5,103,496  (737 pos)
ROC-AUC:   0.3339
PR-AUC:    0.0001
P@1%:      0.0003  (Lift 1.9x)
P@5%:      0.0002
Time:      9815.9s (163.6 min)
======================================================================

Fold results saved: /cluster/scratch/gikaufmann/outputs/usa/results/spatial_cv/lgbm/fold_06_Temperate_Conifer_Forests_20260322_020633.json
Done.

Log saved to: /cluster/scratch/gikaufmann/outputs/usa/results/spatial_cv/lgbm/fold_06_Temperate_Conifer_Forests_20260322_020633.txt
spatial_CV_1 (lgbm) fold 6 (USA) finished.
