LOBO RF fold index: 3
drwxr-xr-x 12 gikaufmann gikaufmann-group 4096 Apr 15 00:17 /cluster/home/gikaufmann/master_thesis
PWD = /cluster/home/gikaufmann/master_thesis
Starting LOBO RF fold 3 (South America)...
Loading biome raster and mapping...
  Loading biome raster: /cluster/home/gikaufmann/master_thesis/data/south_america/ready/GSN/gsn_terrestrial_ecoregions_mask_1km.tif
  Raster shape: (9172, 8974), dtype: uint8
  137 ecoregions → 13 biomes
======================================================================
LOBO SPATIAL CV — SOUTH AMERICA  Fold 3/12
======================================================================
Model type:       RF
Held-out biome:   Mediterranean Forests, Woodlands & Scrub
Biome int codes:  [32]
N biomes total:   13
Train years:      2001-2016
Test years:       2017-2019
Output dir:       /cluster/scratch/gikaufmann/outputs/south_america/results/spatial_cv/rf

Train:     /cluster/scratch/gikaufmann/data/south_america/ml/main/train_win5.parquet
Earlystop: /cluster/scratch/gikaufmann/data/south_america/ml/main/earlystop_win5.parquet
Test:      /cluster/scratch/gikaufmann/data/south_america/ml/main/test_win5.parquet

Loaded RF params: /cluster/home/gikaufmann/master_thesis/scripts/regions/south_america/5_training/rf_best_params.json
n_estimators: 300

Features: 73
  [Memory startup] RSS: 2.71 GB
W&B connected

======================================================================
STEP 1: LOAD TRAINING DATA (held-out biome excluded)
======================================================================

Loading train+earlystop [EXCLUDE biome, years 2001-2016, max_neg=30,000,000]...
  Pass 1: counting rows...
  Found 38,166,414 samples
  (8,166,414 pos, 302,619,610 neg → capping neg at 30,000,000)
  Pass 2: pre-allocating 38,166,414 × 73 float32...
  0% — 18,487/38,166,414 rows
  [Memory   0%] RSS: 3.21 GB
  25% — 9,549,232/38,166,414 rows
  [Memory   25%] RSS: 5.80 GB
  50% — 19,093,026/38,166,414 rows
  [Memory   50%] RSS: 8.39 GB
  75% — 28,625,968/38,166,414 rows
  [Memory   75%] RSS: 10.99 GB
  100% — 38,166,414/38,166,414 rows
  [Memory   100%] RSS: 13.58 GB
  Loaded in 294.3s — 30,000,000 neg, 8,166,414 pos (ratio 1:3.7)
  Training set: 38,166,414 rows
  [Memory after loading training data] RSS: 13.58 GB

======================================================================
STEP 2: TRAIN RF (fixed rounds/trees)
======================================================================

  Training RandomForestClassifier: 300 trees, n_jobs=32
  class_weight=balanced_subsample, max_depth=30, max_features=sqrt
  Training set: 38,166,414 samples (8,166,414 pos, 30,000,000 neg)
  NaNs in training data: True
  [Memory before RF fit] RSS: 13.58 GB
  RF training done in 6738.8s
  [Memory after RF fit] RSS: 15.31 GB
  [Memory after training] RSS: 4.94 GB
  Model saved: /cluster/home/gikaufmann/master_thesis/data/south_america/ml/models/lobo_rf_03_Mediterranean_Forests_Woodlands_and_Scr_20260416_082637.pkl

======================================================================
STEP 3: EVALUATE ON HELD-OUT BIOME
======================================================================

Evaluating on held-out biome (test years 2017-2019)...
  Pass 1: counting test rows...
  Found 598,143 test samples
  Pass 2: predicting and writing scored output...

  Test held-out biome: 595,762 neg, 2,381 pos
  ROC-AUC: 0.5189  PR-AUC: 0.0524
  P@1%: 0.0441  Lift@1%: 11.1x
  Scored output: spatial_cv1_scored_Mediterranean_Forests_Woodlands_and_Scr_20260416_082637.parquet

======================================================================
SUMMARY
======================================================================
Biome:     Mediterranean Forests, Woodlands & Scrub
Test rows: 598,143  (2,381 pos)
ROC-AUC:   0.5189
PR-AUC:    0.0524
P@1%:      0.0441  (Lift 11.1x)
P@5%:      0.0104
Time:      7066.6s (117.8 min)
======================================================================

Fold results saved: /cluster/scratch/gikaufmann/outputs/south_america/results/spatial_cv/rf/fold_03_Mediterranean_Forests_Woodlands_and_Scr_20260416_082637.json
Done.

Log saved to: /cluster/scratch/gikaufmann/outputs/south_america/results/spatial_cv/rf/fold_03_Mediterranean_Forests_Woodlands_and_Scr_20260416_082637.txt
spatial_CV_1 (rf) fold 3 (South America) finished.
