LOBO RF fold index: 4
drwxr-xr-x 10 gikaufmann gikaufmann-group 4096 Mar 15 16:02 /cluster/home/gikaufmann/master_thesis
PWD = /cluster/home/gikaufmann/master_thesis
Starting LOBO RF fold 4 (South America)...
Loading biome raster and mapping...
  Loading biome raster: /cluster/home/gikaufmann/master_thesis/data/south_america/ready/GSN/gsn_terrestrial_ecoregions_mask_1km.tif
  Raster shape: (9047, 8975), dtype: int16
  137 ecoregions → 13 biomes
======================================================================
LOBO SPATIAL CV — SOUTH AMERICA  Fold 4/8
======================================================================
Model type:       RF
Held-out biome:   Montane Grasslands & Shrublands
Biome int codes:  [28, 40, 88]
N biomes total:   9
Train years:      2001-2016
Test years:       2017-2019
Output dir:       /cluster/scratch/gikaufmann/outputs/south_america/results/spatial_cv/rf

Train:     /cluster/scratch/gikaufmann/data/south_america/ml/main/train_win5.parquet
Earlystop: /cluster/scratch/gikaufmann/data/south_america/ml/main/earlystop_win5.parquet
Test:      /cluster/scratch/gikaufmann/data/south_america/ml/main/test_win5.parquet

Loaded RF params: /cluster/home/gikaufmann/master_thesis/scripts/regions/south_america/5_training/rf_best_params.json
n_estimators: 300
  LOBO override: n_estimators 300 → 100 (LOBO_N_ESTIMATORS env var; production value preserved elsewhere)

Features: 73
  [Memory startup] RSS: 2.84 GB
W&B connected

======================================================================
STEP 1: LOAD TRAINING DATA (held-out biome excluded)
======================================================================

Loading train+earlystop [EXCLUDE biome, years 2001-2016, max_neg=50,000,000]...
  Pass 1: counting rows...
  Found 57,873,333 samples
  (7,873,333 pos, 258,435,464 neg → capping neg at 50,000,000)
  Pass 2: pre-allocating 57,873,333 × 73 float32...
  0% — 27,123/57,873,333 rows
  [Memory   0%] RSS: 3.71 GB
  25% — 14,487,299/57,873,333 rows
  [Memory   25%] RSS: 7.65 GB
  50% — 28,953,157/57,873,333 rows
  [Memory   50%] RSS: 11.58 GB
  75% — 43,406,397/57,873,333 rows
  [Memory   75%] RSS: 15.52 GB
  100% — 57,873,333/57,873,333 rows
  [Memory   100%] RSS: 19.46 GB
  Loaded in 236.5s — 50,000,000 neg, 7,873,333 pos (ratio 1:6.4)
  Training set: 57,873,333 rows
  [Memory after loading training data] RSS: 19.09 GB

======================================================================
STEP 2: TRAIN RF (fixed rounds/trees)
======================================================================

  Training RandomForestClassifier: 100 trees, n_jobs=32
  class_weight=balanced_subsample, max_depth=30, max_features=sqrt
  Training set: 57,873,333 samples (7,873,333 pos, 50,000,000 neg)
  NaNs in training data: True
  [Memory before RF fit] RSS: 19.09 GB
spatial_CV_1 (rf) fold 4 (South America) finished.
