Many modules are hidden in this stack. Use "module --show_hidden spider SOFTWARE" if you are not able to find the required software

The following have been reloaded with a version change:
  1) cuda/12.1.1 => cuda/12.4.1

wandb: Currently logged in as: gikaufmann (gikaufmann-eth-z-rich) to https://api.wandb.ai. Use `wandb login --relogin` to force relogin
wandb: setting up run 74q8bx6r
wandb: Tracking run with wandb version 0.23.0
wandb: Run data is saved locally in /cluster/home/gikaufmann/master_thesis/wandb/run-20260316_050213-74q8bx6r
wandb: Run `wandb offline` to turn off syncing.
wandb: Syncing run lobo_usa_00_Boreal_Forests_Taiga
wandb:  View project at https://wandb.ai/gikaufmann-eth-z-rich/spatial-cv
wandb:  View run at https://wandb.ai/gikaufmann-eth-z-rich/spatial-cv/runs/74q8bx6r
wandb: updating run metadata
wandb: uploading output.log; uploading wandb-summary.json; uploading config.yaml
wandb: uploading summary, console lines 43-43
wandb:  View run lobo_usa_00_Boreal_Forests_Taiga at: https://wandb.ai/gikaufmann-eth-z-rich/spatial-cv/runs/74q8bx6r
wandb:  View project at: https://wandb.ai/gikaufmann-eth-z-rich/spatial-cv
wandb: Synced 5 W&B file(s), 0 media file(s), 0 artifact file(s) and 0 other file(s)
wandb: Find logs at: ./wandb/run-20260316_050213-74q8bx6r/logs
Traceback (most recent call last):
  File "/cluster/home/gikaufmann/master_thesis/scripts/regions/usa/6_evaluation/spatial_CV_1", line 30, in <module>
    run_lobo_main(region="usa", model_id="model2")
  File "/cluster/home/gikaufmann/master_thesis/scripts/regions/shared/evaluation/spatial_cv_core.py", line 1350, in run_lobo_main
    test_results = evaluate_on_biome(
                   ^^^^^^^^^^^^^^^^^^
  File "/cluster/home/gikaufmann/master_thesis/scripts/regions/shared/evaluation/spatial_cv_core.py", line 775, in evaluate_on_biome
    raise ValueError("No test samples for held-out biome. "
ValueError: No test samples for held-out biome. Check year range and biome index.
srun: error: eu-g5-040-2: task 0: Exited with exit code 1
