LOBO RF fold index: 6
drwxr-xr-x 10 gikaufmann gikaufmann-group 4096 Mar 18 15:57 /cluster/home/gikaufmann/master_thesis
PWD = /cluster/home/gikaufmann/master_thesis
Starting LOBO RF fold 6 (USA)...
Loading biome raster and mapping...
  Loading biome raster: /cluster/home/gikaufmann/master_thesis/data/usa/ready/GSN/gsn_terrestrial_ecoregions_mask_1km.tif
  Raster shape: (3536, 6437), dtype: uint8
  85 ecoregions → 12 biomes
======================================================================
LOBO SPATIAL CV — USA  Fold 6/11
======================================================================
Model type:       RF
Held-out biome:   Temperate Conifer Forests
Biome int codes:  [5, 6, 10, 11, 18, 21, 25, 30, 35, 40, 49, 51, 53, 56, 60, 61, 66, 71, 80]
N biomes total:   12
Train years:      2001-2016
Test years:       2017-2019
Output dir:       /cluster/scratch/gikaufmann/outputs/usa/results/spatial_cv/rf

Train:     /cluster/scratch/gikaufmann/data/usa/ml/main/train_win5.parquet
Earlystop: /cluster/scratch/gikaufmann/data/usa/ml/main/earlystop_win5.parquet
Test:      /cluster/scratch/gikaufmann/data/usa/ml/main/test_win5.parquet

Loaded RF params: /cluster/home/gikaufmann/master_thesis/scripts/regions/usa/5_training/rf_best_params.json
n_estimators: 300

Features: 73
  [Memory startup] RSS: 1.97 GB
W&B connected

======================================================================
STEP 1: LOAD TRAINING DATA (held-out biome excluded)
======================================================================

Loading train+earlystop [EXCLUDE biome, years 2001-2016, max_neg=30,000,000]...
  Pass 1: counting rows...
  Found 30,265,248 samples
  (265,248 pos, 200,737,970 neg → capping neg at 30,000,000)
  Pass 2: pre-allocating 30,265,248 × 73 float32...
  0% — 15,100/30,265,248 rows
  [Memory   0%] RSS: 2.67 GB
  25% — 7,574,526/30,265,248 rows
  [Memory   25%] RSS: 4.73 GB
  50% — 15,143,123/30,265,248 rows
  [Memory   50%] RSS: 6.79 GB
  75% — 22,706,683/30,265,248 rows
  [Memory   75%] RSS: 8.85 GB
  100% — 30,265,248/30,265,248 rows
  [Memory   100%] RSS: 10.90 GB
  Loaded in 155.8s — 30,000,000 neg, 265,248 pos (ratio 1:113.1)
  Training set: 30,265,248 rows
  [Memory after loading training data] RSS: 10.68 GB

======================================================================
STEP 2: TRAIN RF (fixed rounds/trees)
======================================================================

  Training RandomForestClassifier: 300 trees, n_jobs=32
  class_weight=balanced_subsample, max_depth=None, max_features=sqrt
  Training set: 30,265,248 samples (265,248 pos, 30,000,000 neg)
  NaNs in training data: True
  [Memory before RF fit] RSS: 10.68 GB
  RF training done in 4322.9s
  [Memory after RF fit] RSS: 12.85 GB
  [Memory after training] RSS: 4.62 GB
  Model saved: /cluster/home/gikaufmann/master_thesis/data/usa/ml/models/lobo_rf_06_Temperate_Conifer_Forests_20260323_055012.pkl

======================================================================
STEP 3: EVALUATE ON HELD-OUT BIOME
======================================================================

Evaluating on held-out biome (test years 2017-2019)...
  Pass 1: counting test rows...
  Found 5,103,496 test samples
  Pass 2: predicting and writing scored output...

  Test held-out biome: 5,102,759 neg, 737 pos
  ROC-AUC: 0.7168  PR-AUC: 0.0019
  P@1%: 0.0005  Lift@1%: 3.3x
  Scored output: spatial_cv1_scored_Temperate_Conifer_Forests_20260323_055012.parquet

======================================================================
SUMMARY
======================================================================
Biome:     Temperate Conifer Forests
Test rows: 5,103,496  (737 pos)
ROC-AUC:   0.7168
PR-AUC:    0.0019
P@1%:      0.0005  (Lift 3.3x)
P@5%:      0.0002
Time:      4530.7s (75.5 min)
======================================================================

Fold results saved: /cluster/scratch/gikaufmann/outputs/usa/results/spatial_cv/rf/fold_06_Temperate_Conifer_Forests_20260323_055012.json
Done.

Log saved to: /cluster/scratch/gikaufmann/outputs/usa/results/spatial_cv/rf/fold_06_Temperate_Conifer_Forests_20260323_055012.txt
spatial_CV_1 (rf) fold 6 (USA) finished.
