LOBO RF fold index: 4
drwxr-xr-x 10 gikaufmann gikaufmann-group 4096 Mar 17 11:17 /cluster/home/gikaufmann/master_thesis
PWD = /cluster/home/gikaufmann/master_thesis
Starting LOBO RF fold 4 (USA)...
Loading biome raster and mapping...
  Loading biome raster: /cluster/home/gikaufmann/master_thesis/data/usa/ready/GSN/gsn_terrestrial_ecoregions_mask_1km.tif
  Raster shape: (3536, 6437), dtype: uint8
  85 ecoregions → 12 biomes
======================================================================
LOBO SPATIAL CV — USA  Fold 4/11
======================================================================
Model type:       RF
Held-out biome:   Mediterranean Forests, Woodlands & Scrub
Biome int codes:  [13, 14, 15, 63]
N biomes total:   12
Train years:      2001-2016
Test years:       2017-2019
Output dir:       /cluster/scratch/gikaufmann/outputs/usa/results/spatial_cv/rf

Train:     /cluster/scratch/gikaufmann/data/usa/ml/main/train_win5.parquet
Earlystop: /cluster/scratch/gikaufmann/data/usa/ml/main/earlystop_win5.parquet
Test:      /cluster/scratch/gikaufmann/data/usa/ml/main/test_win5.parquet

Loaded RF params: /cluster/home/gikaufmann/master_thesis/scripts/regions/usa/5_training/rf_best_params.json
n_estimators: 300
  LOBO override: n_estimators 300 → 100 (LOBO_N_ESTIMATORS env var; production value preserved elsewhere)

Features: 73
  [Memory startup] RSS: 2.56 GB
W&B connected

======================================================================
STEP 1: LOAD TRAINING DATA (held-out biome excluded)
======================================================================

Loading train+earlystop [EXCLUDE biome, years 2001-2016, max_neg=50,000,000]...
  Pass 1: counting rows...
  Found 50,329,017 samples
  (329,017 pos, 230,237,009 neg → capping neg at 50,000,000)
  Pass 2: pre-allocating 50,329,017 × 73 float32...
  0% — 21,865/50,329,017 rows
  [Memory   0%] RSS: 3.05 GB
  25% — 12,590,207/50,329,017 rows
  [Memory   25%] RSS: 6.47 GB
  50% — 25,173,197/50,329,017 rows
  [Memory   50%] RSS: 9.89 GB
  75% — 37,750,871/50,329,017 rows
  [Memory   75%] RSS: 13.31 GB
  100% — 50,329,017/50,329,017 rows
  [Memory   100%] RSS: 16.73 GB
  Loaded in 174.4s — 50,000,000 neg, 329,017 pos (ratio 1:152.0)
  Training set: 50,329,017 rows
  [Memory after loading training data] RSS: 16.73 GB

======================================================================
STEP 2: TRAIN RF (fixed rounds/trees)
======================================================================

  Training RandomForestClassifier: 100 trees, n_jobs=32
  class_weight=balanced_subsample, max_depth=None, max_features=sqrt
  Training set: 50,329,017 samples (329,017 pos, 50,000,000 neg)
  NaNs in training data: True
  [Memory before RF fit] RSS: 16.73 GB
  RF training done in 3558.0s
  [Memory after RF fit] RSS: 17.63 GB
  [Memory after training] RSS: 3.94 GB
  Model saved: /cluster/home/gikaufmann/master_thesis/data/usa/ml/models/lobo_rf_04_Mediterranean_Forests_Woodlands_and_Scr_20260317_151036.pkl

======================================================================
STEP 3: EVALUATE ON HELD-OUT BIOME
======================================================================

Evaluating on held-out biome (test years 2017-2019)...
  Pass 1: counting test rows...
  Found 455,758 test samples
  Pass 2: predicting and writing scored output...

  Test held-out biome: 455,542 neg, 216 pos
  ROC-AUC: 0.4967  PR-AUC: 0.0005
  P@1%: 0.0000  Lift@1%: 0.0x
  Scored output: spatial_cv1_scored_Mediterranean_Forests_Woodlands_and_Scr_20260317_151036.parquet

======================================================================
SUMMARY
======================================================================
Biome:     Mediterranean Forests, Woodlands & Scrub
Test rows: 455,758  (216 pos)
ROC-AUC:   0.4967
PR-AUC:    0.0005
P@1%:      0.0000  (Lift 0.0x)
P@5%:      0.0002
Time:      3749.6s (62.5 min)
======================================================================

Fold results saved: /cluster/scratch/gikaufmann/outputs/usa/results/spatial_cv/rf/fold_04_Mediterranean_Forests_Woodlands_and_Scr_20260317_151036.json
Done.

Log saved to: /cluster/scratch/gikaufmann/outputs/usa/results/spatial_cv/rf/fold_04_Mediterranean_Forests_Woodlands_and_Scr_20260317_151036.txt
spatial_CV_1 (rf) fold 4 (USA) finished.
