LOBO fold index: 0
drwxr-xr-x 10 gikaufmann gikaufmann-group 4096 Mar 18 15:57 /cluster/home/gikaufmann/master_thesis
PWD = /cluster/home/gikaufmann/master_thesis
Starting LOBO fold 0 (USA)...
Loading biome raster and mapping...
  Loading biome raster: /cluster/home/gikaufmann/master_thesis/data/usa/ready/GSN/gsn_terrestrial_ecoregions_mask_1km.tif
  Raster shape: (3536, 6437), dtype: uint8
  85 ecoregions → 12 biomes
======================================================================
LOBO SPATIAL CV — USA  Fold 0/11
======================================================================
Model type:       LGBM
Held-out biome:   Boreal Forests/Taiga
Biome int codes:  [17, 29, 43]
N biomes total:   12
Train years:      2001-2016
Test years:       2017-2019
Output dir:       /cluster/scratch/gikaufmann/outputs/usa/results/spatial_cv/lgbm

Train:     /cluster/scratch/gikaufmann/data/usa/ml/main/train_win5.parquet
Earlystop: /cluster/scratch/gikaufmann/data/usa/ml/main/earlystop_win5.parquet
Test:      /cluster/scratch/gikaufmann/data/usa/ml/main/test_win5.parquet

Loaded LGBM params: /cluster/home/gikaufmann/master_thesis/scripts/regions/usa/5_training/lgbm_best_params.json
num_boost_round: 2985

Features: 73
  [Memory startup] RSS: 2.56 GB
W&B connected

======================================================================
STEP 1: LOAD TRAINING DATA (held-out biome excluded)
======================================================================

Loading train+earlystop [EXCLUDE biome, years 2001-2016]...
  Pass 1: counting rows...
  Found 233,494,742 samples
  Pass 2: pre-allocating 233,494,742 × 73 float32...
  0% — 200,000/233,494,742 rows
  [Memory   0%] RSS: 3.22 GB
  25% — 58,400,000/233,494,742 rows
  [Memory   25%] RSS: 19.27 GB
  50% — 116,800,000/233,494,742 rows
  [Memory   50%] RSS: 35.36 GB
  75% — 175,200,000/233,494,742 rows
  [Memory   75%] RSS: 51.46 GB
  100% — 233,494,742/233,494,742 rows
  [Memory   100%] RSS: 67.53 GB
  Loaded in 191.2s — 233,148,644 neg, 346,098 pos (ratio 1:673.6)
  Training set: 233,494,742 rows
  [Memory after loading training data] RSS: 67.55 GB

======================================================================
STEP 2: TRAIN LGBM (fixed rounds/trees)
======================================================================

  scale_pos_weight = 673.6492
  sample weights: min=0.500 max=1.000
  Creating lgb.Dataset (233,494,742 samples)...
  [Memory before lgb.train] RSS: 67.55 GB
  Training 2985 rounds...
  Training done in 17562.1s
  [Memory after training] RSS: 2.40 GB
  Model saved: /cluster/home/gikaufmann/master_thesis/data/usa/ml/models/lobo_lgbm_00_Boreal_Forests_Taiga_20260321_030703.pkl

======================================================================
STEP 3: EVALUATE ON HELD-OUT BIOME
======================================================================

Evaluating on held-out biome (test years 2017-2019)...
  Pass 1: counting test rows...
  Found 0 test samples
  DIAGNOSTIC: 0 rows found for this biome in test years even before WDPA_prev filter — possible biome raster coordinate mismatch or biome truly absent from test parquet.
  WARNING: No unprotected test samples for held-out biome in test years (2017-2019). Fold will be skipped.

Fold 0 (Boreal Forests/Taiga) SKIPPED — no test samples.

======================================================================
SUMMARY
======================================================================
Biome:     Boreal Forests/Taiga
Test rows: 0 (fold skipped — no test samples)
Time:      17771.3s (296.2 min)
======================================================================

Fold results saved: /cluster/scratch/gikaufmann/outputs/usa/results/spatial_cv/lgbm/fold_00_Boreal_Forests_Taiga_20260321_030703.json
Done.

Log saved to: /cluster/scratch/gikaufmann/outputs/usa/results/spatial_cv/lgbm/fold_00_Boreal_Forests_Taiga_20260321_030703.txt
spatial_CV_1 (lgbm) fold 0 (USA) finished.
