Many modules are hidden in this stack. Use "module --show_hidden spider SOFTWARE" if you are not able to find the required software

The following have been reloaded with a version change:
  1) cuda/12.1.1 => cuda/12.4.1

wandb: Currently logged in as: gikaufmann (gikaufmann-eth-z-rich) to https://api.wandb.ai. Use `wandb login --relogin` to force relogin
wandb: setting up run v19vkkoc
wandb: Tracking run with wandb version 0.23.0
wandb: Run data is saved locally in /cluster/home/gikaufmann/master_thesis/wandb/run-20260317_132832-v19vkkoc
wandb: Run `wandb offline` to turn off syncing.
wandb: Syncing run lobo_usa_08_Tropical_and_Subtrop
wandb:  View project at https://wandb.ai/gikaufmann-eth-z-rich/spatial-cv
wandb:  View run at https://wandb.ai/gikaufmann-eth-z-rich/spatial-cv/runs/v19vkkoc
/cluster/home/gikaufmann/venvs/master_thesis/lib/python3.11/site-packages/sklearn/metrics/_ranking.py:424: UndefinedMetricWarning: Only one class is present in y_true. ROC AUC score is not defined in that case.
  warnings.warn(
/cluster/home/gikaufmann/venvs/master_thesis/lib/python3.11/site-packages/sklearn/metrics/_ranking.py:1046: UserWarning: No positive class found in y_true, recall is set to one for all thresholds.
  warnings.warn(
wandb: uploading console lines 33-44; updating run metadata
wandb: uploading console lines 33-44; uploading output.log; uploading wandb-summary.json
wandb: uploading console lines 33-44
wandb: uploading history steps 0-0, summary, console lines 45-69
wandb: 
wandb: Run history:
wandb:      test/lift_at_1pct ▁
wandb:        test/n_positive ▁
wandb:         test/n_samples ▁
wandb:            test/pr_auc ▁
wandb: test/precision_at_1pct ▁
wandb: test/precision_at_5pct ▁
wandb:   timing/total_seconds ▁
wandb:       train/n_positive ▁
wandb:        train/n_samples ▁
wandb:                     +2 ...
wandb: 
wandb: Run summary:
wandb:       test/brier_score nan
wandb:      test/lift_at_1pct 0
wandb:        test/n_positive 0
wandb:         test/n_samples 15576
wandb:            test/pr_auc 0
wandb: test/precision_at_1pct 0
wandb: test/precision_at_5pct 0
wandb:           test/roc_auc nan
wandb:   timing/total_seconds 3618.5908
wandb:       train/n_positive 345941
wandb:                     +1 ...
wandb: 
wandb:  View run lobo_usa_08_Tropical_and_Subtrop at: https://wandb.ai/gikaufmann-eth-z-rich/spatial-cv/runs/v19vkkoc
wandb:  View project at: https://wandb.ai/gikaufmann-eth-z-rich/spatial-cv
wandb: Synced 5 W&B file(s), 0 media file(s), 0 artifact file(s) and 0 other file(s)
wandb: Find logs at: ./wandb/run-20260317_132832-v19vkkoc/logs
