Many modules are hidden in this stack. Use "module --show_hidden spider SOFTWARE" if you are not able to find the required software

The following have been reloaded with a version change:
  1) cuda/12.1.1 => cuda/12.4.1

wandb: Currently logged in as: gikaufmann (gikaufmann-eth-z-rich) to https://api.wandb.ai. Use `wandb login --relogin` to force relogin
wandb: setting up run 0zqjqi4a
wandb: Tracking run with wandb version 0.23.0
wandb: Run data is saved locally in /cluster/home/gikaufmann/master_thesis/wandb/run-20260401_134637-0zqjqi4a
wandb: Run `wandb offline` to turn off syncing.
wandb: Syncing run lobo_se_asia_00_Mangroves
wandb:  View project at https://wandb.ai/gikaufmann-eth-z-rich/spatial-cv
wandb:  View run at https://wandb.ai/gikaufmann-eth-z-rich/spatial-cv/runs/0zqjqi4a
wandb: updating run metadata
wandb: uploading config.yaml
wandb: 
wandb: Run history:
wandb:       test/brier_score ▁
wandb:      test/lift_at_1pct ▁
wandb:        test/n_positive ▁
wandb:         test/n_samples ▁
wandb:            test/pr_auc ▁
wandb: test/precision_at_1pct ▁
wandb: test/precision_at_5pct ▁
wandb:   test/recall_at_10pct ▁
wandb:    test/recall_at_1pct ▁
wandb:    test/recall_at_5pct ▁
wandb:                     +4 ...
wandb: 
wandb: Run summary:
wandb:       test/brier_score 0.00184
wandb:      test/lift_at_1pct 47.83061
wandb:        test/n_positive 46
wandb:         test/n_samples 285627
wandb:            test/pr_auc 0.00743
wandb: test/precision_at_1pct 0.0077
wandb: test/precision_at_5pct 0.00245
wandb:   test/recall_at_10pct 0.84783
wandb:    test/recall_at_1pct 0.47826
wandb:    test/recall_at_5pct 0.76087
wandb:                     +4 ...
wandb: 
wandb:  View run lobo_se_asia_00_Mangroves at: https://wandb.ai/gikaufmann-eth-z-rich/spatial-cv/runs/0zqjqi4a
wandb:  View project at: https://wandb.ai/gikaufmann-eth-z-rich/spatial-cv
wandb: Synced 5 W&B file(s), 0 media file(s), 0 artifact file(s) and 0 other file(s)
wandb: Find logs at: ./wandb/run-20260401_134637-0zqjqi4a/logs
