Many modules are hidden in this stack. Use "module --show_hidden spider SOFTWARE" if you are not able to find the required software

The following have been reloaded with a version change:
  1) cuda/12.1.1 => cuda/12.4.1

wandb: Currently logged in as: gikaufmann (gikaufmann-eth-z-rich) to https://api.wandb.ai. Use `wandb login --relogin` to force relogin
wandb: setting up run bl9z7v8l
wandb: Tracking run with wandb version 0.23.0
wandb: Run data is saved locally in /cluster/home/gikaufmann/master_thesis/wandb/run-20260319_142824-bl9z7v8l
wandb: Run `wandb offline` to turn off syncing.
wandb: Syncing run lobo_south_america_04_Montane_Grasslands_a
wandb:  View project at https://wandb.ai/gikaufmann-eth-z-rich/spatial-cv
wandb:  View run at https://wandb.ai/gikaufmann-eth-z-rich/spatial-cv/runs/bl9z7v8l
wandb: uploading output.log; uploading wandb-summary.json
wandb: uploading history steps 0-0, summary, console lines 45-63
wandb: 
wandb: Run history:
wandb:       test/brier_score ▁
wandb:      test/lift_at_1pct ▁
wandb:        test/n_positive ▁
wandb:         test/n_samples ▁
wandb:            test/pr_auc ▁
wandb: test/precision_at_1pct ▁
wandb: test/precision_at_5pct ▁
wandb:   test/recall_at_10pct ▁
wandb:    test/recall_at_1pct ▁
wandb:    test/recall_at_5pct ▁
wandb:                     +4 ...
wandb: 
wandb: Run summary:
wandb:       test/brier_score 0.00252
wandb:      test/lift_at_1pct 3.29865
wandb:        test/n_positive 5184
wandb:         test/n_samples 7530283
wandb:            test/pr_auc 0.00178
wandb: test/precision_at_1pct 0.00227
wandb: test/precision_at_5pct 0.0017
wandb:   test/recall_at_10pct 0.25868
wandb:    test/recall_at_1pct 0.03299
wandb:    test/recall_at_5pct 0.12365
wandb:                     +4 ...
wandb: 
wandb:  View run lobo_south_america_04_Montane_Grasslands_a at: https://wandb.ai/gikaufmann-eth-z-rich/spatial-cv/runs/bl9z7v8l
wandb:  View project at: https://wandb.ai/gikaufmann-eth-z-rich/spatial-cv
wandb: Synced 5 W&B file(s), 0 media file(s), 0 artifact file(s) and 0 other file(s)
wandb: Find logs at: ./wandb/run-20260319_142824-bl9z7v8l/logs
