Many modules are hidden in this stack. Use "module --show_hidden spider SOFTWARE" if you are not able to find the required software

The following have been reloaded with a version change:
  1) cuda/12.1.1 => cuda/12.4.1

wandb: Currently logged in as: gikaufmann (gikaufmann-eth-z-rich) to https://api.wandb.ai. Use `wandb login --relogin` to force relogin
wandb: setting up run 8ojkgjam
wandb: Tracking run with wandb version 0.23.0
wandb: Run data is saved locally in /cluster/home/gikaufmann/master_thesis/wandb/run-20260416_181002-8ojkgjam
wandb: Run `wandb offline` to turn off syncing.
wandb: Syncing run lobo_south_america_09_Tropical_and_Subtrop
wandb:  View project at https://wandb.ai/gikaufmann-eth-z-rich/spatial-cv
wandb:  View run at https://wandb.ai/gikaufmann-eth-z-rich/spatial-cv/runs/8ojkgjam
wandb: uploading data
wandb: uploading data; uploading output.log; uploading wandb-summary.json
wandb: uploading data; uploading config.yaml
wandb: uploading data
wandb: uploading history steps 0-0, summary, console lines 47-65
wandb: 
wandb: Run history:
wandb:       test/brier_score ▁
wandb:      test/lift_at_1pct ▁
wandb:        test/n_positive ▁
wandb:         test/n_samples ▁
wandb:            test/pr_auc ▁
wandb: test/precision_at_1pct ▁
wandb: test/precision_at_5pct ▁
wandb:   test/recall_at_10pct ▁
wandb:    test/recall_at_1pct ▁
wandb:    test/recall_at_5pct ▁
wandb:                     +4 ...
wandb: 
wandb: Run summary:
wandb:       test/brier_score 0.00577
wandb:      test/lift_at_1pct 22.81418
wandb:        test/n_positive 20948
wandb:         test/n_samples 4147799
wandb:            test/pr_auc 0.11434
wandb: test/precision_at_1pct 0.11522
wandb: test/precision_at_5pct 0.03828
wandb:   test/recall_at_10pct 0.49656
wandb:    test/recall_at_1pct 0.22814
wandb:    test/recall_at_5pct 0.37894
wandb:                     +4 ...
wandb: 
wandb:  View run lobo_south_america_09_Tropical_and_Subtrop at: https://wandb.ai/gikaufmann-eth-z-rich/spatial-cv/runs/8ojkgjam
wandb:  View project at: https://wandb.ai/gikaufmann-eth-z-rich/spatial-cv
wandb: Synced 5 W&B file(s), 0 media file(s), 0 artifact file(s) and 0 other file(s)
wandb: Find logs at: ./wandb/run-20260416_181002-8ojkgjam/logs
