LOBO fold index: 8
drwxr-xr-x 10 gikaufmann gikaufmann-group 4096 Mar 18 15:57 /cluster/home/gikaufmann/master_thesis
PWD = /cluster/home/gikaufmann/master_thesis
Starting LOBO fold 8 (South America)...
Loading biome raster and mapping...
  Loading biome raster: /cluster/home/gikaufmann/master_thesis/data/south_america/ready/GSN/gsn_terrestrial_ecoregions_mask_1km.tif
  Raster shape: (9047, 8975), dtype: int16
  137 ecoregions → 13 biomes
======================================================================
LOBO SPATIAL CV — SOUTH AMERICA  Fold 8/8
======================================================================
Model type:       LGBM
Held-out biome:   Tropical & Subtropical Moist Broadleaf Forests
Biome int codes:  [4, 12, 16, 20, 24, 36, 44, 52, 56, 60, 80, 84, 100, 104, 108, 112, 116, 124, 128, 136]
N biomes total:   9
Train years:      2001-2016
Test years:       2017-2019
Output dir:       /cluster/scratch/gikaufmann/outputs/south_america/results/spatial_cv/lgbm

Train:     /cluster/scratch/gikaufmann/data/south_america/ml/main/train_win5.parquet
Earlystop: /cluster/scratch/gikaufmann/data/south_america/ml/main/earlystop_win5.parquet
Test:      /cluster/scratch/gikaufmann/data/south_america/ml/main/test_win5.parquet

Loaded LGBM params: /cluster/home/gikaufmann/master_thesis/scripts/regions/south_america/5_training/lgbm_best_params.json
num_boost_round: 2555

Features: 73
  [Memory startup] RSS: 2.65 GB
W&B connected

======================================================================
STEP 1: LOAD TRAINING DATA (held-out biome excluded)
======================================================================

Loading train+earlystop [EXCLUDE biome, years 2001-2016]...
  Pass 1: counting rows...
  Found 232,407,348 samples
  Pass 2: pre-allocating 232,407,348 × 73 float32...
  0% — 101,798/232,407,348 rows
  [Memory   0%] RSS: 3.27 GB
  25% — 58,225,221/232,407,348 rows
  [Memory   25%] RSS: 19.32 GB
  50% — 116,246,037/232,407,348 rows
  [Memory   50%] RSS: 35.32 GB
  75% — 174,392,042/232,407,348 rows
  [Memory   75%] RSS: 51.35 GB
  100% — 232,407,348/232,407,348 rows
  [Memory   100%] RSS: 67.34 GB
  Loaded in 554.7s — 226,868,007 neg, 5,539,341 pos (ratio 1:41.0)
  Training set: 232,407,348 rows
  [Memory after loading training data] RSS: 67.35 GB

======================================================================
STEP 2: TRAIN LGBM (fixed rounds/trees)
======================================================================

  scale_pos_weight = 40.9558
  sample weights: min=0.500 max=1.000
  Creating lgb.Dataset (232,407,348 samples)...
  [Memory before lgb.train] RSS: 67.35 GB
  Training 2555 rounds...
  Training done in 9382.6s
  [Memory after training] RSS: 2.22 GB
  Model saved: /cluster/home/gikaufmann/master_thesis/data/south_america/ml/models/lobo_lgbm_08_Tropical_and_Subtropical_Moist_Broadleaf_20260320_054948.pkl

======================================================================
STEP 3: EVALUATE ON HELD-OUT BIOME
======================================================================

Evaluating on held-out biome (test years 2017-2019)...
  Pass 1: counting test rows...
  Found 12,320,915 test samples
  Pass 2: predicting and writing scored output...

  Test held-out biome: 12,258,556 neg, 62,359 pos
  ROC-AUC: 0.8139  PR-AUC: 0.1074
  P@1%: 0.0952  Lift@1%: 18.8x
  Scored output: spatial_cv1_scored_Tropical_and_Subtropical_Moist_Broadleaf_20260320_054948.parquet

======================================================================
SUMMARY
======================================================================
Biome:     Tropical & Subtropical Moist Broadleaf Forests
Test rows: 12,320,915  (62,359 pos)
ROC-AUC:   0.8139
PR-AUC:    0.1074
P@1%:      0.0952  (Lift 18.8x)
P@5%:      0.0418
Time:      10106.3s (168.4 min)
======================================================================

Fold results saved: /cluster/scratch/gikaufmann/outputs/south_america/results/spatial_cv/lgbm/fold_08_Tropical_and_Subtropical_Moist_Broadleaf_20260320_054948.json
Done.

Log saved to: /cluster/scratch/gikaufmann/outputs/south_america/results/spatial_cv/lgbm/fold_08_Tropical_and_Subtropical_Moist_Broadleaf_20260320_054948.txt
spatial_CV_1 (lgbm) fold 8 (South America) finished.
