LOBO RF fold index: 5
drwxr-xr-x 10 gikaufmann gikaufmann-group 4096 Mar 18 15:57 /cluster/home/gikaufmann/master_thesis
PWD = /cluster/home/gikaufmann/master_thesis
Starting LOBO RF fold 5 (USA)...
Loading biome raster and mapping...
  Loading biome raster: /cluster/home/gikaufmann/master_thesis/data/usa/ready/GSN/gsn_terrestrial_ecoregions_mask_1km.tif
  Raster shape: (3536, 6437), dtype: uint8
  85 ecoregions → 12 biomes
======================================================================
LOBO SPATIAL CV — USA  Fold 5/11
======================================================================
Model type:       RF
Held-out biome:   Temperate Broadleaf & Mixed Forests
Biome int codes:  [1, 2, 3, 4, 27, 28, 31, 38, 39, 44, 48, 50, 57, 58, 74, 78, 81]
N biomes total:   12
Train years:      2001-2016
Test years:       2017-2019
Output dir:       /cluster/scratch/gikaufmann/outputs/usa/results/spatial_cv/rf

Train:     /cluster/scratch/gikaufmann/data/usa/ml/main/train_win5.parquet
Earlystop: /cluster/scratch/gikaufmann/data/usa/ml/main/earlystop_win5.parquet
Test:      /cluster/scratch/gikaufmann/data/usa/ml/main/test_win5.parquet

Loaded RF params: /cluster/home/gikaufmann/master_thesis/scripts/regions/usa/5_training/rf_best_params.json
n_estimators: 300

Features: 73
  [Memory startup] RSS: 2.51 GB
W&B connected

======================================================================
STEP 1: LOAD TRAINING DATA (held-out biome excluded)
======================================================================

Loading train+earlystop [EXCLUDE biome, years 2001-2016, max_neg=30,000,000]...
  Pass 1: counting rows...
  Found 30,287,936 samples
  (287,936 pos, 174,959,248 neg → capping neg at 30,000,000)
  Pass 2: pre-allocating 30,287,936 × 73 float32...
  0% — 17,236/30,287,936 rows
  [Memory   0%] RSS: 3.01 GB
  25% — 7,585,233/30,287,936 rows
  [Memory   25%] RSS: 5.07 GB
  50% — 15,150,058/30,287,936 rows
  [Memory   50%] RSS: 7.13 GB
  75% — 22,720,130/30,287,936 rows
  [Memory   75%] RSS: 9.19 GB
  100% — 30,287,936/30,287,936 rows
  [Memory   100%] RSS: 11.24 GB
  Loaded in 149.1s — 30,000,000 neg, 287,936 pos (ratio 1:104.2)
  Training set: 30,287,936 rows
  [Memory after loading training data] RSS: 11.24 GB

======================================================================
STEP 2: TRAIN RF (fixed rounds/trees)
======================================================================

  Training RandomForestClassifier: 300 trees, n_jobs=32
  class_weight=balanced_subsample, max_depth=None, max_features=sqrt
  Training set: 30,287,936 samples (287,936 pos, 30,000,000 neg)
  NaNs in training data: True
  [Memory before RF fit] RSS: 11.24 GB
  RF training done in 3892.7s
  [Memory after RF fit] RSS: 13.28 GB
  [Memory after training] RSS: 5.04 GB
  Model saved: /cluster/home/gikaufmann/master_thesis/data/usa/ml/models/lobo_rf_05_Temperate_Broadleaf_and_Mixed_Forests_20260323_043924.pkl

======================================================================
STEP 3: EVALUATE ON HELD-OUT BIOME
======================================================================

Evaluating on held-out biome (test years 2017-2019)...
  Pass 1: counting test rows...
  Found 9,181,073 test samples
  Pass 2: predicting and writing scored output...

  Test held-out biome: 9,180,509 neg, 564 pos
  ROC-AUC: 0.7353  PR-AUC: 0.0001
  P@1%: 0.0001  Lift@1%: 1.1x
  Scored output: spatial_cv1_scored_Temperate_Broadleaf_and_Mixed_Forests_20260323_043924.parquet

======================================================================
SUMMARY
======================================================================
Biome:     Temperate Broadleaf & Mixed Forests
Test rows: 9,181,073  (564 pos)
ROC-AUC:   0.7353
PR-AUC:    0.0001
P@1%:      0.0001  (Lift 1.1x)
P@5%:      0.0001
Time:      4109.1s (68.5 min)
======================================================================

Fold results saved: /cluster/scratch/gikaufmann/outputs/usa/results/spatial_cv/rf/fold_05_Temperate_Broadleaf_and_Mixed_Forests_20260323_043924.json
Done.

Log saved to: /cluster/scratch/gikaufmann/outputs/usa/results/spatial_cv/rf/fold_05_Temperate_Broadleaf_and_Mixed_Forests_20260323_043924.txt
spatial_CV_1 (rf) fold 5 (USA) finished.
