LOBO RF fold index: 4
drwxr-xr-x 12 gikaufmann gikaufmann-group 4096 Apr 15 00:17 /cluster/home/gikaufmann/master_thesis
PWD = /cluster/home/gikaufmann/master_thesis
Starting LOBO RF fold 4 (South East Asia)...
Loading biome raster and mapping...
  Loading biome raster: /cluster/home/gikaufmann/master_thesis/data/se_asia/ready/GSN/gsn_terrestrial_ecoregions_mask_1km.tif
  Raster shape: (4553, 5439), dtype: uint8
  109 ecoregions → 9 biomes
======================================================================
LOBO SPATIAL CV — SE ASIA  Fold 4/8
======================================================================
Model type:       RF
Held-out biome:   Temperate Conifer Forests
Biome int codes:  [20, 27, 53, 64, 71]
N biomes total:   9
Train years:      2001-2016
Test years:       2017-2019
Output dir:       /cluster/scratch/gikaufmann/outputs/se_asia/results/spatial_cv/rf

Train:     /cluster/scratch/gikaufmann/data/se_asia/ml/main/train_win5.parquet
Earlystop: /cluster/scratch/gikaufmann/data/se_asia/ml/main/earlystop_win5.parquet
Test:      /cluster/scratch/gikaufmann/data/se_asia/ml/main/test_win5.parquet

Loaded RF params: /cluster/home/gikaufmann/master_thesis/scripts/regions/se_asia/5_training/rf_best_params.json
n_estimators: 300

Features: 73
  [Memory startup] RSS: 2.64 GB
W&B connected

======================================================================
STEP 1: LOAD TRAINING DATA (held-out biome excluded)
======================================================================

Loading train+earlystop [EXCLUDE biome, years 2001-2016, max_neg=30,000,000]...
  Pass 1: counting rows...
  Found 31,112,057 samples
  (1,112,057 pos, 79,897,489 neg → capping neg at 30,000,000)
  Pass 2: pre-allocating 31,112,057 × 73 float32...
  0% — 37,571/31,112,057 rows
  [Memory   0%] RSS: 3.11 GB
  25% — 7,813,228/31,112,057 rows
  [Memory   25%] RSS: 5.22 GB
  50% — 15,589,702/31,112,057 rows
  [Memory   50%] RSS: 7.35 GB
  75% — 23,350,925/31,112,057 rows
  [Memory   75%] RSS: 9.49 GB
  100% — 31,112,057/31,112,057 rows
  [Memory   100%] RSS: 11.60 GB
  Loaded in 117.6s — 30,000,000 neg, 1,112,057 pos (ratio 1:27.0)
  Training set: 31,112,057 rows
  [Memory after loading training data] RSS: 11.60 GB

======================================================================
STEP 2: TRAIN RF (fixed rounds/trees)
======================================================================

  Training RandomForestClassifier: 300 trees, n_jobs=32
  class_weight=balanced_subsample, max_depth=None, max_features=log2
  Training set: 31,112,057 samples (1,112,057 pos, 30,000,000 neg)
  NaNs in training data: True
  [Memory before RF fit] RSS: 11.60 GB
  RF training done in 4109.3s
  [Memory after RF fit] RSS: 13.81 GB
  [Memory after training] RSS: 5.35 GB
  Model saved: /cluster/home/gikaufmann/master_thesis/data/se_asia/ml/models/lobo_rf_04_Temperate_Conifer_Forests_20260419_093628.pkl

======================================================================
STEP 3: EVALUATE ON HELD-OUT BIOME
======================================================================

Evaluating on held-out biome (test years 2017-2019)...
  Pass 1: counting test rows...
  Found 17,094 test samples
  Pass 2: predicting and writing scored output...

  Test held-out biome: 12,810 neg, 4,284 pos
  ROC-AUC: 0.8990  PR-AUC: 0.6997
  P@1%: 0.8765  Lift@1%: 3.5x
  Scored output: spatial_cv1_scored_Temperate_Conifer_Forests_20260419_093628.parquet

======================================================================
SUMMARY
======================================================================
Biome:     Temperate Conifer Forests
Test rows: 17,094  (4,284 pos)
ROC-AUC:   0.8990
PR-AUC:    0.6997
P@1%:      0.8765  (Lift 3.5x)
P@5%:      0.8712
Time:      4238.3s (70.6 min)
======================================================================

Fold results saved: /cluster/scratch/gikaufmann/outputs/se_asia/results/spatial_cv/rf/fold_04_Temperate_Conifer_Forests_20260419_093628.json
Done.

Log saved to: /cluster/scratch/gikaufmann/outputs/se_asia/results/spatial_cv/rf/fold_04_Temperate_Conifer_Forests_20260419_093628.txt
spatial_CV_1 (rf) fold 4 (South East Asia) finished.
