LOBO RF fold index: 5
drwxr-xr-x 10 gikaufmann gikaufmann-group 4096 Mar 15 16:02 /cluster/home/gikaufmann/master_thesis
PWD = /cluster/home/gikaufmann/master_thesis
Starting LOBO RF fold 5 (South America)...
Loading biome raster and mapping...
  Loading biome raster: /cluster/home/gikaufmann/master_thesis/data/south_america/ready/GSN/gsn_terrestrial_ecoregions_mask_1km.tif
  Raster shape: (9047, 8975), dtype: int16
  137 ecoregions → 13 biomes
======================================================================
LOBO SPATIAL CV — SOUTH AMERICA  Fold 5/8
======================================================================
Model type:       RF
Held-out biome:   Temperate Broadleaf & Mixed Forests
Biome int codes:  [64]
N biomes total:   9
Train years:      2001-2016
Test years:       2017-2019
Output dir:       /cluster/scratch/gikaufmann/outputs/south_america/results/spatial_cv/rf

Train:     /cluster/scratch/gikaufmann/data/south_america/ml/main/train_win5.parquet
Earlystop: /cluster/scratch/gikaufmann/data/south_america/ml/main/earlystop_win5.parquet
Test:      /cluster/scratch/gikaufmann/data/south_america/ml/main/test_win5.parquet

Loaded RF params: /cluster/home/gikaufmann/master_thesis/scripts/regions/south_america/5_training/rf_best_params.json
n_estimators: 300
  LOBO override: n_estimators 300 → 100 (LOBO_N_ESTIMATORS env var; production value preserved elsewhere)

Features: 73
  [Memory startup] RSS: 2.70 GB
W&B connected

======================================================================
STEP 1: LOAD TRAINING DATA (held-out biome excluded)
======================================================================

Loading train+earlystop [EXCLUDE biome, years 2001-2016, max_neg=50,000,000]...
  Pass 1: counting rows...
  Found 58,166,452 samples
  (8,166,452 pos, 306,134,129 neg → capping neg at 50,000,000)
  Pass 2: pre-allocating 58,166,452 × 73 float32...
  0% — 24,331/58,166,452 rows
  [Memory   0%] RSS: 3.57 GB
  25% — 14,556,089/58,166,452 rows
  [Memory   25%] RSS: 7.52 GB
  50% — 29,091,215/58,166,452 rows
  [Memory   50%] RSS: 11.48 GB
  75% — 43,629,764/58,166,452 rows
  [Memory   75%] RSS: 15.43 GB
  100% — 58,166,452/58,166,452 rows
  [Memory   100%] RSS: 19.39 GB
  Loaded in 311.8s — 50,000,000 neg, 8,166,452 pos (ratio 1:6.1)
  Training set: 58,166,452 rows
  [Memory after loading training data] RSS: 19.02 GB

======================================================================
STEP 2: TRAIN RF (fixed rounds/trees)
======================================================================

  Training RandomForestClassifier: 100 trees, n_jobs=32
  class_weight=balanced_subsample, max_depth=30, max_features=sqrt
  Training set: 58,166,452 samples (8,166,452 pos, 50,000,000 neg)
  NaNs in training data: True
  [Memory before RF fit] RSS: 19.02 GB
  RF training done in 3927.0s
  [Memory after RF fit] RSS: 20.52 GB
  [Memory after training] RSS: 4.71 GB
  Model saved: /cluster/home/gikaufmann/master_thesis/data/south_america/ml/models/lobo_rf_05_Temperate_Broadleaf_and_Mixed_Forests_20260317_061945.pkl

======================================================================
STEP 3: EVALUATE ON HELD-OUT BIOME
======================================================================

Evaluating on held-out biome (test years 2017-2019)...
  Pass 1: counting test rows...
  Found 43,739 test samples
  Pass 2: predicting and writing scored output...

  Test held-out biome: 42,850 neg, 889 pos
  ROC-AUC: 0.3829  PR-AUC: 0.0246
  P@1%: 0.0870  Lift@1%: 4.3x
  Scored output: spatial_cv1_scored_Temperate_Broadleaf_and_Mixed_Forests_20260317_061945.parquet

======================================================================
SUMMARY
======================================================================
Biome:     Temperate Broadleaf & Mixed Forests
Test rows: 43,739  (889 pos)
ROC-AUC:   0.3829
PR-AUC:    0.0246
P@1%:      0.0870  (Lift 4.3x)
P@5%:      0.0375
Time:      4257.7s (71.0 min)
======================================================================

Fold results saved: /cluster/scratch/gikaufmann/outputs/south_america/results/spatial_cv/rf/fold_05_Temperate_Broadleaf_and_Mixed_Forests_20260317_061945.json
Done.

Log saved to: /cluster/scratch/gikaufmann/outputs/south_america/results/spatial_cv/rf/fold_05_Temperate_Broadleaf_and_Mixed_Forests_20260317_061945.txt
spatial_CV_1 (rf) fold 5 (South America) finished.
