LOBO fold index: 3
drwxr-xr-x 10 gikaufmann gikaufmann-group 4096 Mar 15 16:02 /cluster/home/gikaufmann/master_thesis
PWD = /cluster/home/gikaufmann/master_thesis
Starting LOBO fold 3 (South America)...
Loading biome raster and mapping...
  Loading biome raster: /cluster/home/gikaufmann/master_thesis/data/south_america/ready/GSN/gsn_terrestrial_ecoregions_mask_1km.tif
  Raster shape: (9047, 8975), dtype: int16
  137 ecoregions → 13 biomes
======================================================================
LOBO SPATIAL CV — SOUTH AMERICA  Fold 3/8
======================================================================
Model type:       LGBM
Held-out biome:   Mediterranean Forests, Woodlands & Scrub
Biome int codes:  [32]
N biomes total:   9
Train years:      2001-2016
Test years:       2017-2019
Output dir:       /cluster/scratch/gikaufmann/outputs/south_america/results/spatial_cv/lgbm

Train:     /cluster/scratch/gikaufmann/data/south_america/ml/main/train_win5.parquet
Earlystop: /cluster/scratch/gikaufmann/data/south_america/ml/main/earlystop_win5.parquet
Test:      /cluster/scratch/gikaufmann/data/south_america/ml/main/test_win5.parquet

Loaded LGBM params: /cluster/home/gikaufmann/master_thesis/scripts/regions/south_america/5_training/lgbm_best_params.json
num_boost_round: 2555
  LOBO override: num_boost_round 2555 → 1000 (LOBO_NUM_BOOST_ROUND env var; production value preserved elsewhere)

Features: 73
  [Memory startup] RSS: 2.85 GB
W&B connected

======================================================================
STEP 1: LOAD TRAINING DATA (held-out biome excluded)
======================================================================

Loading train+earlystop [EXCLUDE biome, years 2001-2016]...
  Pass 1: counting rows...
  Found 314,213,459 samples
  Pass 2: pre-allocating 314,213,459 × 73 float32...
  0% — 200,000/314,213,459 rows
  [Memory   0%] RSS: 3.49 GB
  25% — 78,701,164/314,213,459 rows
  [Memory   25%] RSS: 25.13 GB
  50% — 157,203,084/314,213,459 rows
  [Memory   50%] RSS: 46.78 GB
  75% — 235,707,597/314,213,459 rows
  [Memory   75%] RSS: 68.38 GB
  100% — 314,213,459/314,213,459 rows
  [Memory   100%] RSS: 90.00 GB
  Loaded in 319.5s — 306,047,098 neg, 8,166,361 pos (ratio 1:37.5)
  Training set: 314,213,459 rows
  [Memory after loading training data] RSS: 90.01 GB

======================================================================
STEP 2: TRAIN LGBM (fixed rounds/trees)
======================================================================

  scale_pos_weight = 37.4766
  sample weights: min=0.500 max=1.000
  Creating lgb.Dataset (314,213,459 samples)...
  [Memory before lgb.train] RSS: 90.02 GB
  Training 1000 rounds...
  Training done in 6309.5s
  [Memory after training] RSS: 1.66 GB
  Model saved: /cluster/home/gikaufmann/master_thesis/data/south_america/ml/models/lobo_lgbm_03_Mediterranean_Forests_Woodlands_and_Scr_20260316_221004.pkl

======================================================================
STEP 3: EVALUATE ON HELD-OUT BIOME
======================================================================

Evaluating on held-out biome (test years 2017-2019)...
  Pass 1: counting test rows...
  Found 57,566 test samples
  Pass 2: predicting and writing scored output...

  Test held-out biome: 57,124 neg, 442 pos
  ROC-AUC: 0.6291  PR-AUC: 0.0144
  P@1%: 0.0383  Lift@1%: 5.0x
  Scored output: spatial_cv1_scored_Mediterranean_Forests_Woodlands_and_Scr_20260316_221004.parquet

======================================================================
SUMMARY
======================================================================
Biome:     Mediterranean Forests, Woodlands & Scrub
Test rows: 57,566  (442 pos)
ROC-AUC:   0.6291
PR-AUC:    0.0144
P@1%:      0.0383  (Lift 5.0x)
P@5%:      0.0184
Time:      6655.3s (110.9 min)
======================================================================

Fold results saved: /cluster/scratch/gikaufmann/outputs/south_america/results/spatial_cv/lgbm/fold_03_Mediterranean_Forests_Woodlands_and_Scr_20260316_221004.json
Done.

Log saved to: /cluster/scratch/gikaufmann/outputs/south_america/results/spatial_cv/lgbm/fold_03_Mediterranean_Forests_Woodlands_and_Scr_20260316_221004.txt
spatial_CV_1 (lgbm) fold 3 (South America) finished.
