LOBO RF fold index: 1
drwxr-xr-x 12 gikaufmann gikaufmann-group 4096 Apr 15 00:17 /cluster/home/gikaufmann/master_thesis
PWD = /cluster/home/gikaufmann/master_thesis
Starting LOBO RF fold 1 (South America)...
Loading biome raster and mapping...
  Loading biome raster: /cluster/home/gikaufmann/master_thesis/data/south_america/ready/GSN/gsn_terrestrial_ecoregions_mask_1km.tif
  Raster shape: (9172, 8974), dtype: uint8
  137 ecoregions → 13 biomes
======================================================================
LOBO SPATIAL CV — SOUTH AMERICA  Fold 1/12
======================================================================
Model type:       RF
Held-out biome:   Flooded Grasslands & Savannas
Biome int codes:  [50, 91, 93, 96, 119]
N biomes total:   13
Train years:      2001-2016
Test years:       2017-2019
Output dir:       /cluster/scratch/gikaufmann/outputs/south_america/results/spatial_cv/rf

Train:     /cluster/scratch/gikaufmann/data/south_america/ml/main/train_win5.parquet
Earlystop: /cluster/scratch/gikaufmann/data/south_america/ml/main/earlystop_win5.parquet
Test:      /cluster/scratch/gikaufmann/data/south_america/ml/main/test_win5.parquet

Loaded RF params: /cluster/home/gikaufmann/master_thesis/scripts/regions/south_america/5_training/rf_best_params.json
n_estimators: 300

Features: 73
  [Memory startup] RSS: 2.66 GB
W&B connected

======================================================================
STEP 1: LOAD TRAINING DATA (held-out biome excluded)
======================================================================

Loading train+earlystop [EXCLUDE biome, years 2001-2016, max_neg=30,000,000]...
  Pass 1: counting rows...
  Found 38,125,082 samples
  (8,125,082 pos, 301,968,865 neg → capping neg at 30,000,000)
  Pass 2: pre-allocating 38,125,082 × 73 float32...
  0% — 18,509/38,125,082 rows
  [Memory   0%] RSS: 3.19 GB
  25% — 9,542,119/38,125,082 rows
  [Memory   25%] RSS: 5.78 GB
  50% — 19,077,944/38,125,082 rows
  [Memory   50%] RSS: 8.37 GB
  75% — 28,600,699/38,125,082 rows
  [Memory   75%] RSS: 10.96 GB
  100% — 38,125,082/38,125,082 rows
  [Memory   100%] RSS: 13.55 GB
  Loaded in 161.5s — 30,000,000 neg, 8,125,082 pos (ratio 1:3.7)
  Training set: 38,125,082 rows
  [Memory after loading training data] RSS: 13.55 GB

======================================================================
STEP 2: TRAIN RF (fixed rounds/trees)
======================================================================

  Training RandomForestClassifier: 300 trees, n_jobs=32
  class_weight=balanced_subsample, max_depth=30, max_features=sqrt
  Training set: 38,125,082 samples (8,125,082 pos, 30,000,000 neg)
  NaNs in training data: True
  [Memory before RF fit] RSS: 13.55 GB
  RF training done in 5527.1s
  [Memory after RF fit] RSS: 16.56 GB
  [Memory after training] RSS: 6.19 GB
  Model saved: /cluster/home/gikaufmann/master_thesis/data/south_america/ml/models/lobo_rf_01_Flooded_Grasslands_and_Savannas_20260416_045148.pkl

======================================================================
STEP 3: EVALUATE ON HELD-OUT BIOME
======================================================================

Evaluating on held-out biome (test years 2017-2019)...
  Pass 1: counting test rows...
  Found 694,428 test samples
  Pass 2: predicting and writing scored output...

  Test held-out biome: 693,942 neg, 486 pos
  ROC-AUC: 0.5529  PR-AUC: 0.0008
  P@1%: 0.0000  Lift@1%: 0.0x
  Scored output: spatial_cv1_scored_Flooded_Grasslands_and_Savannas_20260416_045148.parquet

======================================================================
SUMMARY
======================================================================
Biome:     Flooded Grasslands & Savannas
Test rows: 694,428  (486 pos)
ROC-AUC:   0.5529
PR-AUC:    0.0008
P@1%:      0.0000  (Lift 0.0x)
P@5%:      0.0007
Time:      5717.3s (95.3 min)
======================================================================

Fold results saved: /cluster/scratch/gikaufmann/outputs/south_america/results/spatial_cv/rf/fold_01_Flooded_Grasslands_and_Savannas_20260416_045148.json
Done.

Log saved to: /cluster/scratch/gikaufmann/outputs/south_america/results/spatial_cv/rf/fold_01_Flooded_Grasslands_and_Savannas_20260416_045148.txt
spatial_CV_1 (rf) fold 1 (South America) finished.
