LOBO RF fold index: 5
drwxr-xr-x 12 gikaufmann gikaufmann-group 4096 Apr 15 00:17 /cluster/home/gikaufmann/master_thesis
PWD = /cluster/home/gikaufmann/master_thesis
Starting LOBO RF fold 5 (South East Asia)...
Loading biome raster and mapping...
  Loading biome raster: /cluster/home/gikaufmann/master_thesis/data/se_asia/ready/GSN/gsn_terrestrial_ecoregions_mask_1km.tif
  Raster shape: (4553, 5439), dtype: uint8
  109 ecoregions → 9 biomes
======================================================================
LOBO SPATIAL CV — SE ASIA  Fold 5/8
======================================================================
Model type:       RF
Held-out biome:   Tropical & Subtropical Coniferous Forests
Biome int codes:  [40, 54, 93]
N biomes total:   9
Train years:      2001-2016
Test years:       2017-2019
Output dir:       /cluster/scratch/gikaufmann/outputs/se_asia/results/spatial_cv/rf

Train:     /cluster/scratch/gikaufmann/data/se_asia/ml/main/train_win5.parquet
Earlystop: /cluster/scratch/gikaufmann/data/se_asia/ml/main/earlystop_win5.parquet
Test:      /cluster/scratch/gikaufmann/data/se_asia/ml/main/test_win5.parquet

Loaded RF params: /cluster/home/gikaufmann/master_thesis/scripts/regions/se_asia/5_training/rf_best_params.json
n_estimators: 300

Features: 73
  [Memory startup] RSS: 2.64 GB
W&B connected

======================================================================
STEP 1: LOAD TRAINING DATA (held-out biome excluded)
======================================================================

Loading train+earlystop [EXCLUDE biome, years 2001-2016, max_neg=30,000,000]...
  Pass 1: counting rows...
  Found 31,117,704 samples
  (1,117,704 pos, 79,840,965 neg → capping neg at 30,000,000)
  Pass 2: pre-allocating 31,117,704 × 73 float32...
  0% — 37,549/31,117,704 rows
  [Memory   0%] RSS: 3.13 GB
  25% — 7,815,387/31,117,704 rows
  [Memory   25%] RSS: 5.25 GB
  50% — 15,594,361/31,117,704 rows
  [Memory   50%] RSS: 7.36 GB
  75% — 23,355,739/31,117,704 rows
  [Memory   75%] RSS: 9.48 GB
  100% — 31,117,704/31,117,704 rows
  [Memory   100%] RSS: 11.58 GB
  Loaded in 120.0s — 30,000,000 neg, 1,117,704 pos (ratio 1:26.8)
  Training set: 31,117,704 rows
  [Memory after loading training data] RSS: 11.58 GB

======================================================================
STEP 2: TRAIN RF (fixed rounds/trees)
======================================================================

  Training RandomForestClassifier: 300 trees, n_jobs=32
  class_weight=balanced_subsample, max_depth=None, max_features=log2
  Training set: 31,117,704 samples (1,117,704 pos, 30,000,000 neg)
  NaNs in training data: True
  [Memory before RF fit] RSS: 11.58 GB
  RF training done in 3940.5s
  [Memory after RF fit] RSS: 13.80 GB
  [Memory after training] RSS: 5.34 GB
  Model saved: /cluster/home/gikaufmann/master_thesis/data/se_asia/ml/models/lobo_rf_05_Tropical_and_Subtropical_Coniferous_Fore_20260419_105044.pkl

======================================================================
STEP 3: EVALUATE ON HELD-OUT BIOME
======================================================================

Evaluating on held-out biome (test years 2017-2019)...
  Pass 1: counting test rows...
  Found 25,137 test samples
  Pass 2: predicting and writing scored output...

  Test held-out biome: 25,116 neg, 21 pos
  ROC-AUC: 0.9473  PR-AUC: 0.2705
  P@1%: 0.0558  Lift@1%: 66.8x
  Scored output: spatial_cv1_scored_Tropical_and_Subtropical_Coniferous_Fore_20260419_105044.parquet

======================================================================
SUMMARY
======================================================================
Biome:     Tropical & Subtropical Coniferous Forests
Test rows: 25,137  (21 pos)
ROC-AUC:   0.9473
PR-AUC:    0.2705
P@1%:      0.0558  (Lift 66.8x)
P@5%:      0.0119
Time:      4074.3s (67.9 min)
======================================================================

Fold results saved: /cluster/scratch/gikaufmann/outputs/se_asia/results/spatial_cv/rf/fold_05_Tropical_and_Subtropical_Coniferous_Fore_20260419_105044.json
Done.

Log saved to: /cluster/scratch/gikaufmann/outputs/se_asia/results/spatial_cv/rf/fold_05_Tropical_and_Subtropical_Coniferous_Fore_20260419_105044.txt
spatial_CV_1 (rf) fold 5 (South East Asia) finished.
