LOBO RF fold index: 8
drwxr-xr-x 10 gikaufmann gikaufmann-group 4096 Mar 17 11:17 /cluster/home/gikaufmann/master_thesis
PWD = /cluster/home/gikaufmann/master_thesis
Starting LOBO RF fold 8 (USA)...
Loading biome raster and mapping...
  Loading biome raster: /cluster/home/gikaufmann/master_thesis/data/usa/ready/GSN/gsn_terrestrial_ecoregions_mask_1km.tif
  Raster shape: (3536, 6437), dtype: uint8
  85 ecoregions → 12 biomes
======================================================================
LOBO SPATIAL CV — USA  Fold 8/11
======================================================================
Model type:       RF
Held-out biome:   Tropical & Subtropical Coniferous Forests
Biome int codes:  [7, 64, 65]
N biomes total:   12
Train years:      2001-2016
Test years:       2017-2019
Output dir:       /cluster/scratch/gikaufmann/outputs/usa/results/spatial_cv/rf

Train:     /cluster/scratch/gikaufmann/data/usa/ml/main/train_win5.parquet
Earlystop: /cluster/scratch/gikaufmann/data/usa/ml/main/earlystop_win5.parquet
Test:      /cluster/scratch/gikaufmann/data/usa/ml/main/test_win5.parquet

Loaded RF params: /cluster/home/gikaufmann/master_thesis/scripts/regions/usa/5_training/rf_best_params.json
n_estimators: 300
  LOBO override: n_estimators 300 → 100 (LOBO_N_ESTIMATORS env var; production value preserved elsewhere)

Features: 73
  [Memory startup] RSS: 2.00 GB
W&B connected

======================================================================
STEP 1: LOAD TRAINING DATA (held-out biome excluded)
======================================================================

Loading train+earlystop [EXCLUDE biome, years 2001-2016, max_neg=50,000,000]...
  Pass 1: counting rows...
  Found 50,345,941 samples
  (345,941 pos, 233,049,725 neg → capping neg at 50,000,000)
  Pass 2: pre-allocating 50,345,941 × 73 float32...
  0% — 21,569/50,345,941 rows
  [Memory   0%] RSS: 2.86 GB
  25% — 12,588,218/50,345,941 rows
  [Memory   25%] RSS: 6.27 GB
  50% — 25,193,071/50,345,941 rows
  [Memory   50%] RSS: 9.70 GB
  75% — 37,759,968/50,345,941 rows
  [Memory   75%] RSS: 13.12 GB
  100% — 50,345,941/50,345,941 rows
  [Memory   100%] RSS: 16.54 GB
  Loaded in 204.4s — 50,000,000 neg, 345,941 pos (ratio 1:144.5)
  Training set: 50,345,941 rows
  [Memory after loading training data] RSS: 16.17 GB

======================================================================
STEP 2: TRAIN RF (fixed rounds/trees)
======================================================================

  Training RandomForestClassifier: 100 trees, n_jobs=32
  class_weight=balanced_subsample, max_depth=None, max_features=sqrt
  Training set: 50,345,941 samples (345,941 pos, 50,000,000 neg)
  NaNs in training data: True
  [Memory before RF fit] RSS: 16.17 GB
  RF training done in 3735.2s
  [Memory after RF fit] RSS: 16.98 GB
  [Memory after training] RSS: 3.29 GB
  Model saved: /cluster/home/gikaufmann/master_thesis/data/usa/ml/models/lobo_rf_08_Tropical_and_Subtropical_Coniferous_Fore_20260317_195530.pkl

======================================================================
STEP 3: EVALUATE ON HELD-OUT BIOME
======================================================================

Evaluating on held-out biome (test years 2017-2019)...
  Pass 1: counting test rows...
  Found 15,576 test samples
  Pass 2: predicting and writing scored output...

  Test held-out biome: 15,576 neg, 0 pos
  ROC-AUC: nan  PR-AUC: 0.0000
  P@1%: 0.0000  Lift@1%: 0.0x
  Scored output: spatial_cv1_scored_Tropical_and_Subtropical_Coniferous_Fore_20260317_195530.parquet

WARNING: Only 0 positives in held-out biome (minimum recommended: 10). Metrics may be unreliable.

======================================================================
SUMMARY
======================================================================
Biome:     Tropical & Subtropical Coniferous Forests
Test rows: 15,576  (0 pos)
ROC-AUC:   nan
PR-AUC:    0.0000
P@1%:      0.0000  (Lift 0.0x)
P@5%:      0.0000
Time:      3954.0s (65.9 min)
======================================================================

Fold results saved: /cluster/scratch/gikaufmann/outputs/usa/results/spatial_cv/rf/fold_08_Tropical_and_Subtropical_Coniferous_Fore_20260317_195530.json
Done.

Log saved to: /cluster/scratch/gikaufmann/outputs/usa/results/spatial_cv/rf/fold_08_Tropical_and_Subtropical_Coniferous_Fore_20260317_195530.txt
spatial_CV_1 (rf) fold 8 (USA) finished.
