LOBO RF fold index: 2
drwxr-xr-x 12 gikaufmann gikaufmann-group 4096 Apr 15 00:17 /cluster/home/gikaufmann/master_thesis
PWD = /cluster/home/gikaufmann/master_thesis
Starting LOBO RF fold 2 (South America)...
Loading biome raster and mapping...
  Loading biome raster: /cluster/home/gikaufmann/master_thesis/data/south_america/ready/GSN/gsn_terrestrial_ecoregions_mask_1km.tif
  Raster shape: (9172, 8974), dtype: uint8
  137 ecoregions → 13 biomes
======================================================================
LOBO SPATIAL CV — SOUTH AMERICA  Fold 2/12
======================================================================
Model type:       RF
Held-out biome:   Mangroves
Biome int codes:  [2, 8, 82, 115, 118, 120]
N biomes total:   13
Train years:      2001-2016
Test years:       2017-2019
Output dir:       /cluster/scratch/gikaufmann/outputs/south_america/results/spatial_cv/rf

Train:     /cluster/scratch/gikaufmann/data/south_america/ml/main/train_win5.parquet
Earlystop: /cluster/scratch/gikaufmann/data/south_america/ml/main/earlystop_win5.parquet
Test:      /cluster/scratch/gikaufmann/data/south_america/ml/main/test_win5.parquet

Loaded RF params: /cluster/home/gikaufmann/master_thesis/scripts/regions/south_america/5_training/rf_best_params.json
n_estimators: 300

Features: 73
  [Memory startup] RSS: 2.66 GB
W&B connected

======================================================================
STEP 1: LOAD TRAINING DATA (held-out biome excluded)
======================================================================

Loading train+earlystop [EXCLUDE biome, years 2001-2016, max_neg=30,000,000]...
  Pass 1: counting rows...
  Found 38,140,307 samples
  (8,140,307 pos, 305,784,042 neg → capping neg at 30,000,000)
  Pass 2: pre-allocating 38,140,307 × 73 float32...
  0% — 18,417/38,140,307 rows
  [Memory   0%] RSS: 3.16 GB
  25% — 9,538,789/38,140,307 rows
  [Memory   25%] RSS: 5.75 GB
  50% — 19,075,820/38,140,307 rows
  [Memory   50%] RSS: 8.34 GB
  75% — 28,613,625/38,140,307 rows
  [Memory   75%] RSS: 10.94 GB
  100% — 38,140,307/38,140,307 rows
  [Memory   100%] RSS: 13.53 GB
  Loaded in 224.3s — 30,000,000 neg, 8,140,307 pos (ratio 1:3.7)
  Training set: 38,140,307 rows
  [Memory after loading training data] RSS: 13.53 GB

======================================================================
STEP 2: TRAIN RF (fixed rounds/trees)
======================================================================

  Training RandomForestClassifier: 300 trees, n_jobs=32
  class_weight=balanced_subsample, max_depth=30, max_features=sqrt
  Training set: 38,140,307 samples (8,140,307 pos, 30,000,000 neg)
  NaNs in training data: True
  [Memory before RF fit] RSS: 13.53 GB
  RF training done in 6562.0s
  [Memory after RF fit] RSS: 15.35 GB
  [Memory after training] RSS: 4.98 GB
  Model saved: /cluster/home/gikaufmann/master_thesis/data/south_america/ml/models/lobo_rf_02_Mangroves_20260416_062950.pkl

======================================================================
STEP 3: EVALUATE ON HELD-OUT BIOME
======================================================================

Evaluating on held-out biome (test years 2017-2019)...
  Pass 1: counting test rows...
  Found 96,634 test samples
  Pass 2: predicting and writing scored output...

  Test held-out biome: 94,765 neg, 1,869 pos
  ROC-AUC: 0.9456  PR-AUC: 0.3576
  P@1%: 0.5642  Lift@1%: 29.2x
  Scored output: spatial_cv1_scored_Mangroves_20260416_062950.parquet

======================================================================
SUMMARY
======================================================================
Biome:     Mangroves
Test rows: 96,634  (1,869 pos)
ROC-AUC:   0.9456
PR-AUC:    0.3576
P@1%:      0.5642  (Lift 29.2x)
P@5%:      0.2478
Time:      6817.5s (113.6 min)
======================================================================

Fold results saved: /cluster/scratch/gikaufmann/outputs/south_america/results/spatial_cv/rf/fold_02_Mangroves_20260416_062950.json
Done.

Log saved to: /cluster/scratch/gikaufmann/outputs/south_america/results/spatial_cv/rf/fold_02_Mangroves_20260416_062950.txt
spatial_CV_1 (rf) fold 2 (South America) finished.
