LOBO fold index: 8
drwxr-xr-x 12 gikaufmann gikaufmann-group 4096 Apr 15 00:17 /cluster/home/gikaufmann/master_thesis
PWD = /cluster/home/gikaufmann/master_thesis
Starting LOBO fold 8 (South America)...
Loading biome raster and mapping...
  Loading biome raster: /cluster/home/gikaufmann/master_thesis/data/south_america/ready/GSN/gsn_terrestrial_ecoregions_mask_1km.tif
  Raster shape: (9172, 8974), dtype: uint8
  137 ecoregions → 13 biomes
======================================================================
LOBO SPATIAL CV — SOUTH AMERICA  Fold 8/12
======================================================================
Model type:       LGBM
Held-out biome:   Tropical & Subtropical Coniferous Forests
Biome int codes:  [27]
N biomes total:   13
Train years:      2001-2016
Test years:       2017-2019
Output dir:       /cluster/scratch/gikaufmann/outputs/south_america/results/spatial_cv/lgbm

Train:     /cluster/scratch/gikaufmann/data/south_america/ml/main/train_win5.parquet
Earlystop: /cluster/scratch/gikaufmann/data/south_america/ml/main/earlystop_win5.parquet
Test:      /cluster/scratch/gikaufmann/data/south_america/ml/main/test_win5.parquet

Loaded LGBM params: /cluster/home/gikaufmann/master_thesis/scripts/regions/south_america/5_training/lgbm_best_params.json
num_boost_round: 2555

Features: 73
  [Memory startup] RSS: 2.26 GB
W&B connected

======================================================================
STEP 1: LOAD TRAINING DATA (held-out biome excluded)
======================================================================

Loading train+earlystop [EXCLUDE biome, years 2001-2016]...
  Pass 1: counting rows...
  Found 314,584,751 samples
  Pass 2: pre-allocating 314,584,751 × 73 float32...
  0% — 200,000/314,584,751 rows
  [Memory   0%] RSS: 2.91 GB
  25% — 78,800,000/314,584,751 rows
  [Memory   25%] RSS: 24.58 GB
  50% — 157,400,000/314,584,751 rows
  [Memory   50%] RSS: 46.25 GB
  75% — 236,000,000/314,584,751 rows
  [Memory   75%] RSS: 67.92 GB
  100% — 314,584,751/314,584,751 rows
  [Memory   100%] RSS: 89.48 GB
  Loaded in 329.5s — 306,413,400 neg, 8,171,351 pos (ratio 1:37.5)
  Training set: 314,584,751 rows
  [Memory after loading training data] RSS: 89.48 GB

======================================================================
STEP 2: TRAIN LGBM (fixed rounds/trees)
======================================================================

  scale_pos_weight = 37.4985
  sample weights: min=0.500 max=1.000
  Creating lgb.Dataset (314,584,751 samples)...
  [Memory before lgb.train] RSS: 89.48 GB
  Training 2555 rounds...
  Training done in 5563.5s
  [Memory after training] RSS: 1.66 GB
  Model saved: /cluster/home/gikaufmann/master_thesis/data/south_america/ml/models/lobo_lgbm_08_Tropical_and_Subtropical_Coniferous_Fore_20260415_175553.pkl

======================================================================
STEP 3: EVALUATE ON HELD-OUT BIOME
======================================================================

Evaluating on held-out biome (test years 2017-2019)...
  Pass 1: counting test rows...
  Found 0 test samples
  DIAGNOSTIC: 0 rows found for this biome in test years even before WDPA_prev filter — possible biome raster coordinate mismatch or biome truly absent from test parquet.
  WARNING: No unprotected test samples for held-out biome in test years (2017-2019). Fold will be skipped.

Fold 8 (Tropical & Subtropical Coniferous Forests) SKIPPED — no test samples.

======================================================================
SUMMARY
======================================================================
Biome:     Tropical & Subtropical Coniferous Forests
Test rows: 0 (fold skipped — no test samples)
Time:      5916.5s (98.6 min)
======================================================================

Fold results saved: /cluster/scratch/gikaufmann/outputs/south_america/results/spatial_cv/lgbm/fold_08_Tropical_and_Subtropical_Coniferous_Fore_20260415_175553.json
Done.

Log saved to: /cluster/scratch/gikaufmann/outputs/south_america/results/spatial_cv/lgbm/fold_08_Tropical_and_Subtropical_Coniferous_Fore_20260415_175553.txt
spatial_CV_1 (lgbm) fold 8 (South America) finished.
