LOBO RF fold index: 6
drwxr-xr-x 10 gikaufmann gikaufmann-group 4096 Mar 18 15:57 /cluster/home/gikaufmann/master_thesis
PWD = /cluster/home/gikaufmann/master_thesis
Starting LOBO RF fold 6 (South America)...
Loading biome raster and mapping...
  Loading biome raster: /cluster/home/gikaufmann/master_thesis/data/south_america/ready/GSN/gsn_terrestrial_ecoregions_mask_1km.tif
  Raster shape: (9047, 8975), dtype: int16
  137 ecoregions → 13 biomes
======================================================================
LOBO SPATIAL CV — SOUTH AMERICA  Fold 6/8
======================================================================
Model type:       RF
Held-out biome:   Tropical & Subtropical Dry Broadleaf Forests
Biome int codes:  [68, 72, 92]
N biomes total:   9
Train years:      2001-2016
Test years:       2017-2019
Output dir:       /cluster/scratch/gikaufmann/outputs/south_america/results/spatial_cv/rf

Train:     /cluster/scratch/gikaufmann/data/south_america/ml/main/train_win5.parquet
Earlystop: /cluster/scratch/gikaufmann/data/south_america/ml/main/earlystop_win5.parquet
Test:      /cluster/scratch/gikaufmann/data/south_america/ml/main/test_win5.parquet

Loaded RF params: /cluster/home/gikaufmann/master_thesis/scripts/regions/south_america/5_training/rf_best_params.json
n_estimators: 300

Features: 73
  [Memory startup] RSS: 2.69 GB
W&B connected

======================================================================
STEP 1: LOAD TRAINING DATA (held-out biome excluded)
======================================================================

Loading train+earlystop [EXCLUDE biome, years 2001-2016, max_neg=30,000,000]...
  Pass 1: counting rows...
  Found 37,682,744 samples
  (7,682,744 pos, 289,627,106 neg → capping neg at 30,000,000)
  Pass 2: pre-allocating 37,682,744 × 73 float32...
  0% — 6,900/37,682,744 rows
  [Memory   0%] RSS: 3.19 GB
  25% — 9,428,624/37,682,744 rows
  [Memory   25%] RSS: 5.76 GB
  50% — 18,843,924/37,682,744 rows
  [Memory   50%] RSS: 8.32 GB
  75% — 28,271,442/37,682,744 rows
  [Memory   75%] RSS: 10.88 GB
  100% — 37,682,744/37,682,744 rows
  [Memory   100%] RSS: 13.44 GB
  Loaded in 223.7s — 30,000,000 neg, 7,682,744 pos (ratio 1:3.9)
  Training set: 37,682,744 rows
  [Memory after loading training data] RSS: 13.44 GB

======================================================================
STEP 2: TRAIN RF (fixed rounds/trees)
======================================================================

  Training RandomForestClassifier: 300 trees, n_jobs=32
  class_weight=balanced_subsample, max_depth=30, max_features=sqrt
  Training set: 37,682,744 samples (7,682,744 pos, 30,000,000 neg)
  NaNs in training data: True
  [Memory before RF fit] RSS: 13.44 GB
  RF training done in 8402.6s
  [Memory after RF fit] RSS: 15.39 GB
  [Memory after training] RSS: 5.14 GB
  Model saved: /cluster/home/gikaufmann/master_thesis/data/south_america/ml/models/lobo_rf_06_Tropical_and_Subtropical_Dry_Broadleaf_F_20260320_204118.pkl

======================================================================
STEP 3: EVALUATE ON HELD-OUT BIOME
======================================================================

Evaluating on held-out biome (test years 2017-2019)...
  Pass 1: counting test rows...
  Found 2,582,683 test samples
  Pass 2: predicting and writing scored output...

  Test held-out biome: 2,572,355 neg, 10,328 pos
  ROC-AUC: 0.7304  PR-AUC: 0.1962
  P@1%: 0.1557  Lift@1%: 38.9x
  Scored output: spatial_cv1_scored_Tropical_and_Subtropical_Dry_Broadleaf_F_20260320_204118.parquet

======================================================================
SUMMARY
======================================================================
Biome:     Tropical & Subtropical Dry Broadleaf Forests
Test rows: 2,582,683  (10,328 pos)
ROC-AUC:   0.7304
PR-AUC:    0.1962
P@1%:      0.1557  (Lift 38.9x)
P@5%:      0.0374
Time:      8681.9s (144.7 min)
======================================================================

Fold results saved: /cluster/scratch/gikaufmann/outputs/south_america/results/spatial_cv/rf/fold_06_Tropical_and_Subtropical_Dry_Broadleaf_F_20260320_204118.json
Done.

Log saved to: /cluster/scratch/gikaufmann/outputs/south_america/results/spatial_cv/rf/fold_06_Tropical_and_Subtropical_Dry_Broadleaf_F_20260320_204118.txt
spatial_CV_1 (rf) fold 6 (South America) finished.
