LOBO fold index: 10
drwxr-xr-x 10 gikaufmann gikaufmann-group 4096 Mar 17 11:17 /cluster/home/gikaufmann/master_thesis
PWD = /cluster/home/gikaufmann/master_thesis
Starting LOBO fold 10 (USA)...
Loading biome raster and mapping...
  Loading biome raster: /cluster/home/gikaufmann/master_thesis/data/usa/ready/GSN/gsn_terrestrial_ecoregions_mask_1km.tif
  Raster shape: (3536, 6437), dtype: uint8
  85 ecoregions → 12 biomes
======================================================================
LOBO SPATIAL CV — USA  Fold 10/11
======================================================================
Model type:       LGBM
Held-out biome:   Tropical & Subtropical Grasslands, Savannas & Shrublands
Biome int codes:  [82]
N biomes total:   12
Train years:      2001-2016
Test years:       2017-2019
Output dir:       /cluster/scratch/gikaufmann/outputs/usa/results/spatial_cv/lgbm

Train:     /cluster/scratch/gikaufmann/data/usa/ml/main/train_win5.parquet
Earlystop: /cluster/scratch/gikaufmann/data/usa/ml/main/earlystop_win5.parquet
Test:      /cluster/scratch/gikaufmann/data/usa/ml/main/test_win5.parquet

Loaded LGBM params: /cluster/home/gikaufmann/master_thesis/scripts/regions/usa/5_training/lgbm_best_params.json
num_boost_round: 2985
  LOBO override: num_boost_round 2985 → 1000 (LOBO_NUM_BOOST_ROUND env var; production value preserved elsewhere)

Features: 73
  [Memory startup] RSS: 2.52 GB
W&B connected

======================================================================
STEP 1: LOAD TRAINING DATA (held-out biome excluded)
======================================================================

Loading train+earlystop [EXCLUDE biome, years 2001-2016]...
  Pass 1: counting rows...
  Found 231,720,737 samples
  Pass 2: pre-allocating 231,720,737 × 73 float32...
  0% — 200,000/231,720,737 rows
  [Memory   0%] RSS: 3.17 GB
  25% — 58,022,971/231,720,737 rows
  [Memory   25%] RSS: 19.11 GB
  50% — 115,955,754/231,720,737 rows
  [Memory   50%] RSS: 35.09 GB
  75% — 173,892,345/231,720,737 rows
  [Memory   75%] RSS: 51.06 GB
  100% — 231,720,737/231,720,737 rows
  [Memory   100%] RSS: 66.99 GB
  Loaded in 105.6s — 231,376,324 neg, 344,413 pos (ratio 1:671.8)
  Training set: 231,720,737 rows
  [Memory after loading training data] RSS: 67.01 GB

======================================================================
STEP 2: TRAIN LGBM (fixed rounds/trees)
======================================================================

  scale_pos_weight = 671.7990
  sample weights: min=0.500 max=1.000
  Creating lgb.Dataset (231,720,737 samples)...
  [Memory before lgb.train] RSS: 67.01 GB
  Training 1000 rounds...
  Training done in 1993.9s
  [Memory after training] RSS: 4.01 GB
  Model saved: /cluster/home/gikaufmann/master_thesis/data/usa/ml/models/lobo_lgbm_10_Tropical_and_Subtropical_Grasslands_Sav_20260317_143110.pkl

======================================================================
STEP 3: EVALUATE ON HELD-OUT BIOME
======================================================================

Evaluating on held-out biome (test years 2017-2019)...
  Pass 1: counting test rows...
  Found 279,543 test samples
  Pass 2: predicting and writing scored output...

  Test held-out biome: 279,543 neg, 0 pos
  ROC-AUC: nan  PR-AUC: 0.0000
  P@1%: 0.0000  Lift@1%: 0.0x
  Scored output: spatial_cv1_scored_Tropical_and_Subtropical_Grasslands_Sav_20260317_143110.parquet

WARNING: Only 0 positives in held-out biome (minimum recommended: 10). Metrics may be unreliable.

======================================================================
SUMMARY
======================================================================
Biome:     Tropical & Subtropical Grasslands, Savannas & Shrublands
Test rows: 279,543  (0 pos)
ROC-AUC:   nan
PR-AUC:    0.0000
P@1%:      0.0000  (Lift 0.0x)
P@5%:      0.0000
Time:      2111.8s (35.2 min)
======================================================================

Fold results saved: /cluster/scratch/gikaufmann/outputs/usa/results/spatial_cv/lgbm/fold_10_Tropical_and_Subtropical_Grasslands_Sav_20260317_143110.json
Done.

Log saved to: /cluster/scratch/gikaufmann/outputs/usa/results/spatial_cv/lgbm/fold_10_Tropical_and_Subtropical_Grasslands_Sav_20260317_143110.txt
spatial_CV_1 (lgbm) fold 10 (USA) finished.
