LOBO fold index: 1
drwxr-xr-x 10 gikaufmann gikaufmann-group 4096 Mar 15 16:02 /cluster/home/gikaufmann/master_thesis
PWD = /cluster/home/gikaufmann/master_thesis
Starting LOBO fold 1 (South America)...
Loading biome raster and mapping...
  Loading biome raster: /cluster/home/gikaufmann/master_thesis/data/south_america/ready/GSN/gsn_terrestrial_ecoregions_mask_1km.tif
  Raster shape: (9047, 8975), dtype: int16
  137 ecoregions → 13 biomes
======================================================================
LOBO SPATIAL CV — SOUTH AMERICA  Fold 1/8
======================================================================
Model type:       LGBM
Held-out biome:   Flooded Grasslands & Savannas
Biome int codes:  [96]
N biomes total:   9
Train years:      2001-2016
Test years:       2017-2019
Output dir:       /cluster/scratch/gikaufmann/outputs/south_america/results/spatial_cv/lgbm

Train:     /cluster/scratch/gikaufmann/data/south_america/ml/main/train_win5.parquet
Earlystop: /cluster/scratch/gikaufmann/data/south_america/ml/main/earlystop_win5.parquet
Test:      /cluster/scratch/gikaufmann/data/south_america/ml/main/test_win5.parquet

Loaded LGBM params: /cluster/home/gikaufmann/master_thesis/scripts/regions/south_america/5_training/lgbm_best_params.json
num_boost_round: 2555
  LOBO override: num_boost_round 2555 → 1000 (LOBO_NUM_BOOST_ROUND env var; production value preserved elsewhere)

Features: 73
  [Memory startup] RSS: 2.71 GB
W&B connected

======================================================================
STEP 1: LOAD TRAINING DATA (held-out biome excluded)
======================================================================

Loading train+earlystop [EXCLUDE biome, years 2001-2016]...
  Pass 1: counting rows...
  Found 314,207,451 samples
  Pass 2: pre-allocating 314,207,451 × 73 float32...
  0% — 200,000/314,207,451 rows
  [Memory   0%] RSS: 3.35 GB
  25% — 78,690,353/314,207,451 rows
  [Memory   25%] RSS: 24.99 GB
  50% — 157,199,057/314,207,451 rows
  [Memory   50%] RSS: 46.64 GB
  75% — 235,706,357/314,207,451 rows
  [Memory   75%] RSS: 68.28 GB
  100% — 314,207,451/314,207,451 rows
  [Memory   100%] RSS: 89.89 GB
  Loaded in 313.8s — 306,061,185 neg, 8,146,266 pos (ratio 1:37.6)
  Training set: 314,207,451 rows
  [Memory after loading training data] RSS: 89.89 GB

======================================================================
STEP 2: TRAIN LGBM (fixed rounds/trees)
======================================================================

  scale_pos_weight = 37.5707
  sample weights: min=0.500 max=1.000
  Creating lgb.Dataset (314,207,451 samples)...
  [Memory before lgb.train] RSS: 89.89 GB
  Training 1000 rounds...
  Training done in 6973.6s
  [Memory after training] RSS: 1.77 GB
  Model saved: /cluster/home/gikaufmann/master_thesis/data/south_america/ml/models/lobo_lgbm_01_Flooded_Grasslands_and_Savannas_20260316_200435.pkl

======================================================================
STEP 3: EVALUATE ON HELD-OUT BIOME
======================================================================

Evaluating on held-out biome (test years 2017-2019)...
  Pass 1: counting test rows...
  Found 52,337 test samples
  Pass 2: predicting and writing scored output...

  Test held-out biome: 50,912 neg, 1,425 pos
  ROC-AUC: 0.7570  PR-AUC: 0.1405
  P@1%: 0.2792  Lift@1%: 10.3x
  Scored output: spatial_cv1_scored_Flooded_Grasslands_and_Savannas_20260316_200435.parquet

======================================================================
SUMMARY
======================================================================
Biome:     Flooded Grasslands & Savannas
Test rows: 52,337  (1,425 pos)
ROC-AUC:   0.7570
PR-AUC:    0.1405
P@1%:      0.2792  (Lift 10.3x)
P@5%:      0.1338
Time:      7309.9s (121.8 min)
======================================================================

Fold results saved: /cluster/scratch/gikaufmann/outputs/south_america/results/spatial_cv/lgbm/fold_01_Flooded_Grasslands_and_Savannas_20260316_200435.json
Done.

Log saved to: /cluster/scratch/gikaufmann/outputs/south_america/results/spatial_cv/lgbm/fold_01_Flooded_Grasslands_and_Savannas_20260316_200435.txt
spatial_CV_1 (lgbm) fold 1 (South America) finished.
