Many modules are hidden in this stack. Use "module --show_hidden spider SOFTWARE" if you are not able to find the required software

The following have been reloaded with a version change:
  1) cuda/12.1.1 => cuda/12.4.1

wandb: Currently logged in as: gikaufmann (gikaufmann-eth-z-rich) to https://api.wandb.ai. Use `wandb login --relogin` to force relogin
wandb: setting up run 3kwzlopm
wandb: Tracking run with wandb version 0.23.0
wandb: Run data is saved locally in /cluster/home/gikaufmann/master_thesis/wandb/run-20260320_022438-3kwzlopm
wandb: Run `wandb offline` to turn off syncing.
wandb: Syncing run lobo_south_america_07_Tropical_and_Subtrop
wandb:  View project at https://wandb.ai/gikaufmann-eth-z-rich/spatial-cv
wandb:  View run at https://wandb.ai/gikaufmann-eth-z-rich/spatial-cv/runs/3kwzlopm
wandb: uploading output.log; uploading wandb-summary.json
wandb: uploading history steps 0-0, summary, console lines 45-63
wandb: 
wandb: Run history:
wandb:       test/brier_score ▁
wandb:      test/lift_at_1pct ▁
wandb:        test/n_positive ▁
wandb:         test/n_samples ▁
wandb:            test/pr_auc ▁
wandb: test/precision_at_1pct ▁
wandb: test/precision_at_5pct ▁
wandb:   test/recall_at_10pct ▁
wandb:    test/recall_at_1pct ▁
wandb:    test/recall_at_5pct ▁
wandb:                     +4 ...
wandb: 
wandb: Run summary:
wandb:       test/brier_score 0.00549
wandb:      test/lift_at_1pct 27.89264
wandb:        test/n_positive 4184
wandb:         test/n_samples 1128827
wandb:            test/pr_auc 0.11805
wandb: test/precision_at_1pct 0.10338
wandb: test/precision_at_5pct 0.03458
wandb:   test/recall_at_10pct 0.58341
wandb:    test/recall_at_1pct 0.27892
wandb:    test/recall_at_5pct 0.46654
wandb:                     +4 ...
wandb: 
wandb:  View run lobo_south_america_07_Tropical_and_Subtrop at: https://wandb.ai/gikaufmann-eth-z-rich/spatial-cv/runs/3kwzlopm
wandb:  View project at: https://wandb.ai/gikaufmann-eth-z-rich/spatial-cv
wandb: Synced 5 W&B file(s), 0 media file(s), 0 artifact file(s) and 0 other file(s)
wandb: Find logs at: ./wandb/run-20260320_022438-3kwzlopm/logs
