LOBO RF fold index: 2
drwxr-xr-x 10 gikaufmann gikaufmann-group 4096 Mar 18 15:57 /cluster/home/gikaufmann/master_thesis
PWD = /cluster/home/gikaufmann/master_thesis
Starting LOBO RF fold 2 (South America)...
Loading biome raster and mapping...
  Loading biome raster: /cluster/home/gikaufmann/master_thesis/data/south_america/ready/GSN/gsn_terrestrial_ecoregions_mask_1km.tif
  Raster shape: (9047, 8975), dtype: int16
  137 ecoregions → 13 biomes
======================================================================
LOBO SPATIAL CV — SOUTH AMERICA  Fold 2/8
======================================================================
Model type:       RF
Held-out biome:   Mangroves
Biome int codes:  [8, 120]
N biomes total:   9
Train years:      2001-2016
Test years:       2017-2019
Output dir:       /cluster/scratch/gikaufmann/outputs/south_america/results/spatial_cv/rf

Train:     /cluster/scratch/gikaufmann/data/south_america/ml/main/train_win5.parquet
Earlystop: /cluster/scratch/gikaufmann/data/south_america/ml/main/earlystop_win5.parquet
Test:      /cluster/scratch/gikaufmann/data/south_america/ml/main/test_win5.parquet

Loaded RF params: /cluster/home/gikaufmann/master_thesis/scripts/regions/south_america/5_training/rf_best_params.json
n_estimators: 300

Features: 73
  [Memory startup] RSS: 2.71 GB
W&B connected

======================================================================
STEP 1: LOAD TRAINING DATA (held-out biome excluded)
======================================================================

Loading train+earlystop [EXCLUDE biome, years 2001-2016, max_neg=30,000,000]...
  Pass 1: counting rows...
  Found 38,065,898 samples
  (8,065,898 pos, 301,550,993 neg → capping neg at 30,000,000)
  Pass 2: pre-allocating 38,065,898 × 73 float32...
  0% — 18,527/38,065,898 rows
  [Memory   0%] RSS: 3.20 GB
  25% — 9,521,033/38,065,898 rows
  [Memory   25%] RSS: 5.79 GB
  50% — 19,042,816/38,065,898 rows
  [Memory   50%] RSS: 8.38 GB
  75% — 28,555,250/38,065,898 rows
  [Memory   75%] RSS: 10.97 GB
  100% — 38,065,898/38,065,898 rows
  [Memory   100%] RSS: 13.55 GB
  Loaded in 195.0s — 30,000,000 neg, 8,065,898 pos (ratio 1:3.7)
  Training set: 38,065,898 rows
  [Memory after loading training data] RSS: 13.55 GB

======================================================================
STEP 2: TRAIN RF (fixed rounds/trees)
======================================================================

  Training RandomForestClassifier: 300 trees, n_jobs=32
  class_weight=balanced_subsample, max_depth=30, max_features=sqrt
  Training set: 38,065,898 samples (8,065,898 pos, 30,000,000 neg)
  NaNs in training data: True
  [Memory before RF fit] RSS: 13.55 GB
  RF training done in 6458.9s
  [Memory after RF fit] RSS: 15.29 GB
  [Memory after training] RSS: 4.94 GB
  Model saved: /cluster/home/gikaufmann/master_thesis/data/south_america/ml/models/lobo_rf_02_Mangroves_20260320_131308.pkl

======================================================================
STEP 3: EVALUATE ON HELD-OUT BIOME
======================================================================

Evaluating on held-out biome (test years 2017-2019)...
  Pass 1: counting test rows...
  Found 757,031 test samples
  Pass 2: predicting and writing scored output...

  Test held-out biome: 755,574 neg, 1,457 pos
  ROC-AUC: 0.9780  PR-AUC: 0.2207
  P@1%: 0.1110  Lift@1%: 57.7x
  Scored output: spatial_cv1_scored_Mangroves_20260320_131308.parquet

======================================================================
SUMMARY
======================================================================
Biome:     Mangroves
Test rows: 757,031  (1,457 pos)
ROC-AUC:   0.9780
PR-AUC:    0.2207
P@1%:      0.1110  (Lift 57.7x)
P@5%:      0.0354
Time:      6683.6s (111.4 min)
======================================================================

Fold results saved: /cluster/scratch/gikaufmann/outputs/south_america/results/spatial_cv/rf/fold_02_Mangroves_20260320_131308.json
Done.

Log saved to: /cluster/scratch/gikaufmann/outputs/south_america/results/spatial_cv/rf/fold_02_Mangroves_20260320_131308.txt
spatial_CV_1 (rf) fold 2 (South America) finished.
