LOBO fold index: 7
drwxr-xr-x 12 gikaufmann gikaufmann-group 4096 Apr 15 00:17 /cluster/home/gikaufmann/master_thesis
PWD = /cluster/home/gikaufmann/master_thesis
Starting LOBO fold 7 (South East Asia)...
Loading biome raster and mapping...
  Loading biome raster: /cluster/home/gikaufmann/master_thesis/data/se_asia/ready/GSN/gsn_terrestrial_ecoregions_mask_1km.tif
  Raster shape: (4553, 5439), dtype: uint8
  109 ecoregions → 9 biomes
======================================================================
LOBO SPATIAL CV — SE ASIA  Fold 7/8
======================================================================
Model type:       LGBM
Held-out biome:   Tropical & Subtropical Grasslands, Savannas & Shrublands
Biome int codes:  [2, 102]
N biomes total:   9
Train years:      2001-2016
Test years:       2017-2019
Output dir:       /cluster/scratch/gikaufmann/outputs/se_asia/results/spatial_cv/lgbm

Train:     /cluster/scratch/gikaufmann/data/se_asia/ml/main/train_win5.parquet
Earlystop: /cluster/scratch/gikaufmann/data/se_asia/ml/main/earlystop_win5.parquet
Test:      /cluster/scratch/gikaufmann/data/se_asia/ml/main/test_win5.parquet

Loaded LGBM params: /cluster/home/gikaufmann/master_thesis/scripts/regions/se_asia/5_training/lgbm_best_params.json
num_boost_round: 2999

Features: 73
  [Memory startup] RSS: 2.65 GB
W&B connected

======================================================================
STEP 1: LOAD TRAINING DATA (held-out biome excluded)
======================================================================

Loading train+earlystop [EXCLUDE biome, years 2001-2016]...
  Pass 1: counting rows...
  Found 81,010,717 samples
  Pass 2: pre-allocating 81,010,717 × 73 float32...
  0% — 200,000/81,010,717 rows
  [Memory   0%] RSS: 3.29 GB
  25% — 20,365,636/81,010,717 rows
  [Memory   25%] RSS: 8.79 GB
  50% — 40,535,458/81,010,717 rows
  [Memory   50%] RSS: 14.27 GB
  75% — 60,913,798/81,010,717 rows
  [Memory   75%] RSS: 19.82 GB
  100% — 81,010,717/81,010,717 rows
  [Memory   100%] RSS: 25.29 GB
  Loaded in 41.2s — 79,913,729 neg, 1,096,988 pos (ratio 1:72.8)
  Training set: 81,010,717 rows
  [Memory after loading training data] RSS: 25.29 GB

======================================================================
STEP 2: TRAIN LGBM (fixed rounds/trees)
======================================================================

  scale_pos_weight = 72.8483
  sample weights: min=0.500 max=1.000
  Creating lgb.Dataset (81,010,717 samples)...
  [Memory before lgb.train] RSS: 25.29 GB
  Training 2999 rounds...
  Training done in 2001.1s
  [Memory after training] RSS: 4.28 GB
  Model saved: /cluster/home/gikaufmann/master_thesis/data/se_asia/ml/models/lobo_lgbm_07_Tropical_and_Subtropical_Grasslands_Sav_20260417_115124.pkl

======================================================================
STEP 3: EVALUATE ON HELD-OUT BIOME
======================================================================

Evaluating on held-out biome (test years 2017-2019)...
  Pass 1: counting test rows...
  Found 12,996 test samples
  Pass 2: predicting and writing scored output...

  Test held-out biome: 12,996 neg, 0 pos
  ROC-AUC: nan  PR-AUC: 0.0000
  P@1%: 0.0000  Lift@1%: 0.0x
  Scored output: spatial_cv1_scored_Tropical_and_Subtropical_Grasslands_Sav_20260417_115124.parquet

WARNING: Only 0 positives in held-out biome (minimum recommended: 10). Metrics may be unreliable.

======================================================================
SUMMARY
======================================================================
Biome:     Tropical & Subtropical Grasslands, Savannas & Shrublands
Test rows: 12,996  (0 pos)
ROC-AUC:   nan
PR-AUC:    0.0000
P@1%:      0.0000  (Lift 0.0x)
P@5%:      0.0000
Time:      2047.9s (34.1 min)
======================================================================

Fold results saved: /cluster/scratch/gikaufmann/outputs/se_asia/results/spatial_cv/lgbm/fold_07_Tropical_and_Subtropical_Grasslands_Sav_20260417_115124.json
Done.

Log saved to: /cluster/scratch/gikaufmann/outputs/se_asia/results/spatial_cv/lgbm/fold_07_Tropical_and_Subtropical_Grasslands_Sav_20260417_115124.txt
spatial_CV_1 (lgbm) fold 7 (South East Asia) finished.
