LOBO RF fold index: 7
drwxr-xr-x 12 gikaufmann gikaufmann-group 4096 Apr 15 00:17 /cluster/home/gikaufmann/master_thesis
PWD = /cluster/home/gikaufmann/master_thesis
Starting LOBO RF fold 7 (South America)...
Loading biome raster and mapping...
  Loading biome raster: /cluster/home/gikaufmann/master_thesis/data/south_america/ready/GSN/gsn_terrestrial_ecoregions_mask_1km.tif
  Raster shape: (9172, 8974), dtype: uint8
  137 ecoregions → 13 biomes
======================================================================
LOBO SPATIAL CV — SOUTH AMERICA  Fold 7/12
======================================================================
Model type:       RF
Held-out biome:   Temperate Grasslands, Savannas & Shrublands
Biome int codes:  [46, 59, 70, 97]
N biomes total:   13
Train years:      2001-2016
Test years:       2017-2019
Output dir:       /cluster/scratch/gikaufmann/outputs/south_america/results/spatial_cv/rf

Train:     /cluster/scratch/gikaufmann/data/south_america/ml/main/train_win5.parquet
Earlystop: /cluster/scratch/gikaufmann/data/south_america/ml/main/earlystop_win5.parquet
Test:      /cluster/scratch/gikaufmann/data/south_america/ml/main/test_win5.parquet

Loaded RF params: /cluster/home/gikaufmann/master_thesis/scripts/regions/south_america/5_training/rf_best_params.json
n_estimators: 300

Features: 73
  [Memory startup] RSS: 2.65 GB
W&B connected

======================================================================
STEP 1: LOAD TRAINING DATA (held-out biome excluded)
======================================================================

Loading train+earlystop [EXCLUDE biome, years 2001-2016, max_neg=30,000,000]...
  Pass 1: counting rows...
  Found 37,854,254 samples
  (7,854,254 pos, 256,216,676 neg → capping neg at 30,000,000)
  Pass 2: pre-allocating 37,854,254 × 73 float32...
  0% — 20,176/37,854,254 rows
  [Memory   0%] RSS: 3.17 GB
  25% — 9,473,371/37,854,254 rows
  [Memory   25%] RSS: 5.74 GB
  50% — 18,934,317/37,854,254 rows
  [Memory   50%] RSS: 8.31 GB
  75% — 28,392,215/37,854,254 rows
  [Memory   75%] RSS: 10.89 GB
  100% — 37,854,254/37,854,254 rows
  [Memory   100%] RSS: 13.46 GB
  Loaded in 319.1s — 30,000,000 neg, 7,854,254 pos (ratio 1:3.8)
  Training set: 37,854,254 rows
  [Memory after loading training data] RSS: 13.46 GB

======================================================================
STEP 2: TRAIN RF (fixed rounds/trees)
======================================================================

  Training RandomForestClassifier: 300 trees, n_jobs=32
  class_weight=balanced_subsample, max_depth=30, max_features=sqrt
  Training set: 37,854,254 samples (7,854,254 pos, 30,000,000 neg)
  NaNs in training data: True
  [Memory before RF fit] RSS: 13.46 GB
  RF training done in 6775.3s
  [Memory after RF fit] RSS: 15.06 GB
  [Memory after training] RSS: 4.77 GB
  Model saved: /cluster/home/gikaufmann/master_thesis/data/south_america/ml/models/lobo_rf_07_Temperate_Grasslands_Savannas_and_Shrub_20260416_142944.pkl

======================================================================
STEP 3: EVALUATE ON HELD-OUT BIOME
======================================================================

Evaluating on held-out biome (test years 2017-2019)...
  Pass 1: counting test rows...
  Found 7,860,915 test samples
  Pass 2: predicting and writing scored output...

  Test held-out biome: 7,854,020 neg, 6,895 pos
  ROC-AUC: 0.9410  PR-AUC: 0.6758
  P@1%: 0.0684  Lift@1%: 78.0x
  Scored output: spatial_cv1_scored_Temperate_Grasslands_Savannas_and_Shrub_20260416_142944.parquet

======================================================================
SUMMARY
======================================================================
Biome:     Temperate Grasslands, Savannas & Shrublands
Test rows: 7,860,915  (6,895 pos)
ROC-AUC:   0.9410
PR-AUC:    0.6758
P@1%:      0.0684  (Lift 78.0x)
P@5%:      0.0139
Time:      7166.9s (119.4 min)
======================================================================

Fold results saved: /cluster/scratch/gikaufmann/outputs/south_america/results/spatial_cv/rf/fold_07_Temperate_Grasslands_Savannas_and_Shrub_20260416_142944.json
Done.

Log saved to: /cluster/scratch/gikaufmann/outputs/south_america/results/spatial_cv/rf/fold_07_Temperate_Grasslands_Savannas_and_Shrub_20260416_142944.txt
spatial_CV_1 (rf) fold 7 (South America) finished.
