LOBO fold index: 2
drwxr-xr-x 12 gikaufmann gikaufmann-group 4096 Apr 15 00:17 /cluster/home/gikaufmann/master_thesis
PWD = /cluster/home/gikaufmann/master_thesis
Starting LOBO fold 2 (South America)...
Loading biome raster and mapping...
  Loading biome raster: /cluster/home/gikaufmann/master_thesis/data/south_america/ready/GSN/gsn_terrestrial_ecoregions_mask_1km.tif
  Raster shape: (9172, 8974), dtype: uint8
  137 ecoregions → 13 biomes
======================================================================
LOBO SPATIAL CV — SOUTH AMERICA  Fold 2/12
======================================================================
Model type:       LGBM
Held-out biome:   Mangroves
Biome int codes:  [2, 8, 82, 115, 118, 120]
N biomes total:   13
Train years:      2001-2016
Test years:       2017-2019
Output dir:       /cluster/scratch/gikaufmann/outputs/south_america/results/spatial_cv/lgbm

Train:     /cluster/scratch/gikaufmann/data/south_america/ml/main/train_win5.parquet
Earlystop: /cluster/scratch/gikaufmann/data/south_america/ml/main/earlystop_win5.parquet
Test:      /cluster/scratch/gikaufmann/data/south_america/ml/main/test_win5.parquet

Loaded LGBM params: /cluster/home/gikaufmann/master_thesis/scripts/regions/south_america/5_training/lgbm_best_params.json
num_boost_round: 2555

Features: 73
  [Memory startup] RSS: 2.70 GB
W&B connected

======================================================================
STEP 1: LOAD TRAINING DATA (held-out biome excluded)
======================================================================

Loading train+earlystop [EXCLUDE biome, years 2001-2016]...
  Pass 1: counting rows...
  Found 313,924,349 samples
  Pass 2: pre-allocating 313,924,349 × 73 float32...
  0% — 200,000/313,924,349 rows
  [Memory   0%] RSS: 3.38 GB
  25% — 78,621,369/313,924,349 rows
  [Memory   25%] RSS: 25.00 GB
  50% — 157,065,400/313,924,349 rows
  [Memory   50%] RSS: 46.63 GB
  75% — 235,495,781/313,924,349 rows
  [Memory   75%] RSS: 68.25 GB
  100% — 313,924,349/313,924,349 rows
  [Memory   100%] RSS: 89.86 GB
  Loaded in 372.3s — 305,784,042 neg, 8,140,307 pos (ratio 1:37.6)
  Training set: 313,924,349 rows
  [Memory after loading training data] RSS: 89.88 GB

======================================================================
STEP 2: TRAIN LGBM (fixed rounds/trees)
======================================================================

  scale_pos_weight = 37.5642
  sample weights: min=0.500 max=1.000
  Creating lgb.Dataset (313,924,349 samples)...
  [Memory before lgb.train] RSS: 89.88 GB
  Training 2555 rounds...
  Training done in 13011.2s
  [Memory after training] RSS: 2.01 GB
  Model saved: /cluster/home/gikaufmann/master_thesis/data/south_america/ml/models/lobo_lgbm_02_Mangroves_20260415_062113.pkl

======================================================================
STEP 3: EVALUATE ON HELD-OUT BIOME
======================================================================

Evaluating on held-out biome (test years 2017-2019)...
  Pass 1: counting test rows...
  Found 96,634 test samples
  Pass 2: predicting and writing scored output...

  Test held-out biome: 94,765 neg, 1,869 pos
  ROC-AUC: 0.9508  PR-AUC: 0.3801
  P@1%: 0.5414  Lift@1%: 28.0x
  Scored output: spatial_cv1_scored_Mangroves_20260415_062113.parquet

======================================================================
SUMMARY
======================================================================
Biome:     Mangroves
Test rows: 96,634  (1,869 pos)
ROC-AUC:   0.9508
PR-AUC:    0.3801
P@1%:      0.5414  (Lift 28.0x)
P@5%:      0.2695
Time:      13447.5s (224.1 min)
======================================================================

Fold results saved: /cluster/scratch/gikaufmann/outputs/south_america/results/spatial_cv/lgbm/fold_02_Mangroves_20260415_062113.json
Done.

Log saved to: /cluster/scratch/gikaufmann/outputs/south_america/results/spatial_cv/lgbm/fold_02_Mangroves_20260415_062113.txt
spatial_CV_1 (lgbm) fold 2 (South America) finished.
