LOBO RF fold index: 0
drwxr-xr-x 10 gikaufmann gikaufmann-group 4096 Mar 18 15:57 /cluster/home/gikaufmann/master_thesis
PWD = /cluster/home/gikaufmann/master_thesis
Starting LOBO RF fold 0 (USA)...
Loading biome raster and mapping...
  Loading biome raster: /cluster/home/gikaufmann/master_thesis/data/usa/ready/GSN/gsn_terrestrial_ecoregions_mask_1km.tif
  Raster shape: (3536, 6437), dtype: uint8
  85 ecoregions → 12 biomes
======================================================================
LOBO SPATIAL CV — USA  Fold 0/11
======================================================================
Model type:       RF
Held-out biome:   Boreal Forests/Taiga
Biome int codes:  [17, 29, 43]
N biomes total:   12
Train years:      2001-2016
Test years:       2017-2019
Output dir:       /cluster/scratch/gikaufmann/outputs/usa/results/spatial_cv/rf

Train:     /cluster/scratch/gikaufmann/data/usa/ml/main/train_win5.parquet
Earlystop: /cluster/scratch/gikaufmann/data/usa/ml/main/earlystop_win5.parquet
Test:      /cluster/scratch/gikaufmann/data/usa/ml/main/test_win5.parquet

Loaded RF params: /cluster/home/gikaufmann/master_thesis/scripts/regions/usa/5_training/rf_best_params.json
n_estimators: 300

Features: 73
  [Memory startup] RSS: 2.52 GB
W&B connected

======================================================================
STEP 1: LOAD TRAINING DATA (held-out biome excluded)
======================================================================

Loading train+earlystop [EXCLUDE biome, years 2001-2016, max_neg=30,000,000]...
  Pass 1: counting rows...
  Found 30,346,098 samples
  (346,098 pos, 233,148,644 neg → capping neg at 30,000,000)
  Pass 2: pre-allocating 30,346,098 × 73 float32...
  0% — 13,041/30,346,098 rows
  [Memory   0%] RSS: 3.05 GB
  25% — 7,594,542/30,346,098 rows
  [Memory   25%] RSS: 5.11 GB
  50% — 15,183,230/30,346,098 rows
  [Memory   50%] RSS: 7.18 GB
  75% — 22,771,132/30,346,098 rows
  [Memory   75%] RSS: 9.24 GB
  100% — 30,346,098/30,346,098 rows
  [Memory   100%] RSS: 11.29 GB
  Loaded in 105.5s — 30,000,000 neg, 346,098 pos (ratio 1:86.7)
  Training set: 30,346,098 rows
  [Memory after loading training data] RSS: 11.29 GB

======================================================================
STEP 2: TRAIN RF (fixed rounds/trees)
======================================================================

  Training RandomForestClassifier: 300 trees, n_jobs=32
  class_weight=balanced_subsample, max_depth=None, max_features=sqrt
  Training set: 30,346,098 samples (346,098 pos, 30,000,000 neg)
  NaNs in training data: True
  [Memory before RF fit] RSS: 11.29 GB
  RF training done in 4527.3s
  [Memory after RF fit] RSS: 13.66 GB
  [Memory after training] RSS: 5.41 GB
  Model saved: /cluster/home/gikaufmann/master_thesis/data/usa/ml/models/lobo_rf_00_Boreal_Forests_Taiga_20260322_205313.pkl

======================================================================
STEP 3: EVALUATE ON HELD-OUT BIOME
======================================================================

Evaluating on held-out biome (test years 2017-2019)...
  Pass 1: counting test rows...
  Found 0 test samples
  DIAGNOSTIC: 0 rows found for this biome in test years even before WDPA_prev filter — possible biome raster coordinate mismatch or biome truly absent from test parquet.
  WARNING: No unprotected test samples for held-out biome in test years (2017-2019). Fold will be skipped.

Fold 0 (Boreal Forests/Taiga) SKIPPED — no test samples.

======================================================================
SUMMARY
======================================================================
Biome:     Boreal Forests/Taiga
Test rows: 0 (fold skipped — no test samples)
Time:      4643.4s (77.4 min)
======================================================================

Fold results saved: /cluster/scratch/gikaufmann/outputs/usa/results/spatial_cv/rf/fold_00_Boreal_Forests_Taiga_20260322_205313.json
Done.

Log saved to: /cluster/scratch/gikaufmann/outputs/usa/results/spatial_cv/rf/fold_00_Boreal_Forests_Taiga_20260322_205313.txt
spatial_CV_1 (rf) fold 0 (USA) finished.
