LOBO RF fold index: 6
drwxr-xr-x 12 gikaufmann gikaufmann-group 4096 Apr 15 00:17 /cluster/home/gikaufmann/master_thesis
PWD = /cluster/home/gikaufmann/master_thesis
Starting LOBO RF fold 6 (South America)...
Loading biome raster and mapping...
  Loading biome raster: /cluster/home/gikaufmann/master_thesis/data/south_america/ready/GSN/gsn_terrestrial_ecoregions_mask_1km.tif
  Raster shape: (9172, 8974), dtype: uint8
  137 ecoregions → 13 biomes
======================================================================
LOBO SPATIAL CV — SOUTH AMERICA  Fold 6/12
======================================================================
Model type:       RF
Held-out biome:   Temperate Broadleaf & Mixed Forests
Biome int codes:  [64, 75, 107, 133]
N biomes total:   13
Train years:      2001-2016
Test years:       2017-2019
Output dir:       /cluster/scratch/gikaufmann/outputs/south_america/results/spatial_cv/rf

Train:     /cluster/scratch/gikaufmann/data/south_america/ml/main/train_win5.parquet
Earlystop: /cluster/scratch/gikaufmann/data/south_america/ml/main/earlystop_win5.parquet
Test:      /cluster/scratch/gikaufmann/data/south_america/ml/main/test_win5.parquet

Loaded RF params: /cluster/home/gikaufmann/master_thesis/scripts/regions/south_america/5_training/rf_best_params.json
n_estimators: 300

Features: 73
  [Memory startup] RSS: 2.11 GB
W&B connected

======================================================================
STEP 1: LOAD TRAINING DATA (held-out biome excluded)
======================================================================

Loading train+earlystop [EXCLUDE biome, years 2001-2016, max_neg=30,000,000]...
  Pass 1: counting rows...
  Found 37,429,360 samples
  (7,429,360 pos, 297,003,991 neg → capping neg at 30,000,000)
  Pass 2: pre-allocating 37,429,360 × 73 float32...
  0% — 18,678/37,429,360 rows
  [Memory   0%] RSS: 2.83 GB
  25% — 9,362,126/37,429,360 rows
  [Memory   25%] RSS: 5.37 GB
  50% — 18,720,410/37,429,360 rows
  [Memory   50%] RSS: 7.92 GB
  75% — 28,077,591/37,429,360 rows
  [Memory   75%] RSS: 10.45 GB
  100% — 37,429,360/37,429,360 rows
  [Memory   100%] RSS: 12.95 GB
  Loaded in 347.1s — 30,000,000 neg, 7,429,360 pos (ratio 1:4.0)
  Training set: 37,429,360 rows
  [Memory after loading training data] RSS: 12.72 GB

======================================================================
STEP 2: TRAIN RF (fixed rounds/trees)
======================================================================

  Training RandomForestClassifier: 300 trees, n_jobs=32
  class_weight=balanced_subsample, max_depth=30, max_features=sqrt
  Training set: 37,429,360 samples (7,429,360 pos, 30,000,000 neg)
  NaNs in training data: True
  [Memory before RF fit] RSS: 12.72 GB
  RF training done in 6556.4s
  [Memory after RF fit] RSS: 14.54 GB
  [Memory after training] RSS: 4.37 GB
  Model saved: /cluster/home/gikaufmann/master_thesis/data/south_america/ml/models/lobo_rf_06_Temperate_Broadleaf_and_Mixed_Forests_20260416_123046.pkl

======================================================================
STEP 3: EVALUATE ON HELD-OUT BIOME
======================================================================

Evaluating on held-out biome (test years 2017-2019)...
  Pass 1: counting test rows...
  Found 1,507,741 test samples
  Pass 2: predicting and writing scored output...

  Test held-out biome: 1,390,056 neg, 117,685 pos
  ROC-AUC: 0.9631  PR-AUC: 0.9032
  P@1%: 0.9979  Lift@1%: 12.8x
  Scored output: spatial_cv1_scored_Temperate_Broadleaf_and_Mixed_Forests_20260416_123046.parquet

======================================================================
SUMMARY
======================================================================
Biome:     Temperate Broadleaf & Mixed Forests
Test rows: 1,507,741  (117,685 pos)
ROC-AUC:   0.9631
PR-AUC:    0.9032
P@1%:      0.9979  (Lift 12.8x)
P@5%:      0.9587
Time:      6946.2s (115.8 min)
======================================================================

Fold results saved: /cluster/scratch/gikaufmann/outputs/south_america/results/spatial_cv/rf/fold_06_Temperate_Broadleaf_and_Mixed_Forests_20260416_123046.json
Done.

Log saved to: /cluster/scratch/gikaufmann/outputs/south_america/results/spatial_cv/rf/fold_06_Temperate_Broadleaf_and_Mixed_Forests_20260416_123046.txt
spatial_CV_1 (rf) fold 6 (South America) finished.
