Many modules are hidden in this stack. Use "module --show_hidden spider SOFTWARE" if you are not able to find the required software

The following have been reloaded with a version change:
  1) cuda/12.1.1 => cuda/12.4.1

wandb: Currently logged in as: gikaufmann (gikaufmann-eth-z-rich) to https://api.wandb.ai. Use `wandb login --relogin` to force relogin
wandb: setting up run mn6ckx03
wandb: Tracking run with wandb version 0.23.0
wandb: Run data is saved locally in /cluster/home/gikaufmann/master_thesis/wandb/run-20260319_025907-mn6ckx03
wandb: Run `wandb offline` to turn off syncing.
wandb: Syncing run lobo_south_america_01_Flooded_Grasslands_a
wandb:  View project at https://wandb.ai/gikaufmann-eth-z-rich/spatial-cv
wandb:  View run at https://wandb.ai/gikaufmann-eth-z-rich/spatial-cv/runs/mn6ckx03
wandb: uploading output.log; uploading wandb-summary.json
wandb: uploading history steps 0-0, summary, console lines 45-63
wandb: 
wandb: Run history:
wandb:       test/brier_score ▁
wandb:      test/lift_at_1pct ▁
wandb:        test/n_positive ▁
wandb:         test/n_samples ▁
wandb:            test/pr_auc ▁
wandb: test/precision_at_1pct ▁
wandb: test/precision_at_5pct ▁
wandb:   test/recall_at_10pct ▁
wandb:    test/recall_at_1pct ▁
wandb:    test/recall_at_5pct ▁
wandb:                     +4 ...
wandb: 
wandb: Run summary:
wandb:       test/brier_score 0.0331
wandb:      test/lift_at_1pct 15.44952
wandb:        test/n_positive 1425
wandb:         test/n_samples 52337
wandb:            test/pr_auc 0.21871
wandb: test/precision_at_1pct 0.42065
wandb: test/precision_at_5pct 0.17928
wandb:   test/recall_at_10pct 0.42737
wandb:    test/recall_at_1pct 0.15439
wandb:    test/recall_at_5pct 0.32912
wandb:                     +4 ...
wandb: 
wandb:  View run lobo_south_america_01_Flooded_Grasslands_a at: https://wandb.ai/gikaufmann-eth-z-rich/spatial-cv/runs/mn6ckx03
wandb:  View project at: https://wandb.ai/gikaufmann-eth-z-rich/spatial-cv
wandb: Synced 5 W&B file(s), 0 media file(s), 0 artifact file(s) and 0 other file(s)
wandb: Find logs at: ./wandb/run-20260319_025907-mn6ckx03/logs
