LOBO RF fold index: 6
drwxr-xr-x 12 gikaufmann gikaufmann-group 4096 Apr 15 00:17 /cluster/home/gikaufmann/master_thesis
PWD = /cluster/home/gikaufmann/master_thesis
Starting LOBO RF fold 6 (South East Asia)...
Loading biome raster and mapping...
  Loading biome raster: /cluster/home/gikaufmann/master_thesis/data/se_asia/ready/GSN/gsn_terrestrial_ecoregions_mask_1km.tif
  Raster shape: (4553, 5439), dtype: uint8
  109 ecoregions → 9 biomes
======================================================================
LOBO SPATIAL CV — SE ASIA  Fold 6/8
======================================================================
Model type:       RF
Held-out biome:   Tropical & Subtropical Dry Broadleaf Forests
Biome int codes:  [11, 29, 35, 79, 84, 94, 99, 107]
N biomes total:   9
Train years:      2001-2016
Test years:       2017-2019
Output dir:       /cluster/scratch/gikaufmann/outputs/se_asia/results/spatial_cv/rf

Train:     /cluster/scratch/gikaufmann/data/se_asia/ml/main/train_win5.parquet
Earlystop: /cluster/scratch/gikaufmann/data/se_asia/ml/main/earlystop_win5.parquet
Test:      /cluster/scratch/gikaufmann/data/se_asia/ml/main/test_win5.parquet

Loaded RF params: /cluster/home/gikaufmann/master_thesis/scripts/regions/se_asia/5_training/rf_best_params.json
n_estimators: 300

Features: 73
  [Memory startup] RSS: 2.59 GB
W&B connected

======================================================================
STEP 1: LOAD TRAINING DATA (held-out biome excluded)
======================================================================

Loading train+earlystop [EXCLUDE biome, years 2001-2016, max_neg=30,000,000]...
  Pass 1: counting rows...
  Found 30,801,198 samples
  (801,198 pos, 69,235,219 neg → capping neg at 30,000,000)
  Pass 2: pre-allocating 30,801,198 × 73 float32...
  0% — 43,247/30,801,198 rows
  [Memory   0%] RSS: 3.09 GB
  25% — 7,704,511/30,801,198 rows
  [Memory   25%] RSS: 5.18 GB
  50% — 15,423,787/30,801,198 rows
  [Memory   50%] RSS: 7.29 GB
  75% — 23,102,853/30,801,198 rows
  [Memory   75%] RSS: 9.38 GB
  100% — 30,801,198/30,801,198 rows
  [Memory   100%] RSS: 11.47 GB
  Loaded in 106.4s — 30,000,000 neg, 801,198 pos (ratio 1:37.4)
  Training set: 30,801,198 rows
  [Memory after loading training data] RSS: 11.47 GB

======================================================================
STEP 2: TRAIN RF (fixed rounds/trees)
======================================================================

  Training RandomForestClassifier: 300 trees, n_jobs=32
  class_weight=balanced_subsample, max_depth=None, max_features=log2
  Training set: 30,801,198 samples (801,198 pos, 30,000,000 neg)
  NaNs in training data: True
  [Memory before RF fit] RSS: 11.47 GB
  RF training done in 3509.1s
  [Memory after RF fit] RSS: 13.44 GB
  [Memory after training] RSS: 5.06 GB
  Model saved: /cluster/home/gikaufmann/master_thesis/data/se_asia/ml/models/lobo_rf_06_Tropical_and_Subtropical_Dry_Broadleaf_F_20260419_120125.pkl

======================================================================
STEP 3: EVALUATE ON HELD-OUT BIOME
======================================================================

Evaluating on held-out biome (test years 2017-2019)...
  Pass 1: counting test rows...
  Found 1,651,993 test samples
  Pass 2: predicting and writing scored output...

  Test held-out biome: 1,634,291 neg, 17,702 pos
  ROC-AUC: 0.7837  PR-AUC: 0.0621
  P@1%: 0.1302  Lift@1%: 12.2x
  Scored output: spatial_cv1_scored_Tropical_and_Subtropical_Dry_Broadleaf_F_20260419_120125.parquet

======================================================================
SUMMARY
======================================================================
Biome:     Tropical & Subtropical Dry Broadleaf Forests
Test rows: 1,651,993  (17,702 pos)
ROC-AUC:   0.7837
PR-AUC:    0.0621
P@1%:      0.1302  (Lift 12.2x)
P@5%:      0.0732
Time:      3641.1s (60.7 min)
======================================================================

Fold results saved: /cluster/scratch/gikaufmann/outputs/se_asia/results/spatial_cv/rf/fold_06_Tropical_and_Subtropical_Dry_Broadleaf_F_20260419_120125.json
Done.

Log saved to: /cluster/scratch/gikaufmann/outputs/se_asia/results/spatial_cv/rf/fold_06_Tropical_and_Subtropical_Dry_Broadleaf_F_20260419_120125.txt
spatial_CV_1 (rf) fold 6 (South East Asia) finished.
