LOBO RF fold index: 8
drwxr-xr-x 10 gikaufmann gikaufmann-group 4096 Apr  1 13:22 /cluster/home/gikaufmann/master_thesis
PWD = /cluster/home/gikaufmann/master_thesis
Starting LOBO RF fold 8 (South East Asia)...
Loading biome raster and mapping...
  Loading biome raster: /cluster/home/gikaufmann/master_thesis/data/se_asia/ready/GSN/gsn_terrestrial_ecoregions_mask_1km.tif
  Raster shape: (4553, 5439), dtype: uint8
  109 ecoregions → 9 biomes
======================================================================
LOBO SPATIAL CV — SE ASIA  Fold 8/8
======================================================================
Model type:       RF
Held-out biome:   Tropical & Subtropical Moist Broadleaf Forests
Biome int codes:  [1, 3, 4, 5, 6, 7, 8, 9, 10, 12, 14, 15, 16, 17, 21, 22, 23, 24, 25, 26, 30, 31, 32, 33, 36, 37, 38, 39, 41, 42, 43, 44, 45, 46, 47, 49, 50, 52, 55, 56, 57, 58, 59, 60, 61, 63, 65, 66, 68, 69, 70, 72, 74, 76, 77, 78, 81, 82, 83, 85, 86, 87, 88, 89, 90, 91, 92, 96, 97, 98, 100, 101, 103, 104, 105, 106, 108, 109]
N biomes total:   9
Train years:      2001-2016
Test years:       2017-2019
Output dir:       /cluster/scratch/gikaufmann/outputs/se_asia/results/spatial_cv/rf

Train:     /cluster/scratch/gikaufmann/data/se_asia/ml/main/train_win5.parquet
Earlystop: /cluster/scratch/gikaufmann/data/se_asia/ml/main/earlystop_win5.parquet
Test:      /cluster/scratch/gikaufmann/data/se_asia/ml/main/test_win5.parquet

Loaded RF params: /cluster/home/gikaufmann/master_thesis/scripts/regions/se_asia/5_training/rf_best_params.json
n_estimators: 300

Features: 73
  [Memory startup] RSS: 2.63 GB
W&B connected

======================================================================
STEP 1: LOAD TRAINING DATA (held-out biome excluded)
======================================================================

Loading train+earlystop [EXCLUDE biome, years 2001-2016, max_neg=30,000,000]...
  Pass 1: counting rows...
  Found 15,085,112 samples
  Pass 2: pre-allocating 15,085,112 × 73 float32...
  0% — 107/15,085,112 rows
  [Memory   0%] RSS: 3.10 GB
  25% — 3,777,383/15,085,112 rows
  [Memory   25%] RSS: 4.13 GB
  50% — 7,546,308/15,085,112 rows
  [Memory   50%] RSS: 5.19 GB
  75% — 11,326,563/15,085,112 rows
  [Memory   75%] RSS: 6.22 GB
  100% — 15,085,112/15,085,112 rows
  [Memory   100%] RSS: 7.24 GB
  Loaded in 41.9s — 14,685,984 neg, 399,128 pos (ratio 1:36.8)
  Training set: 15,085,112 rows
  [Memory after loading training data] RSS: 7.24 GB

======================================================================
STEP 2: TRAIN RF (fixed rounds/trees)
======================================================================

  Training RandomForestClassifier: 300 trees, n_jobs=32
  class_weight=balanced_subsample, max_depth=None, max_features=log2
  Training set: 15,085,112 samples (399,128 pos, 14,685,984 neg)
  NaNs in training data: True
  [Memory before RF fit] RSS: 7.24 GB
  RF training done in 1225.4s
  [Memory after RF fit] RSS: 8.92 GB
  [Memory after training] RSS: 4.82 GB
  Model saved: /cluster/home/gikaufmann/master_thesis/data/se_asia/ml/models/lobo_rf_08_Tropical_and_Subtropical_Moist_Broadleaf_20260402_101358.pkl

======================================================================
STEP 3: EVALUATE ON HELD-OUT BIOME
======================================================================

Evaluating on held-out biome (test years 2017-2019)...
  Pass 1: counting test rows...
  Found 10,239,060 test samples
  Pass 2: predicting and writing scored output...

  Test held-out biome: 10,187,585 neg, 51,475 pos
  ROC-AUC: 0.6538  PR-AUC: 0.0184
  P@1%: 0.0292  Lift@1%: 5.8x
  Scored output: spatial_cv1_scored_Tropical_and_Subtropical_Moist_Broadleaf_20260402_101358.parquet

======================================================================
SUMMARY
======================================================================
Biome:     Tropical & Subtropical Moist Broadleaf Forests
Test rows: 10,239,060  (51,475 pos)
ROC-AUC:   0.6538
PR-AUC:    0.0184
P@1%:      0.0292  (Lift 5.8x)
P@5%:      0.0078
Time:      1313.9s (21.9 min)
======================================================================

Fold results saved: /cluster/scratch/gikaufmann/outputs/se_asia/results/spatial_cv/rf/fold_08_Tropical_and_Subtropical_Moist_Broadleaf_20260402_101358.json
Done.

Log saved to: /cluster/scratch/gikaufmann/outputs/se_asia/results/spatial_cv/rf/fold_08_Tropical_and_Subtropical_Moist_Broadleaf_20260402_101358.txt
spatial_CV_1 (rf) fold 8 (South East Asia) finished.
