LOBO fold index: 10
drwxr-xr-x 12 gikaufmann gikaufmann-group 4096 Apr 15 00:17 /cluster/home/gikaufmann/master_thesis
PWD = /cluster/home/gikaufmann/master_thesis
Starting LOBO fold 10 (South America)...
Loading biome raster and mapping...
  Loading biome raster: /cluster/home/gikaufmann/master_thesis/data/south_america/ready/GSN/gsn_terrestrial_ecoregions_mask_1km.tif
  Raster shape: (9172, 8974), dtype: uint8
  137 ecoregions → 13 biomes
======================================================================
LOBO SPATIAL CV — SOUTH AMERICA  Fold 10/12
======================================================================
Model type:       LGBM
Held-out biome:   Tropical & Subtropical Grasslands, Savannas & Shrublands
Biome int codes:  [11, 17, 31, 35, 42, 55, 58, 69, 83, 132]
N biomes total:   13
Train years:      2001-2016
Test years:       2017-2019
Output dir:       /cluster/scratch/gikaufmann/outputs/south_america/results/spatial_cv/lgbm

Train:     /cluster/scratch/gikaufmann/data/south_america/ml/main/train_win5.parquet
Earlystop: /cluster/scratch/gikaufmann/data/south_america/ml/main/earlystop_win5.parquet
Test:      /cluster/scratch/gikaufmann/data/south_america/ml/main/test_win5.parquet

Loaded LGBM params: /cluster/home/gikaufmann/master_thesis/scripts/regions/south_america/5_training/lgbm_best_params.json
num_boost_round: 2555

Features: 73
  [Memory startup] RSS: 2.65 GB
W&B connected

======================================================================
STEP 1: LOAD TRAINING DATA (held-out biome excluded)
======================================================================

Loading train+earlystop [EXCLUDE biome, years 2001-2016]...
  Pass 1: counting rows...
  Found 238,504,560 samples
  Pass 2: pre-allocating 238,504,560 × 73 float32...
  0% — 200,000/238,504,560 rows
  [Memory   0%] RSS: 3.30 GB
  25% — 59,726,896/238,504,560 rows
  [Memory   25%] RSS: 19.72 GB
  50% — 119,433,224/238,504,560 rows
  [Memory   50%] RSS: 36.17 GB
  75% — 179,064,963/238,504,560 rows
  [Memory   75%] RSS: 52.61 GB
  100% — 238,504,560/238,504,560 rows
  [Memory   100%] RSS: 68.96 GB
  Loaded in 195.4s — 230,860,828 neg, 7,643,732 pos (ratio 1:30.2)
  Training set: 238,504,560 rows
  [Memory after loading training data] RSS: 68.98 GB

======================================================================
STEP 2: TRAIN LGBM (fixed rounds/trees)
======================================================================

  scale_pos_weight = 30.2026
  sample weights: min=0.500 max=1.000
  Creating lgb.Dataset (238,504,560 samples)...
  [Memory before lgb.train] RSS: 68.98 GB
  Training 2555 rounds...
  Training done in 7561.0s
  [Memory after training] RSS: 2.07 GB
  Model saved: /cluster/home/gikaufmann/master_thesis/data/south_america/ml/models/lobo_lgbm_10_Tropical_and_Subtropical_Grasslands_Sav_20260415_230407.pkl

======================================================================
STEP 3: EVALUATE ON HELD-OUT BIOME
======================================================================

Evaluating on held-out biome (test years 2017-2019)...
  Pass 1: counting test rows...
  Found 11,868,861 test samples
  Pass 2: predicting and writing scored output...

  Test held-out biome: 11,852,109 neg, 16,752 pos
  ROC-AUC: 0.4819  PR-AUC: 0.0016
  P@1%: 0.0033  Lift@1%: 2.3x
  Scored output: spatial_cv1_scored_Tropical_and_Subtropical_Grasslands_Sav_20260415_230407.parquet

======================================================================
SUMMARY
======================================================================
Biome:     Tropical & Subtropical Grasslands, Savannas & Shrublands
Test rows: 11,868,861  (16,752 pos)
ROC-AUC:   0.4819
PR-AUC:    0.0016
P@1%:      0.0033  (Lift 2.3x)
P@5%:      0.0021
Time:      7847.1s (130.8 min)
======================================================================

Fold results saved: /cluster/scratch/gikaufmann/outputs/south_america/results/spatial_cv/lgbm/fold_10_Tropical_and_Subtropical_Grasslands_Sav_20260415_230407.json
Done.

Log saved to: /cluster/scratch/gikaufmann/outputs/south_america/results/spatial_cv/lgbm/fold_10_Tropical_and_Subtropical_Grasslands_Sav_20260415_230407.txt
spatial_CV_1 (lgbm) fold 10 (South America) finished.
