LOBO RF fold index: 1
drwxr-xr-x 10 gikaufmann gikaufmann-group 4096 Mar 18 15:57 /cluster/home/gikaufmann/master_thesis
PWD = /cluster/home/gikaufmann/master_thesis
Starting LOBO RF fold 1 (South America)...
Loading biome raster and mapping...
  Loading biome raster: /cluster/home/gikaufmann/master_thesis/data/south_america/ready/GSN/gsn_terrestrial_ecoregions_mask_1km.tif
  Raster shape: (9047, 8975), dtype: int16
  137 ecoregions → 13 biomes
======================================================================
LOBO SPATIAL CV — SOUTH AMERICA  Fold 1/8
======================================================================
Model type:       RF
Held-out biome:   Flooded Grasslands & Savannas
Biome int codes:  [96]
N biomes total:   9
Train years:      2001-2016
Test years:       2017-2019
Output dir:       /cluster/scratch/gikaufmann/outputs/south_america/results/spatial_cv/rf

Train:     /cluster/scratch/gikaufmann/data/south_america/ml/main/train_win5.parquet
Earlystop: /cluster/scratch/gikaufmann/data/south_america/ml/main/earlystop_win5.parquet
Test:      /cluster/scratch/gikaufmann/data/south_america/ml/main/test_win5.parquet

Loaded RF params: /cluster/home/gikaufmann/master_thesis/scripts/regions/south_america/5_training/rf_best_params.json
n_estimators: 300

Features: 73
  [Memory startup] RSS: 2.71 GB
W&B connected

======================================================================
STEP 1: LOAD TRAINING DATA (held-out biome excluded)
======================================================================

Loading train+earlystop [EXCLUDE biome, years 2001-2016, max_neg=30,000,000]...
  Pass 1: counting rows...
  Found 38,146,266 samples
  (8,146,266 pos, 306,061,185 neg → capping neg at 30,000,000)
  Pass 2: pre-allocating 38,146,266 × 73 float32...
  0% — 18,391/38,146,266 rows
  [Memory   0%] RSS: 3.21 GB
  25% — 9,539,688/38,146,266 rows
  [Memory   25%] RSS: 5.80 GB
  50% — 19,074,593/38,146,266 rows
  [Memory   50%] RSS: 8.40 GB
  75% — 28,615,206/38,146,266 rows
  [Memory   75%] RSS: 10.99 GB
  100% — 38,146,266/38,146,266 rows
  [Memory   100%] RSS: 13.58 GB
  Loaded in 347.4s — 30,000,000 neg, 8,146,266 pos (ratio 1:3.7)
  Training set: 38,146,266 rows
  [Memory after loading training data] RSS: 13.58 GB

======================================================================
STEP 2: TRAIN RF (fixed rounds/trees)
======================================================================

  Training RandomForestClassifier: 300 trees, n_jobs=32
  class_weight=balanced_subsample, max_depth=30, max_features=sqrt
  Training set: 38,146,266 samples (8,146,266 pos, 30,000,000 neg)
  NaNs in training data: True
  [Memory before RF fit] RSS: 13.58 GB
  RF training done in 5878.1s
  [Memory after RF fit] RSS: 14.79 GB
  [Memory after training] RSS: 4.42 GB
  Model saved: /cluster/home/gikaufmann/master_thesis/data/south_america/ml/models/lobo_rf_01_Flooded_Grasslands_and_Savannas_20260320_112625.pkl

======================================================================
STEP 3: EVALUATE ON HELD-OUT BIOME
======================================================================

Evaluating on held-out biome (test years 2017-2019)...
  Pass 1: counting test rows...
  Found 52,337 test samples
  Pass 2: predicting and writing scored output...

  Test held-out biome: 50,912 neg, 1,425 pos
  ROC-AUC: 0.7263  PR-AUC: 0.1836
  P@1%: 0.4761  Lift@1%: 17.5x
  Scored output: spatial_cv1_scored_Flooded_Grasslands_and_Savannas_20260320_112625.parquet

======================================================================
SUMMARY
======================================================================
Biome:     Flooded Grasslands & Savannas
Test rows: 52,337  (1,425 pos)
ROC-AUC:   0.7263
PR-AUC:    0.1836
P@1%:      0.4761  (Lift 17.5x)
P@5%:      0.1655
Time:      6248.8s (104.1 min)
======================================================================

Fold results saved: /cluster/scratch/gikaufmann/outputs/south_america/results/spatial_cv/rf/fold_01_Flooded_Grasslands_and_Savannas_20260320_112625.json
Done.

Log saved to: /cluster/scratch/gikaufmann/outputs/south_america/results/spatial_cv/rf/fold_01_Flooded_Grasslands_and_Savannas_20260320_112625.txt
spatial_CV_1 (rf) fold 1 (South America) finished.
