LOBO RF fold index: 11
drwxr-xr-x 12 gikaufmann gikaufmann-group 4096 Apr 15 00:17 /cluster/home/gikaufmann/master_thesis
PWD = /cluster/home/gikaufmann/master_thesis
Starting LOBO RF fold 11 (South America)...
Loading biome raster and mapping...
  Loading biome raster: /cluster/home/gikaufmann/master_thesis/data/south_america/ready/GSN/gsn_terrestrial_ecoregions_mask_1km.tif
  Raster shape: (9172, 8974), dtype: uint8
  137 ecoregions → 13 biomes
======================================================================
LOBO SPATIAL CV — SOUTH AMERICA  Fold 11/12
======================================================================
Model type:       RF
Held-out biome:   Tropical & Subtropical Moist Broadleaf Forests
Biome int codes:  [1, 4, 7, 9, 10, 12, 16, 18, 20, 22, 23, 24, 26, 34, 36, 38, 39, 41, 43, 44, 47, 51, 52, 53, 54, 56, 60, 61, 62, 63, 65, 71, 73, 74, 78, 80, 81, 84, 85, 86, 87, 89, 90, 94, 99, 100, 101, 102, 103, 104, 105, 108, 112, 114, 116, 121, 123, 124, 125, 126, 128, 130, 131, 134, 135, 136, 137]
N biomes total:   13
Train years:      2001-2016
Test years:       2017-2019
Output dir:       /cluster/scratch/gikaufmann/outputs/south_america/results/spatial_cv/rf

Train:     /cluster/scratch/gikaufmann/data/south_america/ml/main/train_win5.parquet
Earlystop: /cluster/scratch/gikaufmann/data/south_america/ml/main/earlystop_win5.parquet
Test:      /cluster/scratch/gikaufmann/data/south_america/ml/main/test_win5.parquet

Loaded RF params: /cluster/home/gikaufmann/master_thesis/scripts/regions/south_america/5_training/rf_best_params.json
n_estimators: 300

Features: 73
  [Memory startup] RSS: 2.85 GB
W&B connected

======================================================================
STEP 1: LOAD TRAINING DATA (held-out biome excluded)
======================================================================

Loading train+earlystop [EXCLUDE biome, years 2001-2016, max_neg=30,000,000]...
  Pass 1: counting rows...
  Found 32,244,770 samples
  (2,244,770 pos, 196,242,972 neg → capping neg at 30,000,000)
  Pass 2: pre-allocating 32,244,770 × 73 float32...
  0% — 3/32,244,770 rows
  [Memory   0%] RSS: 3.34 GB
  25% — 8,065,685/32,244,770 rows
  [Memory   25%] RSS: 5.54 GB
  50% — 16,134,768/32,244,770 rows
  [Memory   50%] RSS: 7.73 GB
  75% — 24,186,511/32,244,770 rows
  [Memory   75%] RSS: 9.92 GB
  100% — 32,244,770/32,244,770 rows
  [Memory   100%] RSS: 12.11 GB
  Loaded in 268.3s — 30,000,000 neg, 2,244,770 pos (ratio 1:13.4)
  Training set: 32,244,770 rows
  [Memory after loading training data] RSS: 12.11 GB

======================================================================
STEP 2: TRAIN RF (fixed rounds/trees)
======================================================================

  Training RandomForestClassifier: 300 trees, n_jobs=32
  class_weight=balanced_subsample, max_depth=30, max_features=sqrt
  Training set: 32,244,770 samples (2,244,770 pos, 30,000,000 neg)
  NaNs in training data: True
  [Memory before RF fit] RSS: 12.11 GB
  RF training done in 5179.3s
  [Memory after RF fit] RSS: 13.96 GB
  [Memory after training] RSS: 5.19 GB
  Model saved: /cluster/home/gikaufmann/master_thesis/data/south_america/ml/models/lobo_rf_11_Tropical_and_Subtropical_Moist_Broadleaf_20260416_220832.pkl

======================================================================
STEP 3: EVALUATE ON HELD-OUT BIOME
======================================================================

Evaluating on held-out biome (test years 2017-2019)...
  Pass 1: counting test rows...
  Found 16,852,053 test samples
  Pass 2: predicting and writing scored output...

  Test held-out biome: 16,701,594 neg, 150,459 pos
  ROC-AUC: 0.8830  PR-AUC: 0.1043
  P@1%: 0.1653  Lift@1%: 18.5x
  Scored output: spatial_cv1_scored_Tropical_and_Subtropical_Moist_Broadleaf_20260416_220832.parquet

======================================================================
SUMMARY
======================================================================
Biome:     Tropical & Subtropical Moist Broadleaf Forests
Test rows: 16,852,053  (150,459 pos)
ROC-AUC:   0.8830
PR-AUC:    0.1043
P@1%:      0.1653  (Lift 18.5x)
P@5%:      0.1010
Time:      5569.0s (92.8 min)
======================================================================

Fold results saved: /cluster/scratch/gikaufmann/outputs/south_america/results/spatial_cv/rf/fold_11_Tropical_and_Subtropical_Moist_Broadleaf_20260416_220832.json
Done.

Log saved to: /cluster/scratch/gikaufmann/outputs/south_america/results/spatial_cv/rf/fold_11_Tropical_and_Subtropical_Moist_Broadleaf_20260416_220832.txt
spatial_CV_1 (rf) fold 11 (South America) finished.
