LOBO RF fold index: 0
drwxr-xr-x 10 gikaufmann gikaufmann-group 4096 Mar 15 16:02 /cluster/home/gikaufmann/master_thesis
PWD = /cluster/home/gikaufmann/master_thesis
Starting LOBO RF fold 0 (South America)...
Loading biome raster and mapping...
  Loading biome raster: /cluster/home/gikaufmann/master_thesis/data/south_america/ready/GSN/gsn_terrestrial_ecoregions_mask_1km.tif
  Raster shape: (9047, 8975), dtype: int16
  137 ecoregions → 13 biomes
======================================================================
LOBO SPATIAL CV — SOUTH AMERICA  Fold 0/8
======================================================================
Model type:       RF
Held-out biome:   Deserts & Xeric Shrublands
Biome int codes:  [48, 76]
N biomes total:   9
Train years:      2001-2016
Test years:       2017-2019
Output dir:       /cluster/scratch/gikaufmann/outputs/south_america/results/spatial_cv/rf

Train:     /cluster/scratch/gikaufmann/data/south_america/ml/main/train_win5.parquet
Earlystop: /cluster/scratch/gikaufmann/data/south_america/ml/main/earlystop_win5.parquet
Test:      /cluster/scratch/gikaufmann/data/south_america/ml/main/test_win5.parquet

Loaded RF params: /cluster/home/gikaufmann/master_thesis/scripts/regions/south_america/5_training/rf_best_params.json
n_estimators: 300

Features: 73
  [Memory startup] RSS: 2.66 GB
W&B connected

======================================================================
STEP 1: LOAD TRAINING DATA (held-out biome excluded)
======================================================================

Loading train+earlystop [EXCLUDE biome, years 2001-2016]...
  Pass 1: counting rows...
  Found 307,691,050 samples
  Pass 2: pre-allocating 307,691,050 × 73 float32...
  0% — 200,000/307,691,050 rows
  [Memory   0%] RSS: 3.31 GB
  25% — 76,990,465/307,691,050 rows
  [Memory   25%] RSS: 24.48 GB
  50% — 154,043,167/307,691,050 rows
  [Memory   50%] RSS: 45.72 GB
  75% — 230,873,899/307,691,050 rows
  [Memory   75%] RSS: 66.90 GB
  100% — 307,691,050/307,691,050 rows
  [Memory   100%] RSS: 88.02 GB
  Loaded in 872.5s — 300,001,764 neg, 7,689,286 pos (ratio 1:39.0)
  Training set: 307,691,050 rows
  [Memory after loading training data] RSS: 88.02 GB

======================================================================
STEP 2: TRAIN RF (fixed rounds/trees)
======================================================================

  Training RandomForestClassifier: 300 trees, n_jobs=32
  class_weight=balanced_subsample, max_depth=30, max_features=sqrt
  Training set: 307,691,050 samples (7,689,286 pos, 300,001,764 neg)
  [Memory before RF fit] RSS: 88.02 GB
spatial_CV_1 (rf) fold 0 (South America) finished.
