LOBO fold index: 9
drwxr-xr-x 12 gikaufmann gikaufmann-group 4096 Apr 15 00:17 /cluster/home/gikaufmann/master_thesis
PWD = /cluster/home/gikaufmann/master_thesis
Starting LOBO fold 9 (South America)...
Loading biome raster and mapping...
  Loading biome raster: /cluster/home/gikaufmann/master_thesis/data/south_america/ready/GSN/gsn_terrestrial_ecoregions_mask_1km.tif
  Raster shape: (9172, 8974), dtype: uint8
  137 ecoregions → 13 biomes
======================================================================
LOBO SPATIAL CV — SOUTH AMERICA  Fold 9/12
======================================================================
Model type:       LGBM
Held-out biome:   Tropical & Subtropical Dry Broadleaf Forests
Biome int codes:  [3, 13, 14, 15, 21, 25, 33, 45, 67, 68, 72, 77, 79, 92, 98, 113, 127, 129]
N biomes total:   13
Train years:      2001-2016
Test years:       2017-2019
Output dir:       /cluster/scratch/gikaufmann/outputs/south_america/results/spatial_cv/lgbm

Train:     /cluster/scratch/gikaufmann/data/south_america/ml/main/train_win5.parquet
Earlystop: /cluster/scratch/gikaufmann/data/south_america/ml/main/earlystop_win5.parquet
Test:      /cluster/scratch/gikaufmann/data/south_america/ml/main/test_win5.parquet

Loaded LGBM params: /cluster/home/gikaufmann/master_thesis/scripts/regions/south_america/5_training/lgbm_best_params.json
num_boost_round: 2555

Features: 73
  [Memory startup] RSS: 2.71 GB
W&B connected

======================================================================
STEP 1: LOAD TRAINING DATA (held-out biome excluded)
======================================================================

Loading train+earlystop [EXCLUDE biome, years 2001-2016]...
  Pass 1: counting rows...
  Found 287,913,040 samples
  Pass 2: pre-allocating 287,913,040 × 73 float32...
  0% — 200,000/287,913,040 rows
  [Memory   0%] RSS: 3.36 GB
  25% — 72,146,964/287,913,040 rows
  [Memory   25%] RSS: 23.20 GB
  50% — 144,064,684/287,913,040 rows
  [Memory   50%] RSS: 43.03 GB
  75% — 216,027,596/287,913,040 rows
  [Memory   75%] RSS: 62.86 GB
  100% — 287,913,040/287,913,040 rows
  [Memory   100%] RSS: 82.68 GB
  Loaded in 258.7s — 280,023,230 neg, 7,889,810 pos (ratio 1:35.5)
  Training set: 287,913,040 rows
  [Memory after loading training data] RSS: 82.68 GB

======================================================================
STEP 2: TRAIN LGBM (fixed rounds/trees)
======================================================================

  scale_pos_weight = 35.4918
  sample weights: min=0.500 max=1.000
  Creating lgb.Dataset (287,913,040 samples)...
  [Memory before lgb.train] RSS: 82.68 GB
  Training 2555 rounds...
  Training done in 11910.9s
  [Memory after training] RSS: 1.88 GB
  Model saved: /cluster/home/gikaufmann/master_thesis/data/south_america/ml/models/lobo_lgbm_09_Tropical_and_Subtropical_Dry_Broadleaf_F_20260415_193752.pkl

======================================================================
STEP 3: EVALUATE ON HELD-OUT BIOME
======================================================================

Evaluating on held-out biome (test years 2017-2019)...
  Pass 1: counting test rows...
  Found 4,147,799 test samples
  Pass 2: predicting and writing scored output...

  Test held-out biome: 4,126,851 neg, 20,948 pos
  ROC-AUC: 0.8525  PR-AUC: 0.1094
  P@1%: 0.1391  Lift@1%: 27.5x
  Scored output: spatial_cv1_scored_Tropical_and_Subtropical_Dry_Broadleaf_F_20260415_193752.parquet

======================================================================
SUMMARY
======================================================================
Biome:     Tropical & Subtropical Dry Broadleaf Forests
Test rows: 4,147,799  (20,948 pos)
ROC-AUC:   0.8525
PR-AUC:    0.1094
P@1%:      0.1391  (Lift 27.5x)
P@5%:      0.0486
Time:      12240.4s (204.0 min)
======================================================================

Fold results saved: /cluster/scratch/gikaufmann/outputs/south_america/results/spatial_cv/lgbm/fold_09_Tropical_and_Subtropical_Dry_Broadleaf_F_20260415_193752.json
Done.

Log saved to: /cluster/scratch/gikaufmann/outputs/south_america/results/spatial_cv/lgbm/fold_09_Tropical_and_Subtropical_Dry_Broadleaf_F_20260415_193752.txt
spatial_CV_1 (lgbm) fold 9 (South America) finished.
