LOBO fold index: 6
drwxr-xr-x 12 gikaufmann gikaufmann-group 4096 Apr 15 00:17 /cluster/home/gikaufmann/master_thesis
PWD = /cluster/home/gikaufmann/master_thesis
Starting LOBO fold 6 (South America)...
Loading biome raster and mapping...
  Loading biome raster: /cluster/home/gikaufmann/master_thesis/data/south_america/ready/GSN/gsn_terrestrial_ecoregions_mask_1km.tif
  Raster shape: (9172, 8974), dtype: uint8
  137 ecoregions → 13 biomes
======================================================================
LOBO SPATIAL CV — SOUTH AMERICA  Fold 6/12
======================================================================
Model type:       LGBM
Held-out biome:   Temperate Broadleaf & Mixed Forests
Biome int codes:  [64, 75, 107, 133]
N biomes total:   13
Train years:      2001-2016
Test years:       2017-2019
Output dir:       /cluster/scratch/gikaufmann/outputs/south_america/results/spatial_cv/lgbm

Train:     /cluster/scratch/gikaufmann/data/south_america/ml/main/train_win5.parquet
Earlystop: /cluster/scratch/gikaufmann/data/south_america/ml/main/earlystop_win5.parquet
Test:      /cluster/scratch/gikaufmann/data/south_america/ml/main/test_win5.parquet

Loaded LGBM params: /cluster/home/gikaufmann/master_thesis/scripts/regions/south_america/5_training/lgbm_best_params.json
num_boost_round: 2555

Features: 73
  [Memory startup] RSS: 2.70 GB
W&B connected

======================================================================
STEP 1: LOAD TRAINING DATA (held-out biome excluded)
======================================================================

Loading train+earlystop [EXCLUDE biome, years 2001-2016]...
  Pass 1: counting rows...
  Found 304,433,351 samples
  Pass 2: pre-allocating 304,433,351 × 73 float32...
  0% — 200,000/304,433,351 rows
  [Memory   0%] RSS: 3.36 GB
  25% — 76,252,566/304,433,351 rows
  [Memory   25%] RSS: 24.33 GB
  50% — 152,333,788/304,433,351 rows
  [Memory   50%] RSS: 45.30 GB
  75% — 228,392,900/304,433,351 rows
  [Memory   75%] RSS: 66.19 GB
  100% — 304,433,351/304,433,351 rows
  [Memory   100%] RSS: 87.15 GB
  Loaded in 209.0s — 297,003,991 neg, 7,429,360 pos (ratio 1:40.0)
  Training set: 304,433,351 rows
  [Memory after loading training data] RSS: 87.16 GB

======================================================================
STEP 2: TRAIN LGBM (fixed rounds/trees)
======================================================================

  scale_pos_weight = 39.9771
  sample weights: min=0.500 max=1.000
  Creating lgb.Dataset (304,433,351 samples)...
  [Memory before lgb.train] RSS: 87.16 GB
  Training 2555 rounds...
  Training done in 4868.1s
  [Memory after training] RSS: 4.21 GB
  Model saved: /cluster/home/gikaufmann/master_thesis/data/south_america/ml/models/lobo_lgbm_06_Temperate_Broadleaf_and_Mixed_Forests_20260415_145359.pkl

======================================================================
STEP 3: EVALUATE ON HELD-OUT BIOME
======================================================================

Evaluating on held-out biome (test years 2017-2019)...
  Pass 1: counting test rows...
  Found 1,507,741 test samples
  Pass 2: predicting and writing scored output...

  Test held-out biome: 1,390,056 neg, 117,685 pos
  ROC-AUC: 0.9635  PR-AUC: 0.9041
  P@1%: 0.9707  Lift@1%: 12.4x
  Scored output: spatial_cv1_scored_Temperate_Broadleaf_and_Mixed_Forests_20260415_145359.parquet

======================================================================
SUMMARY
======================================================================
Biome:     Temperate Broadleaf & Mixed Forests
Test rows: 1,507,741  (117,685 pos)
ROC-AUC:   0.9635
PR-AUC:    0.9041
P@1%:      0.9707  (Lift 12.4x)
P@5%:      0.9882
Time:      5107.3s (85.1 min)
======================================================================

Fold results saved: /cluster/scratch/gikaufmann/outputs/south_america/results/spatial_cv/lgbm/fold_06_Temperate_Broadleaf_and_Mixed_Forests_20260415_145359.json
Done.

Log saved to: /cluster/scratch/gikaufmann/outputs/south_america/results/spatial_cv/lgbm/fold_06_Temperate_Broadleaf_and_Mixed_Forests_20260415_145359.txt
spatial_CV_1 (lgbm) fold 6 (South America) finished.
