LOBO fold index: 8
drwxr-xr-x 12 gikaufmann gikaufmann-group 4096 Apr 15 00:17 /cluster/home/gikaufmann/master_thesis
PWD = /cluster/home/gikaufmann/master_thesis
Starting LOBO fold 8 (USA)...
Loading biome raster and mapping...
  Loading biome raster: /cluster/home/gikaufmann/master_thesis/data/usa/ready/GSN/gsn_terrestrial_ecoregions_mask_1km.tif
  Raster shape: (3536, 6437), dtype: uint8
  85 ecoregions → 12 biomes
======================================================================
LOBO SPATIAL CV — USA  Fold 8/11
======================================================================
Model type:       LGBM
Held-out biome:   Tropical & Subtropical Coniferous Forests
Biome int codes:  [7, 64, 65]
N biomes total:   12
Train years:      2001-2016
Test years:       2017-2019
Output dir:       /cluster/scratch/gikaufmann/outputs/usa/results/spatial_cv/lgbm

Train:     /cluster/scratch/gikaufmann/data/usa/ml/main/train_win5.parquet
Earlystop: /cluster/scratch/gikaufmann/data/usa/ml/main/earlystop_win5.parquet
Test:      /cluster/scratch/gikaufmann/data/usa/ml/main/test_win5.parquet

Loaded LGBM params: /cluster/home/gikaufmann/master_thesis/scripts/regions/usa/5_training/lgbm_best_params.json
num_boost_round: 2985

Features: 73
  [Memory startup] RSS: 2.60 GB
W&B connected

======================================================================
STEP 1: LOAD TRAINING DATA (held-out biome excluded)
======================================================================

Loading train+earlystop [EXCLUDE biome, years 2001-2016]...
  Pass 1: counting rows...
  Found 233,395,666 samples
  Pass 2: pre-allocating 233,395,666 × 73 float32...
  0% — 200,000/233,395,666 rows
  [Memory   0%] RSS: 3.25 GB
  25% — 58,377,512/233,395,666 rows
  [Memory   25%] RSS: 19.30 GB
  50% — 116,751,428/233,395,666 rows
  [Memory   50%] RSS: 35.39 GB
  75% — 175,127,004/233,395,666 rows
  [Memory   75%] RSS: 51.48 GB
  100% — 233,395,666/233,395,666 rows
  [Memory   100%] RSS: 67.50 GB
  Loaded in 200.6s — 233,049,725 neg, 345,941 pos (ratio 1:673.7)
  Training set: 233,395,666 rows
  [Memory after loading training data] RSS: 67.50 GB

======================================================================
STEP 2: TRAIN LGBM (fixed rounds/trees)
======================================================================

  scale_pos_weight = 673.6690
  sample weights: min=0.500 max=1.000
  Creating lgb.Dataset (233,395,666 samples)...
  [Memory before lgb.train] RSS: 67.50 GB
  Training 2985 rounds...
  Training done in 16381.1s
  [Memory after training] RSS: 2.50 GB
  Model saved: /cluster/home/gikaufmann/master_thesis/data/usa/ml/models/lobo_lgbm_08_Tropical_and_Subtropical_Coniferous_Fore_20260418_115942.pkl

======================================================================
STEP 3: EVALUATE ON HELD-OUT BIOME
======================================================================

Evaluating on held-out biome (test years 2017-2019)...
  Pass 1: counting test rows...
  Found 15,576 test samples
  Pass 2: predicting and writing scored output...

  Test held-out biome: 15,576 neg, 0 pos
  ROC-AUC: nan  PR-AUC: 0.0000
  P@1%: 0.0000  Lift@1%: 0.0x
  Scored output: spatial_cv1_scored_Tropical_and_Subtropical_Coniferous_Fore_20260418_115942.parquet

WARNING: Only 0 positives in held-out biome (minimum recommended: 10). Metrics may be unreliable.

======================================================================
SUMMARY
======================================================================
Biome:     Tropical & Subtropical Coniferous Forests
Test rows: 15,576  (0 pos)
ROC-AUC:   nan
PR-AUC:    0.0000
P@1%:      0.0000  (Lift 0.0x)
P@5%:      0.0000
Time:      16601.3s (276.7 min)
======================================================================

Fold results saved: /cluster/scratch/gikaufmann/outputs/usa/results/spatial_cv/lgbm/fold_08_Tropical_and_Subtropical_Coniferous_Fore_20260418_115942.json
Done.

Log saved to: /cluster/scratch/gikaufmann/outputs/usa/results/spatial_cv/lgbm/fold_08_Tropical_and_Subtropical_Coniferous_Fore_20260418_115942.txt
spatial_CV_1 (lgbm) fold 8 (USA) finished.
