LOBO fold index: 0
drwxr-xr-x 10 gikaufmann gikaufmann-group 4096 Mar 15 16:02 /cluster/home/gikaufmann/master_thesis
PWD = /cluster/home/gikaufmann/master_thesis
Starting LOBO fold 0 (South America)...
Loading biome raster and mapping...
  Loading biome raster: /cluster/home/gikaufmann/master_thesis/data/south_america/ready/GSN/gsn_terrestrial_ecoregions_mask_1km.tif
  Raster shape: (9047, 8975), dtype: int16
  137 ecoregions → 13 biomes
======================================================================
LOBO SPATIAL CV — SOUTH AMERICA  Fold 0/8
======================================================================
Model type:       LGBM
Held-out biome:   Deserts & Xeric Shrublands
Biome int codes:  [48, 76]
N biomes total:   9
Train years:      2001-2016
Test years:       2017-2019
Output dir:       /cluster/scratch/gikaufmann/outputs/south_america/results/spatial_cv/lgbm

Train:     /cluster/scratch/gikaufmann/data/south_america/ml/main/train_win5.parquet
Earlystop: /cluster/scratch/gikaufmann/data/south_america/ml/main/earlystop_win5.parquet
Test:      /cluster/scratch/gikaufmann/data/south_america/ml/main/test_win5.parquet

Loaded LGBM params: /cluster/home/gikaufmann/master_thesis/scripts/regions/south_america/5_training/lgbm_best_params.json
num_boost_round: 2555
  LOBO override: num_boost_round 2555 → 1000 (LOBO_NUM_BOOST_ROUND env var; production value preserved elsewhere)

Features: 73
  [Memory startup] RSS: 2.65 GB
W&B connected

======================================================================
STEP 1: LOAD TRAINING DATA (held-out biome excluded)
======================================================================

Loading train+earlystop [EXCLUDE biome, years 2001-2016]...
  Pass 1: counting rows...
  Found 307,691,050 samples
  Pass 2: pre-allocating 307,691,050 × 73 float32...
  0% — 200,000/307,691,050 rows
  [Memory   0%] RSS: 3.30 GB
  25% — 76,990,465/307,691,050 rows
  [Memory   25%] RSS: 24.47 GB
  50% — 154,043,167/307,691,050 rows
  [Memory   50%] RSS: 45.72 GB
  75% — 230,873,899/307,691,050 rows
  [Memory   75%] RSS: 66.90 GB
  100% — 307,691,050/307,691,050 rows
  [Memory   100%] RSS: 88.06 GB
  Loaded in 203.0s — 300,001,764 neg, 7,689,286 pos (ratio 1:39.0)
  Training set: 307,691,050 rows
  [Memory after loading training data] RSS: 88.06 GB

======================================================================
STEP 2: TRAIN LGBM (fixed rounds/trees)
======================================================================

  scale_pos_weight = 39.0156
  sample weights: min=0.500 max=1.000
  Creating lgb.Dataset (307,691,050 samples)...
  [Memory before lgb.train] RSS: 88.06 GB
  Training 1000 rounds...
  Training done in 4124.0s
  [Memory after training] RSS: 4.30 GB
  Model saved: /cluster/home/gikaufmann/master_thesis/data/south_america/ml/models/lobo_lgbm_00_Deserts_and_Xeric_Shrublands_20260316_184647.pkl

======================================================================
STEP 3: EVALUATE ON HELD-OUT BIOME
======================================================================

Evaluating on held-out biome (test years 2017-2019)...
  Pass 1: counting test rows...
  Found 1,053,035 test samples
  Pass 2: predicting and writing scored output...

  Test held-out biome: 943,357 neg, 109,678 pos
  ROC-AUC: 0.9958  PR-AUC: 0.9768
  P@1%: 0.9977  Lift@1%: 9.6x
  Scored output: spatial_cv1_scored_Deserts_and_Xeric_Shrublands_20260316_184647.parquet

======================================================================
SUMMARY
======================================================================
Biome:     Deserts & Xeric Shrublands
Test rows: 1,053,035  (109,678 pos)
ROC-AUC:   0.9958
PR-AUC:    0.9768
P@1%:      0.9977  (Lift 9.6x)
P@5%:      0.9934
Time:      4344.8s (72.4 min)
======================================================================

Fold results saved: /cluster/scratch/gikaufmann/outputs/south_america/results/spatial_cv/lgbm/fold_00_Deserts_and_Xeric_Shrublands_20260316_184647.json
Done.

Log saved to: /cluster/scratch/gikaufmann/outputs/south_america/results/spatial_cv/lgbm/fold_00_Deserts_and_Xeric_Shrublands_20260316_184647.txt
spatial_CV_1 (lgbm) fold 0 (South America) finished.
