LOBO RF fold index: 10
drwxr-xr-x 10 gikaufmann gikaufmann-group 4096 Mar 18 15:57 /cluster/home/gikaufmann/master_thesis
PWD = /cluster/home/gikaufmann/master_thesis
Starting LOBO RF fold 10 (USA)...
Loading biome raster and mapping...
  Loading biome raster: /cluster/home/gikaufmann/master_thesis/data/usa/ready/GSN/gsn_terrestrial_ecoregions_mask_1km.tif
  Raster shape: (3536, 6437), dtype: uint8
  85 ecoregions → 12 biomes
======================================================================
LOBO SPATIAL CV — USA  Fold 10/11
======================================================================
Model type:       RF
Held-out biome:   Tropical & Subtropical Grasslands, Savannas & Shrublands
Biome int codes:  [82]
N biomes total:   12
Train years:      2001-2016
Test years:       2017-2019
Output dir:       /cluster/scratch/gikaufmann/outputs/usa/results/spatial_cv/rf

Train:     /cluster/scratch/gikaufmann/data/usa/ml/main/train_win5.parquet
Earlystop: /cluster/scratch/gikaufmann/data/usa/ml/main/earlystop_win5.parquet
Test:      /cluster/scratch/gikaufmann/data/usa/ml/main/test_win5.parquet

Loaded RF params: /cluster/home/gikaufmann/master_thesis/scripts/regions/usa/5_training/rf_best_params.json
n_estimators: 300

Features: 73
  [Memory startup] RSS: 2.56 GB
W&B connected

======================================================================
STEP 1: LOAD TRAINING DATA (held-out biome excluded)
======================================================================

Loading train+earlystop [EXCLUDE biome, years 2001-2016, max_neg=30,000,000]...
  Pass 1: counting rows...
  Found 30,344,413 samples
  (344,413 pos, 231,376,324 neg → capping neg at 30,000,000)
  Pass 2: pre-allocating 30,344,413 × 73 float32...
  0% — 13,126/30,344,413 rows
  [Memory   0%] RSS: 3.05 GB
  25% — 7,592,212/30,344,413 rows
  [Memory   25%] RSS: 5.12 GB
  50% — 15,176,990/30,344,413 rows
  [Memory   50%] RSS: 7.18 GB
  75% — 22,761,866/30,344,413 rows
  [Memory   75%] RSS: 9.25 GB
  100% — 30,344,413/30,344,413 rows
  [Memory   100%] RSS: 11.31 GB
  Loaded in 169.8s — 30,000,000 neg, 344,413 pos (ratio 1:87.1)
  Training set: 30,344,413 rows
  [Memory after loading training data] RSS: 11.31 GB

======================================================================
STEP 2: TRAIN RF (fixed rounds/trees)
======================================================================

  Training RandomForestClassifier: 300 trees, n_jobs=32
  class_weight=balanced_subsample, max_depth=None, max_features=sqrt
  Training set: 30,344,413 samples (344,413 pos, 30,000,000 neg)
  NaNs in training data: True
  [Memory before RF fit] RSS: 11.31 GB
  RF training done in 4616.1s
  [Memory after RF fit] RSS: 13.85 GB
  [Memory after training] RSS: 5.60 GB
  Model saved: /cluster/home/gikaufmann/master_thesis/data/usa/ml/models/lobo_rf_10_Tropical_and_Subtropical_Grasslands_Sav_20260323_110049.pkl

======================================================================
STEP 3: EVALUATE ON HELD-OUT BIOME
======================================================================

Evaluating on held-out biome (test years 2017-2019)...
  Pass 1: counting test rows...
  Found 279,543 test samples
  Pass 2: predicting and writing scored output...

  Test held-out biome: 279,543 neg, 0 pos
  ROC-AUC: nan  PR-AUC: 0.0000
  P@1%: 0.0000  Lift@1%: 0.0x
  Scored output: spatial_cv1_scored_Tropical_and_Subtropical_Grasslands_Sav_20260323_110049.parquet

WARNING: Only 0 positives in held-out biome (minimum recommended: 10). Metrics may be unreliable.

======================================================================
SUMMARY
======================================================================
Biome:     Tropical & Subtropical Grasslands, Savannas & Shrublands
Test rows: 279,543  (0 pos)
ROC-AUC:   nan
PR-AUC:    0.0000
P@1%:      0.0000  (Lift 0.0x)
P@5%:      0.0000
Time:      4806.0s (80.1 min)
======================================================================

Fold results saved: /cluster/scratch/gikaufmann/outputs/usa/results/spatial_cv/rf/fold_10_Tropical_and_Subtropical_Grasslands_Sav_20260323_110049.json
Done.

Log saved to: /cluster/scratch/gikaufmann/outputs/usa/results/spatial_cv/rf/fold_10_Tropical_and_Subtropical_Grasslands_Sav_20260323_110049.txt
spatial_CV_1 (rf) fold 10 (USA) finished.
