LOBO fold index: 3
drwxr-xr-x 10 gikaufmann gikaufmann-group 4096 Apr  1 13:22 /cluster/home/gikaufmann/master_thesis
PWD = /cluster/home/gikaufmann/master_thesis
Starting LOBO fold 3 (South East Asia)...
Loading biome raster and mapping...
  Loading biome raster: /cluster/home/gikaufmann/master_thesis/data/se_asia/ready/GSN/gsn_terrestrial_ecoregions_mask_1km.tif
  Raster shape: (4553, 5439), dtype: uint8
  109 ecoregions → 9 biomes
======================================================================
LOBO SPATIAL CV — SE ASIA  Fold 3/8
======================================================================
Model type:       LGBM
Held-out biome:   Temperate Broadleaf & Mixed Forests
Biome int codes:  [13, 19, 62, 75]
N biomes total:   9
Train years:      2001-2016
Test years:       2017-2019
Output dir:       /cluster/scratch/gikaufmann/outputs/se_asia/results/spatial_cv/lgbm

Train:     /cluster/scratch/gikaufmann/data/se_asia/ml/main/train_win5.parquet
Earlystop: /cluster/scratch/gikaufmann/data/se_asia/ml/main/earlystop_win5.parquet
Test:      /cluster/scratch/gikaufmann/data/se_asia/ml/main/test_win5.parquet

Loaded LGBM params: /cluster/home/gikaufmann/master_thesis/scripts/regions/se_asia/5_training/lgbm_best_params.json
num_boost_round: 2999

Features: 73
  [Memory startup] RSS: 2.63 GB
W&B connected

======================================================================
STEP 1: LOAD TRAINING DATA (held-out biome excluded)
======================================================================

Loading train+earlystop [EXCLUDE biome, years 2001-2016]...
  Pass 1: counting rows...
  Found 80,925,412 samples
  Pass 2: pre-allocating 80,925,412 × 73 float32...
  0% — 200,000/80,925,412 rows
  [Memory   0%] RSS: 3.29 GB
  25% — 20,337,706/80,925,412 rows
  [Memory   25%] RSS: 8.77 GB
  50% — 40,481,483/80,925,412 rows
  [Memory   50%] RSS: 14.25 GB
  75% — 60,839,981/80,925,412 rows
  [Memory   75%] RSS: 19.78 GB
  100% — 80,925,412/80,925,412 rows
  [Memory   100%] RSS: 25.25 GB
  Loaded in 65.7s — 79,826,198 neg, 1,099,214 pos (ratio 1:72.6)
  Training set: 80,925,412 rows
  [Memory after loading training data] RSS: 25.25 GB

======================================================================
STEP 2: TRAIN LGBM (fixed rounds/trees)
======================================================================

  scale_pos_weight = 72.6212
  sample weights: min=0.500 max=1.000
  Creating lgb.Dataset (80,925,412 samples)...
  [Memory before lgb.train] RSS: 25.26 GB
  Training 2999 rounds...
  Training done in 4284.1s
  [Memory after training] RSS: 4.27 GB
  Model saved: /cluster/home/gikaufmann/master_thesis/data/se_asia/ml/models/lobo_lgbm_03_Temperate_Broadleaf_and_Mixed_Forests_20260401_172725.pkl

======================================================================
STEP 3: EVALUATE ON HELD-OUT BIOME
======================================================================

Evaluating on held-out biome (test years 2017-2019)...
  Pass 1: counting test rows...
  Found 24,861 test samples
  Pass 2: predicting and writing scored output...

  Test held-out biome: 24,861 neg, 0 pos
  ROC-AUC: nan  PR-AUC: 0.0000
  P@1%: 0.0000  Lift@1%: 0.0x
  Scored output: spatial_cv1_scored_Temperate_Broadleaf_and_Mixed_Forests_20260401_172725.parquet

WARNING: Only 0 positives in held-out biome (minimum recommended: 10). Metrics may be unreliable.

======================================================================
SUMMARY
======================================================================
Biome:     Temperate Broadleaf & Mixed Forests
Test rows: 24,861  (0 pos)
ROC-AUC:   nan
PR-AUC:    0.0000
P@1%:      0.0000  (Lift 0.0x)
P@5%:      0.0000
Time:      4357.5s (72.6 min)
======================================================================

Fold results saved: /cluster/scratch/gikaufmann/outputs/se_asia/results/spatial_cv/lgbm/fold_03_Temperate_Broadleaf_and_Mixed_Forests_20260401_172725.json
Done.

Log saved to: /cluster/scratch/gikaufmann/outputs/se_asia/results/spatial_cv/lgbm/fold_03_Temperate_Broadleaf_and_Mixed_Forests_20260401_172725.txt
spatial_CV_1 (lgbm) fold 3 (South East Asia) finished.
