LOBO fold index: 3
drwxr-xr-x 10 gikaufmann gikaufmann-group 4096 Mar 18 15:57 /cluster/home/gikaufmann/master_thesis
PWD = /cluster/home/gikaufmann/master_thesis
Starting LOBO fold 3 (USA)...
Loading biome raster and mapping...
  Loading biome raster: /cluster/home/gikaufmann/master_thesis/data/usa/ready/GSN/gsn_terrestrial_ecoregions_mask_1km.tif
  Raster shape: (3536, 6437), dtype: uint8
  85 ecoregions → 12 biomes
======================================================================
LOBO SPATIAL CV — USA  Fold 3/11
======================================================================
Model type:       LGBM
Held-out biome:   Mangroves
Biome int codes:  [8, 52]
N biomes total:   12
Train years:      2001-2016
Test years:       2017-2019
Output dir:       /cluster/scratch/gikaufmann/outputs/usa/results/spatial_cv/lgbm

Train:     /cluster/scratch/gikaufmann/data/usa/ml/main/train_win5.parquet
Earlystop: /cluster/scratch/gikaufmann/data/usa/ml/main/earlystop_win5.parquet
Test:      /cluster/scratch/gikaufmann/data/usa/ml/main/test_win5.parquet

Loaded LGBM params: /cluster/home/gikaufmann/master_thesis/scripts/regions/usa/5_training/lgbm_best_params.json
num_boost_round: 2985

Features: 73
  [Memory startup] RSS: 1.97 GB
W&B connected

======================================================================
STEP 1: LOAD TRAINING DATA (held-out biome excluded)
======================================================================

Loading train+earlystop [EXCLUDE biome, years 2001-2016]...
  Pass 1: counting rows...
  Found 233,471,144 samples
  Pass 2: pre-allocating 233,471,144 × 73 float32...
  0% — 200,000/233,471,144 rows
  [Memory   0%] RSS: 2.63 GB
  25% — 58,395,032/233,471,144 rows
  [Memory   25%] RSS: 18.67 GB
  50% — 116,788,822/233,471,144 rows
  [Memory   50%] RSS: 34.77 GB
  75% — 175,182,612/233,471,144 rows
  [Memory   75%] RSS: 50.86 GB
  100% — 233,471,144/233,471,144 rows
  [Memory   100%] RSS: 66.93 GB
  Loaded in 209.5s — 233,125,046 neg, 346,098 pos (ratio 1:673.6)
  Training set: 233,471,144 rows
  [Memory after loading training data] RSS: 66.93 GB

======================================================================
STEP 2: TRAIN LGBM (fixed rounds/trees)
======================================================================

  scale_pos_weight = 673.5810
  sample weights: min=0.500 max=1.000
  Creating lgb.Dataset (233,471,144 samples)...
  [Memory before lgb.train] RSS: 66.93 GB
  Training 2985 rounds...
  Training done in 10508.1s
  [Memory after training] RSS: 1.99 GB
  Model saved: /cluster/home/gikaufmann/master_thesis/data/usa/ml/models/lobo_lgbm_03_Mangroves_20260321_133709.pkl

======================================================================
STEP 3: EVALUATE ON HELD-OUT BIOME
======================================================================

Evaluating on held-out biome (test years 2017-2019)...
  Pass 1: counting test rows...
  Found 3,726 test samples
  Pass 2: predicting and writing scored output...

  Test held-out biome: 3,726 neg, 0 pos
  ROC-AUC: nan  PR-AUC: 0.0000
  P@1%: 0.0000  Lift@1%: 0.0x
  Scored output: spatial_cv1_scored_Mangroves_20260321_133709.parquet

WARNING: Only 0 positives in held-out biome (minimum recommended: 10). Metrics may be unreliable.

======================================================================
SUMMARY
======================================================================
Biome:     Mangroves
Test rows: 3,726  (0 pos)
ROC-AUC:   nan
PR-AUC:    0.0000
P@1%:      0.0000  (Lift 0.0x)
P@5%:      0.0000
Time:      10733.8s (178.9 min)
======================================================================

Fold results saved: /cluster/scratch/gikaufmann/outputs/usa/results/spatial_cv/lgbm/fold_03_Mangroves_20260321_133709.json
Done.

Log saved to: /cluster/scratch/gikaufmann/outputs/usa/results/spatial_cv/lgbm/fold_03_Mangroves_20260321_133709.txt
spatial_CV_1 (lgbm) fold 3 (USA) finished.
