LOBO fold index: 4
drwxr-xr-x 12 gikaufmann gikaufmann-group 4096 Apr 15 00:17 /cluster/home/gikaufmann/master_thesis
PWD = /cluster/home/gikaufmann/master_thesis
Starting LOBO fold 4 (South East Asia)...
Loading biome raster and mapping...
  Loading biome raster: /cluster/home/gikaufmann/master_thesis/data/se_asia/ready/GSN/gsn_terrestrial_ecoregions_mask_1km.tif
  Raster shape: (4553, 5439), dtype: uint8
  109 ecoregions → 9 biomes
======================================================================
LOBO SPATIAL CV — SE ASIA  Fold 4/8
======================================================================
Model type:       LGBM
Held-out biome:   Temperate Conifer Forests
Biome int codes:  [20, 27, 53, 64, 71]
N biomes total:   9
Train years:      2001-2016
Test years:       2017-2019
Output dir:       /cluster/scratch/gikaufmann/outputs/se_asia/results/spatial_cv/lgbm

Train:     /cluster/scratch/gikaufmann/data/se_asia/ml/main/train_win5.parquet
Earlystop: /cluster/scratch/gikaufmann/data/se_asia/ml/main/earlystop_win5.parquet
Test:      /cluster/scratch/gikaufmann/data/se_asia/ml/main/test_win5.parquet

Loaded LGBM params: /cluster/home/gikaufmann/master_thesis/scripts/regions/se_asia/5_training/lgbm_best_params.json
num_boost_round: 2999

Features: 73
  [Memory startup] RSS: 2.64 GB
W&B connected

======================================================================
STEP 1: LOAD TRAINING DATA (held-out biome excluded)
======================================================================

Loading train+earlystop [EXCLUDE biome, years 2001-2016]...
  Pass 1: counting rows...
  Found 81,009,546 samples
  Pass 2: pre-allocating 81,009,546 × 73 float32...
  0% — 200,000/81,009,546 rows
  [Memory   0%] RSS: 3.29 GB
  25% — 20,370,739/81,009,546 rows
  [Memory   25%] RSS: 8.77 GB
  50% — 40,542,249/81,009,546 rows
  [Memory   50%] RSS: 14.26 GB
  75% — 60,913,759/81,009,546 rows
  [Memory   75%] RSS: 19.80 GB
  100% — 81,009,546/81,009,546 rows
  [Memory   100%] RSS: 25.26 GB
  Loaded in 84.1s — 79,897,489 neg, 1,112,057 pos (ratio 1:71.8)
  Training set: 81,009,546 rows
  [Memory after loading training data] RSS: 25.26 GB

======================================================================
STEP 2: TRAIN LGBM (fixed rounds/trees)
======================================================================

  scale_pos_weight = 71.8466
  sample weights: min=0.500 max=1.000
  Creating lgb.Dataset (81,009,546 samples)...
  [Memory before lgb.train] RSS: 25.28 GB
  Training 2999 rounds...
  Training done in 8045.4s
  [Memory after training] RSS: 2.56 GB
  Model saved: /cluster/home/gikaufmann/master_thesis/data/se_asia/ml/models/lobo_lgbm_04_Temperate_Conifer_Forests_20260417_071318.pkl

======================================================================
STEP 3: EVALUATE ON HELD-OUT BIOME
======================================================================

Evaluating on held-out biome (test years 2017-2019)...
  Pass 1: counting test rows...
  Found 17,094 test samples
  Pass 2: predicting and writing scored output...

  Test held-out biome: 12,810 neg, 4,284 pos
  ROC-AUC: 0.8256  PR-AUC: 0.6281
  P@1%: 0.9412  Lift@1%: 3.8x
  Scored output: spatial_cv1_scored_Temperate_Conifer_Forests_20260417_071318.parquet

======================================================================
SUMMARY
======================================================================
Biome:     Temperate Conifer Forests
Test rows: 17,094  (4,284 pos)
ROC-AUC:   0.8256
PR-AUC:    0.6281
P@1%:      0.9412  (Lift 3.8x)
P@5%:      0.8970
Time:      8139.7s (135.7 min)
======================================================================

Fold results saved: /cluster/scratch/gikaufmann/outputs/se_asia/results/spatial_cv/lgbm/fold_04_Temperate_Conifer_Forests_20260417_071318.json
Done.

Log saved to: /cluster/scratch/gikaufmann/outputs/se_asia/results/spatial_cv/lgbm/fold_04_Temperate_Conifer_Forests_20260417_071318.txt
spatial_CV_1 (lgbm) fold 4 (South East Asia) finished.
