LOBO fold index: 0
drwxr-xr-x 12 gikaufmann gikaufmann-group 4096 Apr 15 00:17 /cluster/home/gikaufmann/master_thesis
PWD = /cluster/home/gikaufmann/master_thesis
Starting LOBO fold 0 (South America)...
Loading biome raster and mapping...
  Loading biome raster: /cluster/home/gikaufmann/master_thesis/data/south_america/ready/GSN/gsn_terrestrial_ecoregions_mask_1km.tif
  Raster shape: (9172, 8974), dtype: uint8
  137 ecoregions → 13 biomes
======================================================================
LOBO SPATIAL CV — SOUTH AMERICA  Fold 0/12
======================================================================
Model type:       LGBM
Held-out biome:   Deserts & Xeric Shrublands
Biome int codes:  [5, 6, 19, 48, 49, 66, 76, 95, 111, 122]
N biomes total:   13
Train years:      2001-2016
Test years:       2017-2019
Output dir:       /cluster/scratch/gikaufmann/outputs/south_america/results/spatial_cv/lgbm

Train:     /cluster/scratch/gikaufmann/data/south_america/ml/main/train_win5.parquet
Earlystop: /cluster/scratch/gikaufmann/data/south_america/ml/main/earlystop_win5.parquet
Test:      /cluster/scratch/gikaufmann/data/south_america/ml/main/test_win5.parquet

Loaded LGBM params: /cluster/home/gikaufmann/master_thesis/scripts/regions/south_america/5_training/lgbm_best_params.json
num_boost_round: 2555

Features: 73
  [Memory startup] RSS: 2.85 GB
W&B connected

======================================================================
STEP 1: LOAD TRAINING DATA (held-out biome excluded)
======================================================================

Loading train+earlystop [EXCLUDE biome, years 2001-2016]...
  Pass 1: counting rows...
  Found 306,959,038 samples
  Pass 2: pre-allocating 306,959,038 × 73 float32...
  0% — 200,000/306,959,038 rows
  [Memory   0%] RSS: 3.49 GB
  25% — 76,863,376/306,959,038 rows
  [Memory   25%] RSS: 24.63 GB
  50% — 153,625,402/306,959,038 rows
  [Memory   50%] RSS: 45.79 GB
  75% — 230,280,898/306,959,038 rows
  [Memory   75%] RSS: 66.92 GB
  100% — 306,959,038/306,959,038 rows
  [Memory   100%] RSS: 88.06 GB
  Loaded in 233.5s — 298,813,134 neg, 8,145,904 pos (ratio 1:36.7)
  Training set: 306,959,038 rows
  [Memory after loading training data] RSS: 88.07 GB

======================================================================
STEP 2: TRAIN LGBM (fixed rounds/trees)
======================================================================

  scale_pos_weight = 36.6826
  sample weights: min=0.500 max=1.000
  Creating lgb.Dataset (306,959,038 samples)...
  [Memory before lgb.train] RSS: 88.07 GB
  Training 2555 rounds...
  Training done in 4753.2s
  [Memory after training] RSS: 4.47 GB
  Model saved: /cluster/home/gikaufmann/master_thesis/data/south_america/ml/models/lobo_lgbm_00_Deserts_and_Xeric_Shrublands_20260415_003250.pkl

======================================================================
STEP 3: EVALUATE ON HELD-OUT BIOME
======================================================================

Evaluating on held-out biome (test years 2017-2019)...
  Pass 1: counting test rows...
  Found 1,197,205 test samples
  Pass 2: predicting and writing scored output...

  Test held-out biome: 1,195,563 neg, 1,642 pos
  ROC-AUC: 0.9052  PR-AUC: 0.0131
  P@1%: 0.0169  Lift@1%: 12.3x
  Scored output: spatial_cv1_scored_Deserts_and_Xeric_Shrublands_20260415_003250.parquet

======================================================================
SUMMARY
======================================================================
Biome:     Deserts & Xeric Shrublands
Test rows: 1,197,205  (1,642 pos)
ROC-AUC:   0.9052
PR-AUC:    0.0131
P@1%:      0.0169  (Lift 12.3x)
P@5%:      0.0141
Time:      5010.2s (83.5 min)
======================================================================

Fold results saved: /cluster/scratch/gikaufmann/outputs/south_america/results/spatial_cv/lgbm/fold_00_Deserts_and_Xeric_Shrublands_20260415_003250.json
Done.

Log saved to: /cluster/scratch/gikaufmann/outputs/south_america/results/spatial_cv/lgbm/fold_00_Deserts_and_Xeric_Shrublands_20260415_003250.txt
spatial_CV_1 (lgbm) fold 0 (South America) finished.
