LOBO fold index: 3
drwxr-xr-x 12 gikaufmann gikaufmann-group 4096 Apr 15 00:17 /cluster/home/gikaufmann/master_thesis
PWD = /cluster/home/gikaufmann/master_thesis
Starting LOBO fold 3 (South America)...
Loading biome raster and mapping...
  Loading biome raster: /cluster/home/gikaufmann/master_thesis/data/south_america/ready/GSN/gsn_terrestrial_ecoregions_mask_1km.tif
  Raster shape: (9172, 8974), dtype: uint8
  137 ecoregions → 13 biomes
======================================================================
LOBO SPATIAL CV — SOUTH AMERICA  Fold 3/12
======================================================================
Model type:       LGBM
Held-out biome:   Mediterranean Forests, Woodlands & Scrub
Biome int codes:  [32]
N biomes total:   13
Train years:      2001-2016
Test years:       2017-2019
Output dir:       /cluster/scratch/gikaufmann/outputs/south_america/results/spatial_cv/lgbm

Train:     /cluster/scratch/gikaufmann/data/south_america/ml/main/train_win5.parquet
Earlystop: /cluster/scratch/gikaufmann/data/south_america/ml/main/earlystop_win5.parquet
Test:      /cluster/scratch/gikaufmann/data/south_america/ml/main/test_win5.parquet

Loaded LGBM params: /cluster/home/gikaufmann/master_thesis/scripts/regions/south_america/5_training/lgbm_best_params.json
num_boost_round: 2555

Features: 73
  [Memory startup] RSS: 2.85 GB
W&B connected

======================================================================
STEP 1: LOAD TRAINING DATA (held-out biome excluded)
======================================================================

Loading train+earlystop [EXCLUDE biome, years 2001-2016]...
  Pass 1: counting rows...
  Found 310,786,024 samples
  Pass 2: pre-allocating 310,786,024 × 73 float32...
  0% — 200,000/310,786,024 rows
  [Memory   0%] RSS: 3.50 GB
  25% — 77,799,624/310,786,024 rows
  [Memory   25%] RSS: 24.89 GB
  50% — 155,399,381/310,786,024 rows
  [Memory   50%] RSS: 46.28 GB
  75% — 233,199,902/310,786,024 rows
  [Memory   75%] RSS: 67.73 GB
  100% — 310,786,024/310,786,024 rows
  [Memory   100%] RSS: 89.11 GB
  Loaded in 177.0s — 302,619,610 neg, 8,166,414 pos (ratio 1:37.1)
  Training set: 310,786,024 rows
  [Memory after loading training data] RSS: 89.13 GB

======================================================================
STEP 2: TRAIN LGBM (fixed rounds/trees)
======================================================================

  scale_pos_weight = 37.0566
  sample weights: min=0.500 max=1.000
  Creating lgb.Dataset (310,786,024 samples)...
  [Memory before lgb.train] RSS: 89.13 GB
  Training 2555 rounds...
  Training done in 5616.1s
  [Memory after training] RSS: 4.18 GB
  Model saved: /cluster/home/gikaufmann/master_thesis/data/south_america/ml/models/lobo_lgbm_03_Mediterranean_Forests_Woodlands_and_Scr_20260415_100801.pkl

======================================================================
STEP 3: EVALUATE ON HELD-OUT BIOME
======================================================================

Evaluating on held-out biome (test years 2017-2019)...
  Pass 1: counting test rows...
  Found 598,143 test samples
  Pass 2: predicting and writing scored output...

  Test held-out biome: 595,762 neg, 2,381 pos
  ROC-AUC: 0.5434  PR-AUC: 0.0823
  P@1%: 0.0473  Lift@1%: 11.9x
  Scored output: spatial_cv1_scored_Mediterranean_Forests_Woodlands_and_Scr_20260415_100801.parquet

======================================================================
SUMMARY
======================================================================
Biome:     Mediterranean Forests, Woodlands & Scrub
Test rows: 598,143  (2,381 pos)
ROC-AUC:   0.5434
PR-AUC:    0.0823
P@1%:      0.0473  (Lift 11.9x)
P@5%:      0.0127
Time:      5820.4s (97.0 min)
======================================================================

Fold results saved: /cluster/scratch/gikaufmann/outputs/south_america/results/spatial_cv/lgbm/fold_03_Mediterranean_Forests_Woodlands_and_Scr_20260415_100801.json
Done.

Log saved to: /cluster/scratch/gikaufmann/outputs/south_america/results/spatial_cv/lgbm/fold_03_Mediterranean_Forests_Woodlands_and_Scr_20260415_100801.txt
spatial_CV_1 (lgbm) fold 3 (South America) finished.
