LOBO RF fold index: 6
drwxr-xr-x 10 gikaufmann gikaufmann-group 4096 Mar 17 11:17 /cluster/home/gikaufmann/master_thesis
PWD = /cluster/home/gikaufmann/master_thesis
Starting LOBO RF fold 6 (USA)...
Loading biome raster and mapping...
  Loading biome raster: /cluster/home/gikaufmann/master_thesis/data/usa/ready/GSN/gsn_terrestrial_ecoregions_mask_1km.tif
  Raster shape: (3536, 6437), dtype: uint8
  85 ecoregions → 12 biomes
======================================================================
LOBO SPATIAL CV — USA  Fold 6/11
======================================================================
Model type:       RF
Held-out biome:   Temperate Conifer Forests
Biome int codes:  [5, 6, 10, 11, 18, 21, 25, 30, 35, 40, 49, 51, 53, 56, 60, 61, 66, 71, 80]
N biomes total:   12
Train years:      2001-2016
Test years:       2017-2019
Output dir:       /cluster/scratch/gikaufmann/outputs/usa/results/spatial_cv/rf

Train:     /cluster/scratch/gikaufmann/data/usa/ml/main/train_win5.parquet
Earlystop: /cluster/scratch/gikaufmann/data/usa/ml/main/earlystop_win5.parquet
Test:      /cluster/scratch/gikaufmann/data/usa/ml/main/test_win5.parquet

Loaded RF params: /cluster/home/gikaufmann/master_thesis/scripts/regions/usa/5_training/rf_best_params.json
n_estimators: 300
  LOBO override: n_estimators 300 → 100 (LOBO_N_ESTIMATORS env var; production value preserved elsewhere)

Features: 73
  [Memory startup] RSS: 2.56 GB
W&B connected

======================================================================
STEP 1: LOAD TRAINING DATA (held-out biome excluded)
======================================================================

Loading train+earlystop [EXCLUDE biome, years 2001-2016, max_neg=50,000,000]...
  Pass 1: counting rows...
  Found 50,265,248 samples
  (265,248 pos, 200,737,970 neg → capping neg at 50,000,000)
  Pass 2: pre-allocating 50,265,248 × 73 float32...
  0% — 24,932/50,265,248 rows
  [Memory   0%] RSS: 3.42 GB
  25% — 12,568,478/50,265,248 rows
  [Memory   25%] RSS: 6.84 GB
  50% — 25,135,948/50,265,248 rows
  [Memory   50%] RSS: 10.25 GB
  75% — 37,699,100/50,265,248 rows
  [Memory   75%] RSS: 13.67 GB
  100% — 50,265,248/50,265,248 rows
  [Memory   100%] RSS: 17.09 GB
  Loaded in 242.6s — 50,000,000 neg, 265,248 pos (ratio 1:188.5)
  Training set: 50,265,248 rows
  [Memory after loading training data] RSS: 16.71 GB

======================================================================
STEP 2: TRAIN RF (fixed rounds/trees)
======================================================================

  Training RandomForestClassifier: 100 trees, n_jobs=32
  class_weight=balanced_subsample, max_depth=None, max_features=sqrt
  Training set: 50,265,248 samples (265,248 pos, 50,000,000 neg)
  NaNs in training data: True
  [Memory before RF fit] RSS: 16.71 GB
  RF training done in 3691.8s
  [Memory after RF fit] RSS: 17.50 GB
  [Memory after training] RSS: 3.83 GB
  Model saved: /cluster/home/gikaufmann/master_thesis/data/usa/ml/models/lobo_rf_06_Temperate_Conifer_Forests_20260317_172944.pkl

======================================================================
STEP 3: EVALUATE ON HELD-OUT BIOME
======================================================================

Evaluating on held-out biome (test years 2017-2019)...
  Pass 1: counting test rows...
  Found 5,103,496 test samples
  Pass 2: predicting and writing scored output...

  Test held-out biome: 5,102,759 neg, 737 pos
  ROC-AUC: 0.5318  PR-AUC: 0.0017
  P@1%: 0.0006  Lift@1%: 4.3x
  Scored output: spatial_cv1_scored_Temperate_Conifer_Forests_20260317_172944.parquet

======================================================================
SUMMARY
======================================================================
Biome:     Temperate Conifer Forests
Test rows: 5,103,496  (737 pos)
ROC-AUC:   0.5318
PR-AUC:    0.0017
P@1%:      0.0006  (Lift 4.3x)
P@5%:      0.0003
Time:      3977.9s (66.3 min)
======================================================================

Fold results saved: /cluster/scratch/gikaufmann/outputs/usa/results/spatial_cv/rf/fold_06_Temperate_Conifer_Forests_20260317_172944.json
Done.

Log saved to: /cluster/scratch/gikaufmann/outputs/usa/results/spatial_cv/rf/fold_06_Temperate_Conifer_Forests_20260317_172944.txt
spatial_CV_1 (rf) fold 6 (USA) finished.
