LOBO RF fold index: 9
drwxr-xr-x 12 gikaufmann gikaufmann-group 4096 Apr 15 00:17 /cluster/home/gikaufmann/master_thesis
PWD = /cluster/home/gikaufmann/master_thesis
Starting LOBO RF fold 9 (South America)...
Loading biome raster and mapping...
  Loading biome raster: /cluster/home/gikaufmann/master_thesis/data/south_america/ready/GSN/gsn_terrestrial_ecoregions_mask_1km.tif
  Raster shape: (9172, 8974), dtype: uint8
  137 ecoregions → 13 biomes
======================================================================
LOBO SPATIAL CV — SOUTH AMERICA  Fold 9/12
======================================================================
Model type:       RF
Held-out biome:   Tropical & Subtropical Dry Broadleaf Forests
Biome int codes:  [3, 13, 14, 15, 21, 25, 33, 45, 67, 68, 72, 77, 79, 92, 98, 113, 127, 129]
N biomes total:   13
Train years:      2001-2016
Test years:       2017-2019
Output dir:       /cluster/scratch/gikaufmann/outputs/south_america/results/spatial_cv/rf

Train:     /cluster/scratch/gikaufmann/data/south_america/ml/main/train_win5.parquet
Earlystop: /cluster/scratch/gikaufmann/data/south_america/ml/main/earlystop_win5.parquet
Test:      /cluster/scratch/gikaufmann/data/south_america/ml/main/test_win5.parquet

Loaded RF params: /cluster/home/gikaufmann/master_thesis/scripts/regions/south_america/5_training/rf_best_params.json
n_estimators: 300

Features: 73
  [Memory startup] RSS: 2.66 GB
W&B connected

======================================================================
STEP 1: LOAD TRAINING DATA (held-out biome excluded)
======================================================================

Loading train+earlystop [EXCLUDE biome, years 2001-2016, max_neg=30,000,000]...
  Pass 1: counting rows...
  Found 37,889,810 samples
  (7,889,810 pos, 280,023,230 neg → capping neg at 30,000,000)
  Pass 2: pre-allocating 37,889,810 × 73 float32...
  0% — 19,216/37,889,810 rows
  [Memory   0%] RSS: 3.16 GB
  25% — 9,473,918/37,889,810 rows
  [Memory   25%] RSS: 5.74 GB
  50% — 18,945,309/37,889,810 rows
  [Memory   50%] RSS: 8.32 GB
  75% — 28,424,839/37,889,810 rows
  [Memory   75%] RSS: 10.89 GB
  100% — 37,889,810/37,889,810 rows
  [Memory   100%] RSS: 13.47 GB
  Loaded in 289.2s — 30,000,000 neg, 7,889,810 pos (ratio 1:3.8)
  Training set: 37,889,810 rows
  [Memory after loading training data] RSS: 13.47 GB

======================================================================
STEP 2: TRAIN RF (fixed rounds/trees)
======================================================================

  Training RandomForestClassifier: 300 trees, n_jobs=32
  class_weight=balanced_subsample, max_depth=30, max_features=sqrt
  Training set: 37,889,810 samples (7,889,810 pos, 30,000,000 neg)
  NaNs in training data: True
  [Memory before RF fit] RSS: 13.47 GB
  RF training done in 6766.1s
  [Memory after RF fit] RSS: 14.94 GB
  [Memory after training] RSS: 4.64 GB
  Model saved: /cluster/home/gikaufmann/master_thesis/data/south_america/ml/models/lobo_rf_09_Tropical_and_Subtropical_Dry_Broadleaf_F_20260416_181001.pkl

======================================================================
STEP 3: EVALUATE ON HELD-OUT BIOME
======================================================================

Evaluating on held-out biome (test years 2017-2019)...
  Pass 1: counting test rows...
  Found 4,147,799 test samples
  Pass 2: predicting and writing scored output...

  Test held-out biome: 4,126,851 neg, 20,948 pos
  ROC-AUC: 0.8347  PR-AUC: 0.1143
  P@1%: 0.1152  Lift@1%: 22.8x
  Scored output: spatial_cv1_scored_Tropical_and_Subtropical_Dry_Broadleaf_F_20260416_181001.parquet

======================================================================
SUMMARY
======================================================================
Biome:     Tropical & Subtropical Dry Broadleaf Forests
Test rows: 4,147,799  (20,948 pos)
ROC-AUC:   0.8347
PR-AUC:    0.1143
P@1%:      0.1152  (Lift 22.8x)
P@5%:      0.0383
Time:      7117.4s (118.6 min)
======================================================================

Fold results saved: /cluster/scratch/gikaufmann/outputs/south_america/results/spatial_cv/rf/fold_09_Tropical_and_Subtropical_Dry_Broadleaf_F_20260416_181001.json
Done.

Log saved to: /cluster/scratch/gikaufmann/outputs/south_america/results/spatial_cv/rf/fold_09_Tropical_and_Subtropical_Dry_Broadleaf_F_20260416_181001.txt
spatial_CV_1 (rf) fold 9 (South America) finished.
