LOBO fold index: 5
drwxr-xr-x 10 gikaufmann gikaufmann-group 4096 Apr  1 13:22 /cluster/home/gikaufmann/master_thesis
PWD = /cluster/home/gikaufmann/master_thesis
Starting LOBO fold 5 (South East Asia)...
Loading biome raster and mapping...
  Loading biome raster: /cluster/home/gikaufmann/master_thesis/data/se_asia/ready/GSN/gsn_terrestrial_ecoregions_mask_1km.tif
  Raster shape: (4553, 5439), dtype: uint8
  109 ecoregions → 9 biomes
======================================================================
LOBO SPATIAL CV — SE ASIA  Fold 5/8
======================================================================
Model type:       LGBM
Held-out biome:   Tropical & Subtropical Coniferous Forests
Biome int codes:  [40, 54, 93]
N biomes total:   9
Train years:      2001-2016
Test years:       2017-2019
Output dir:       /cluster/scratch/gikaufmann/outputs/se_asia/results/spatial_cv/lgbm

Train:     /cluster/scratch/gikaufmann/data/se_asia/ml/main/train_win5.parquet
Earlystop: /cluster/scratch/gikaufmann/data/se_asia/ml/main/earlystop_win5.parquet
Test:      /cluster/scratch/gikaufmann/data/se_asia/ml/main/test_win5.parquet

Loaded LGBM params: /cluster/home/gikaufmann/master_thesis/scripts/regions/se_asia/5_training/lgbm_best_params.json
num_boost_round: 2999

Features: 73
  [Memory startup] RSS: 2.64 GB
W&B connected

======================================================================
STEP 1: LOAD TRAINING DATA (held-out biome excluded)
======================================================================

Loading train+earlystop [EXCLUDE biome, years 2001-2016]...
  Pass 1: counting rows...
  Found 80,958,669 samples
  Pass 2: pre-allocating 80,958,669 × 73 float32...
  0% — 200,000/80,958,669 rows
  [Memory   0%] RSS: 3.30 GB
  25% — 20,357,500/80,958,669 rows
  [Memory   25%] RSS: 8.78 GB
  50% — 40,515,742/80,958,669 rows
  [Memory   50%] RSS: 14.27 GB
  75% — 60,873,818/80,958,669 rows
  [Memory   75%] RSS: 19.80 GB
  100% — 80,958,669/80,958,669 rows
  [Memory   100%] RSS: 25.26 GB
  Loaded in 76.9s — 79,840,965 neg, 1,117,704 pos (ratio 1:71.4)
  Training set: 80,958,669 rows
  [Memory after loading training data] RSS: 25.26 GB

======================================================================
STEP 2: TRAIN LGBM (fixed rounds/trees)
======================================================================

  scale_pos_weight = 71.4330
  sample weights: min=0.500 max=1.000
  Creating lgb.Dataset (80,958,669 samples)...
  [Memory before lgb.train] RSS: 25.28 GB
  Training 2999 rounds...
  Training done in 5392.9s
  [Memory after training] RSS: 4.19 GB
  Model saved: /cluster/home/gikaufmann/master_thesis/data/se_asia/ml/models/lobo_lgbm_05_Tropical_and_Subtropical_Coniferous_Fore_20260401_203218.pkl

======================================================================
STEP 3: EVALUATE ON HELD-OUT BIOME
======================================================================

Evaluating on held-out biome (test years 2017-2019)...
  Pass 1: counting test rows...
  Found 25,137 test samples
  Pass 2: predicting and writing scored output...

  Test held-out biome: 25,116 neg, 21 pos
  ROC-AUC: 0.9911  PR-AUC: 0.6033
  P@1%: 0.0598  Lift@1%: 71.5x
  Scored output: spatial_cv1_scored_Tropical_and_Subtropical_Coniferous_Fore_20260401_203218.parquet

======================================================================
SUMMARY
======================================================================
Biome:     Tropical & Subtropical Coniferous Forests
Test rows: 25,137  (21 pos)
ROC-AUC:   0.9911
PR-AUC:    0.6033
P@1%:      0.0598  (Lift 71.5x)
P@5%:      0.0159
Time:      5479.0s (91.3 min)
======================================================================

Fold results saved: /cluster/scratch/gikaufmann/outputs/se_asia/results/spatial_cv/lgbm/fold_05_Tropical_and_Subtropical_Coniferous_Fore_20260401_203218.json
Done.

Log saved to: /cluster/scratch/gikaufmann/outputs/se_asia/results/spatial_cv/lgbm/fold_05_Tropical_and_Subtropical_Coniferous_Fore_20260401_203218.txt
spatial_CV_1 (lgbm) fold 5 (South East Asia) finished.
