LOBO RF fold index: 1
drwxr-xr-x 10 gikaufmann gikaufmann-group 4096 Mar 15 16:02 /cluster/home/gikaufmann/master_thesis
PWD = /cluster/home/gikaufmann/master_thesis
Starting LOBO RF fold 1 (South America)...
Loading biome raster and mapping...
  Loading biome raster: /cluster/home/gikaufmann/master_thesis/data/south_america/ready/GSN/gsn_terrestrial_ecoregions_mask_1km.tif
  Raster shape: (9047, 8975), dtype: int16
  137 ecoregions → 13 biomes
======================================================================
LOBO SPATIAL CV — SOUTH AMERICA  Fold 1/8
======================================================================
Model type:       RF
Held-out biome:   Flooded Grasslands & Savannas
Biome int codes:  [96]
N biomes total:   9
Train years:      2001-2016
Test years:       2017-2019
Output dir:       /cluster/scratch/gikaufmann/outputs/south_america/results/spatial_cv/rf

Train:     /cluster/scratch/gikaufmann/data/south_america/ml/main/train_win5.parquet
Earlystop: /cluster/scratch/gikaufmann/data/south_america/ml/main/earlystop_win5.parquet
Test:      /cluster/scratch/gikaufmann/data/south_america/ml/main/test_win5.parquet

Loaded RF params: /cluster/home/gikaufmann/master_thesis/scripts/regions/south_america/5_training/rf_best_params.json
n_estimators: 300
  LOBO override: n_estimators 300 → 100 (LOBO_N_ESTIMATORS env var; production value preserved elsewhere)

Features: 73
  [Memory startup] RSS: 2.65 GB
W&B connected

======================================================================
STEP 1: LOAD TRAINING DATA (held-out biome excluded)
======================================================================

Loading train+earlystop [EXCLUDE biome, years 2001-2016, max_neg=50,000,000]...
  Pass 1: counting rows...
  Found 58,146,266 samples
  (8,146,266 pos, 306,061,185 neg → capping neg at 50,000,000)
  Pass 2: pre-allocating 58,146,266 × 73 float32...
  0% — 24,342/58,146,266 rows
  [Memory   0%] RSS: 2.96 GB
  25% — 14,543,581/58,146,266 rows
  [Memory   25%] RSS: 6.91 GB
  50% — 29,073,261/58,146,266 rows
  [Memory   50%] RSS: 10.86 GB
  75% — 43,610,570/58,146,266 rows
  [Memory   75%] RSS: 14.83 GB
  100% — 58,146,266/58,146,266 rows
  [Memory   100%] RSS: 18.78 GB
  Loaded in 259.9s — 50,000,000 neg, 8,146,266 pos (ratio 1:6.1)
  Training set: 58,146,266 rows
  [Memory after loading training data] RSS: 18.41 GB

======================================================================
STEP 2: TRAIN RF (fixed rounds/trees)
======================================================================

  Training RandomForestClassifier: 100 trees, n_jobs=32
  class_weight=balanced_subsample, max_depth=30, max_features=sqrt
  Training set: 58,146,266 samples (8,146,266 pos, 50,000,000 neg)
  NaNs in training data: True
  [Memory before RF fit] RSS: 18.41 GB
spatial_CV_1 (rf) fold 1 (South America) finished.
