LOBO fold index: 5
drwxr-xr-x 10 gikaufmann gikaufmann-group 4096 Mar 15 16:02 /cluster/home/gikaufmann/master_thesis
PWD = /cluster/home/gikaufmann/master_thesis
Starting LOBO fold 5 (South America)...
Loading biome raster and mapping...
  Loading biome raster: /cluster/home/gikaufmann/master_thesis/data/south_america/ready/GSN/gsn_terrestrial_ecoregions_mask_1km.tif
  Raster shape: (9047, 8975), dtype: int16
  137 ecoregions → 13 biomes
======================================================================
LOBO SPATIAL CV — SOUTH AMERICA  Fold 5/8
======================================================================
Model type:       LGBM
Held-out biome:   Temperate Broadleaf & Mixed Forests
Biome int codes:  [64]
N biomes total:   9
Train years:      2001-2016
Test years:       2017-2019
Output dir:       /cluster/scratch/gikaufmann/outputs/south_america/results/spatial_cv/lgbm

Train:     /cluster/scratch/gikaufmann/data/south_america/ml/main/train_win5.parquet
Earlystop: /cluster/scratch/gikaufmann/data/south_america/ml/main/earlystop_win5.parquet
Test:      /cluster/scratch/gikaufmann/data/south_america/ml/main/test_win5.parquet

Loaded LGBM params: /cluster/home/gikaufmann/master_thesis/scripts/regions/south_america/5_training/lgbm_best_params.json
num_boost_round: 2555
  LOBO override: num_boost_round 2555 → 1000 (LOBO_NUM_BOOST_ROUND env var; production value preserved elsewhere)

Features: 73
  [Memory startup] RSS: 2.69 GB
W&B connected

======================================================================
STEP 1: LOAD TRAINING DATA (held-out biome excluded)
======================================================================

Loading train+earlystop [EXCLUDE biome, years 2001-2016]...
  Pass 1: counting rows...
  Found 314,300,581 samples
  Pass 2: pre-allocating 314,300,581 × 73 float32...
  0% — 200,000/314,300,581 rows
  [Memory   0%] RSS: 3.34 GB
  25% — 78,723,739/314,300,581 rows
  [Memory   25%] RSS: 24.99 GB
  50% — 157,248,287/314,300,581 rows
  [Memory   50%] RSS: 46.64 GB
  75% — 235,784,989/314,300,581 rows
  [Memory   75%] RSS: 68.29 GB
  100% — 314,300,581/314,300,581 rows
  [Memory   100%] RSS: 89.93 GB
  Loaded in 336.4s — 306,134,129 neg, 8,166,452 pos (ratio 1:37.5)
  Training set: 314,300,581 rows
  [Memory after loading training data] RSS: 89.95 GB

======================================================================
STEP 2: TRAIN LGBM (fixed rounds/trees)
======================================================================

  scale_pos_weight = 37.4868
  sample weights: min=0.500 max=1.000
  Creating lgb.Dataset (314,300,581 samples)...
  [Memory before lgb.train] RSS: 89.95 GB
  Training 1000 rounds...
  Training done in 5309.1s
  [Memory after training] RSS: 4.15 GB
  Model saved: /cluster/home/gikaufmann/master_thesis/data/south_america/ml/models/lobo_lgbm_05_Temperate_Broadleaf_and_Mixed_Forests_20260317_030045.pkl

======================================================================
STEP 3: EVALUATE ON HELD-OUT BIOME
======================================================================

Evaluating on held-out biome (test years 2017-2019)...
  Pass 1: counting test rows...
  Found 43,739 test samples
  Pass 2: predicting and writing scored output...

  Test held-out biome: 42,850 neg, 889 pos
  ROC-AUC: 0.4598  PR-AUC: 0.0232
  P@1%: 0.0549  Lift@1%: 2.7x
  Scored output: spatial_cv1_scored_Temperate_Broadleaf_and_Mixed_Forests_20260317_030045.parquet

======================================================================
SUMMARY
======================================================================
Biome:     Temperate Broadleaf & Mixed Forests
Test rows: 43,739  (889 pos)
ROC-AUC:   0.4598
PR-AUC:    0.0232
P@1%:      0.0549  (Lift 2.7x)
P@5%:      0.0366
Time:      5665.7s (94.4 min)
======================================================================

Fold results saved: /cluster/scratch/gikaufmann/outputs/south_america/results/spatial_cv/lgbm/fold_05_Temperate_Broadleaf_and_Mixed_Forests_20260317_030045.json
Done.

Log saved to: /cluster/scratch/gikaufmann/outputs/south_america/results/spatial_cv/lgbm/fold_05_Temperate_Broadleaf_and_Mixed_Forests_20260317_030045.txt
spatial_CV_1 (lgbm) fold 5 (South America) finished.
