LOBO fold index: 1
drwxr-xr-x 12 gikaufmann gikaufmann-group 4096 Apr 15 00:17 /cluster/home/gikaufmann/master_thesis
PWD = /cluster/home/gikaufmann/master_thesis
Starting LOBO fold 1 (South America)...
Loading biome raster and mapping...
  Loading biome raster: /cluster/home/gikaufmann/master_thesis/data/south_america/ready/GSN/gsn_terrestrial_ecoregions_mask_1km.tif
  Raster shape: (9172, 8974), dtype: uint8
  137 ecoregions → 13 biomes
======================================================================
LOBO SPATIAL CV — SOUTH AMERICA  Fold 1/12
======================================================================
Model type:       LGBM
Held-out biome:   Flooded Grasslands & Savannas
Biome int codes:  [50, 91, 93, 96, 119]
N biomes total:   13
Train years:      2001-2016
Test years:       2017-2019
Output dir:       /cluster/scratch/gikaufmann/outputs/south_america/results/spatial_cv/lgbm

Train:     /cluster/scratch/gikaufmann/data/south_america/ml/main/train_win5.parquet
Earlystop: /cluster/scratch/gikaufmann/data/south_america/ml/main/earlystop_win5.parquet
Test:      /cluster/scratch/gikaufmann/data/south_america/ml/main/test_win5.parquet

Loaded LGBM params: /cluster/home/gikaufmann/master_thesis/scripts/regions/south_america/5_training/lgbm_best_params.json
num_boost_round: 2555

Features: 73
  [Memory startup] RSS: 2.71 GB
W&B connected

======================================================================
STEP 1: LOAD TRAINING DATA (held-out biome excluded)
======================================================================

Loading train+earlystop [EXCLUDE biome, years 2001-2016]...
  Pass 1: counting rows...
  Found 310,093,947 samples
  Pass 2: pre-allocating 310,093,947 × 73 float32...
  0% — 200,000/310,093,947 rows
  [Memory   0%] RSS: 3.36 GB
  25% — 77,534,067/310,093,947 rows
  [Memory   25%] RSS: 24.68 GB
  50% — 155,225,355/310,093,947 rows
  [Memory   50%] RSS: 46.10 GB
  75% — 232,671,815/310,093,947 rows
  [Memory   75%] RSS: 67.45 GB
  100% — 310,093,947/310,093,947 rows
  [Memory   100%] RSS: 88.78 GB
  Loaded in 734.6s — 301,968,865 neg, 8,125,082 pos (ratio 1:37.2)
  Training set: 310,093,947 rows
  [Memory after loading training data] RSS: 88.79 GB

======================================================================
STEP 2: TRAIN LGBM (fixed rounds/trees)
======================================================================

  scale_pos_weight = 37.1650
  sample weights: min=0.500 max=1.000
  Creating lgb.Dataset (310,093,947 samples)...
  [Memory before lgb.train] RSS: 88.79 GB
  Training 2555 rounds...
  Training done in 14820.2s
  [Memory after training] RSS: 1.95 GB
  Model saved: /cluster/home/gikaufmann/master_thesis/data/south_america/ml/models/lobo_lgbm_01_Flooded_Grasslands_and_Savannas_20260415_015854.pkl

======================================================================
STEP 3: EVALUATE ON HELD-OUT BIOME
======================================================================

Evaluating on held-out biome (test years 2017-2019)...
  Pass 1: counting test rows...
  Found 694,428 test samples
  Pass 2: predicting and writing scored output...

  Test held-out biome: 693,942 neg, 486 pos
  ROC-AUC: 0.1899  PR-AUC: 0.0004
  P@1%: 0.0000  Lift@1%: 0.0x
  Scored output: spatial_cv1_scored_Flooded_Grasslands_and_Savannas_20260415_015854.parquet

======================================================================
SUMMARY
======================================================================
Biome:     Flooded Grasslands & Savannas
Test rows: 694,428  (486 pos)
ROC-AUC:   0.1899
PR-AUC:    0.0004
P@1%:      0.0000  (Lift 0.0x)
P@5%:      0.0000
Time:      15593.0s (259.9 min)
======================================================================

Fold results saved: /cluster/scratch/gikaufmann/outputs/south_america/results/spatial_cv/lgbm/fold_01_Flooded_Grasslands_and_Savannas_20260415_015854.json
Done.

Log saved to: /cluster/scratch/gikaufmann/outputs/south_america/results/spatial_cv/lgbm/fold_01_Flooded_Grasslands_and_Savannas_20260415_015854.txt
spatial_CV_1 (lgbm) fold 1 (South America) finished.
