LOBO RF fold index: 1
drwxr-xr-x 10 gikaufmann gikaufmann-group 4096 Mar 15 16:02 /cluster/home/gikaufmann/master_thesis
PWD = /cluster/home/gikaufmann/master_thesis
Starting LOBO RF fold 1 (South America)...
Loading biome raster and mapping...
  Loading biome raster: /cluster/home/gikaufmann/master_thesis/data/south_america/ready/GSN/gsn_terrestrial_ecoregions_mask_1km.tif
  Raster shape: (9047, 8975), dtype: int16
  137 ecoregions → 13 biomes
======================================================================
LOBO SPATIAL CV — SOUTH AMERICA  Fold 1/8
======================================================================
Model type:       RF
Held-out biome:   Flooded Grasslands & Savannas
Biome int codes:  [96]
N biomes total:   9
Train years:      2001-2016
Test years:       2017-2019
Output dir:       /cluster/scratch/gikaufmann/outputs/south_america/results/spatial_cv/rf

Train:     /cluster/scratch/gikaufmann/data/south_america/ml/main/train_win5.parquet
Earlystop: /cluster/scratch/gikaufmann/data/south_america/ml/main/earlystop_win5.parquet
Test:      /cluster/scratch/gikaufmann/data/south_america/ml/main/test_win5.parquet

Loaded RF params: /cluster/home/gikaufmann/master_thesis/scripts/regions/south_america/5_training/rf_best_params.json
n_estimators: 300

Features: 73
  [Memory startup] RSS: 2.64 GB
W&B connected

======================================================================
STEP 1: LOAD TRAINING DATA (held-out biome excluded)
======================================================================

Loading train+earlystop [EXCLUDE biome, years 2001-2016]...
  Pass 1: counting rows...
  Found 314,207,451 samples
  Pass 2: pre-allocating 314,207,451 × 73 float32...
  0% — 200,000/314,207,451 rows
  [Memory   0%] RSS: 3.29 GB
  25% — 78,690,353/314,207,451 rows
  [Memory   25%] RSS: 24.93 GB
  50% — 157,199,057/314,207,451 rows
  [Memory   50%] RSS: 46.59 GB
  75% — 235,706,357/314,207,451 rows
  [Memory   75%] RSS: 68.23 GB
  100% — 314,207,451/314,207,451 rows
  [Memory   100%] RSS: 89.87 GB
  Loaded in 277.0s — 306,061,185 neg, 8,146,266 pos (ratio 1:37.6)
  Training set: 314,207,451 rows
  [Memory after loading training data] RSS: 89.87 GB

======================================================================
STEP 2: TRAIN RF (fixed rounds/trees)
======================================================================

  Training RandomForestClassifier: 300 trees, n_jobs=32
  class_weight=balanced_subsample, max_depth=30, max_features=sqrt
  Training set: 314,207,451 samples (8,146,266 pos, 306,061,185 neg)
  [Memory before RF fit] RSS: 89.87 GB
spatial_CV_1 (rf) fold 1 (South America) finished.
