LOBO fold index: 5
drwxr-xr-x 10 gikaufmann gikaufmann-group 4096 Mar 18 15:57 /cluster/home/gikaufmann/master_thesis
PWD = /cluster/home/gikaufmann/master_thesis
Starting LOBO fold 5 (USA)...
Loading biome raster and mapping...
  Loading biome raster: /cluster/home/gikaufmann/master_thesis/data/usa/ready/GSN/gsn_terrestrial_ecoregions_mask_1km.tif
  Raster shape: (3536, 6437), dtype: uint8
  85 ecoregions → 12 biomes
======================================================================
LOBO SPATIAL CV — USA  Fold 5/11
======================================================================
Model type:       LGBM
Held-out biome:   Temperate Broadleaf & Mixed Forests
Biome int codes:  [1, 2, 3, 4, 27, 28, 31, 38, 39, 44, 48, 50, 57, 58, 74, 78, 81]
N biomes total:   12
Train years:      2001-2016
Test years:       2017-2019
Output dir:       /cluster/scratch/gikaufmann/outputs/usa/results/spatial_cv/lgbm

Train:     /cluster/scratch/gikaufmann/data/usa/ml/main/train_win5.parquet
Earlystop: /cluster/scratch/gikaufmann/data/usa/ml/main/earlystop_win5.parquet
Test:      /cluster/scratch/gikaufmann/data/usa/ml/main/test_win5.parquet

Loaded LGBM params: /cluster/home/gikaufmann/master_thesis/scripts/regions/usa/5_training/lgbm_best_params.json
num_boost_round: 2985

Features: 73
  [Memory startup] RSS: 2.56 GB
W&B connected

======================================================================
STEP 1: LOAD TRAINING DATA (held-out biome excluded)
======================================================================

Loading train+earlystop [EXCLUDE biome, years 2001-2016]...
  Pass 1: counting rows...
  Found 175,247,184 samples
  Pass 2: pre-allocating 175,247,184 × 73 float32...
  0% — 130,140/175,247,184 rows
  [Memory   0%] RSS: 3.19 GB
  25% — 43,933,386/175,247,184 rows
  [Memory   25%] RSS: 15.28 GB
  50% — 87,758,611/175,247,184 rows
  [Memory   50%] RSS: 27.36 GB
  75% — 131,546,018/175,247,184 rows
  [Memory   75%] RSS: 39.43 GB
  100% — 175,247,184/175,247,184 rows
  [Memory   100%] RSS: 51.44 GB
  Loaded in 489.9s — 174,959,248 neg, 287,936 pos (ratio 1:607.6)
  Training set: 175,247,184 rows
  [Memory after loading training data] RSS: 51.44 GB

======================================================================
STEP 2: TRAIN LGBM (fixed rounds/trees)
======================================================================

  scale_pos_weight = 607.6324
  sample weights: min=0.500 max=1.000
  Creating lgb.Dataset (175,247,184 samples)...
  [Memory before lgb.train] RSS: 51.45 GB
  Training 2985 rounds...
  Training done in 23188.7s
  [Memory after training] RSS: 2.54 GB
  Model saved: /cluster/home/gikaufmann/master_thesis/data/usa/ml/models/lobo_lgbm_05_Temperate_Broadleaf_and_Mixed_Forests_20260321_192237.pkl

======================================================================
STEP 3: EVALUATE ON HELD-OUT BIOME
======================================================================

Evaluating on held-out biome (test years 2017-2019)...
  Pass 1: counting test rows...
  Found 9,181,073 test samples
  Pass 2: predicting and writing scored output...

  Test held-out biome: 9,180,509 neg, 564 pos
  ROC-AUC: 0.7457  PR-AUC: 0.0007
  P@1%: 0.0015  Lift@1%: 24.8x
  Scored output: spatial_cv1_scored_Temperate_Broadleaf_and_Mixed_Forests_20260321_192237.parquet

======================================================================
SUMMARY
======================================================================
Biome:     Temperate Broadleaf & Mixed Forests
Test rows: 9,181,073  (564 pos)
ROC-AUC:   0.7457
PR-AUC:    0.0007
P@1%:      0.0015  (Lift 24.8x)
P@5%:      0.0007
Time:      24100.6s (401.7 min)
======================================================================

Fold results saved: /cluster/scratch/gikaufmann/outputs/usa/results/spatial_cv/lgbm/fold_05_Temperate_Broadleaf_and_Mixed_Forests_20260321_192237.json
Done.

Log saved to: /cluster/scratch/gikaufmann/outputs/usa/results/spatial_cv/lgbm/fold_05_Temperate_Broadleaf_and_Mixed_Forests_20260321_192237.txt
spatial_CV_1 (lgbm) fold 5 (USA) finished.
