Many modules are hidden in this stack. Use "module --show_hidden spider SOFTWARE" if you are not able to find the required software

The following have been reloaded with a version change:
  1) cuda/12.1.1 => cuda/12.4.1

wandb: Currently logged in as: gikaufmann (gikaufmann-eth-z-rich) to https://api.wandb.ai. Use `wandb login --relogin` to force relogin
wandb: setting up run 5oa13lqc
wandb: Tracking run with wandb version 0.23.0
wandb: Run data is saved locally in /cluster/home/gikaufmann/master_thesis/wandb/run-20260317_151037-5oa13lqc
wandb: Run `wandb offline` to turn off syncing.
wandb: Syncing run lobo_usa_04_Mediterranean_Forest
wandb:  View project at https://wandb.ai/gikaufmann-eth-z-rich/spatial-cv
wandb:  View run at https://wandb.ai/gikaufmann-eth-z-rich/spatial-cv/runs/5oa13lqc
wandb: uploading data; updating run metadata
wandb: uploading data; updating run metadata; uploading output.log
wandb: uploading data; uploading config.yaml
wandb: uploading data
wandb: uploading history steps 0-0, summary, console lines 34-65
wandb: 
wandb: Run history:
wandb:      test/lift_at_1pct ▁
wandb:        test/n_positive ▁
wandb:         test/n_samples ▁
wandb:            test/pr_auc ▁
wandb: test/precision_at_1pct ▁
wandb: test/precision_at_5pct ▁
wandb:           test/roc_auc ▁
wandb:   timing/total_seconds ▁
wandb:       train/n_positive ▁
wandb:        train/n_samples ▁
wandb:                     +1 ...
wandb: 
wandb: Run summary:
wandb:       test/brier_score nan
wandb:      test/lift_at_1pct 0
wandb:        test/n_positive 216
wandb:         test/n_samples 455758
wandb:            test/pr_auc 0.00046
wandb: test/precision_at_1pct 0
wandb: test/precision_at_5pct 0.00018
wandb:           test/roc_auc 0.49674
wandb:   timing/total_seconds 3749.59521
wandb:       train/n_positive 329017
wandb:                     +1 ...
wandb: 
wandb:  View run lobo_usa_04_Mediterranean_Forest at: https://wandb.ai/gikaufmann-eth-z-rich/spatial-cv/runs/5oa13lqc
wandb:  View project at: https://wandb.ai/gikaufmann-eth-z-rich/spatial-cv
wandb: Synced 5 W&B file(s), 0 media file(s), 0 artifact file(s) and 0 other file(s)
wandb: Find logs at: ./wandb/run-20260317_151037-5oa13lqc/logs
