LOBO fold index: 1
drwxr-xr-x 12 gikaufmann gikaufmann-group 4096 Apr 15 00:17 /cluster/home/gikaufmann/master_thesis
PWD = /cluster/home/gikaufmann/master_thesis
Starting LOBO fold 1 (South East Asia)...
Loading biome raster and mapping...
  Loading biome raster: /cluster/home/gikaufmann/master_thesis/data/se_asia/ready/GSN/gsn_terrestrial_ecoregions_mask_1km.tif
  Raster shape: (4553, 5439), dtype: uint8
  109 ecoregions → 9 biomes
======================================================================
LOBO SPATIAL CV — SE ASIA  Fold 1/8
======================================================================
Model type:       LGBM
Held-out biome:   Montane Grasslands & Shrublands
Biome int codes:  [18, 34, 67, 80]
N biomes total:   9
Train years:      2001-2016
Test years:       2017-2019
Output dir:       /cluster/scratch/gikaufmann/outputs/se_asia/results/spatial_cv/lgbm

Train:     /cluster/scratch/gikaufmann/data/se_asia/ml/main/train_win5.parquet
Earlystop: /cluster/scratch/gikaufmann/data/se_asia/ml/main/earlystop_win5.parquet
Test:      /cluster/scratch/gikaufmann/data/se_asia/ml/main/test_win5.parquet

Loaded LGBM params: /cluster/home/gikaufmann/master_thesis/scripts/regions/se_asia/5_training/lgbm_best_params.json
num_boost_round: 2999

Features: 73
  [Memory startup] RSS: 2.59 GB
W&B connected

======================================================================
STEP 1: LOAD TRAINING DATA (held-out biome excluded)
======================================================================

Loading train+earlystop [EXCLUDE biome, years 2001-2016]...
  Pass 1: counting rows...
  Found 81,027,097 samples
  Pass 2: pre-allocating 81,027,097 × 73 float32...
  0% — 200,000/81,027,097 rows
  [Memory   0%] RSS: 3.24 GB
  25% — 20,375,772/81,027,097 rows
  [Memory   25%] RSS: 8.72 GB
  50% — 40,553,067/81,027,097 rows
  [Memory   50%] RSS: 14.21 GB
  75% — 60,930,505/81,027,097 rows
  [Memory   75%] RSS: 19.75 GB
  100% — 81,027,097/81,027,097 rows
  [Memory   100%] RSS: 25.22 GB
  Loaded in 85.0s — 79,912,374 neg, 1,114,723 pos (ratio 1:71.7)
  Training set: 81,027,097 rows
  [Memory after loading training data] RSS: 25.22 GB

======================================================================
STEP 2: TRAIN LGBM (fixed rounds/trees)
======================================================================

  scale_pos_weight = 71.6881
  sample weights: min=0.500 max=1.000
  Creating lgb.Dataset (81,027,097 samples)...
  [Memory before lgb.train] RSS: 25.24 GB
  Training 2999 rounds...
  Training done in 5291.5s
  [Memory after training] RSS: 4.12 GB
  Model saved: /cluster/home/gikaufmann/master_thesis/data/se_asia/ml/models/lobo_lgbm_01_Montane_Grasslands_and_Shrublands_20260417_013306.pkl

======================================================================
STEP 3: EVALUATE ON HELD-OUT BIOME
======================================================================

Evaluating on held-out biome (test years 2017-2019)...
  Pass 1: counting test rows...
  Found 13,599 test samples
  Pass 2: predicting and writing scored output...

  Test held-out biome: 13,599 neg, 0 pos
  ROC-AUC: nan  PR-AUC: 0.0000
  P@1%: 0.0000  Lift@1%: 0.0x
  Scored output: spatial_cv1_scored_Montane_Grasslands_and_Shrublands_20260417_013306.parquet

WARNING: Only 0 positives in held-out biome (minimum recommended: 10). Metrics may be unreliable.

======================================================================
SUMMARY
======================================================================
Biome:     Montane Grasslands & Shrublands
Test rows: 13,599  (0 pos)
ROC-AUC:   nan
PR-AUC:    0.0000
P@1%:      0.0000  (Lift 0.0x)
P@5%:      0.0000
Time:      5385.0s (89.8 min)
======================================================================

Fold results saved: /cluster/scratch/gikaufmann/outputs/se_asia/results/spatial_cv/lgbm/fold_01_Montane_Grasslands_and_Shrublands_20260417_013306.json
Done.

Log saved to: /cluster/scratch/gikaufmann/outputs/se_asia/results/spatial_cv/lgbm/fold_01_Montane_Grasslands_and_Shrublands_20260417_013306.txt
spatial_CV_1 (lgbm) fold 1 (South East Asia) finished.
