LOBO fold index: 2
drwxr-xr-x 12 gikaufmann gikaufmann-group 4096 Apr 15 00:17 /cluster/home/gikaufmann/master_thesis
PWD = /cluster/home/gikaufmann/master_thesis
Starting LOBO fold 2 (USA)...
Loading biome raster and mapping...
  Loading biome raster: /cluster/home/gikaufmann/master_thesis/data/usa/ready/GSN/gsn_terrestrial_ecoregions_mask_1km.tif
  Raster shape: (3536, 6437), dtype: uint8
  85 ecoregions → 12 biomes
======================================================================
LOBO SPATIAL CV — USA  Fold 2/11
======================================================================
Model type:       LGBM
Held-out biome:   Flooded Grasslands & Savannas
Biome int codes:  [33]
N biomes total:   12
Train years:      2001-2016
Test years:       2017-2019
Output dir:       /cluster/scratch/gikaufmann/outputs/usa/results/spatial_cv/lgbm

Train:     /cluster/scratch/gikaufmann/data/usa/ml/main/train_win5.parquet
Earlystop: /cluster/scratch/gikaufmann/data/usa/ml/main/earlystop_win5.parquet
Test:      /cluster/scratch/gikaufmann/data/usa/ml/main/test_win5.parquet

Loaded LGBM params: /cluster/home/gikaufmann/master_thesis/scripts/regions/usa/5_training/lgbm_best_params.json
num_boost_round: 2985

Features: 73
  [Memory startup] RSS: 2.65 GB
W&B connected

======================================================================
STEP 1: LOAD TRAINING DATA (held-out biome excluded)
======================================================================

Loading train+earlystop [EXCLUDE biome, years 2001-2016]...
  Pass 1: counting rows...
  Found 233,094,748 samples
  Pass 2: pre-allocating 233,094,748 × 73 float32...
  0% — 200,000/233,094,748 rows
  [Memory   0%] RSS: 3.28 GB
  25% — 58,315,752/233,094,748 rows
  [Memory   25%] RSS: 19.30 GB
  50% — 116,610,477/233,094,748 rows
  [Memory   50%] RSS: 35.37 GB
  75% — 174,905,241/233,094,748 rows
  [Memory   75%] RSS: 51.44 GB
  100% — 233,094,748/233,094,748 rows
  [Memory   100%] RSS: 67.48 GB
  Loaded in 185.4s — 232,748,694 neg, 346,054 pos (ratio 1:672.6)
  Training set: 233,094,748 rows
  [Memory after loading training data] RSS: 67.49 GB

======================================================================
STEP 2: TRAIN LGBM (fixed rounds/trees)
======================================================================

  scale_pos_weight = 672.5791
  sample weights: min=0.500 max=1.000
  Creating lgb.Dataset (233,094,748 samples)...
  [Memory before lgb.train] RSS: 67.49 GB
  Training 2985 rounds...
  Training done in 10478.7s
  [Memory after training] RSS: 2.64 GB
  Model saved: /cluster/home/gikaufmann/master_thesis/data/usa/ml/models/lobo_lgbm_02_Flooded_Grasslands_and_Savannas_20260417_181316.pkl

======================================================================
STEP 3: EVALUATE ON HELD-OUT BIOME
======================================================================

Evaluating on held-out biome (test years 2017-2019)...
  Pass 1: counting test rows...
  Found 63,141 test samples
  Pass 2: predicting and writing scored output...

  Test held-out biome: 63,141 neg, 0 pos
  ROC-AUC: nan  PR-AUC: 0.0000
  P@1%: 0.0000  Lift@1%: 0.0x
  Scored output: spatial_cv1_scored_Flooded_Grasslands_and_Savannas_20260417_181316.parquet

WARNING: Only 0 positives in held-out biome (minimum recommended: 10). Metrics may be unreliable.

======================================================================
SUMMARY
======================================================================
Biome:     Flooded Grasslands & Savannas
Test rows: 63,141  (0 pos)
ROC-AUC:   nan
PR-AUC:    0.0000
P@1%:      0.0000  (Lift 0.0x)
P@5%:      0.0000
Time:      10684.9s (178.1 min)
======================================================================

Fold results saved: /cluster/scratch/gikaufmann/outputs/usa/results/spatial_cv/lgbm/fold_02_Flooded_Grasslands_and_Savannas_20260417_181316.json
Done.

Log saved to: /cluster/scratch/gikaufmann/outputs/usa/results/spatial_cv/lgbm/fold_02_Flooded_Grasslands_and_Savannas_20260417_181316.txt
spatial_CV_1 (lgbm) fold 2 (USA) finished.
