LOBO fold index: 7
drwxr-xr-x 12 gikaufmann gikaufmann-group 4096 Apr 15 00:17 /cluster/home/gikaufmann/master_thesis
PWD = /cluster/home/gikaufmann/master_thesis
Starting LOBO fold 7 (South America)...
Loading biome raster and mapping...
  Loading biome raster: /cluster/home/gikaufmann/master_thesis/data/south_america/ready/GSN/gsn_terrestrial_ecoregions_mask_1km.tif
  Raster shape: (9172, 8974), dtype: uint8
  137 ecoregions → 13 biomes
======================================================================
LOBO SPATIAL CV — SOUTH AMERICA  Fold 7/12
======================================================================
Model type:       LGBM
Held-out biome:   Temperate Grasslands, Savannas & Shrublands
Biome int codes:  [46, 59, 70, 97]
N biomes total:   13
Train years:      2001-2016
Test years:       2017-2019
Output dir:       /cluster/scratch/gikaufmann/outputs/south_america/results/spatial_cv/lgbm

Train:     /cluster/scratch/gikaufmann/data/south_america/ml/main/train_win5.parquet
Earlystop: /cluster/scratch/gikaufmann/data/south_america/ml/main/earlystop_win5.parquet
Test:      /cluster/scratch/gikaufmann/data/south_america/ml/main/test_win5.parquet

Loaded LGBM params: /cluster/home/gikaufmann/master_thesis/scripts/regions/south_america/5_training/lgbm_best_params.json
num_boost_round: 2555

Features: 73
  [Memory startup] RSS: 2.71 GB
W&B connected

======================================================================
STEP 1: LOAD TRAINING DATA (held-out biome excluded)
======================================================================

Loading train+earlystop [EXCLUDE biome, years 2001-2016]...
  Pass 1: counting rows...
  Found 264,070,930 samples
  Pass 2: pre-allocating 264,070,930 × 73 float32...
  0% — 200,000/264,070,930 rows
  [Memory   0%] RSS: 3.36 GB
  25% — 66,110,473/264,070,930 rows
  [Memory   25%] RSS: 21.53 GB
  50% — 132,186,957/264,070,930 rows
  [Memory   50%] RSS: 39.74 GB
  75% — 198,055,672/264,070,930 rows
  [Memory   75%] RSS: 57.90 GB
  100% — 264,070,930/264,070,930 rows
  [Memory   100%] RSS: 76.09 GB
  Loaded in 174.9s — 256,216,676 neg, 7,854,254 pos (ratio 1:32.6)
  Training set: 264,070,930 rows
  [Memory after loading training data] RSS: 76.11 GB

======================================================================
STEP 2: TRAIN LGBM (fixed rounds/trees)
======================================================================

  scale_pos_weight = 32.6214
  sample weights: min=0.500 max=1.000
  Creating lgb.Dataset (264,070,930 samples)...
  [Memory before lgb.train] RSS: 76.11 GB
  Training 2555 rounds...
  Training done in 5248.7s
  [Memory after training] RSS: 4.48 GB
  Model saved: /cluster/home/gikaufmann/master_thesis/data/south_america/ml/models/lobo_lgbm_07_Temperate_Grasslands_Savannas_and_Shrub_20260415_162141.pkl

======================================================================
STEP 3: EVALUATE ON HELD-OUT BIOME
======================================================================

Evaluating on held-out biome (test years 2017-2019)...
  Pass 1: counting test rows...
  Found 7,860,915 test samples
  Pass 2: predicting and writing scored output...

  Test held-out biome: 7,854,020 neg, 6,895 pos
  ROC-AUC: 0.9139  PR-AUC: 0.7384
  P@1%: 0.0686  Lift@1%: 78.2x
  Scored output: spatial_cv1_scored_Temperate_Grasslands_Savannas_and_Shrub_20260415_162141.parquet

======================================================================
SUMMARY
======================================================================
Biome:     Temperate Grasslands, Savannas & Shrublands
Test rows: 7,860,915  (6,895 pos)
ROC-AUC:   0.9139
PR-AUC:    0.7384
P@1%:      0.0686  (Lift 78.2x)
P@5%:      0.0143
Time:      5485.5s (91.4 min)
======================================================================

Fold results saved: /cluster/scratch/gikaufmann/outputs/south_america/results/spatial_cv/lgbm/fold_07_Temperate_Grasslands_Savannas_and_Shrub_20260415_162141.json
Done.

Log saved to: /cluster/scratch/gikaufmann/outputs/south_america/results/spatial_cv/lgbm/fold_07_Temperate_Grasslands_Savannas_and_Shrub_20260415_162141.txt
spatial_CV_1 (lgbm) fold 7 (South America) finished.
