Starting model2_RF script...
drwxr-xr-x 10 gikaufmann gikaufmann-group 4096 Mar 18 15:57 /cluster/home/gikaufmann/master_thesis
PWD = /cluster/home/gikaufmann/master_thesis

Loaded params from /cluster/home/gikaufmann/master_thesis/scripts/regions/usa/5_training/rf_best_params.json
Best CV score: 0.3345
EVAL-ONLY: reusing model2_rf_win5_20260315_004109.joblib (metrics source: model2_rf_win5_metrics_20260315_004109.json)

======================================================================
PHASE 2: TESTING
======================================================================
  [Memory start of Phase 2] RSS: 0.24 GB

Loading model from /cluster/home/gikaufmann/master_thesis/data/usa/ml/models/model2_rf_win5_20260315_004109.joblib
  [Memory after loading model] RSS: 2.39 GB
Processing test in batches of 100,000...
Test year range: 2017-2019 (capped at LAST_LABEL_YEAR=2019)
  Pass 1: Counting test rows (year_range=(2017, 2019))...
  Found 36,766,833 test samples (filtered to year_range=2017-2019)
  Pre-allocating arrays for 36,766,833 samples...
  [Memory after pre-allocation] RSS: 2.41 GB
  Pass 2: Processing test batches (year_range=(2017, 2019))...
Writing to /cluster/home/gikaufmann/master_thesis/outputs/usa/results/ml_models/model2_rf_win5_scored_20260318_165249.parquet
  2% — 1,000,000/36,766,833 rows
  [Memory   2%] RSS: 2.77 GB
  27% — 10,000,000/36,766,833 rows
  [Memory   27%] RSS: 3.01 GB
  51% — 19,000,000/36,766,833 rows
  [Memory   51%] RSS: 3.06 GB
  76% — 28,000,000/36,766,833 rows
  [Memory   76%] RSS: 3.10 GB
Completed 368 batches in 102.3s, 36,766,833 rows
  [Memory after all predictions] RSS: 3.14 GB

Test set: 36,752,046 neg, 14,787 pos, ratio 1:2485.4, years 2017-2019

Test metrics: ROC-AUC 0.9989, PR-AUC 0.5586
  P@1%: 0.0400 (14,721/367,668), lift 99.55x
  P@5%: 0.0080 (14,732/1,838,341), lift 19.93x
  P@10%: 0.0040 (14,757/3,676,683), lift 9.98x

Top 20 features:
              feature  importance
elevation_b2_smooth16    0.046758
elevation_b2_smooth64    0.041460
 elevation_b2_smooth4    0.037424
         WorldClim_b8    0.031103
            dist_wdpa    0.031014
         elevation_b2    0.027399
                  GPW    0.025777
      GSN_b5_smooth64    0.023370
      dist_indigenous    0.022859
        WorldClim_b18    0.022494
elevation_b1_smooth64    0.020683
         GPW_smooth16    0.019848
         WorldClim_b4    0.019371
  economic_value_lag1    0.019218
        WorldClim_b15    0.018904
         GPW_smooth64    0.018838
elevation_b1_smooth16    0.018726
        WorldClim_b19    0.018408
      GSN_b4_smooth64    0.018404
         elevation_b1    0.018357

Metrics saved: /cluster/home/gikaufmann/master_thesis/outputs/usa/results/ml_models/model2_rf_win5_metrics_20260318_165249.json

======================================================================
SUMMARY
======================================================================
Model: RandomForest, 73 features
  Class weight: balanced_subsample

Test (2017-2019, 36,766,833 samples, 0.040% pos): ROC-AUC 0.9989, PR-AUC 0.5586
  P@1%: 0.0400 (99.6x), P@5%: 0.0080 (19.9x), P@10%: 0.0040 (10.0x)

Timings: train 0.0s, pred 102.3s, total 129.0s (2.1m)
======================================================================
Done.

Output saved to: /cluster/home/gikaufmann/master_thesis/outputs/usa/results/ml_models/model2_rf_win5_20260318_165249.txt
model2_RF script finished.
