Many modules are hidden in this stack. Use "module --show_hidden spider SOFTWARE" if you are not able to find the required software

The following have been reloaded with a version change:
  1) cuda/12.1.1 => cuda/12.4.1

wandb: Currently logged in as: gikaufmann (gikaufmann-eth-z-rich) to https://api.wandb.ai. Use `wandb login --relogin` to force relogin
wandb: setting up run 9sq6jknw
wandb: Tracking run with wandb version 0.23.0
wandb: Run data is saved locally in /cluster/home/gikaufmann/master_thesis/wandb/run-20260407_162641-9sq6jknw
wandb: Run `wandb offline` to turn off syncing.
wandb: Syncing run model3_lgbm_20260407_162640
wandb:  View project at https://wandb.ai/gikaufmann-eth-z-rich/ml-training-model3
wandb:  View run at https://wandb.ai/gikaufmann-eth-z-rich/ml-training-model3/runs/9sq6jknw
wandb: updating run metadata
wandb: uploading output.log; uploading wandb-summary.json; uploading config.yaml
wandb: 
wandb: Run history:
wandb:   cv_aggregated/n_earlystop_mean ▁
wandb:       cv_aggregated/n_train_mean ▁
wandb:       cv_diagnostics/pr_auc_mean ▁
wandb:        cv_diagnostics/pr_auc_std ▁
wandb:      cv_diagnostics/roc_auc_mean ▁
wandb:       cv_diagnostics/roc_auc_std ▁
wandb:         cv_fold_3/best_iteration ▁
wandb:         cv_fold_3/diag_base_rate ▁
wandb:            cv_fold_3/diag_pr_auc ▁
wandb: cv_fold_3/diag_precision_at_1pct ▁
wandb:                              +36 ...
wandb: 
wandb: Run summary:
wandb:   cv_aggregated/n_earlystop_mean 25328100.0
wandb:       cv_aggregated/n_train_mean 55790479.0
wandb:       cv_diagnostics/pr_auc_mean 0.48247
wandb:        cv_diagnostics/pr_auc_std 0
wandb:      cv_diagnostics/roc_auc_mean 0.89951
wandb:       cv_diagnostics/roc_auc_std 0
wandb:         cv_fold_3/best_iteration 2988
wandb:         cv_fold_3/diag_base_rate 0.01728
wandb:            cv_fold_3/diag_pr_auc 0.48247
wandb: cv_fold_3/diag_precision_at_1pct 0.67826
wandb:                              +37 ...
wandb: 
wandb:  View run model3_lgbm_20260407_162640 at: https://wandb.ai/gikaufmann-eth-z-rich/ml-training-model3/runs/9sq6jknw
wandb:  View project at: https://wandb.ai/gikaufmann-eth-z-rich/ml-training-model3
wandb: Synced 5 W&B file(s), 0 media file(s), 0 artifact file(s) and 0 other file(s)
wandb: Find logs at: ./wandb/run-20260407_162641-9sq6jknw/logs
