Starting model2_RF script...
drwxr-xr-x 10 gikaufmann gikaufmann-group 4096 Apr  3 22:47 /cluster/home/gikaufmann/master_thesis
PWD = /cluster/home/gikaufmann/master_thesis

Loaded params from /cluster/home/gikaufmann/master_thesis/scripts/regions/usa/5_training/rf_best_params.json
Best CV score: 0.3345
W&B connected
======================================================================
RANDOM FOREST TRANSITION MODEL (5-YEAR LOOKAHEAD)
======================================================================
Train: /cluster/scratch/gikaufmann/data/usa/ml/main/train_win5.parquet
Earlystop: /cluster/scratch/gikaufmann/data/usa/ml/main/earlystop_win5.parquet
Test: /cluster/scratch/gikaufmann/data/usa/ml/main/test_win5.parquet
Params: /cluster/home/gikaufmann/master_thesis/scripts/regions/usa/5_training/rf_best_params.json
Output: /cluster/home/gikaufmann/master_thesis/outputs/usa/results/ml_models

Configuration:
  WDPA_LAST_YEAR: 2024
  LOOKAHEAD_YEARS: 5
  LAST_LABEL_YEAR: 2019 (WDPA_LAST_YEAR - LOOKAHEAD_YEARS)
  Earlystop/Test data filtered to years <= 2019 to avoid right-censored labels
  BATCH_SIZE: 100,000 (smaller batch = less memory per iteration)
  MAX_NEG_TRAIN: 50,000,000 (negative samples will be downsampled to this cap)
    -> This keeps ALL positives but samples negatives to control memory
    -> For 500M rows, this is ESSENTIAL to avoid OOM

Active configuration: SK_VERBOSE=0
  CPUs: 32 (SLURM_CPUS_PER_TASK=32)

======================================================================
OOM SAFETY STATUS:
  ✓ Configuration is OOM-safe for large datasets (500M rows)
    - Batch size: 100,000 (manageable chunks)
    - Negative sampling: 50,000,000 (memory bounded)
    - All predictions use batch processing (no large arrays in memory)
======================================================================

Selected 73 features, loading 79 cols from train, 79 from test
Target column: transition_01_win5

======================================================================
PHASE 1: TRAINING RANDOM FOREST MODEL
======================================================================
  [Memory start of Phase 1] RSS: 0.34 GB

----------------------------------------------------------------------
STEP 1: INTERMEDIATE MODEL → OOF EARLYSTOP PREDICTIONS FOR CALIBRATION
----------------------------------------------------------------------
Training intermediate model on 2001-2013 only...
  Earlystop years (2014-2016) are excluded so that
  scoring the earlystop set produces genuinely out-of-sample predictions.

Loading train data (2001-2013)...

Loading train_only (years 2001-2013) (max_neg=50,000,000) (two-pass NumPy loader)...
  Pass 1: Counting rows...
  Found 282,392 positives, 159,623,078 negatives (will sample to 50,000,000 negatives)
  Pass 2: Pre-allocating arrays (50,282,392 samples, 73 features)...
  99% — 50,001,936/50,282,392 rows
  [Memory   99%] RSS: 1.20 GB
  Loaded 50,282,392 rows in 848.4s (13.91 GB)
  50,000,000 neg, 282,392 pos, ratio 1:177.1, years 2001-2013

Training intermediate model on 50,282,392 samples...
  n_estimators=300, max_depth=None, class_weight=balanced_subsample
  [Memory before intermediate training] RSS: 14.80 GB
Intermediate training done in 8291.3s
  [Memory after intermediate training] RSS: 16.91 GB
  [Memory after freeing intermediate train data] RSS: 3.00 GB

Scoring earlystop set (2014-2016) — OOF by construction...
  Year range capped at LAST_LABEL_YEAR=2019
  Pass 1: Counting earlystop rows...
  Found 36,794,636 earlystop samples: 36,762,783 neg, 31,853 pos
  Years: 2014-2016
  Pass 2: Generating predictions in batches...
  Writing earlystop scored predictions to model2_rf_win5_earlystop_scored_20260407_111250.parquet
  2% — 1,000,000/36,794,636 rows
  [Memory   2%] RSS: 3.07 GB
  27% — 10,000,000/36,794,636 rows
  [Memory   27%] RSS: 3.07 GB
  51% — 19,000,000/36,794,636 rows
  [Memory   51%] RSS: 3.07 GB
  76% — 28,000,000/36,794,636 rows
  [Memory   76%] RSS: 3.07 GB
Earlystop predictions generated in 90.1s (368 batches)
Earlystop scored predictions saved: model2_rf_win5_earlystop_scored_20260407_111250.parquet
  36,762,783 neg, 31,853 pos, ratio 1:1154.1, years 2014-2016
  [Memory after freeing intermediate model] RSS: 1.39 GB

----------------------------------------------------------------------
STEP 2: FINAL MODEL ON FULL LABELLED WINDOW (2001-2016)
----------------------------------------------------------------------
Training final model on 2001-2016...
  Loading from train_path only: train_win5.parquet already spans 2001-2016.
  earlystop_path is NOT loaded here — it is a subset of train and would duplicate rows.
  [Memory before final model loading] RSS: 1.39 GB

Loading full training data (2001-2016)...

Loading full_train (years 2001-2016) (max_neg=50,000,000) (two-pass NumPy loader)...
  Pass 1: Counting rows...
  Found 314,245 positives, 196,385,861 negatives (will sample to 50,000,000 negatives)
  Pass 2: Pre-allocating arrays (50,314,245 samples, 73 features)...
  99% — 50,001,936/50,314,245 rows
  [Memory   99%] RSS: 1.69 GB
  Loaded 50,314,245 rows in 966.6s (13.92 GB)
  50,000,000 neg, 314,245 pos, ratio 1:159.1, years 2001-2016
  [Memory after loading final data] RSS: 15.28 GB

Imbalance: 50,000,000 neg, 314,245 pos, ratio 1:159.1
  Using class_weight: balanced_subsample

Final model parameters:
  bootstrap: True
  class_weight: balanced_subsample
  max_depth: None
  max_features: sqrt
  min_samples_leaf: 7
  min_samples_split: 23
  n_estimators: 300
  n_jobs: 32
  random_state: 42
  verbose: 0

Training final model on 50,314,245 samples...
  [Memory before final training] RSS: 15.28 GB

Training done in 8458.7s
Final model saved: /cluster/home/gikaufmann/master_thesis/data/usa/ml/models/model2_rf_win5_20260407_111250.joblib
Phase 1 completed.

======================================================================
PHASE 2: TESTING
======================================================================
  [Memory start of Phase 2] RSS: 1.14 GB

Loading model from /cluster/home/gikaufmann/master_thesis/data/usa/ml/models/model2_rf_win5_20260407_111250.joblib
  [Memory after loading model] RSS: 5.32 GB
Processing test in batches of 100,000...
Test year range: 2017-2019 (capped at LAST_LABEL_YEAR=2019)
  Pass 1: Counting test rows (year_range=(2017, 2019))...
  Found 36,766,833 test samples (filtered to year_range=2017-2019)
  Pre-allocating arrays for 36,766,833 samples...
  [Memory after pre-allocation] RSS: 5.33 GB
  Pass 2: Processing test batches (year_range=(2017, 2019))...
Writing to /cluster/home/gikaufmann/master_thesis/outputs/usa/results/ml_models/model2_rf_win5_scored_20260407_111250.parquet
  2% — 1,000,000/36,766,833 rows
  [Memory   2%] RSS: 5.33 GB
  27% — 10,000,000/36,766,833 rows
  [Memory   27%] RSS: 5.38 GB
  51% — 19,000,000/36,766,833 rows
  [Memory   51%] RSS: 5.42 GB
  76% — 28,000,000/36,766,833 rows
  [Memory   76%] RSS: 5.46 GB
Completed 368 batches in 92.1s, 36,766,833 rows
  [Memory after all predictions] RSS: 5.50 GB

Test set: 36,752,046 neg, 14,787 pos, ratio 1:2485.4, years 2017-2019

Test metrics: ROC-AUC 0.9989, PR-AUC 0.5586
  P@1%: 0.0400 (14,721/367,668), lift 99.55x
  P@5%: 0.0080 (14,732/1,838,341), lift 19.93x
  P@10%: 0.0040 (14,757/3,676,683), lift 9.98x

Top 20 features:
              feature  importance
elevation_b2_smooth16    0.046758
elevation_b2_smooth64    0.041460
 elevation_b2_smooth4    0.037424
         WorldClim_b8    0.031103
            dist_wdpa    0.031014
         elevation_b2    0.027399
                  GPW    0.025777
      GSN_b5_smooth64    0.023370
      dist_indigenous    0.022859
        WorldClim_b18    0.022494
elevation_b1_smooth64    0.020683
         GPW_smooth16    0.019848
         WorldClim_b4    0.019371
  economic_value_lag1    0.019218
        WorldClim_b15    0.018904
         GPW_smooth64    0.018838
elevation_b1_smooth16    0.018726
        WorldClim_b19    0.018408
      GSN_b4_smooth64    0.018404
         elevation_b1    0.018357

Metrics saved: /cluster/home/gikaufmann/master_thesis/outputs/usa/results/ml_models/model2_rf_win5_metrics_20260407_111250.json

======================================================================
SUMMARY
======================================================================
Model: RandomForest, 73 features
  Class weight: balanced_subsample

Test (2017-2019, 36,766,833 samples, 0.040% pos): ROC-AUC 0.9989, PR-AUC 0.5586
  P@1%: 0.0400 (99.6x), P@5%: 0.0080 (19.9x), P@10%: 0.0040 (10.0x)

Timings: train 8458.7s, pred 92.1s, total 18782.7s (313.0m)
======================================================================
Done.

Output saved to: /cluster/home/gikaufmann/master_thesis/outputs/usa/results/ml_models/model2_rf_win5_20260407_111250.txt
model2_RF script finished.
