Many modules are hidden in this stack. Use "module --show_hidden spider SOFTWARE" if you are not able to find the required software

The following have been reloaded with a version change:
  1) cuda/12.1.1 => cuda/12.4.1

wandb: Currently logged in as: gikaufmann (gikaufmann-eth-z-rich) to https://api.wandb.ai. Use `wandb login --relogin` to force relogin
wandb: setting up run o4527cy7
wandb: Tracking run with wandb version 0.23.0
wandb: Run data is saved locally in /cluster/home/gikaufmann/master_thesis/wandb/run-20260310_000142-o4527cy7
wandb: Run `wandb offline` to turn off syncing.
wandb: Syncing run model2_lgbm_20260310_000142
wandb:  View project at https://wandb.ai/gikaufmann-eth-z-rich/ml-training-model2
wandb:  View run at https://wandb.ai/gikaufmann-eth-z-rich/ml-training-model2/runs/o4527cy7
wandb: updating run metadata
wandb: uploading output.log; uploading wandb-summary.json
wandb: uploading history steps 7-8, summary, console lines 699-745
wandb: 
wandb: Run history:
wandb:   cv_aggregated/n_earlystop_mean ▁
wandb:       cv_aggregated/n_train_mean ▁
wandb:       cv_diagnostics/pr_auc_mean ▁
wandb:        cv_diagnostics/pr_auc_std ▁
wandb:      cv_diagnostics/roc_auc_mean ▁
wandb:       cv_diagnostics/roc_auc_std ▁
wandb:         cv_fold_3/best_iteration ▁
wandb:         cv_fold_3/diag_base_rate ▁
wandb:            cv_fold_3/diag_pr_auc ▁
wandb: cv_fold_3/diag_precision_at_1pct ▁
wandb:                              +32 ...
wandb: 
wandb: Run summary:
wandb:   cv_aggregated/n_earlystop_mean 73589272.0
wandb:       cv_aggregated/n_train_mean 159905470.0
wandb:       cv_diagnostics/pr_auc_mean 0.194
wandb:        cv_diagnostics/pr_auc_std 0
wandb:      cv_diagnostics/roc_auc_mean 0.47262
wandb:       cv_diagnostics/roc_auc_std 0
wandb:         cv_fold_3/best_iteration 2985
wandb:         cv_fold_3/diag_base_rate 0.00087
wandb:            cv_fold_3/diag_pr_auc 0.194
wandb: cv_fold_3/diag_precision_at_1pct 0.02954
wandb:                              +33 ...
wandb: 
wandb:  View run model2_lgbm_20260310_000142 at: https://wandb.ai/gikaufmann-eth-z-rich/ml-training-model2/runs/o4527cy7
wandb:  View project at: https://wandb.ai/gikaufmann-eth-z-rich/ml-training-model2
wandb: Synced 5 W&B file(s), 0 media file(s), 0 artifact file(s) and 0 other file(s)
wandb: Find logs at: ./wandb/run-20260310_000142-o4527cy7/logs
