Starting model1_LGBM script...
drwxr-xr-x 11 gikaufmann gikaufmann-group 4096 Mar  6 19:25 /cluster/home/gikaufmann/master_thesis
PWD = /cluster/home/gikaufmann/master_thesis

Loaded params from /cluster/home/gikaufmann/master_thesis/scripts/regions/south_america/4_ml/3_training/lgbm_best_params.json
Best CV score: 0.6546
W&B connected
======================================================================
LGBM TRANSITION MODEL (CONTINENT DATASET - 5-YEAR LOOKAHEAD)
======================================================================
Train: /cluster/scratch/gikaufmann/data/south_america/ml/main/train_win5.parquet
Earlystop: /cluster/scratch/gikaufmann/data/south_america/ml/main/earlystop_win5.parquet
Test: /cluster/scratch/gikaufmann/data/south_america/ml/main/test_win5.parquet
Params: /cluster/home/gikaufmann/master_thesis/scripts/regions/south_america/4_ml/3_training/lgbm_best_params.json
Output: /cluster/home/gikaufmann/master_thesis/outputs/south_america/results/ml_models

Configuration:
  CV Mode: fold3
  Use Time Weights: True
  WDPA_LAST_YEAR: 2024
  LOOKAHEAD_YEARS: 5
  LAST_LABEL_YEAR: 2019 (WDPA_LAST_YEAR - LOOKAHEAD_YEARS)
  Earlystop/Test data filtered to years <= 2019 to avoid right-censored labels
Selected 73 features, loading 79 cols from train, 79 from test
Target column: transition_01_win5

======================================================================
PHASE 1: TRAINING WITH TEMPORAL CROSS-VALIDATION
======================================================================
  [Memory start of Phase 1] RSS: 0.39 GB

======================================================================
STEP A: TEMPORAL CROSS-VALIDATION
======================================================================
CV Mode: fold3
  Running only fold 3

======================================================================
CV FOLD 3/3
Train: 2001-2013 → Earlystop: 2014-2016
======================================================================

Loading from 2 files (years 2001-2013) (two-pass NumPy loader)...
  Pass 1: Counting rows...
  Found 218,427,663 samples
  Pass 2: Pre-allocating arrays (218,427,663 samples, 73 features)...
  10 batches, 2,000,000/218,427,663 samples loaded
  [Memory load batch 10] RSS: 1.34 GB
  20 batches, 4,000,000/218,427,663 samples loaded
  [Memory load batch 20] RSS: 1.89 GB
  30 batches, 6,000,000/218,427,663 samples loaded
  [Memory load batch 30] RSS: 2.44 GB
  40 batches, 8,000,000/218,427,663 samples loaded
  [Memory load batch 40] RSS: 3.00 GB
  50 batches, 10,000,000/218,427,663 samples loaded
  [Memory load batch 50] RSS: 3.55 GB
  60 batches, 12,000,000/218,427,663 samples loaded
  [Memory load batch 60] RSS: 4.10 GB
  70 batches, 14,000,000/218,427,663 samples loaded
  [Memory load batch 70] RSS: 4.66 GB
  80 batches, 16,000,000/218,427,663 samples loaded
  [Memory load batch 80] RSS: 5.21 GB
  90 batches, 18,000,000/218,427,663 samples loaded
  [Memory load batch 90] RSS: 5.76 GB
  100 batches, 20,000,000/218,427,663 samples loaded
  [Memory load batch 100] RSS: 6.32 GB
  110 batches, 22,000,000/218,427,663 samples loaded
  [Memory load batch 110] RSS: 6.87 GB
  120 batches, 24,000,000/218,427,663 samples loaded
  [Memory load batch 120] RSS: 7.42 GB
  130 batches, 26,000,000/218,427,663 samples loaded
  [Memory load batch 130] RSS: 7.98 GB
  140 batches, 28,000,000/218,427,663 samples loaded
  [Memory load batch 140] RSS: 8.53 GB
  150 batches, 30,000,000/218,427,663 samples loaded
  [Memory load batch 150] RSS: 9.08 GB
  160 batches, 32,000,000/218,427,663 samples loaded
  [Memory load batch 160] RSS: 9.64 GB
  170 batches, 34,000,000/218,427,663 samples loaded
  [Memory load batch 170] RSS: 10.19 GB
  180 batches, 36,000,000/218,427,663 samples loaded
  [Memory load batch 180] RSS: 10.74 GB
  190 batches, 38,000,000/218,427,663 samples loaded
  [Memory load batch 190] RSS: 11.29 GB
  200 batches, 40,000,000/218,427,663 samples loaded
  [Memory load batch 200] RSS: 11.85 GB
  210 batches, 42,000,000/218,427,663 samples loaded
  [Memory load batch 210] RSS: 12.40 GB
  220 batches, 44,000,000/218,427,663 samples loaded
  [Memory load batch 220] RSS: 12.96 GB
  230 batches, 46,000,000/218,427,663 samples loaded
  [Memory load batch 230] RSS: 13.51 GB
  240 batches, 48,000,000/218,427,663 samples loaded
  [Memory load batch 240] RSS: 14.06 GB
  250 batches, 50,000,000/218,427,663 samples loaded
  [Memory load batch 250] RSS: 14.61 GB
  260 batches, 52,000,000/218,427,663 samples loaded
  [Memory load batch 260] RSS: 15.17 GB
  270 batches, 54,000,000/218,427,663 samples loaded
  [Memory load batch 270] RSS: 15.72 GB
  280 batches, 56,000,000/218,427,663 samples loaded
  [Memory load batch 280] RSS: 16.27 GB
  290 batches, 58,000,000/218,427,663 samples loaded
  [Memory load batch 290] RSS: 16.83 GB
  300 batches, 60,000,000/218,427,663 samples loaded
  [Memory load batch 300] RSS: 17.38 GB
  310 batches, 62,000,000/218,427,663 samples loaded
  [Memory load batch 310] RSS: 17.93 GB
  320 batches, 64,000,000/218,427,663 samples loaded
  [Memory load batch 320] RSS: 18.49 GB
  330 batches, 66,000,000/218,427,663 samples loaded
  [Memory load batch 330] RSS: 19.04 GB
  340 batches, 68,000,000/218,427,663 samples loaded
  [Memory load batch 340] RSS: 19.59 GB
  350 batches, 70,000,000/218,427,663 samples loaded
  [Memory load batch 350] RSS: 20.15 GB
  360 batches, 72,000,000/218,427,663 samples loaded
  [Memory load batch 360] RSS: 20.70 GB
  370 batches, 74,000,000/218,427,663 samples loaded
  [Memory load batch 370] RSS: 21.25 GB
  380 batches, 76,000,000/218,427,663 samples loaded
  [Memory load batch 380] RSS: 21.80 GB
  390 batches, 78,000,000/218,427,663 samples loaded
  [Memory load batch 390] RSS: 22.36 GB
  400 batches, 80,000,000/218,427,663 samples loaded
  [Memory load batch 400] RSS: 22.91 GB
  410 batches, 82,000,000/218,427,663 samples loaded
  [Memory load batch 410] RSS: 23.46 GB
  420 batches, 84,000,000/218,427,663 samples loaded
  [Memory load batch 420] RSS: 24.02 GB
  430 batches, 86,000,000/218,427,663 samples loaded
  [Memory load batch 430] RSS: 24.57 GB
  440 batches, 88,000,000/218,427,663 samples loaded
  [Memory load batch 440] RSS: 25.12 GB
  450 batches, 90,000,000/218,427,663 samples loaded
  [Memory load batch 450] RSS: 25.68 GB
  460 batches, 92,000,000/218,427,663 samples loaded
  [Memory load batch 460] RSS: 26.23 GB
  470 batches, 94,000,000/218,427,663 samples loaded
  [Memory load batch 470] RSS: 26.79 GB
  480 batches, 96,000,000/218,427,663 samples loaded
  [Memory load batch 480] RSS: 27.34 GB
  490 batches, 98,000,000/218,427,663 samples loaded
  [Memory load batch 490] RSS: 27.89 GB
  500 batches, 100,000,000/218,427,663 samples loaded
  [Memory load batch 500] RSS: 28.44 GB
  510 batches, 102,000,000/218,427,663 samples loaded
  [Memory load batch 510] RSS: 29.00 GB
  520 batches, 104,000,000/218,427,663 samples loaded
  [Memory load batch 520] RSS: 29.55 GB
  530 batches, 106,000,000/218,427,663 samples loaded
  [Memory load batch 530] RSS: 30.10 GB
  540 batches, 108,000,000/218,427,663 samples loaded
  [Memory load batch 540] RSS: 30.66 GB
  550 batches, 110,000,000/218,427,663 samples loaded
  [Memory load batch 550] RSS: 31.21 GB
  560 batches, 112,000,000/218,427,663 samples loaded
  [Memory load batch 560] RSS: 31.76 GB
  570 batches, 114,000,000/218,427,663 samples loaded
  [Memory load batch 570] RSS: 32.32 GB
  580 batches, 116,000,000/218,427,663 samples loaded
  [Memory load batch 580] RSS: 32.87 GB
  590 batches, 118,000,000/218,427,663 samples loaded
  [Memory load batch 590] RSS: 33.42 GB
  600 batches, 120,000,000/218,427,663 samples loaded
  [Memory load batch 600] RSS: 33.98 GB
  610 batches, 122,000,000/218,427,663 samples loaded
  [Memory load batch 610] RSS: 34.53 GB
  620 batches, 124,000,000/218,427,663 samples loaded
  [Memory load batch 620] RSS: 35.08 GB
  630 batches, 126,000,000/218,427,663 samples loaded
  [Memory load batch 630] RSS: 35.63 GB
  640 batches, 128,000,000/218,427,663 samples loaded
  [Memory load batch 640] RSS: 36.19 GB
  650 batches, 130,000,000/218,427,663 samples loaded
  [Memory load batch 650] RSS: 36.74 GB
  660 batches, 132,000,000/218,427,663 samples loaded
  [Memory load batch 660] RSS: 37.29 GB
  670 batches, 134,000,000/218,427,663 samples loaded
  [Memory load batch 670] RSS: 37.85 GB
  680 batches, 136,000,000/218,427,663 samples loaded
  [Memory load batch 680] RSS: 38.40 GB
  690 batches, 138,000,000/218,427,663 samples loaded
  [Memory load batch 690] RSS: 38.96 GB
  700 batches, 140,000,000/218,427,663 samples loaded
  [Memory load batch 700] RSS: 39.51 GB
  710 batches, 142,000,000/218,427,663 samples loaded
  [Memory load batch 710] RSS: 40.06 GB
  720 batches, 144,000,000/218,427,663 samples loaded
  [Memory load batch 720] RSS: 40.61 GB
  730 batches, 146,000,000/218,427,663 samples loaded
  [Memory load batch 730] RSS: 41.17 GB
  740 batches, 148,000,000/218,427,663 samples loaded
  [Memory load batch 740] RSS: 41.72 GB
  750 batches, 150,000,000/218,427,663 samples loaded
  [Memory load batch 750] RSS: 42.28 GB
  760 batches, 152,000,000/218,427,663 samples loaded
  [Memory load batch 760] RSS: 42.83 GB
  770 batches, 154,000,000/218,427,663 samples loaded
  [Memory load batch 770] RSS: 43.38 GB
  780 batches, 156,000,000/218,427,663 samples loaded
  [Memory load batch 780] RSS: 43.93 GB
  790 batches, 158,000,000/218,427,663 samples loaded
  [Memory load batch 790] RSS: 44.49 GB
  800 batches, 160,000,000/218,427,663 samples loaded
  [Memory load batch 800] RSS: 45.04 GB
  810 batches, 162,000,000/218,427,663 samples loaded
  [Memory load batch 810] RSS: 45.59 GB
  820 batches, 164,000,000/218,427,663 samples loaded
  [Memory load batch 820] RSS: 46.14 GB
  830 batches, 166,000,000/218,427,663 samples loaded
  [Memory load batch 830] RSS: 46.70 GB
  840 batches, 168,000,000/218,427,663 samples loaded
  [Memory load batch 840] RSS: 47.25 GB
  850 batches, 170,000,000/218,427,663 samples loaded
  [Memory load batch 850] RSS: 47.81 GB
  860 batches, 172,000,000/218,427,663 samples loaded
  [Memory load batch 860] RSS: 48.36 GB
  870 batches, 174,000,000/218,427,663 samples loaded
  [Memory load batch 870] RSS: 48.91 GB
  880 batches, 176,000,000/218,427,663 samples loaded
  [Memory load batch 880] RSS: 49.46 GB
  890 batches, 178,000,000/218,427,663 samples loaded
  [Memory load batch 890] RSS: 50.02 GB
  900 batches, 180,000,000/218,427,663 samples loaded
  [Memory load batch 900] RSS: 50.57 GB
  910 batches, 182,000,000/218,427,663 samples loaded
  [Memory load batch 910] RSS: 51.13 GB
  920 batches, 184,000,000/218,427,663 samples loaded
  [Memory load batch 920] RSS: 51.68 GB
  930 batches, 186,000,000/218,427,663 samples loaded
  [Memory load batch 930] RSS: 52.23 GB
  940 batches, 188,000,000/218,427,663 samples loaded
  [Memory load batch 940] RSS: 52.79 GB
  950 batches, 190,000,000/218,427,663 samples loaded
  [Memory load batch 950] RSS: 53.34 GB
  960 batches, 192,000,000/218,427,663 samples loaded
  [Memory load batch 960] RSS: 53.89 GB
  970 batches, 194,000,000/218,427,663 samples loaded
  [Memory load batch 970] RSS: 54.45 GB
  980 batches, 196,000,000/218,427,663 samples loaded
  [Memory load batch 980] RSS: 55.00 GB
  990 batches, 198,000,000/218,427,663 samples loaded
  [Memory load batch 990] RSS: 55.55 GB
  1000 batches, 200,000,000/218,427,663 samples loaded
  [Memory load batch 1000] RSS: 56.11 GB
  1010 batches, 202,000,000/218,427,663 samples loaded
  [Memory load batch 1010] RSS: 56.66 GB
  1020 batches, 204,000,000/218,427,663 samples loaded
  [Memory load batch 1020] RSS: 57.21 GB
  1030 batches, 206,000,000/218,427,663 samples loaded
  [Memory load batch 1030] RSS: 57.76 GB
  1040 batches, 208,000,000/218,427,663 samples loaded
  [Memory load batch 1040] RSS: 58.32 GB
  1050 batches, 210,000,000/218,427,663 samples loaded
  [Memory load batch 1050] RSS: 58.87 GB
  1060 batches, 212,000,000/218,427,663 samples loaded
  [Memory load batch 1060] RSS: 59.42 GB
  1070 batches, 214,000,000/218,427,663 samples loaded
  [Memory load batch 1070] RSS: 59.98 GB
  1080 batches, 216,000,000/218,427,663 samples loaded
  [Memory load batch 1080] RSS: 60.53 GB
  1090 batches, 217,481,523/218,427,663 samples loaded
  [Memory load batch 1090] RSS: 60.96 GB
  1100 batches, 218,292,240/218,427,663 samples loaded
  [Memory load batch 1100] RSS: 61.19 GB
  Loaded 218,427,663 rows in 256.7s (60.42 GB)
  211,566,074 neg, 6,861,589 pos, ratio 1:30.8, years 2001-2013

Loading from 2 files (years 2014-2016) (two-pass NumPy loader)...
  Pass 1: Counting rows...
  Found 96,157,088 samples
  Pass 2: Pre-allocating arrays (96,157,088 samples, 73 features)...
  1090 batches, 518,477/96,157,088 samples loaded
  [Memory load batch 1090] RSS: 61.41 GB
  1100 batches, 1,707,760/96,157,088 samples loaded
  [Memory load batch 1100] RSS: 61.73 GB
  1110 batches, 3,577,818/96,157,088 samples loaded
  [Memory load batch 1110] RSS: 62.25 GB
  1120 batches, 5,577,818/96,157,088 samples loaded
  [Memory load batch 1120] RSS: 62.80 GB
  1130 batches, 7,573,757/96,157,088 samples loaded
  [Memory load batch 1130] RSS: 63.35 GB
  1140 batches, 9,573,757/96,157,088 samples loaded
  [Memory load batch 1140] RSS: 63.90 GB
  1150 batches, 11,573,757/96,157,088 samples loaded
  [Memory load batch 1150] RSS: 64.45 GB
  1160 batches, 13,573,406/96,157,088 samples loaded
  [Memory load batch 1160] RSS: 65.01 GB
  1170 batches, 15,572,337/96,157,088 samples loaded
  [Memory load batch 1170] RSS: 65.55 GB
  1180 batches, 17,572,337/96,157,088 samples loaded
  [Memory load batch 1180] RSS: 66.11 GB
  1190 batches, 19,572,337/96,157,088 samples loaded
  [Memory load batch 1190] RSS: 66.66 GB
  1200 batches, 21,572,337/96,157,088 samples loaded
  [Memory load batch 1200] RSS: 67.21 GB
  1210 batches, 23,572,337/96,157,088 samples loaded
  [Memory load batch 1210] RSS: 67.76 GB
  1220 batches, 25,572,337/96,157,088 samples loaded
  [Memory load batch 1220] RSS: 68.31 GB
  1230 batches, 27,572,337/96,157,088 samples loaded
  [Memory load batch 1230] RSS: 68.86 GB
  1240 batches, 29,572,337/96,157,088 samples loaded
  [Memory load batch 1240] RSS: 69.42 GB
  1250 batches, 31,572,337/96,157,088 samples loaded
  [Memory load batch 1250] RSS: 69.97 GB
  1260 batches, 33,572,337/96,157,088 samples loaded
  [Memory load batch 1260] RSS: 70.52 GB
  1270 batches, 35,572,337/96,157,088 samples loaded
  [Memory load batch 1270] RSS: 71.07 GB
  1280 batches, 37,572,337/96,157,088 samples loaded
  [Memory load batch 1280] RSS: 71.62 GB
  1290 batches, 39,572,337/96,157,088 samples loaded
  [Memory load batch 1290] RSS: 72.17 GB
  1300 batches, 41,572,337/96,157,088 samples loaded
  [Memory load batch 1300] RSS: 72.72 GB
  1310 batches, 43,572,337/96,157,088 samples loaded
  [Memory load batch 1310] RSS: 73.27 GB
  1320 batches, 45,572,337/96,157,088 samples loaded
  [Memory load batch 1320] RSS: 73.83 GB
  1330 batches, 47,572,337/96,157,088 samples loaded
  [Memory load batch 1330] RSS: 74.38 GB
  1340 batches, 49,478,544/96,157,088 samples loaded
  [Memory load batch 1340] RSS: 74.90 GB
  1350 batches, 51,478,544/96,157,088 samples loaded
  [Memory load batch 1350] RSS: 75.45 GB
  1360 batches, 53,478,544/96,157,088 samples loaded
  [Memory load batch 1360] RSS: 76.00 GB
  1370 batches, 55,478,544/96,157,088 samples loaded
  [Memory load batch 1370] RSS: 76.56 GB
  1380 batches, 57,478,544/96,157,088 samples loaded
  [Memory load batch 1380] RSS: 77.11 GB
  1390 batches, 59,478,544/96,157,088 samples loaded
  [Memory load batch 1390] RSS: 77.66 GB
  1400 batches, 61,478,544/96,157,088 samples loaded
  [Memory load batch 1400] RSS: 78.21 GB
  1410 batches, 63,478,544/96,157,088 samples loaded
  [Memory load batch 1410] RSS: 78.76 GB
  1420 batches, 65,478,544/96,157,088 samples loaded
  [Memory load batch 1420] RSS: 79.31 GB
  1430 batches, 67,478,544/96,157,088 samples loaded
  [Memory load batch 1430] RSS: 79.86 GB
  1440 batches, 69,478,544/96,157,088 samples loaded
  [Memory load batch 1440] RSS: 80.42 GB
  1450 batches, 71,478,544/96,157,088 samples loaded
  [Memory load batch 1450] RSS: 80.97 GB
  1460 batches, 73,478,544/96,157,088 samples loaded
  [Memory load batch 1460] RSS: 81.52 GB
  1470 batches, 75,478,544/96,157,088 samples loaded
  [Memory load batch 1470] RSS: 82.07 GB
  1480 batches, 77,478,544/96,157,088 samples loaded
  [Memory load batch 1480] RSS: 82.62 GB
  1490 batches, 79,478,544/96,157,088 samples loaded
  [Memory load batch 1490] RSS: 83.17 GB
  1500 batches, 81,478,544/96,157,088 samples loaded
  [Memory load batch 1500] RSS: 83.72 GB
  1510 batches, 83,478,544/96,157,088 samples loaded
  [Memory load batch 1510] RSS: 84.27 GB
  1520 batches, 85,478,544/96,157,088 samples loaded
  [Memory load batch 1520] RSS: 84.83 GB
  1530 batches, 87,478,544/96,157,088 samples loaded
  [Memory load batch 1530] RSS: 85.38 GB
  1540 batches, 89,478,544/96,157,088 samples loaded
  [Memory load batch 1540] RSS: 85.93 GB
  1550 batches, 91,478,544/96,157,088 samples loaded
  [Memory load batch 1550] RSS: 86.48 GB
  1560 batches, 93,478,544/96,157,088 samples loaded
  [Memory load batch 1560] RSS: 87.03 GB
  1570 batches, 95,478,544/96,157,088 samples loaded
  [Memory load batch 1570] RSS: 87.58 GB
  Loaded 96,157,088 rows in 124.0s (26.60 GB)
  94,847,326 neg, 1,309,762 pos, ratio 1:72.4, years 2014-2016

Fold 3: Train 218,427,663 samples, Earlystop 96,157,088 samples (earlystop years 2014-2016, capped at LAST_LABEL_YEAR=2019)
  NOTE: Earlystop used ONLY for early stopping, NOT for metric reporting.
  Training sample weights: min=0.500, max=1.000, mean=0.744
  Computed scale_pos_weight from training data: 30.833394 = 211,566,074 / 6,861,589
  Creating datasets...
  Training...
Training until validation scores don't improve for 500 rounds
[100]	earlystop's average_precision: 0.323757
[200]	earlystop's average_precision: 0.333944
[300]	earlystop's average_precision: 0.351288
[400]	earlystop's average_precision: 0.355472
[500]	earlystop's average_precision: 0.356997
[600]	earlystop's average_precision: 0.36198
[700]	earlystop's average_precision: 0.366874
[800]	earlystop's average_precision: 0.328512
[900]	earlystop's average_precision: 0.331511
[1000]	earlystop's average_precision: 0.335331
[1100]	earlystop's average_precision: 0.338924
[1200]	earlystop's average_precision: 0.340634
Early stopping, best iteration is:
[738]	earlystop's average_precision: 0.368502
  Generating OOF predictions on earlystop set (96,157,088 samples)...

  DIAGNOSTIC ONLY (not used for model selection / early stopping):
    PR-AUC: 0.3685
    ROC-AUC: 0.7521
    Base rate: 0.0136
    Precision@1%: 0.4837
  [Memory after fold 3 predictions] RSS: 2.43 GB

Saving temporal CV OOF predictions (1 folds)...
  Temporal CV OOF predictions saved: model1_lgbm_temporal_cv_predictions_20260309_153019.parquet
  Total samples: 96,157,088
  Folds: [2]

CV Diagnostics (aggregated across 1 non-skipped folds):
  PR-AUC: 0.3685 ± 0.0000
  ROC-AUC: 0.7521 ± 0.0000

Fold3 best_iteration: 738
Weighted average (before 1.05x): 738.00
Chosen iteration (weighted avg * 1.05): 775
After max with fold3_best_iteration (738): 775

======================================================================
TEMPORAL CV RESULTS (Aggregated)
======================================================================
CV Mode: fold3
Chosen iteration (for final model): 775
======================================================================

======================================================================
STEP B: FINAL MODEL TRAINING
======================================================================
Training final model on full dataset: 2001-2016
  [Memory before final model training] RSS: 1.33 GB

Loading full training data (2001-2016)...

Loading from 2 files (years 2001-2016) (two-pass NumPy loader)...
  Pass 1: Counting rows...
  Found 314,584,751 samples
  Pass 2: Pre-allocating arrays (314,584,751 samples, 73 features)...
  10 batches, 2,000,000/314,584,751 samples loaded
  [Memory load batch 10] RSS: 2.17 GB
  20 batches, 4,000,000/314,584,751 samples loaded
  [Memory load batch 20] RSS: 2.73 GB
  30 batches, 6,000,000/314,584,751 samples loaded
  [Memory load batch 30] RSS: 3.28 GB
  40 batches, 8,000,000/314,584,751 samples loaded
  [Memory load batch 40] RSS: 3.84 GB
  50 batches, 10,000,000/314,584,751 samples loaded
  [Memory load batch 50] RSS: 4.39 GB
  60 batches, 12,000,000/314,584,751 samples loaded
  [Memory load batch 60] RSS: 4.94 GB
  70 batches, 14,000,000/314,584,751 samples loaded
  [Memory load batch 70] RSS: 5.49 GB
  80 batches, 16,000,000/314,584,751 samples loaded
  [Memory load batch 80] RSS: 6.05 GB
  90 batches, 18,000,000/314,584,751 samples loaded
  [Memory load batch 90] RSS: 6.60 GB
  100 batches, 20,000,000/314,584,751 samples loaded
  [Memory load batch 100] RSS: 7.16 GB
  110 batches, 22,000,000/314,584,751 samples loaded
  [Memory load batch 110] RSS: 7.71 GB
  120 batches, 24,000,000/314,584,751 samples loaded
  [Memory load batch 120] RSS: 8.26 GB
  130 batches, 26,000,000/314,584,751 samples loaded
  [Memory load batch 130] RSS: 8.81 GB
  140 batches, 28,000,000/314,584,751 samples loaded
  [Memory load batch 140] RSS: 9.37 GB
  150 batches, 30,000,000/314,584,751 samples loaded
  [Memory load batch 150] RSS: 9.92 GB
  160 batches, 32,000,000/314,584,751 samples loaded
  [Memory load batch 160] RSS: 10.47 GB
  170 batches, 34,000,000/314,584,751 samples loaded
  [Memory load batch 170] RSS: 11.03 GB
  180 batches, 36,000,000/314,584,751 samples loaded
  [Memory load batch 180] RSS: 11.58 GB
  190 batches, 38,000,000/314,584,751 samples loaded
  [Memory load batch 190] RSS: 12.13 GB
  200 batches, 40,000,000/314,584,751 samples loaded
  [Memory load batch 200] RSS: 12.69 GB
  210 batches, 42,000,000/314,584,751 samples loaded
  [Memory load batch 210] RSS: 13.24 GB
  220 batches, 44,000,000/314,584,751 samples loaded
  [Memory load batch 220] RSS: 13.79 GB
  230 batches, 46,000,000/314,584,751 samples loaded
  [Memory load batch 230] RSS: 14.35 GB
  240 batches, 48,000,000/314,584,751 samples loaded
  [Memory load batch 240] RSS: 14.90 GB
  250 batches, 50,000,000/314,584,751 samples loaded
  [Memory load batch 250] RSS: 15.45 GB
  260 batches, 52,000,000/314,584,751 samples loaded
  [Memory load batch 260] RSS: 16.01 GB
  270 batches, 54,000,000/314,584,751 samples loaded
  [Memory load batch 270] RSS: 16.56 GB
  280 batches, 56,000,000/314,584,751 samples loaded
  [Memory load batch 280] RSS: 17.11 GB
  290 batches, 58,000,000/314,584,751 samples loaded
  [Memory load batch 290] RSS: 17.67 GB
  300 batches, 60,000,000/314,584,751 samples loaded
  [Memory load batch 300] RSS: 18.22 GB
  310 batches, 62,000,000/314,584,751 samples loaded
  [Memory load batch 310] RSS: 18.77 GB
  320 batches, 64,000,000/314,584,751 samples loaded
  [Memory load batch 320] RSS: 19.33 GB
  330 batches, 66,000,000/314,584,751 samples loaded
  [Memory load batch 330] RSS: 19.88 GB
  340 batches, 68,000,000/314,584,751 samples loaded
  [Memory load batch 340] RSS: 20.43 GB
  350 batches, 70,000,000/314,584,751 samples loaded
  [Memory load batch 350] RSS: 20.98 GB
  360 batches, 72,000,000/314,584,751 samples loaded
  [Memory load batch 360] RSS: 21.54 GB
  370 batches, 74,000,000/314,584,751 samples loaded
  [Memory load batch 370] RSS: 22.09 GB
  380 batches, 76,000,000/314,584,751 samples loaded
  [Memory load batch 380] RSS: 22.64 GB
  390 batches, 78,000,000/314,584,751 samples loaded
  [Memory load batch 390] RSS: 23.20 GB
  400 batches, 80,000,000/314,584,751 samples loaded
  [Memory load batch 400] RSS: 23.75 GB
  410 batches, 82,000,000/314,584,751 samples loaded
  [Memory load batch 410] RSS: 24.30 GB
  420 batches, 84,000,000/314,584,751 samples loaded
  [Memory load batch 420] RSS: 24.86 GB
  430 batches, 86,000,000/314,584,751 samples loaded
  [Memory load batch 430] RSS: 25.41 GB
  440 batches, 88,000,000/314,584,751 samples loaded
  [Memory load batch 440] RSS: 25.96 GB
  450 batches, 90,000,000/314,584,751 samples loaded
  [Memory load batch 450] RSS: 26.52 GB
  460 batches, 92,000,000/314,584,751 samples loaded
  [Memory load batch 460] RSS: 27.07 GB
  470 batches, 94,000,000/314,584,751 samples loaded
  [Memory load batch 470] RSS: 27.62 GB
  480 batches, 96,000,000/314,584,751 samples loaded
  [Memory load batch 480] RSS: 28.18 GB
  490 batches, 98,000,000/314,584,751 samples loaded
  [Memory load batch 490] RSS: 28.73 GB
  500 batches, 100,000,000/314,584,751 samples loaded
  [Memory load batch 500] RSS: 29.28 GB
  510 batches, 102,000,000/314,584,751 samples loaded
  [Memory load batch 510] RSS: 29.84 GB
  520 batches, 104,000,000/314,584,751 samples loaded
  [Memory load batch 520] RSS: 30.39 GB
  530 batches, 106,000,000/314,584,751 samples loaded
  [Memory load batch 530] RSS: 30.94 GB
  540 batches, 108,000,000/314,584,751 samples loaded
  [Memory load batch 540] RSS: 31.49 GB
  550 batches, 110,000,000/314,584,751 samples loaded
  [Memory load batch 550] RSS: 32.05 GB
  560 batches, 112,000,000/314,584,751 samples loaded
  [Memory load batch 560] RSS: 32.60 GB
  570 batches, 114,000,000/314,584,751 samples loaded
  [Memory load batch 570] RSS: 33.16 GB
  580 batches, 116,000,000/314,584,751 samples loaded
  [Memory load batch 580] RSS: 33.71 GB
  590 batches, 118,000,000/314,584,751 samples loaded
  [Memory load batch 590] RSS: 34.26 GB
  600 batches, 120,000,000/314,584,751 samples loaded
  [Memory load batch 600] RSS: 34.81 GB
  610 batches, 122,000,000/314,584,751 samples loaded
  [Memory load batch 610] RSS: 35.37 GB
  620 batches, 124,000,000/314,584,751 samples loaded
  [Memory load batch 620] RSS: 35.92 GB
  630 batches, 126,000,000/314,584,751 samples loaded
  [Memory load batch 630] RSS: 36.48 GB
  640 batches, 128,000,000/314,584,751 samples loaded
  [Memory load batch 640] RSS: 37.03 GB
  650 batches, 130,000,000/314,584,751 samples loaded
  [Memory load batch 650] RSS: 37.58 GB
  660 batches, 132,000,000/314,584,751 samples loaded
  [Memory load batch 660] RSS: 38.13 GB
  670 batches, 134,000,000/314,584,751 samples loaded
  [Memory load batch 670] RSS: 38.69 GB
  680 batches, 136,000,000/314,584,751 samples loaded
  [Memory load batch 680] RSS: 39.24 GB
  690 batches, 138,000,000/314,584,751 samples loaded
  [Memory load batch 690] RSS: 39.79 GB
  700 batches, 140,000,000/314,584,751 samples loaded
  [Memory load batch 700] RSS: 40.35 GB
  710 batches, 142,000,000/314,584,751 samples loaded
  [Memory load batch 710] RSS: 40.90 GB
  720 batches, 144,000,000/314,584,751 samples loaded
  [Memory load batch 720] RSS: 41.45 GB
  730 batches, 146,000,000/314,584,751 samples loaded
  [Memory load batch 730] RSS: 42.01 GB
  740 batches, 148,000,000/314,584,751 samples loaded
  [Memory load batch 740] RSS: 42.56 GB
  750 batches, 150,000,000/314,584,751 samples loaded
  [Memory load batch 750] RSS: 43.11 GB
  760 batches, 152,000,000/314,584,751 samples loaded
  [Memory load batch 760] RSS: 43.67 GB
  770 batches, 154,000,000/314,584,751 samples loaded
  [Memory load batch 770] RSS: 44.22 GB
  780 batches, 156,000,000/314,584,751 samples loaded
  [Memory load batch 780] RSS: 44.77 GB
  790 batches, 158,000,000/314,584,751 samples loaded
  [Memory load batch 790] RSS: 45.33 GB
  800 batches, 160,000,000/314,584,751 samples loaded
  [Memory load batch 800] RSS: 45.88 GB
  810 batches, 162,000,000/314,584,751 samples loaded
  [Memory load batch 810] RSS: 46.43 GB
  820 batches, 164,000,000/314,584,751 samples loaded
  [Memory load batch 820] RSS: 46.99 GB
  830 batches, 166,000,000/314,584,751 samples loaded
  [Memory load batch 830] RSS: 47.54 GB
  840 batches, 168,000,000/314,584,751 samples loaded
  [Memory load batch 840] RSS: 48.09 GB
  850 batches, 170,000,000/314,584,751 samples loaded
  [Memory load batch 850] RSS: 48.65 GB
  860 batches, 172,000,000/314,584,751 samples loaded
  [Memory load batch 860] RSS: 49.20 GB
  870 batches, 174,000,000/314,584,751 samples loaded
  [Memory load batch 870] RSS: 49.75 GB
  880 batches, 176,000,000/314,584,751 samples loaded
  [Memory load batch 880] RSS: 50.30 GB
  890 batches, 178,000,000/314,584,751 samples loaded
  [Memory load batch 890] RSS: 50.86 GB
  900 batches, 180,000,000/314,584,751 samples loaded
  [Memory load batch 900] RSS: 51.41 GB
  910 batches, 182,000,000/314,584,751 samples loaded
  [Memory load batch 910] RSS: 51.96 GB
  920 batches, 184,000,000/314,584,751 samples loaded
  [Memory load batch 920] RSS: 52.52 GB
  930 batches, 186,000,000/314,584,751 samples loaded
  [Memory load batch 930] RSS: 53.07 GB
  940 batches, 188,000,000/314,584,751 samples loaded
  [Memory load batch 940] RSS: 53.62 GB
  950 batches, 190,000,000/314,584,751 samples loaded
  [Memory load batch 950] RSS: 54.18 GB
  960 batches, 192,000,000/314,584,751 samples loaded
  [Memory load batch 960] RSS: 54.73 GB
  970 batches, 194,000,000/314,584,751 samples loaded
  [Memory load batch 970] RSS: 55.28 GB
  980 batches, 196,000,000/314,584,751 samples loaded
  [Memory load batch 980] RSS: 55.84 GB
  990 batches, 198,000,000/314,584,751 samples loaded
  [Memory load batch 990] RSS: 56.39 GB
  1000 batches, 200,000,000/314,584,751 samples loaded
  [Memory load batch 1000] RSS: 56.94 GB
  1010 batches, 202,000,000/314,584,751 samples loaded
  [Memory load batch 1010] RSS: 57.50 GB
  1020 batches, 204,000,000/314,584,751 samples loaded
  [Memory load batch 1020] RSS: 58.05 GB
  1030 batches, 206,000,000/314,584,751 samples loaded
  [Memory load batch 1030] RSS: 58.60 GB
  1040 batches, 208,000,000/314,584,751 samples loaded
  [Memory load batch 1040] RSS: 59.16 GB
  1050 batches, 210,000,000/314,584,751 samples loaded
  [Memory load batch 1050] RSS: 59.71 GB
  1060 batches, 212,000,000/314,584,751 samples loaded
  [Memory load batch 1060] RSS: 60.26 GB
  1070 batches, 214,000,000/314,584,751 samples loaded
  [Memory load batch 1070] RSS: 60.82 GB
  1080 batches, 216,000,000/314,584,751 samples loaded
  [Memory load batch 1080] RSS: 61.37 GB
  1090 batches, 218,000,000/314,584,751 samples loaded
  [Memory load batch 1090] RSS: 61.92 GB
  1100 batches, 220,000,000/314,584,751 samples loaded
  [Memory load batch 1100] RSS: 62.47 GB
  1110 batches, 222,000,000/314,584,751 samples loaded
  [Memory load batch 1110] RSS: 63.03 GB
  1120 batches, 224,000,000/314,584,751 samples loaded
  [Memory load batch 1120] RSS: 63.58 GB
  1130 batches, 226,000,000/314,584,751 samples loaded
  [Memory load batch 1130] RSS: 64.13 GB
  1140 batches, 228,000,000/314,584,751 samples loaded
  [Memory load batch 1140] RSS: 64.69 GB
  1150 batches, 230,000,000/314,584,751 samples loaded
  [Memory load batch 1150] RSS: 65.24 GB
  1160 batches, 232,000,000/314,584,751 samples loaded
  [Memory load batch 1160] RSS: 65.79 GB
  1170 batches, 234,000,000/314,584,751 samples loaded
  [Memory load batch 1170] RSS: 66.35 GB
  1180 batches, 236,000,000/314,584,751 samples loaded
  [Memory load batch 1180] RSS: 66.90 GB
  1190 batches, 238,000,000/314,584,751 samples loaded
  [Memory load batch 1190] RSS: 67.45 GB
  1200 batches, 240,000,000/314,584,751 samples loaded
  [Memory load batch 1200] RSS: 68.01 GB
  1210 batches, 242,000,000/314,584,751 samples loaded
  [Memory load batch 1210] RSS: 68.56 GB
  1220 batches, 244,000,000/314,584,751 samples loaded
  [Memory load batch 1220] RSS: 69.11 GB
  1230 batches, 246,000,000/314,584,751 samples loaded
  [Memory load batch 1230] RSS: 69.67 GB
  1240 batches, 248,000,000/314,584,751 samples loaded
  [Memory load batch 1240] RSS: 70.22 GB
  1250 batches, 250,000,000/314,584,751 samples loaded
  [Memory load batch 1250] RSS: 70.77 GB
  1260 batches, 252,000,000/314,584,751 samples loaded
  [Memory load batch 1260] RSS: 71.33 GB
  1270 batches, 254,000,000/314,584,751 samples loaded
  [Memory load batch 1270] RSS: 71.88 GB
  1280 batches, 256,000,000/314,584,751 samples loaded
  [Memory load batch 1280] RSS: 72.43 GB
  1290 batches, 258,000,000/314,584,751 samples loaded
  [Memory load batch 1290] RSS: 72.99 GB
  1300 batches, 260,000,000/314,584,751 samples loaded
  [Memory load batch 1300] RSS: 73.53 GB
  1310 batches, 262,000,000/314,584,751 samples loaded
  [Memory load batch 1310] RSS: 74.09 GB
  1320 batches, 264,000,000/314,584,751 samples loaded
  [Memory load batch 1320] RSS: 74.64 GB
  1330 batches, 266,000,000/314,584,751 samples loaded
  [Memory load batch 1330] RSS: 75.20 GB
  1340 batches, 267,906,207/314,584,751 samples loaded
  [Memory load batch 1340] RSS: 75.72 GB
  1350 batches, 269,906,207/314,584,751 samples loaded
  [Memory load batch 1350] RSS: 76.28 GB
  1360 batches, 271,906,207/314,584,751 samples loaded
  [Memory load batch 1360] RSS: 76.83 GB
  1370 batches, 273,906,207/314,584,751 samples loaded
  [Memory load batch 1370] RSS: 77.38 GB
  1380 batches, 275,906,207/314,584,751 samples loaded
  [Memory load batch 1380] RSS: 77.94 GB
  1390 batches, 277,906,207/314,584,751 samples loaded
  [Memory load batch 1390] RSS: 78.49 GB
  1400 batches, 279,906,207/314,584,751 samples loaded
  [Memory load batch 1400] RSS: 79.04 GB
  1410 batches, 281,906,207/314,584,751 samples loaded
  [Memory load batch 1410] RSS: 79.59 GB
  1420 batches, 283,906,207/314,584,751 samples loaded
  [Memory load batch 1420] RSS: 80.15 GB
  1430 batches, 285,906,207/314,584,751 samples loaded
  [Memory load batch 1430] RSS: 80.70 GB
  1440 batches, 287,906,207/314,584,751 samples loaded
  [Memory load batch 1440] RSS: 81.26 GB
  1450 batches, 289,906,207/314,584,751 samples loaded
  [Memory load batch 1450] RSS: 81.81 GB
  1460 batches, 291,906,207/314,584,751 samples loaded
  [Memory load batch 1460] RSS: 82.36 GB
  1470 batches, 293,906,207/314,584,751 samples loaded
  [Memory load batch 1470] RSS: 82.91 GB
  1480 batches, 295,906,207/314,584,751 samples loaded
  [Memory load batch 1480] RSS: 83.47 GB
  1490 batches, 297,906,207/314,584,751 samples loaded
  [Memory load batch 1490] RSS: 84.02 GB
  1500 batches, 299,906,207/314,584,751 samples loaded
  [Memory load batch 1500] RSS: 84.58 GB
  1510 batches, 301,906,207/314,584,751 samples loaded
  [Memory load batch 1510] RSS: 85.12 GB
  1520 batches, 303,906,207/314,584,751 samples loaded
  [Memory load batch 1520] RSS: 85.68 GB
  1530 batches, 305,906,207/314,584,751 samples loaded
  [Memory load batch 1530] RSS: 86.23 GB
  1540 batches, 307,906,207/314,584,751 samples loaded
  [Memory load batch 1540] RSS: 86.79 GB
  1550 batches, 309,906,207/314,584,751 samples loaded
  [Memory load batch 1550] RSS: 86.60 GB
  1560 batches, 311,906,207/314,584,751 samples loaded
  [Memory load batch 1560] RSS: 87.15 GB
  1570 batches, 313,906,207/314,584,751 samples loaded
  [Memory load batch 1570] RSS: 87.70 GB
  Loaded 314,584,751 rows in 523.3s (87.02 GB)
  306,413,400 neg, 8,171,351 pos, ratio 1:37.5, years 2001-2016
  [Memory after loading final data] RSS: 87.91 GB

Final model training: train (2001-2016): 314,584,751 rows
Final training: no earlystop/val; num_boost_round fixed from CV to avoid leakage.
  Training sample weights: min=0.500, max=1.000, mean=0.778

Imbalance: Computed scale_pos_weight from training data: 37.498499 = 306,413,400 / 8,171,351

Training final model on 314,584,751 samples...
  [Memory before final training] RSS: 89.08 GB

Final model parameters:
  boosting_type: gbdt
  colsample_bynode: 0.5533445346791958
  colsample_bytree: 0.7
  is_unbalance: False
  learning_rate: 0.0422247011782185
  max_depth: 35
  metric: average_precision
  min_child_samples: 144
  min_split_gain: 0.003734373949593618
  num_leaves: 238
  num_threads: 8
  objective: binary
  path_smooth: 2.881526228955016
  random_state: 42
  reg_alpha: 1.8246601965129443
  reg_lambda: 2.475579682420576e-05
  scale_pos_weight: 37.498499330159724
  subsample: 0.9061122914959859
  subsample_freq: 1
  verbose: -1
  Creating dataset...
  [Memory after train dataset creation] RSS: 87.91 GB
  Starting training with num_boost_round=775 (fixed from CV, no validation set/early stopping)...
  Progress will be logged every 100 iterations via LightGBM callback.

Training done in 5034.5s. Used 775 iterations (chosen based on CV)
Final model saved: /cluster/home/gikaufmann/master_thesis/data/south_america/ml/models/model1_lgbm_20260309_153019.pkl
Phase 1 completed.

======================================================================
PHASE 2: TESTING
======================================================================
  [Memory start of Phase 2] RSS: 1.80 GB

Loading model from /cluster/home/gikaufmann/master_thesis/data/south_america/ml/models/model1_lgbm_20260309_153019.pkl
  [Memory after loading model] RSS: 1.80 GB
Processing test in batches of 200,000...
Test year range: 2017-2019 (capped at LAST_LABEL_YEAR=2019)
  Pass 1: Counting test rows (year_range=(2017, 2019))...
  Found 47,695,507 test samples (filtered to year_range=2017-2019)
  Pre-allocating arrays for 47,695,507 samples...
  [Memory after pre-allocation] RSS: 1.81 GB
  Using 775 iterations for predictions (chosen from CV)
  Pass 2: Processing test batches (year_range=(2017, 2019))...
Writing to /cluster/home/gikaufmann/master_thesis/outputs/south_america/results/ml_models/model1_lgbm_scored_20260309_153019.parquet
  10 batches, 2,000,000/47,695,507 rows
  [Memory batch 10] RSS: 1.83 GB
  20 batches, 4,000,000/47,695,507 rows
  [Memory batch 20] RSS: 1.84 GB
  30 batches, 6,000,000/47,695,507 rows
  [Memory batch 30] RSS: 1.85 GB
  40 batches, 8,000,000/47,695,507 rows
  [Memory batch 40] RSS: 1.86 GB
  50 batches, 10,000,000/47,695,507 rows
  [Memory batch 50] RSS: 1.86 GB
  60 batches, 12,000,000/47,695,507 rows
  [Memory batch 60] RSS: 1.87 GB
  70 batches, 14,000,000/47,695,507 rows
  [Memory batch 70] RSS: 1.88 GB
  80 batches, 16,000,000/47,695,507 rows
  [Memory batch 80] RSS: 1.88 GB
  90 batches, 18,000,000/47,695,507 rows
  [Memory batch 90] RSS: 1.89 GB
  100 batches, 20,000,000/47,695,507 rows
  [Memory batch 100] RSS: 1.90 GB
  110 batches, 22,000,000/47,695,507 rows
  [Memory batch 110] RSS: 1.91 GB
  120 batches, 24,000,000/47,695,507 rows
  [Memory batch 120] RSS: 1.91 GB
  130 batches, 26,000,000/47,695,507 rows
  [Memory batch 130] RSS: 1.92 GB
  140 batches, 28,000,000/47,695,507 rows
  [Memory batch 140] RSS: 1.93 GB
  150 batches, 30,000,000/47,695,507 rows
  [Memory batch 150] RSS: 1.94 GB
  160 batches, 32,000,000/47,695,507 rows
  [Memory batch 160] RSS: 1.95 GB
  170 batches, 34,000,000/47,695,507 rows
  [Memory batch 170] RSS: 1.95 GB
  180 batches, 36,000,000/47,695,507 rows
  [Memory batch 180] RSS: 1.96 GB
  190 batches, 38,000,000/47,695,507 rows
  [Memory batch 190] RSS: 1.97 GB
  200 batches, 40,000,000/47,695,507 rows
  [Memory batch 200] RSS: 1.98 GB
  210 batches, 42,000,000/47,695,507 rows
  [Memory batch 210] RSS: 1.99 GB
  220 batches, 44,000,000/47,695,507 rows
  [Memory batch 220] RSS: 1.99 GB
  230 batches, 46,000,000/47,695,507 rows
  [Memory batch 230] RSS: 2.00 GB
Completed 239 batches in 314.7s, 47,695,507 rows
  [Memory after all predictions] RSS: 2.01 GB

Test set: 47,315,443 neg, 380,064 pos, ratio 1:124.5, years 2017-2019

Test metrics: ROC-AUC 0.8967, PR-AUC 0.6450
  P@1%: 0.5323 (253,905/476,955), lift 66.81x
  P@5%: 0.1159 (276,332/2,384,775), lift 14.54x
  P@10%: 0.0602 (287,326/4,769,550), lift 7.56x

Top 20 features:
                  feature  importance
          dist_powerplant        6405
             dist_oil_gas        6095
                policy_b2        5912
                policy_b4        5788
                      GPW        5740
          dist_indigenous        5734
deforestation_b1_smooth64        5660
    elevation_b2_smooth64        5070
    elevation_b1_smooth64        5018
          GSN_b5_smooth64        4958
             GPW_smooth64        4837
                dist_wdpa        4608
                policy_b3        4522
            WorldClim_b12        4479
          GSN_b4_smooth64        4387
             WorldClim_b7        4306
            WorldClim_b17        4247
            WorldClim_b11        3955
          GSN_b2_smooth64        3765
            WorldClim_b14        3751

Metrics saved: /cluster/home/gikaufmann/master_thesis/outputs/south_america/results/ml_models/model1_lgbm_metrics_20260309_153019.json

======================================================================
SUMMARY
======================================================================
Model: LightGBM, 73 features

Temporal Cross-Validation (CV Mode: fold3):
  Folds run: 1
  Final num_boost_round (chosen): 775
  Fold3 best_iteration: 738

Test (2017-2019, 47,695,507 samples, 0.797% pos): ROC-AUC 0.8967, PR-AUC 0.6450
  P@1%: 0.5323 (66.8x), P@5%: 0.1159 (14.5x), P@10%: 0.0602 (7.6x)

Timings: train 5034.5s, pred 314.7s, total 18251.8s (304.2m)
======================================================================
Done.

Output saved to: /cluster/home/gikaufmann/master_thesis/outputs/south_america/results/ml_models/model1_lgbm_20260309_153019.txt
model1_LGBM script finished.
