Starting model1_RF script...
drwxr-xr-x 10 gikaufmann gikaufmann-group 4096 Mar 12 15:16 /cluster/home/gikaufmann/master_thesis
PWD = /cluster/home/gikaufmann/master_thesis

Loaded params from /cluster/home/gikaufmann/master_thesis/scripts/regions/south_america/5_training/rf_best_params.json
Best CV score: 0.6458
W&B connected
======================================================================
RANDOM FOREST TRANSITION MODEL (5-YEAR LOOKAHEAD)
======================================================================
Train: /cluster/scratch/gikaufmann/data/south_america/ml/main/train_win5.parquet
Earlystop: /cluster/scratch/gikaufmann/data/south_america/ml/main/earlystop_win5.parquet
Test: /cluster/scratch/gikaufmann/data/south_america/ml/main/test_win5.parquet
Params: /cluster/home/gikaufmann/master_thesis/scripts/regions/south_america/5_training/rf_best_params.json
Output: /cluster/home/gikaufmann/master_thesis/outputs/south_america/results/ml_models

Configuration:
  WDPA_LAST_YEAR: 2024
  LOOKAHEAD_YEARS: 5
  LAST_LABEL_YEAR: 2019 (WDPA_LAST_YEAR - LOOKAHEAD_YEARS)
  Earlystop/Test data filtered to years <= 2019 to avoid right-censored labels
  BATCH_SIZE: 100,000 (smaller batch = less memory per iteration)
  MAX_NEG_TRAIN: 50,000,000 (negative samples will be downsampled to this cap)
    -> This keeps ALL positives but samples negatives to control memory
    -> For 500M rows, this is ESSENTIAL to avoid OOM

Active configuration: SK_VERBOSE=0
  CPUs: 32 (SLURM_CPUS_PER_TASK=32)

======================================================================
OOM SAFETY STATUS:
  ✓ Configuration is OOM-safe for large datasets (500M rows)
    - Batch size: 100,000 (manageable chunks)
    - Negative sampling: 50,000,000 (memory bounded)
    - All predictions use batch processing (no large arrays in memory)
======================================================================

Selected 73 features, loading 79 cols from train, 79 from test
Target column: transition_01_win5

======================================================================
PHASE 1: TRAINING RANDOM FOREST MODEL
======================================================================
  [Memory start of Phase 1] RSS: 0.38 GB

----------------------------------------------------------------------
STEP 1: INTERMEDIATE MODEL → OOF EARLYSTOP PREDICTIONS FOR CALIBRATION
----------------------------------------------------------------------
Training intermediate model on 2001-2013 only...
  Earlystop years (2014-2016) are excluded so that
  scoring the earlystop set produces genuinely out-of-sample predictions.

Loading train data (2001-2013)...

Loading train_only (years 2001-2013) (max_neg=50,000,000) (two-pass NumPy loader)...
  Pass 1: Counting rows...
  Found 6,861,589 positives, 211,566,074 negatives (will sample to 50,000,000 negatives)
  Pass 2: Pre-allocating arrays (56,861,589 samples, 73 features)...
  10 batches, 50,168,652/56,861,589 samples loaded
  [Memory load batch 10] RSS: 1.28 GB
  20 batches, 50,336,752/56,861,589 samples loaded
  [Memory load batch 20] RSS: 1.56 GB
  30 batches, 50,454,503/56,861,589 samples loaded
  [Memory load batch 30] RSS: 1.84 GB
  40 batches, 50,501,770/56,861,589 samples loaded
  [Memory load batch 40] RSS: 2.12 GB
  50 batches, 50,561,017/56,861,589 samples loaded
  [Memory load batch 50] RSS: 2.37 GB
  60 batches, 50,603,755/56,861,589 samples loaded
  [Memory load batch 60] RSS: 2.67 GB
  70 batches, 50,672,361/56,861,589 samples loaded
  [Memory load batch 70] RSS: 2.89 GB
  80 batches, 50,822,749/56,861,589 samples loaded
  [Memory load batch 80] RSS: 3.18 GB
  90 batches, 50,860,519/56,861,589 samples loaded
  [Memory load batch 90] RSS: 3.49 GB
  100 batches, 50,874,565/56,861,589 samples loaded
  [Memory load batch 100] RSS: 3.78 GB
  110 batches, 50,885,902/56,861,589 samples loaded
  [Memory load batch 110] RSS: 3.97 GB
  120 batches, 50,898,353/56,861,589 samples loaded
  [Memory load batch 120] RSS: 4.30 GB
  130 batches, 50,906,317/56,861,589 samples loaded
  [Memory load batch 130] RSS: 4.60 GB
  140 batches, 50,923,586/56,861,589 samples loaded
  [Memory load batch 140] RSS: 4.88 GB
  150 batches, 50,936,724/56,861,589 samples loaded
  [Memory load batch 150] RSS: 5.15 GB
  160 batches, 50,959,170/56,861,589 samples loaded
  [Memory load batch 160] RSS: 5.37 GB
  170 batches, 50,987,523/56,861,589 samples loaded
  [Memory load batch 170] RSS: 5.68 GB
  180 batches, 51,153,793/56,861,589 samples loaded
  [Memory load batch 180] RSS: 5.95 GB
  190 batches, 51,193,438/56,861,589 samples loaded
  [Memory load batch 190] RSS: 6.25 GB
  200 batches, 51,302,390/56,861,589 samples loaded
  [Memory load batch 200] RSS: 6.52 GB
  210 batches, 51,341,868/56,861,589 samples loaded
  [Memory load batch 210] RSS: 6.80 GB
  220 batches, 51,370,945/56,861,589 samples loaded
  [Memory load batch 220] RSS: 7.08 GB
  230 batches, 51,443,045/56,861,589 samples loaded
  [Memory load batch 230] RSS: 7.35 GB
  240 batches, 51,557,266/56,861,589 samples loaded
  [Memory load batch 240] RSS: 7.63 GB
  250 batches, 51,689,873/56,861,589 samples loaded
  [Memory load batch 250] RSS: 7.88 GB
  260 batches, 51,722,508/56,861,589 samples loaded
  [Memory load batch 260] RSS: 8.16 GB
  270 batches, 51,737,548/56,861,589 samples loaded
  [Memory load batch 270] RSS: 8.44 GB
  280 batches, 51,755,660/56,861,589 samples loaded
  [Memory load batch 280] RSS: 8.71 GB
  290 batches, 51,764,130/56,861,589 samples loaded
  [Memory load batch 290] RSS: 9.02 GB
  300 batches, 51,787,549/56,861,589 samples loaded
  [Memory load batch 300] RSS: 9.29 GB
  310 batches, 51,799,887/56,861,589 samples loaded
  [Memory load batch 310] RSS: 9.57 GB
  320 batches, 51,809,601/56,861,589 samples loaded
  [Memory load batch 320] RSS: 9.82 GB
  330 batches, 51,814,911/56,861,589 samples loaded
  [Memory load batch 330] RSS: 10.12 GB
  340 batches, 51,872,389/56,861,589 samples loaded
  [Memory load batch 340] RSS: 10.33 GB
  350 batches, 51,936,853/56,861,589 samples loaded
  [Memory load batch 350] RSS: 10.67 GB
  360 batches, 51,989,780/56,861,589 samples loaded
  [Memory load batch 360] RSS: 10.91 GB
  370 batches, 52,098,103/56,861,589 samples loaded
  [Memory load batch 370] RSS: 11.19 GB
  380 batches, 52,160,387/56,861,589 samples loaded
  [Memory load batch 380] RSS: 11.49 GB
  390 batches, 52,220,400/56,861,589 samples loaded
  [Memory load batch 390] RSS: 11.77 GB
  400 batches, 52,314,467/56,861,589 samples loaded
  [Memory load batch 400] RSS: 12.03 GB
  410 batches, 52,500,489/56,861,589 samples loaded
  [Memory load batch 410] RSS: 12.27 GB
  420 batches, 52,634,809/56,861,589 samples loaded
  [Memory load batch 420] RSS: 12.60 GB
  430 batches, 52,670,936/56,861,589 samples loaded
  [Memory load batch 430] RSS: 12.90 GB
  440 batches, 52,682,889/56,861,589 samples loaded
  [Memory load batch 440] RSS: 13.15 GB
  450 batches, 52,695,729/56,861,589 samples loaded
  [Memory load batch 450] RSS: 13.40 GB
  460 batches, 52,710,758/56,861,589 samples loaded
  [Memory load batch 460] RSS: 13.70 GB
  470 batches, 52,717,529/56,861,589 samples loaded
  [Memory load batch 470] RSS: 13.95 GB
  480 batches, 52,727,989/56,861,589 samples loaded
  [Memory load batch 480] RSS: 14.25 GB
  490 batches, 52,745,230/56,861,589 samples loaded
  [Memory load batch 490] RSS: 14.50 GB
  500 batches, 52,750,670/56,861,589 samples loaded
  [Memory load batch 500] RSS: 14.80 GB
  510 batches, 52,805,145/56,861,589 samples loaded
  [Memory load batch 510] RSS: 15.07 GB
  520 batches, 52,858,484/56,861,589 samples loaded
  [Memory load batch 520] RSS: 15.35 GB
  530 batches, 52,897,754/56,861,589 samples loaded
  [Memory load batch 530] RSS: 15.57 GB
  540 batches, 52,983,418/56,861,589 samples loaded
  [Memory load batch 540] RSS: 15.57 GB
  550 batches, 53,096,032/56,861,589 samples loaded
  [Memory load batch 550] RSS: 15.63 GB
  560 batches, 53,193,193/56,861,589 samples loaded
  [Memory load batch 560] RSS: 15.68 GB
  570 batches, 53,325,833/56,861,589 samples loaded
  [Memory load batch 570] RSS: 15.64 GB
  580 batches, 53,416,205/56,861,589 samples loaded
  [Memory load batch 580] RSS: 15.74 GB
  590 batches, 53,616,876/56,861,589 samples loaded
  [Memory load batch 590] RSS: 15.79 GB
  600 batches, 53,657,651/56,861,589 samples loaded
  [Memory load batch 600] RSS: 15.79 GB
  610 batches, 53,663,000/56,861,589 samples loaded
  [Memory load batch 610] RSS: 15.81 GB
  620 batches, 53,676,759/56,861,589 samples loaded
  [Memory load batch 620] RSS: 15.84 GB
  630 batches, 53,689,933/56,861,589 samples loaded
  [Memory load batch 630] RSS: 15.82 GB
  640 batches, 53,696,189/56,861,589 samples loaded
  [Memory load batch 640] RSS: 15.82 GB
  650 batches, 53,710,186/56,861,589 samples loaded
  [Memory load batch 650] RSS: 15.83 GB
  660 batches, 53,727,397/56,861,589 samples loaded
  [Memory load batch 660] RSS: 15.80 GB
  670 batches, 53,739,397/56,861,589 samples loaded
  [Memory load batch 670] RSS: 15.83 GB
  680 batches, 53,765,658/56,861,589 samples loaded
  [Memory load batch 680] RSS: 15.81 GB
  690 batches, 53,806,351/56,861,589 samples loaded
  [Memory load batch 690] RSS: 15.85 GB
  700 batches, 53,842,742/56,861,589 samples loaded
  [Memory load batch 700] RSS: 15.86 GB
  710 batches, 53,891,871/56,861,589 samples loaded
  [Memory load batch 710] RSS: 15.82 GB
  720 batches, 53,944,502/56,861,589 samples loaded
  [Memory load batch 720] RSS: 15.89 GB
  730 batches, 54,049,319/56,861,589 samples loaded
  [Memory load batch 730] RSS: 15.89 GB
  740 batches, 54,116,017/56,861,589 samples loaded
  [Memory load batch 740] RSS: 15.91 GB
  750 batches, 54,249,919/56,861,589 samples loaded
  [Memory load batch 750] RSS: 15.89 GB
  760 batches, 54,392,133/56,861,589 samples loaded
  [Memory load batch 760] RSS: 15.93 GB
  770 batches, 54,541,179/56,861,589 samples loaded
  [Memory load batch 770] RSS: 16.07 GB
  780 batches, 54,582,636/56,861,589 samples loaded
  [Memory load batch 780] RSS: 16.09 GB
  790 batches, 54,590,349/56,861,589 samples loaded
  [Memory load batch 790] RSS: 16.04 GB
  800 batches, 54,612,126/56,861,589 samples loaded
  [Memory load batch 800] RSS: 16.08 GB
  810 batches, 54,627,433/56,861,589 samples loaded
  [Memory load batch 810] RSS: 16.08 GB
  820 batches, 54,644,786/56,861,589 samples loaded
  [Memory load batch 820] RSS: 16.08 GB
  830 batches, 54,648,860/56,861,589 samples loaded
  [Memory load batch 830] RSS: 16.11 GB
  840 batches, 54,663,656/56,861,589 samples loaded
  [Memory load batch 840] RSS: 16.01 GB
  850 batches, 54,677,456/56,861,589 samples loaded
  [Memory load batch 850] RSS: 16.07 GB
  860 batches, 54,693,529/56,861,589 samples loaded
  [Memory load batch 860] RSS: 16.04 GB
  870 batches, 54,715,304/56,861,589 samples loaded
  [Memory load batch 870] RSS: 16.10 GB
  880 batches, 54,725,948/56,861,589 samples loaded
  [Memory load batch 880] RSS: 16.05 GB
  890 batches, 54,769,167/56,861,589 samples loaded
  [Memory load batch 890] RSS: 16.12 GB
  900 batches, 54,898,038/56,861,589 samples loaded
  [Memory load batch 900] RSS: 16.07 GB
  910 batches, 54,982,849/56,861,589 samples loaded
  [Memory load batch 910] RSS: 16.20 GB
  920 batches, 55,025,490/56,861,589 samples loaded
  [Memory load batch 920] RSS: 16.16 GB
  930 batches, 55,053,272/56,861,589 samples loaded
  [Memory load batch 930] RSS: 16.20 GB
  940 batches, 55,149,721/56,861,589 samples loaded
  [Memory load batch 940] RSS: 16.25 GB
  950 batches, 55,177,248/56,861,589 samples loaded
  [Memory load batch 950] RSS: 16.20 GB
  960 batches, 55,191,710/56,861,589 samples loaded
  [Memory load batch 960] RSS: 16.21 GB
  970 batches, 55,196,205/56,861,589 samples loaded
  [Memory load batch 970] RSS: 16.19 GB
  980 batches, 55,198,409/56,861,589 samples loaded
  [Memory load batch 980] RSS: 16.24 GB
  990 batches, 55,207,744/56,861,589 samples loaded
  [Memory load batch 990] RSS: 16.21 GB
  1000 batches, 55,222,558/56,861,589 samples loaded
  [Memory load batch 1000] RSS: 16.16 GB
  1010 batches, 55,233,251/56,861,589 samples loaded
  [Memory load batch 1010] RSS: 16.22 GB
  1020 batches, 55,261,872/56,861,589 samples loaded
  [Memory load batch 1020] RSS: 16.23 GB
  1030 batches, 55,270,495/56,861,589 samples loaded
  [Memory load batch 1030] RSS: 16.26 GB
  1040 batches, 55,279,375/56,861,589 samples loaded
  [Memory load batch 1040] RSS: 16.23 GB
  1050 batches, 55,329,073/56,861,589 samples loaded
  [Memory load batch 1050] RSS: 16.24 GB
  1060 batches, 55,395,850/56,861,589 samples loaded
  [Memory load batch 1060] RSS: 16.28 GB
  1070 batches, 55,455,307/56,861,589 samples loaded
  [Memory load batch 1070] RSS: 16.28 GB
  1080 batches, 55,530,821/56,861,589 samples loaded
  [Memory load batch 1080] RSS: 16.35 GB
  1090 batches, 55,559,614/56,861,589 samples loaded
  [Memory load batch 1090] RSS: 16.31 GB
  1100 batches, 55,605,670/56,861,589 samples loaded
  [Memory load batch 1100] RSS: 16.35 GB
  1110 batches, 55,621,253/56,861,589 samples loaded
  [Memory load batch 1110] RSS: 16.33 GB
  1120 batches, 55,628,424/56,861,589 samples loaded
  [Memory load batch 1120] RSS: 16.33 GB
  1130 batches, 55,647,736/56,861,589 samples loaded
  [Memory load batch 1130] RSS: 16.36 GB
  1140 batches, 55,672,481/56,861,589 samples loaded
  [Memory load batch 1140] RSS: 16.34 GB
  1150 batches, 55,692,379/56,861,589 samples loaded
  [Memory load batch 1150] RSS: 16.37 GB
  1160 batches, 55,696,757/56,861,589 samples loaded
  [Memory load batch 1160] RSS: 16.38 GB
  1170 batches, 55,705,111/56,861,589 samples loaded
  [Memory load batch 1170] RSS: 16.38 GB
  1180 batches, 55,708,602/56,861,589 samples loaded
  [Memory load batch 1180] RSS: 16.38 GB
  1190 batches, 55,711,182/56,861,589 samples loaded
  [Memory load batch 1190] RSS: 16.35 GB
  1200 batches, 55,716,896/56,861,589 samples loaded
  [Memory load batch 1200] RSS: 16.36 GB
  1210 batches, 55,724,726/56,861,589 samples loaded
  [Memory load batch 1210] RSS: 16.38 GB
  1220 batches, 55,757,028/56,861,589 samples loaded
  [Memory load batch 1220] RSS: 16.39 GB
  1230 batches, 55,802,123/56,861,589 samples loaded
  [Memory load batch 1230] RSS: 16.40 GB
  1240 batches, 55,851,233/56,861,589 samples loaded
  [Memory load batch 1240] RSS: 16.44 GB
  1250 batches, 55,894,576/56,861,589 samples loaded
  [Memory load batch 1250] RSS: 16.43 GB
  1260 batches, 55,918,737/56,861,589 samples loaded
  [Memory load batch 1260] RSS: 16.44 GB
  1270 batches, 55,962,777/56,861,589 samples loaded
  [Memory load batch 1270] RSS: 16.45 GB
  1280 batches, 55,968,920/56,861,589 samples loaded
  [Memory load batch 1280] RSS: 16.42 GB
  1290 batches, 55,979,461/56,861,589 samples loaded
  [Memory load batch 1290] RSS: 16.43 GB
  1300 batches, 55,998,199/56,861,589 samples loaded
  [Memory load batch 1300] RSS: 16.49 GB
  1310 batches, 56,012,913/56,861,589 samples loaded
  [Memory load batch 1310] RSS: 16.46 GB
  1320 batches, 56,021,631/56,861,589 samples loaded
  [Memory load batch 1320] RSS: 16.47 GB
  1330 batches, 56,027,253/56,861,589 samples loaded
  [Memory load batch 1330] RSS: 16.47 GB
  1340 batches, 56,027,854/56,861,589 samples loaded
  [Memory load batch 1340] RSS: 16.44 GB
  1350 batches, 56,029,721/56,861,589 samples loaded
  [Memory load batch 1350] RSS: 16.50 GB
  1360 batches, 56,031,495/56,861,589 samples loaded
  [Memory load batch 1360] RSS: 16.41 GB
  1370 batches, 56,039,768/56,861,589 samples loaded
  [Memory load batch 1370] RSS: 16.47 GB
  1380 batches, 56,067,899/56,861,589 samples loaded
  [Memory load batch 1380] RSS: 16.45 GB
  1390 batches, 56,074,155/56,861,589 samples loaded
  [Memory load batch 1390] RSS: 16.48 GB
  1400 batches, 56,102,561/56,861,589 samples loaded
  [Memory load batch 1400] RSS: 16.46 GB
  1410 batches, 56,104,286/56,861,589 samples loaded
  [Memory load batch 1410] RSS: 16.49 GB
  1420 batches, 56,118,333/56,861,589 samples loaded
  [Memory load batch 1420] RSS: 16.47 GB
  1430 batches, 56,127,129/56,861,589 samples loaded
  [Memory load batch 1430] RSS: 16.50 GB
  1440 batches, 56,143,795/56,861,589 samples loaded
  [Memory load batch 1440] RSS: 16.50 GB
  1450 batches, 56,150,079/56,861,589 samples loaded
  [Memory load batch 1450] RSS: 16.42 GB
  1460 batches, 56,151,425/56,861,589 samples loaded
  [Memory load batch 1460] RSS: 16.45 GB
  1470 batches, 56,158,022/56,861,589 samples loaded
  [Memory load batch 1470] RSS: 16.51 GB
  1480 batches, 56,170,183/56,861,589 samples loaded
  [Memory load batch 1480] RSS: 16.51 GB
  1490 batches, 56,172,498/56,861,589 samples loaded
  [Memory load batch 1490] RSS: 16.51 GB
  1500 batches, 56,173,061/56,861,589 samples loaded
  [Memory load batch 1500] RSS: 16.51 GB
  1510 batches, 56,174,829/56,861,589 samples loaded
  [Memory load batch 1510] RSS: 16.49 GB
  1520 batches, 56,175,266/56,861,589 samples loaded
  [Memory load batch 1520] RSS: 16.49 GB
  1530 batches, 56,199,901/56,861,589 samples loaded
  [Memory load batch 1530] RSS: 16.49 GB
  1540 batches, 56,205,618/56,861,589 samples loaded
  [Memory load batch 1540] RSS: 16.49 GB
  1550 batches, 56,207,578/56,861,589 samples loaded
  [Memory load batch 1550] RSS: 16.50 GB
  1560 batches, 56,212,804/56,861,589 samples loaded
  [Memory load batch 1560] RSS: 16.49 GB
  1570 batches, 56,219,078/56,861,589 samples loaded
  [Memory load batch 1570] RSS: 16.50 GB
  1580 batches, 56,238,325/56,861,589 samples loaded
  [Memory load batch 1580] RSS: 16.56 GB
  1590 batches, 56,241,168/56,861,589 samples loaded
  [Memory load batch 1590] RSS: 16.53 GB
  1600 batches, 56,247,063/56,861,589 samples loaded
  [Memory load batch 1600] RSS: 16.51 GB
  1610 batches, 56,251,634/56,861,589 samples loaded
  [Memory load batch 1610] RSS: 16.53 GB
  1620 batches, 56,278,935/56,861,589 samples loaded
  [Memory load batch 1620] RSS: 16.54 GB
  1630 batches, 56,285,752/56,861,589 samples loaded
  [Memory load batch 1630] RSS: 16.54 GB
  1640 batches, 56,286,022/56,861,589 samples loaded
  [Memory load batch 1640] RSS: 16.52 GB
  1650 batches, 56,287,402/56,861,589 samples loaded
  [Memory load batch 1650] RSS: 16.57 GB
  1660 batches, 56,290,938/56,861,589 samples loaded
  [Memory load batch 1660] RSS: 16.49 GB
  1670 batches, 56,296,466/56,861,589 samples loaded
  [Memory load batch 1670] RSS: 16.57 GB
  1680 batches, 56,328,332/56,861,589 samples loaded
  [Memory load batch 1680] RSS: 16.55 GB
  1690 batches, 56,331,506/56,861,589 samples loaded
  [Memory load batch 1690] RSS: 16.53 GB
  1700 batches, 56,335,911/56,861,589 samples loaded
  [Memory load batch 1700] RSS: 16.58 GB
  1710 batches, 56,349,996/56,861,589 samples loaded
  [Memory load batch 1710] RSS: 16.56 GB
  1720 batches, 56,354,592/56,861,589 samples loaded
  [Memory load batch 1720] RSS: 16.56 GB
  1730 batches, 56,355,879/56,861,589 samples loaded
  [Memory load batch 1730] RSS: 16.56 GB
  1740 batches, 56,371,730/56,861,589 samples loaded
  [Memory load batch 1740] RSS: 16.56 GB
  1750 batches, 56,376,114/56,861,589 samples loaded
  [Memory load batch 1750] RSS: 16.57 GB
  1760 batches, 56,381,110/56,861,589 samples loaded
  [Memory load batch 1760] RSS: 16.51 GB
  1770 batches, 56,411,336/56,861,589 samples loaded
  [Memory load batch 1770] RSS: 16.60 GB
  1780 batches, 56,428,610/56,861,589 samples loaded
  [Memory load batch 1780] RSS: 16.53 GB
  1790 batches, 56,429,757/56,861,589 samples loaded
  [Memory load batch 1790] RSS: 16.58 GB
  1800 batches, 56,437,372/56,861,589 samples loaded
  [Memory load batch 1800] RSS: 16.53 GB
  1810 batches, 56,441,337/56,861,589 samples loaded
  [Memory load batch 1810] RSS: 16.58 GB
  1820 batches, 56,444,945/56,861,589 samples loaded
  [Memory load batch 1820] RSS: 16.59 GB
  1830 batches, 56,451,020/56,861,589 samples loaded
  [Memory load batch 1830] RSS: 16.53 GB
  1840 batches, 56,478,042/56,861,589 samples loaded
  [Memory load batch 1840] RSS: 16.57 GB
  1850 batches, 56,481,371/56,861,589 samples loaded
  [Memory load batch 1850] RSS: 16.60 GB
  1860 batches, 56,490,924/56,861,589 samples loaded
  [Memory load batch 1860] RSS: 16.57 GB
  1870 batches, 56,499,527/56,861,589 samples loaded
  [Memory load batch 1870] RSS: 16.57 GB
  1880 batches, 56,502,024/56,861,589 samples loaded
  [Memory load batch 1880] RSS: 16.52 GB
  1890 batches, 56,503,527/56,861,589 samples loaded
  [Memory load batch 1890] RSS: 16.60 GB
  1900 batches, 56,508,582/56,861,589 samples loaded
  [Memory load batch 1900] RSS: 16.63 GB
  1910 batches, 56,519,575/56,861,589 samples loaded
  [Memory load batch 1910] RSS: 16.61 GB
  1920 batches, 56,528,528/56,861,589 samples loaded
  [Memory load batch 1920] RSS: 16.61 GB
  1930 batches, 56,553,515/56,861,589 samples loaded
  [Memory load batch 1930] RSS: 16.56 GB
  1940 batches, 56,569,896/56,861,589 samples loaded
  [Memory load batch 1940] RSS: 16.56 GB
  1950 batches, 56,577,724/56,861,589 samples loaded
  [Memory load batch 1950] RSS: 16.57 GB
  1960 batches, 56,591,904/56,861,589 samples loaded
  [Memory load batch 1960] RSS: 16.60 GB
  1970 batches, 56,596,094/56,861,589 samples loaded
  [Memory load batch 1970] RSS: 16.60 GB
  1980 batches, 56,599,261/56,861,589 samples loaded
  [Memory load batch 1980] RSS: 16.63 GB
  1990 batches, 56,628,322/56,861,589 samples loaded
  [Memory load batch 1990] RSS: 16.60 GB
  2000 batches, 56,629,902/56,861,589 samples loaded
  [Memory load batch 2000] RSS: 16.64 GB
  2010 batches, 56,640,468/56,861,589 samples loaded
  [Memory load batch 2010] RSS: 16.64 GB
  2020 batches, 56,648,512/56,861,589 samples loaded
  [Memory load batch 2020] RSS: 16.64 GB
  2030 batches, 56,663,888/56,861,589 samples loaded
  [Memory load batch 2030] RSS: 16.62 GB
  2040 batches, 56,674,892/56,861,589 samples loaded
  [Memory load batch 2040] RSS: 16.68 GB
  2050 batches, 56,696,654/56,861,589 samples loaded
  [Memory load batch 2050] RSS: 16.66 GB
  2060 batches, 56,700,592/56,861,589 samples loaded
  [Memory load batch 2060] RSS: 16.66 GB
  2070 batches, 56,716,441/56,861,589 samples loaded
  [Memory load batch 2070] RSS: 16.66 GB
  2080 batches, 56,728,944/56,861,589 samples loaded
  [Memory load batch 2080] RSS: 16.64 GB
  2090 batches, 56,736,449/56,861,589 samples loaded
  [Memory load batch 2090] RSS: 16.67 GB
  2100 batches, 56,764,260/56,861,589 samples loaded
  [Memory load batch 2100] RSS: 16.67 GB
  2110 batches, 56,788,548/56,861,589 samples loaded
  [Memory load batch 2110] RSS: 16.66 GB
  2120 batches, 56,795,408/56,861,589 samples loaded
  [Memory load batch 2120] RSS: 16.68 GB
  2130 batches, 56,803,862/56,861,589 samples loaded
  [Memory load batch 2130] RSS: 16.66 GB
  2140 batches, 56,806,893/56,861,589 samples loaded
  [Memory load batch 2140] RSS: 16.69 GB
  2150 batches, 56,821,610/56,861,589 samples loaded
  [Memory load batch 2150] RSS: 16.69 GB
  2160 batches, 56,842,850/56,861,589 samples loaded
  [Memory load batch 2160] RSS: 16.72 GB
  2170 batches, 56,854,737/56,861,589 samples loaded
  [Memory load batch 2170] RSS: 16.67 GB
  2180 batches, 56,856,470/56,861,589 samples loaded
  [Memory load batch 2180] RSS: 16.67 GB
  2200 batches, 56,857,447/56,861,589 samples loaded
  [Memory load batch 2200] RSS: 16.65 GB
  Loaded 56,861,589 rows in 1113.1s (15.73 GB)
  50,000,000 neg, 6,861,589 pos, ratio 1:7.3, years 2001-2013

Training intermediate model on 56,861,589 samples...
  n_estimators=777, max_depth=30, class_weight=balanced_subsample
  [Memory before intermediate training] RSS: 16.65 GB
Intermediate training done in 32563.2s
  [Memory after intermediate training] RSS: 25.28 GB
  [Memory after freeing intermediate train data] RSS: 9.61 GB

Scoring earlystop set (2014-2016) — OOF by construction...
  Year range capped at LAST_LABEL_YEAR=2019
  Pass 1: Counting earlystop rows...
  Found 48,078,544 earlystop samples: 47,423,663 neg, 654,881 pos
  Years: 2014-2016
  Pass 2: Generating predictions in batches...
  Writing earlystop scored predictions to model1_rf_win5_earlystop_scored_20260313_040947.parquet
  10 batches, 1,000,000/48,078,544 predictions generated
  [Memory earlystop batch 10] RSS: 9.66 GB
  20 batches, 2,000,000/48,078,544 predictions generated
  [Memory earlystop batch 20] RSS: 9.66 GB
  30 batches, 3,000,000/48,078,544 predictions generated
  [Memory earlystop batch 30] RSS: 9.66 GB
  40 batches, 4,000,000/48,078,544 predictions generated
  [Memory earlystop batch 40] RSS: 9.66 GB
  50 batches, 5,000,000/48,078,544 predictions generated
  [Memory earlystop batch 50] RSS: 9.66 GB
  60 batches, 6,000,000/48,078,544 predictions generated
  [Memory earlystop batch 60] RSS: 9.66 GB
  70 batches, 7,000,000/48,078,544 predictions generated
  [Memory earlystop batch 70] RSS: 9.67 GB
  80 batches, 8,000,000/48,078,544 predictions generated
  [Memory earlystop batch 80] RSS: 9.67 GB
  90 batches, 9,000,000/48,078,544 predictions generated
  [Memory earlystop batch 90] RSS: 9.05 GB
  100 batches, 10,000,000/48,078,544 predictions generated
  [Memory earlystop batch 100] RSS: 9.05 GB
  110 batches, 11,000,000/48,078,544 predictions generated
  [Memory earlystop batch 110] RSS: 9.05 GB
  120 batches, 12,000,000/48,078,544 predictions generated
  [Memory earlystop batch 120] RSS: 9.05 GB
  130 batches, 13,000,000/48,078,544 predictions generated
  [Memory earlystop batch 130] RSS: 9.05 GB
  140 batches, 14,000,000/48,078,544 predictions generated
  [Memory earlystop batch 140] RSS: 9.05 GB
  150 batches, 15,000,000/48,078,544 predictions generated
  [Memory earlystop batch 150] RSS: 9.05 GB
  160 batches, 16,000,000/48,078,544 predictions generated
  [Memory earlystop batch 160] RSS: 9.05 GB
  170 batches, 17,000,000/48,078,544 predictions generated
  [Memory earlystop batch 170] RSS: 9.05 GB
  180 batches, 18,000,000/48,078,544 predictions generated
  [Memory earlystop batch 180] RSS: 9.05 GB
  190 batches, 19,000,000/48,078,544 predictions generated
  [Memory earlystop batch 190] RSS: 9.05 GB
  200 batches, 20,000,000/48,078,544 predictions generated
  [Memory earlystop batch 200] RSS: 9.05 GB
  210 batches, 21,000,000/48,078,544 predictions generated
  [Memory earlystop batch 210] RSS: 9.05 GB
  220 batches, 22,000,000/48,078,544 predictions generated
  [Memory earlystop batch 220] RSS: 9.05 GB
  230 batches, 23,000,000/48,078,544 predictions generated
  [Memory earlystop batch 230] RSS: 9.05 GB
  240 batches, 24,000,000/48,078,544 predictions generated
  [Memory earlystop batch 240] RSS: 9.05 GB
  250 batches, 25,000,000/48,078,544 predictions generated
  [Memory earlystop batch 250] RSS: 9.05 GB
  260 batches, 26,000,000/48,078,544 predictions generated
  [Memory earlystop batch 260] RSS: 9.05 GB
  270 batches, 27,000,000/48,078,544 predictions generated
  [Memory earlystop batch 270] RSS: 9.05 GB
  280 batches, 28,000,000/48,078,544 predictions generated
  [Memory earlystop batch 280] RSS: 9.05 GB
  290 batches, 29,000,000/48,078,544 predictions generated
  [Memory earlystop batch 290] RSS: 9.05 GB
  300 batches, 30,000,000/48,078,544 predictions generated
  [Memory earlystop batch 300] RSS: 9.05 GB
  310 batches, 31,000,000/48,078,544 predictions generated
  [Memory earlystop batch 310] RSS: 9.05 GB
  320 batches, 32,000,000/48,078,544 predictions generated
  [Memory earlystop batch 320] RSS: 9.05 GB
  330 batches, 33,000,000/48,078,544 predictions generated
  [Memory earlystop batch 330] RSS: 9.05 GB
  340 batches, 34,000,000/48,078,544 predictions generated
  [Memory earlystop batch 340] RSS: 9.05 GB
  350 batches, 35,000,000/48,078,544 predictions generated
  [Memory earlystop batch 350] RSS: 9.05 GB
  360 batches, 36,000,000/48,078,544 predictions generated
  [Memory earlystop batch 360] RSS: 9.05 GB
  370 batches, 37,000,000/48,078,544 predictions generated
  [Memory earlystop batch 370] RSS: 9.05 GB
  380 batches, 38,000,000/48,078,544 predictions generated
  [Memory earlystop batch 380] RSS: 9.05 GB
  390 batches, 39,000,000/48,078,544 predictions generated
  [Memory earlystop batch 390] RSS: 9.05 GB
  400 batches, 40,000,000/48,078,544 predictions generated
  [Memory earlystop batch 400] RSS: 9.05 GB
  410 batches, 41,000,000/48,078,544 predictions generated
  [Memory earlystop batch 410] RSS: 9.05 GB
  420 batches, 42,000,000/48,078,544 predictions generated
  [Memory earlystop batch 420] RSS: 9.05 GB
  430 batches, 43,000,000/48,078,544 predictions generated
  [Memory earlystop batch 430] RSS: 9.05 GB
  440 batches, 44,000,000/48,078,544 predictions generated
  [Memory earlystop batch 440] RSS: 9.05 GB
  450 batches, 45,000,000/48,078,544 predictions generated
  [Memory earlystop batch 450] RSS: 9.05 GB
  460 batches, 46,000,000/48,078,544 predictions generated
  [Memory earlystop batch 460] RSS: 9.05 GB
  470 batches, 47,000,000/48,078,544 predictions generated
  [Memory earlystop batch 470] RSS: 9.05 GB
  480 batches, 48,000,000/48,078,544 predictions generated
  [Memory earlystop batch 480] RSS: 9.05 GB
Earlystop predictions generated in 238.4s (481 batches)
Earlystop scored predictions saved: model1_rf_win5_earlystop_scored_20260313_040947.parquet
  47,423,663 neg, 654,881 pos, ratio 1:72.4, years 2014-2016
  [Memory after freeing intermediate model] RSS: 4.06 GB

----------------------------------------------------------------------
STEP 2: FINAL MODEL ON FULL LABELLED WINDOW (2001-2016)
----------------------------------------------------------------------
Training final model on 2001-2016...
  Loading from train_path only: train_win5.parquet already spans 2001-2016.
  earlystop_path is NOT loaded here — it is a subset of train and would duplicate rows.
  [Memory before final model loading] RSS: 4.06 GB

Loading full training data (2001-2016)...

Loading full_train (years 2001-2016) (max_neg=50,000,000) (two-pass NumPy loader)...
  Pass 1: Counting rows...
  Found 7,516,470 positives, 258,989,737 negatives (will sample to 50,000,000 negatives)
  Pass 2: Pre-allocating arrays (57,516,470 samples, 73 features)...
  10 batches, 50,168,652/57,516,470 samples loaded
  [Memory load batch 10] RSS: 4.35 GB
  20 batches, 50,336,752/57,516,470 samples loaded
  [Memory load batch 20] RSS: 4.62 GB
  30 batches, 50,454,503/57,516,470 samples loaded
  [Memory load batch 30] RSS: 4.90 GB
  40 batches, 50,501,770/57,516,470 samples loaded
  [Memory load batch 40] RSS: 5.17 GB
  50 batches, 50,561,017/57,516,470 samples loaded
  [Memory load batch 50] RSS: 5.44 GB
  60 batches, 50,603,755/57,516,470 samples loaded
  [Memory load batch 60] RSS: 5.72 GB
  70 batches, 50,672,361/57,516,470 samples loaded
  [Memory load batch 70] RSS: 5.99 GB
  80 batches, 50,822,749/57,516,470 samples loaded
  [Memory load batch 80] RSS: 6.26 GB
  90 batches, 50,860,519/57,516,470 samples loaded
  [Memory load batch 90] RSS: 6.54 GB
  100 batches, 50,874,565/57,516,470 samples loaded
  [Memory load batch 100] RSS: 6.81 GB
  110 batches, 50,885,902/57,516,470 samples loaded
  [Memory load batch 110] RSS: 7.09 GB
  120 batches, 50,898,353/57,516,470 samples loaded
  [Memory load batch 120] RSS: 7.36 GB
  130 batches, 50,906,317/57,516,470 samples loaded
  [Memory load batch 130] RSS: 7.63 GB
  140 batches, 50,923,586/57,516,470 samples loaded
  [Memory load batch 140] RSS: 7.91 GB
  150 batches, 50,936,724/57,516,470 samples loaded
  [Memory load batch 150] RSS: 8.18 GB
  160 batches, 50,959,170/57,516,470 samples loaded
  [Memory load batch 160] RSS: 8.46 GB
  170 batches, 50,987,523/57,516,470 samples loaded
  [Memory load batch 170] RSS: 8.73 GB
  180 batches, 51,153,793/57,516,470 samples loaded
  [Memory load batch 180] RSS: 9.00 GB
  190 batches, 51,193,438/57,516,470 samples loaded
  [Memory load batch 190] RSS: 9.27 GB
  200 batches, 51,302,390/57,516,470 samples loaded
  [Memory load batch 200] RSS: 9.54 GB
  210 batches, 51,341,868/57,516,470 samples loaded
  [Memory load batch 210] RSS: 9.81 GB
  220 batches, 51,370,945/57,516,470 samples loaded
  [Memory load batch 220] RSS: 10.09 GB
  230 batches, 51,443,045/57,516,470 samples loaded
  [Memory load batch 230] RSS: 10.36 GB
  240 batches, 51,557,266/57,516,470 samples loaded
  [Memory load batch 240] RSS: 10.63 GB
  250 batches, 51,689,873/57,516,470 samples loaded
  [Memory load batch 250] RSS: 10.90 GB
  260 batches, 51,722,508/57,516,470 samples loaded
  [Memory load batch 260] RSS: 11.18 GB
  270 batches, 51,737,548/57,516,470 samples loaded
  [Memory load batch 270] RSS: 11.45 GB
  280 batches, 51,755,660/57,516,470 samples loaded
  [Memory load batch 280] RSS: 11.72 GB
  290 batches, 51,764,130/57,516,470 samples loaded
  [Memory load batch 290] RSS: 11.99 GB
  300 batches, 51,787,549/57,516,470 samples loaded
  [Memory load batch 300] RSS: 12.27 GB
  310 batches, 51,799,887/57,516,470 samples loaded
  [Memory load batch 310] RSS: 12.54 GB
  320 batches, 51,809,601/57,516,470 samples loaded
  [Memory load batch 320] RSS: 12.81 GB
  330 batches, 51,814,911/57,516,470 samples loaded
  [Memory load batch 330] RSS: 13.08 GB
  340 batches, 51,872,389/57,516,470 samples loaded
  [Memory load batch 340] RSS: 13.36 GB
  350 batches, 51,936,853/57,516,470 samples loaded
  [Memory load batch 350] RSS: 13.63 GB
  360 batches, 51,989,780/57,516,470 samples loaded
  [Memory load batch 360] RSS: 13.90 GB
  370 batches, 52,098,103/57,516,470 samples loaded
  [Memory load batch 370] RSS: 14.17 GB
  380 batches, 52,160,387/57,516,470 samples loaded
  [Memory load batch 380] RSS: 14.44 GB
  390 batches, 52,220,400/57,516,470 samples loaded
  [Memory load batch 390] RSS: 14.71 GB
  400 batches, 52,314,467/57,516,470 samples loaded
  [Memory load batch 400] RSS: 14.99 GB
  410 batches, 52,500,489/57,516,470 samples loaded
  [Memory load batch 410] RSS: 15.26 GB
  420 batches, 52,634,809/57,516,470 samples loaded
  [Memory load batch 420] RSS: 15.54 GB
  430 batches, 52,670,936/57,516,470 samples loaded
  [Memory load batch 430] RSS: 15.81 GB
  440 batches, 52,682,889/57,516,470 samples loaded
  [Memory load batch 440] RSS: 16.08 GB
  450 batches, 52,695,729/57,516,470 samples loaded
  [Memory load batch 450] RSS: 16.35 GB
  460 batches, 52,710,758/57,516,470 samples loaded
  [Memory load batch 460] RSS: 16.63 GB
  470 batches, 52,717,529/57,516,470 samples loaded
  [Memory load batch 470] RSS: 16.90 GB
  480 batches, 52,727,989/57,516,470 samples loaded
  [Memory load batch 480] RSS: 17.17 GB
  490 batches, 52,745,230/57,516,470 samples loaded
  [Memory load batch 490] RSS: 17.44 GB
  500 batches, 52,750,670/57,516,470 samples loaded
  [Memory load batch 500] RSS: 17.71 GB
  510 batches, 52,805,145/57,516,470 samples loaded
  [Memory load batch 510] RSS: 17.99 GB
  520 batches, 52,858,484/57,516,470 samples loaded
  [Memory load batch 520] RSS: 18.26 GB
  530 batches, 52,897,754/57,516,470 samples loaded
  [Memory load batch 530] RSS: 18.50 GB
  540 batches, 52,983,418/57,516,470 samples loaded
  [Memory load batch 540] RSS: 18.52 GB
  550 batches, 53,096,032/57,516,470 samples loaded
  [Memory load batch 550] RSS: 18.55 GB
  560 batches, 53,193,193/57,516,470 samples loaded
  [Memory load batch 560] RSS: 18.58 GB
  570 batches, 53,325,833/57,516,470 samples loaded
  [Memory load batch 570] RSS: 18.62 GB
  580 batches, 53,416,205/57,516,470 samples loaded
  [Memory load batch 580] RSS: 18.65 GB
  590 batches, 53,616,876/57,516,470 samples loaded
  [Memory load batch 590] RSS: 18.71 GB
  600 batches, 53,657,651/57,516,470 samples loaded
  [Memory load batch 600] RSS: 18.72 GB
  610 batches, 53,663,000/57,516,470 samples loaded
  [Memory load batch 610] RSS: 18.72 GB
  620 batches, 53,676,759/57,516,470 samples loaded
  [Memory load batch 620] RSS: 18.72 GB
  630 batches, 53,689,933/57,516,470 samples loaded
  [Memory load batch 630] RSS: 18.73 GB
  640 batches, 53,696,189/57,516,470 samples loaded
  [Memory load batch 640] RSS: 18.73 GB
  650 batches, 53,710,186/57,516,470 samples loaded
  [Memory load batch 650] RSS: 18.73 GB
  660 batches, 53,727,397/57,516,470 samples loaded
  [Memory load batch 660] RSS: 18.74 GB
  670 batches, 53,739,397/57,516,470 samples loaded
  [Memory load batch 670] RSS: 18.74 GB
  680 batches, 53,765,658/57,516,470 samples loaded
  [Memory load batch 680] RSS: 18.74 GB
  690 batches, 53,806,351/57,516,470 samples loaded
  [Memory load batch 690] RSS: 18.76 GB
  700 batches, 53,842,742/57,516,470 samples loaded
  [Memory load batch 700] RSS: 18.77 GB
  710 batches, 53,891,871/57,516,470 samples loaded
  [Memory load batch 710] RSS: 18.78 GB
  720 batches, 53,944,502/57,516,470 samples loaded
  [Memory load batch 720] RSS: 18.79 GB
  730 batches, 54,049,319/57,516,470 samples loaded
  [Memory load batch 730] RSS: 18.82 GB
  740 batches, 54,116,017/57,516,470 samples loaded
  [Memory load batch 740] RSS: 18.84 GB
  750 batches, 54,249,919/57,516,470 samples loaded
  [Memory load batch 750] RSS: 18.88 GB
  760 batches, 54,392,133/57,516,470 samples loaded
  [Memory load batch 760] RSS: 18.92 GB
  770 batches, 54,541,179/57,516,470 samples loaded
  [Memory load batch 770] RSS: 18.96 GB
  780 batches, 54,582,636/57,516,470 samples loaded
  [Memory load batch 780] RSS: 18.97 GB
  790 batches, 54,590,349/57,516,470 samples loaded
  [Memory load batch 790] RSS: 18.97 GB
  800 batches, 54,612,126/57,516,470 samples loaded
  [Memory load batch 800] RSS: 18.98 GB
  810 batches, 54,627,433/57,516,470 samples loaded
  [Memory load batch 810] RSS: 18.98 GB
  820 batches, 54,644,786/57,516,470 samples loaded
  [Memory load batch 820] RSS: 18.99 GB
  830 batches, 54,648,860/57,516,470 samples loaded
  [Memory load batch 830] RSS: 18.99 GB
  840 batches, 54,663,656/57,516,470 samples loaded
  [Memory load batch 840] RSS: 18.99 GB
  850 batches, 54,677,456/57,516,470 samples loaded
  [Memory load batch 850] RSS: 18.99 GB
  860 batches, 54,693,529/57,516,470 samples loaded
  [Memory load batch 860] RSS: 19.00 GB
  870 batches, 54,715,304/57,516,470 samples loaded
  [Memory load batch 870] RSS: 19.00 GB
  880 batches, 54,725,948/57,516,470 samples loaded
  [Memory load batch 880] RSS: 19.01 GB
  890 batches, 54,769,167/57,516,470 samples loaded
  [Memory load batch 890] RSS: 19.02 GB
  900 batches, 54,898,038/57,516,470 samples loaded
  [Memory load batch 900] RSS: 19.05 GB
  910 batches, 54,982,849/57,516,470 samples loaded
  [Memory load batch 910] RSS: 19.08 GB
  920 batches, 55,025,490/57,516,470 samples loaded
  [Memory load batch 920] RSS: 19.09 GB
  930 batches, 55,053,272/57,516,470 samples loaded
  [Memory load batch 930] RSS: 19.10 GB
  940 batches, 55,149,721/57,516,470 samples loaded
  [Memory load batch 940] RSS: 19.12 GB
  950 batches, 55,177,248/57,516,470 samples loaded
  [Memory load batch 950] RSS: 19.13 GB
  960 batches, 55,191,710/57,516,470 samples loaded
  [Memory load batch 960] RSS: 19.13 GB
  970 batches, 55,196,205/57,516,470 samples loaded
  [Memory load batch 970] RSS: 19.14 GB
  980 batches, 55,198,409/57,516,470 samples loaded
  [Memory load batch 980] RSS: 19.14 GB
  990 batches, 55,207,744/57,516,470 samples loaded
  [Memory load batch 990] RSS: 19.14 GB
  1000 batches, 55,222,558/57,516,470 samples loaded
  [Memory load batch 1000] RSS: 19.14 GB
  1010 batches, 55,233,251/57,516,470 samples loaded
  [Memory load batch 1010] RSS: 19.15 GB
  1020 batches, 55,261,872/57,516,470 samples loaded
  [Memory load batch 1020] RSS: 19.15 GB
  1030 batches, 55,270,495/57,516,470 samples loaded
  [Memory load batch 1030] RSS: 19.16 GB
  1040 batches, 55,279,375/57,516,470 samples loaded
  [Memory load batch 1040] RSS: 19.16 GB
  1050 batches, 55,329,073/57,516,470 samples loaded
  [Memory load batch 1050] RSS: 19.17 GB
  1060 batches, 55,395,850/57,516,470 samples loaded
  [Memory load batch 1060] RSS: 19.19 GB
  1070 batches, 55,455,307/57,516,470 samples loaded
  [Memory load batch 1070] RSS: 19.21 GB
  1080 batches, 55,530,821/57,516,470 samples loaded
  [Memory load batch 1080] RSS: 19.23 GB
  1090 batches, 55,559,614/57,516,470 samples loaded
  [Memory load batch 1090] RSS: 19.23 GB
  1100 batches, 55,605,670/57,516,470 samples loaded
  [Memory load batch 1100] RSS: 19.25 GB
  1110 batches, 55,621,253/57,516,470 samples loaded
  [Memory load batch 1110] RSS: 19.25 GB
  1120 batches, 55,628,424/57,516,470 samples loaded
  [Memory load batch 1120] RSS: 19.25 GB
  1130 batches, 55,647,736/57,516,470 samples loaded
  [Memory load batch 1130] RSS: 19.26 GB
  1140 batches, 55,672,481/57,516,470 samples loaded
  [Memory load batch 1140] RSS: 19.27 GB
  1150 batches, 55,692,379/57,516,470 samples loaded
  [Memory load batch 1150] RSS: 19.27 GB
  1160 batches, 55,696,757/57,516,470 samples loaded
  [Memory load batch 1160] RSS: 19.27 GB
  1170 batches, 55,705,111/57,516,470 samples loaded
  [Memory load batch 1170] RSS: 19.27 GB
  1180 batches, 55,708,602/57,516,470 samples loaded
  [Memory load batch 1180] RSS: 19.28 GB
  1190 batches, 55,711,182/57,516,470 samples loaded
  [Memory load batch 1190] RSS: 19.28 GB
  1200 batches, 55,716,896/57,516,470 samples loaded
  [Memory load batch 1200] RSS: 19.28 GB
  1210 batches, 55,724,726/57,516,470 samples loaded
  [Memory load batch 1210] RSS: 19.28 GB
  1220 batches, 55,757,028/57,516,470 samples loaded
  [Memory load batch 1220] RSS: 19.29 GB
  1230 batches, 55,802,123/57,516,470 samples loaded
  [Memory load batch 1230] RSS: 19.30 GB
  1240 batches, 55,851,233/57,516,470 samples loaded
  [Memory load batch 1240] RSS: 19.31 GB
  1250 batches, 55,894,576/57,516,470 samples loaded
  [Memory load batch 1250] RSS: 19.33 GB
  1260 batches, 55,918,737/57,516,470 samples loaded
  [Memory load batch 1260] RSS: 19.33 GB
  1270 batches, 55,962,777/57,516,470 samples loaded
  [Memory load batch 1270] RSS: 19.34 GB
  1280 batches, 55,968,920/57,516,470 samples loaded
  [Memory load batch 1280] RSS: 19.35 GB
  1290 batches, 55,979,461/57,516,470 samples loaded
  [Memory load batch 1290] RSS: 19.35 GB
  1300 batches, 55,998,199/57,516,470 samples loaded
  [Memory load batch 1300] RSS: 19.35 GB
  1310 batches, 56,012,913/57,516,470 samples loaded
  [Memory load batch 1310] RSS: 19.36 GB
  1320 batches, 56,021,631/57,516,470 samples loaded
  [Memory load batch 1320] RSS: 19.36 GB
  1330 batches, 56,027,253/57,516,470 samples loaded
  [Memory load batch 1330] RSS: 19.36 GB
  1340 batches, 56,027,854/57,516,470 samples loaded
  [Memory load batch 1340] RSS: 19.36 GB
  1350 batches, 56,029,721/57,516,470 samples loaded
  [Memory load batch 1350] RSS: 19.36 GB
  1360 batches, 56,031,495/57,516,470 samples loaded
  [Memory load batch 1360] RSS: 19.36 GB
  1370 batches, 56,039,768/57,516,470 samples loaded
  [Memory load batch 1370] RSS: 19.37 GB
  1380 batches, 56,067,899/57,516,470 samples loaded
  [Memory load batch 1380] RSS: 19.37 GB
  1390 batches, 56,074,155/57,516,470 samples loaded
  [Memory load batch 1390] RSS: 19.38 GB
  1400 batches, 56,102,561/57,516,470 samples loaded
  [Memory load batch 1400] RSS: 19.38 GB
  1410 batches, 56,104,286/57,516,470 samples loaded
  [Memory load batch 1410] RSS: 19.38 GB
  1420 batches, 56,118,333/57,516,470 samples loaded
  [Memory load batch 1420] RSS: 19.39 GB
  1430 batches, 56,127,129/57,516,470 samples loaded
  [Memory load batch 1430] RSS: 19.39 GB
  1440 batches, 56,143,795/57,516,470 samples loaded
  [Memory load batch 1440] RSS: 19.39 GB
  1450 batches, 56,150,079/57,516,470 samples loaded
  [Memory load batch 1450] RSS: 19.39 GB
  1460 batches, 56,151,425/57,516,470 samples loaded
  [Memory load batch 1460] RSS: 19.40 GB
  1470 batches, 56,158,022/57,516,470 samples loaded
  [Memory load batch 1470] RSS: 19.40 GB
  1480 batches, 56,170,183/57,516,470 samples loaded
  [Memory load batch 1480] RSS: 19.40 GB
  1490 batches, 56,172,498/57,516,470 samples loaded
  [Memory load batch 1490] RSS: 19.40 GB
  1500 batches, 56,173,061/57,516,470 samples loaded
  [Memory load batch 1500] RSS: 19.40 GB
  1510 batches, 56,174,829/57,516,470 samples loaded
  [Memory load batch 1510] RSS: 19.40 GB
  1520 batches, 56,175,266/57,516,470 samples loaded
  [Memory load batch 1520] RSS: 19.40 GB
  1530 batches, 56,199,901/57,516,470 samples loaded
  [Memory load batch 1530] RSS: 19.41 GB
  1540 batches, 56,205,618/57,516,470 samples loaded
  [Memory load batch 1540] RSS: 19.41 GB
  1550 batches, 56,207,578/57,516,470 samples loaded
  [Memory load batch 1550] RSS: 19.41 GB
  1560 batches, 56,212,804/57,516,470 samples loaded
  [Memory load batch 1560] RSS: 19.41 GB
  1570 batches, 56,219,078/57,516,470 samples loaded
  [Memory load batch 1570] RSS: 19.41 GB
  1580 batches, 56,238,325/57,516,470 samples loaded
  [Memory load batch 1580] RSS: 19.42 GB
  1590 batches, 56,241,168/57,516,470 samples loaded
  [Memory load batch 1590] RSS: 19.42 GB
  1600 batches, 56,247,063/57,516,470 samples loaded
  [Memory load batch 1600] RSS: 19.42 GB
  1610 batches, 56,251,634/57,516,470 samples loaded
  [Memory load batch 1610] RSS: 19.42 GB
  1620 batches, 56,278,935/57,516,470 samples loaded
  [Memory load batch 1620] RSS: 19.43 GB
  1630 batches, 56,285,752/57,516,470 samples loaded
  [Memory load batch 1630] RSS: 19.43 GB
  1640 batches, 56,286,022/57,516,470 samples loaded
  [Memory load batch 1640] RSS: 19.43 GB
  1650 batches, 56,287,402/57,516,470 samples loaded
  [Memory load batch 1650] RSS: 19.43 GB
  1660 batches, 56,290,938/57,516,470 samples loaded
  [Memory load batch 1660] RSS: 19.43 GB
  1670 batches, 56,296,466/57,516,470 samples loaded
  [Memory load batch 1670] RSS: 19.44 GB
  1680 batches, 56,328,332/57,516,470 samples loaded
  [Memory load batch 1680] RSS: 19.44 GB
  1690 batches, 56,331,506/57,516,470 samples loaded
  [Memory load batch 1690] RSS: 19.45 GB
  1700 batches, 56,335,911/57,516,470 samples loaded
  [Memory load batch 1700] RSS: 19.45 GB
  1710 batches, 56,349,996/57,516,470 samples loaded
  [Memory load batch 1710] RSS: 19.45 GB
  1720 batches, 56,354,592/57,516,470 samples loaded
  [Memory load batch 1720] RSS: 19.45 GB
  1730 batches, 56,355,879/57,516,470 samples loaded
  [Memory load batch 1730] RSS: 19.45 GB
  1740 batches, 56,371,730/57,516,470 samples loaded
  [Memory load batch 1740] RSS: 19.46 GB
  1750 batches, 56,376,114/57,516,470 samples loaded
  [Memory load batch 1750] RSS: 19.46 GB
  1760 batches, 56,381,110/57,516,470 samples loaded
  [Memory load batch 1760] RSS: 19.46 GB
  1770 batches, 56,411,336/57,516,470 samples loaded
  [Memory load batch 1770] RSS: 19.47 GB
  1780 batches, 56,428,610/57,516,470 samples loaded
  [Memory load batch 1780] RSS: 19.47 GB
  1790 batches, 56,429,757/57,516,470 samples loaded
  [Memory load batch 1790] RSS: 19.47 GB
  1800 batches, 56,437,372/57,516,470 samples loaded
  [Memory load batch 1800] RSS: 19.47 GB
  1810 batches, 56,441,337/57,516,470 samples loaded
  [Memory load batch 1810] RSS: 19.48 GB
  1820 batches, 56,444,945/57,516,470 samples loaded
  [Memory load batch 1820] RSS: 19.48 GB
  1830 batches, 56,451,020/57,516,470 samples loaded
  [Memory load batch 1830] RSS: 19.48 GB
  1840 batches, 56,478,042/57,516,470 samples loaded
  [Memory load batch 1840] RSS: 19.48 GB
  1850 batches, 56,481,371/57,516,470 samples loaded
  [Memory load batch 1850] RSS: 19.49 GB
  1860 batches, 56,490,924/57,516,470 samples loaded
  [Memory load batch 1860] RSS: 19.49 GB
  1870 batches, 56,499,527/57,516,470 samples loaded
  [Memory load batch 1870] RSS: 19.49 GB
  1880 batches, 56,502,024/57,516,470 samples loaded
  [Memory load batch 1880] RSS: 19.49 GB
  1890 batches, 56,503,527/57,516,470 samples loaded
  [Memory load batch 1890] RSS: 19.49 GB
  1900 batches, 56,508,582/57,516,470 samples loaded
  [Memory load batch 1900] RSS: 19.49 GB
  1910 batches, 56,519,575/57,516,470 samples loaded
  [Memory load batch 1910] RSS: 19.50 GB
  1920 batches, 56,528,528/57,516,470 samples loaded
  [Memory load batch 1920] RSS: 19.50 GB
  1930 batches, 56,553,515/57,516,470 samples loaded
  [Memory load batch 1930] RSS: 19.51 GB
  1940 batches, 56,569,896/57,516,470 samples loaded
  [Memory load batch 1940] RSS: 19.51 GB
  1950 batches, 56,577,724/57,516,470 samples loaded
  [Memory load batch 1950] RSS: 19.51 GB
  1960 batches, 56,591,904/57,516,470 samples loaded
  [Memory load batch 1960] RSS: 19.52 GB
  1970 batches, 56,596,094/57,516,470 samples loaded
  [Memory load batch 1970] RSS: 19.52 GB
  1980 batches, 56,599,261/57,516,470 samples loaded
  [Memory load batch 1980] RSS: 19.52 GB
  1990 batches, 56,628,322/57,516,470 samples loaded
  [Memory load batch 1990] RSS: 19.53 GB
  2000 batches, 56,629,902/57,516,470 samples loaded
  [Memory load batch 2000] RSS: 19.53 GB
  2010 batches, 56,640,468/57,516,470 samples loaded
  [Memory load batch 2010] RSS: 19.53 GB
  2020 batches, 56,648,512/57,516,470 samples loaded
  [Memory load batch 2020] RSS: 19.53 GB
  2030 batches, 56,663,888/57,516,470 samples loaded
  [Memory load batch 2030] RSS: 19.54 GB
  2040 batches, 56,674,892/57,516,470 samples loaded
  [Memory load batch 2040] RSS: 19.54 GB
  2050 batches, 56,696,654/57,516,470 samples loaded
  [Memory load batch 2050] RSS: 19.55 GB
  2060 batches, 56,700,592/57,516,470 samples loaded
  [Memory load batch 2060] RSS: 19.55 GB
  2070 batches, 56,716,441/57,516,470 samples loaded
  [Memory load batch 2070] RSS: 19.55 GB
  2080 batches, 56,728,944/57,516,470 samples loaded
  [Memory load batch 2080] RSS: 19.55 GB
  2090 batches, 56,736,449/57,516,470 samples loaded
  [Memory load batch 2090] RSS: 19.56 GB
  2100 batches, 56,764,260/57,516,470 samples loaded
  [Memory load batch 2100] RSS: 19.56 GB
  2110 batches, 56,788,548/57,516,470 samples loaded
  [Memory load batch 2110] RSS: 19.57 GB
  2120 batches, 56,795,408/57,516,470 samples loaded
  [Memory load batch 2120] RSS: 19.57 GB
  2130 batches, 56,803,862/57,516,470 samples loaded
  [Memory load batch 2130] RSS: 19.57 GB
  2140 batches, 56,806,893/57,516,470 samples loaded
  [Memory load batch 2140] RSS: 19.58 GB
  2150 batches, 56,821,610/57,516,470 samples loaded
  [Memory load batch 2150] RSS: 19.58 GB
  2160 batches, 56,842,850/57,516,470 samples loaded
  [Memory load batch 2160] RSS: 19.58 GB
  2170 batches, 56,860,058/57,516,470 samples loaded
  [Memory load batch 2170] RSS: 19.59 GB
  2180 batches, 56,869,425/57,516,470 samples loaded
  [Memory load batch 2180] RSS: 19.59 GB
  2190 batches, 56,872,504/57,516,470 samples loaded
  [Memory load batch 2190] RSS: 19.59 GB
  2200 batches, 56,891,925/57,516,470 samples loaded
  [Memory load batch 2200] RSS: 19.60 GB
  2210 batches, 56,911,574/57,516,470 samples loaded
  [Memory load batch 2210] RSS: 19.60 GB
  2220 batches, 56,933,869/57,516,470 samples loaded
  [Memory load batch 2220] RSS: 19.61 GB
  2230 batches, 56,939,694/57,516,470 samples loaded
  [Memory load batch 2230] RSS: 19.61 GB
  2240 batches, 56,941,796/57,516,470 samples loaded
  [Memory load batch 2240] RSS: 19.61 GB
  2250 batches, 56,972,190/57,516,470 samples loaded
  [Memory load batch 2250] RSS: 19.62 GB
  2260 batches, 56,983,727/57,516,470 samples loaded
  [Memory load batch 2260] RSS: 19.62 GB
  2270 batches, 56,989,887/57,516,470 samples loaded
  [Memory load batch 2270] RSS: 19.62 GB
  2280 batches, 56,998,980/57,516,470 samples loaded
  [Memory load batch 2280] RSS: 19.63 GB
  2290 batches, 57,021,204/57,516,470 samples loaded
  [Memory load batch 2290] RSS: 19.63 GB
  2300 batches, 57,057,456/57,516,470 samples loaded
  [Memory load batch 2300] RSS: 19.64 GB
  2310 batches, 57,074,660/57,516,470 samples loaded
  [Memory load batch 2310] RSS: 19.65 GB
  2320 batches, 57,098,159/57,516,470 samples loaded
  [Memory load batch 2320] RSS: 19.65 GB
  2330 batches, 57,109,049/57,516,470 samples loaded
  [Memory load batch 2330] RSS: 19.66 GB
  2340 batches, 57,122,680/57,516,470 samples loaded
  [Memory load batch 2340] RSS: 19.66 GB
  2350 batches, 57,135,029/57,516,470 samples loaded
  [Memory load batch 2350] RSS: 19.67 GB
  2360 batches, 57,150,013/57,516,470 samples loaded
  [Memory load batch 2360] RSS: 19.67 GB
  2370 batches, 57,158,010/57,516,470 samples loaded
  [Memory load batch 2370] RSS: 19.67 GB
  2380 batches, 57,179,801/57,516,470 samples loaded
  [Memory load batch 2380] RSS: 19.68 GB
  2390 batches, 57,187,212/57,516,470 samples loaded
  [Memory load batch 2390] RSS: 19.68 GB
  2400 batches, 57,206,143/57,516,470 samples loaded
  [Memory load batch 2400] RSS: 19.68 GB
  2410 batches, 57,231,499/57,516,470 samples loaded
  [Memory load batch 2410] RSS: 19.69 GB
  2420 batches, 57,232,004/57,516,470 samples loaded
  [Memory load batch 2420] RSS: 19.69 GB
  2430 batches, 57,242,043/57,516,470 samples loaded
  [Memory load batch 2430] RSS: 19.69 GB
  2440 batches, 57,246,395/57,516,470 samples loaded
  [Memory load batch 2440] RSS: 19.69 GB
  2450 batches, 57,246,782/57,516,470 samples loaded
  [Memory load batch 2450] RSS: 19.69 GB
  2460 batches, 57,283,342/57,516,470 samples loaded
  [Memory load batch 2460] RSS: 19.70 GB
  2470 batches, 57,288,301/57,516,470 samples loaded
  [Memory load batch 2470] RSS: 19.71 GB
  2480 batches, 57,298,632/57,516,470 samples loaded
  [Memory load batch 2480] RSS: 19.71 GB
  2490 batches, 57,303,117/57,516,470 samples loaded
  [Memory load batch 2490] RSS: 19.71 GB
  2500 batches, 57,316,162/57,516,470 samples loaded
  [Memory load batch 2500] RSS: 19.71 GB
  2510 batches, 57,332,605/57,516,470 samples loaded
  [Memory load batch 2510] RSS: 19.72 GB
  2520 batches, 57,343,882/57,516,470 samples loaded
  [Memory load batch 2520] RSS: 19.72 GB
  2530 batches, 57,360,803/57,516,470 samples loaded
  [Memory load batch 2530] RSS: 19.73 GB
  2540 batches, 57,386,194/57,516,470 samples loaded
  [Memory load batch 2540] RSS: 19.73 GB
  2550 batches, 57,391,065/57,516,470 samples loaded
  [Memory load batch 2550] RSS: 19.73 GB
  2560 batches, 57,396,768/57,516,470 samples loaded
  [Memory load batch 2560] RSS: 19.74 GB
  2570 batches, 57,401,047/57,516,470 samples loaded
  [Memory load batch 2570] RSS: 17.45 GB
  2580 batches, 57,405,217/57,516,470 samples loaded
  [Memory load batch 2580] RSS: 17.51 GB
  2590 batches, 57,419,707/57,516,470 samples loaded
  [Memory load batch 2590] RSS: 17.51 GB
  2600 batches, 57,419,707/57,516,470 samples loaded
  [Memory load batch 2600] RSS: 17.51 GB
  2610 batches, 57,421,932/57,516,470 samples loaded
  [Memory load batch 2610] RSS: 17.52 GB
  2620 batches, 57,422,683/57,516,470 samples loaded
  [Memory load batch 2620] RSS: 17.52 GB
  2630 batches, 57,434,494/57,516,470 samples loaded
  [Memory load batch 2630] RSS: 17.52 GB
  2640 batches, 57,435,401/57,516,470 samples loaded
  [Memory load batch 2640] RSS: 17.52 GB
  2650 batches, 57,455,965/57,516,470 samples loaded
  [Memory load batch 2650] RSS: 17.52 GB
  2660 batches, 57,457,785/57,516,470 samples loaded
  [Memory load batch 2660] RSS: 17.53 GB
  Loaded 57,516,470 rows in 1173.2s (15.91 GB)
  50,000,000 neg, 7,516,470 pos, ratio 1:6.7, years 2001-2016
  [Memory after loading final data] RSS: 18.08 GB

Imbalance: 50,000,000 neg, 7,516,470 pos, ratio 1:6.7
  Using class_weight: balanced_subsample

Final model parameters:
  bootstrap: True
  class_weight: balanced_subsample
  max_depth: 30
  max_features: sqrt
  min_samples_leaf: 1
  min_samples_split: 22
  n_estimators: 777
  n_jobs: 32
  random_state: 42
  verbose: 0

Training final model on 57,516,470 samples...
  [Memory before final training] RSS: 18.08 GB

Training done in 31888.7s
Final model saved: /cluster/home/gikaufmann/master_thesis/data/south_america/ml/models/model1_rf_win5_20260313_040947.joblib
Phase 1 completed.

======================================================================
PHASE 2: TESTING
======================================================================
  [Memory start of Phase 2] RSS: 3.84 GB

Loading model from /cluster/home/gikaufmann/master_thesis/data/south_america/ml/models/model1_rf_win5_20260313_040947.joblib
  [Memory after loading model] RSS: 19.41 GB
Processing test in batches of 100,000...
Test year range: 2017-2019 (capped at LAST_LABEL_YEAR=2019)
  Pass 1: Counting test rows (year_range=(2017, 2019))...
  Found 47,695,507 test samples (filtered to year_range=2017-2019)
  Pre-allocating arrays for 47,695,507 samples...
  [Memory after pre-allocation] RSS: 19.43 GB
  Pass 2: Processing test batches (year_range=(2017, 2019))...
Writing to /cluster/home/gikaufmann/master_thesis/outputs/south_america/results/ml_models/model1_rf_win5_scored_20260313_040947.parquet
  10 batches, 1,000,000/47,695,507 rows
  [Memory batch 10] RSS: 19.26 GB
  20 batches, 2,000,000/47,695,507 rows
  [Memory batch 20] RSS: 19.27 GB
  30 batches, 3,000,000/47,695,507 rows
  [Memory batch 30] RSS: 19.27 GB
  40 batches, 4,000,000/47,695,507 rows
  [Memory batch 40] RSS: 19.28 GB
  50 batches, 5,000,000/47,695,507 rows
  [Memory batch 50] RSS: 19.22 GB
  60 batches, 6,000,000/47,695,507 rows
  [Memory batch 60] RSS: 19.23 GB
  70 batches, 7,000,000/47,695,507 rows
  [Memory batch 70] RSS: 19.24 GB
  80 batches, 8,000,000/47,695,507 rows
  [Memory batch 80] RSS: 19.24 GB
  90 batches, 9,000,000/47,695,507 rows
  [Memory batch 90] RSS: 19.25 GB
  100 batches, 10,000,000/47,695,507 rows
  [Memory batch 100] RSS: 19.25 GB
  110 batches, 11,000,000/47,695,507 rows
  [Memory batch 110] RSS: 19.26 GB
  120 batches, 12,000,000/47,695,507 rows
  [Memory batch 120] RSS: 19.26 GB
  130 batches, 13,000,000/47,695,507 rows
  [Memory batch 130] RSS: 19.26 GB
  140 batches, 14,000,000/47,695,507 rows
  [Memory batch 140] RSS: 19.27 GB
  150 batches, 15,000,000/47,695,507 rows
  [Memory batch 150] RSS: 19.27 GB
  160 batches, 16,000,000/47,695,507 rows
  [Memory batch 160] RSS: 19.28 GB
  170 batches, 17,000,000/47,695,507 rows
  [Memory batch 170] RSS: 19.28 GB
  180 batches, 18,000,000/47,695,507 rows
  [Memory batch 180] RSS: 19.29 GB
  190 batches, 19,000,000/47,695,507 rows
  [Memory batch 190] RSS: 19.29 GB
  200 batches, 20,000,000/47,695,507 rows
  [Memory batch 200] RSS: 19.30 GB
  210 batches, 21,000,000/47,695,507 rows
  [Memory batch 210] RSS: 19.30 GB
  220 batches, 22,000,000/47,695,507 rows
  [Memory batch 220] RSS: 19.31 GB
  230 batches, 23,000,000/47,695,507 rows
  [Memory batch 230] RSS: 19.31 GB
  240 batches, 24,000,000/47,695,507 rows
  [Memory batch 240] RSS: 19.32 GB
  250 batches, 25,000,000/47,695,507 rows
  [Memory batch 250] RSS: 19.32 GB
  260 batches, 26,000,000/47,695,507 rows
  [Memory batch 260] RSS: 19.33 GB
  270 batches, 27,000,000/47,695,507 rows
  [Memory batch 270] RSS: 19.33 GB
  280 batches, 28,000,000/47,695,507 rows
  [Memory batch 280] RSS: 19.34 GB
  290 batches, 29,000,000/47,695,507 rows
  [Memory batch 290] RSS: 19.34 GB
  300 batches, 30,000,000/47,695,507 rows
  [Memory batch 300] RSS: 19.35 GB
  310 batches, 31,000,000/47,695,507 rows
  [Memory batch 310] RSS: 19.35 GB
  320 batches, 32,000,000/47,695,507 rows
  [Memory batch 320] RSS: 19.36 GB
  330 batches, 33,000,000/47,695,507 rows
  [Memory batch 330] RSS: 19.36 GB
  340 batches, 34,000,000/47,695,507 rows
  [Memory batch 340] RSS: 19.36 GB
  350 batches, 35,000,000/47,695,507 rows
  [Memory batch 350] RSS: 19.37 GB
  360 batches, 36,000,000/47,695,507 rows
  [Memory batch 360] RSS: 19.37 GB
  370 batches, 37,000,000/47,695,507 rows
  [Memory batch 370] RSS: 19.38 GB
  380 batches, 38,000,000/47,695,507 rows
  [Memory batch 380] RSS: 19.38 GB
  390 batches, 39,000,000/47,695,507 rows
  [Memory batch 390] RSS: 19.39 GB
  400 batches, 40,000,000/47,695,507 rows
  [Memory batch 400] RSS: 19.39 GB
  410 batches, 41,000,000/47,695,507 rows
  [Memory batch 410] RSS: 19.40 GB
  420 batches, 42,000,000/47,695,507 rows
  [Memory batch 420] RSS: 19.40 GB
  430 batches, 43,000,000/47,695,507 rows
  [Memory batch 430] RSS: 19.41 GB
  440 batches, 44,000,000/47,695,507 rows
  [Memory batch 440] RSS: 19.41 GB
  450 batches, 45,000,000/47,695,507 rows
  [Memory batch 450] RSS: 19.41 GB
  460 batches, 46,000,000/47,695,507 rows
  [Memory batch 460] RSS: 19.42 GB
  470 batches, 47,000,000/47,695,507 rows
  [Memory batch 470] RSS: 19.42 GB
Completed 477 batches in 231.8s, 47,695,507 rows
  [Memory after all predictions] RSS: 19.43 GB

Test set: 47,315,443 neg, 380,064 pos, ratio 1:124.5, years 2017-2019

Test metrics: ROC-AUC 0.9277, PR-AUC 0.6349
  P@1%: 0.5383 (256,766/476,955), lift 67.56x
  P@5%: 0.1206 (287,608/2,384,775), lift 15.13x
  P@10%: 0.0638 (304,315/4,769,550), lift 8.01x

Top 20 features:
            feature  importance
                GPW    0.051557
          dist_road    0.048650
       GPW_smooth16    0.043072
    GSN_b2_smooth16    0.042315
       GPW_smooth64    0.037754
             GSN_b2    0.034769
          landcover    0.034581
      WorldClim_b14    0.033949
    dist_indigenous    0.029282
      HNTL_smooth64    0.028196
       WorldClim_b4    0.027948
    GSN_b2_smooth64    0.027736
      WorldClim_b11    0.024080
    GSN_b4_smooth64    0.022957
          policy_b2    0.022671
economic_value_lag1    0.020732
       WorldClim_b8    0.019975
       WorldClim_b9    0.018974
      WorldClim_b17    0.018284
          policy_b4    0.017579

Metrics saved: /cluster/home/gikaufmann/master_thesis/outputs/south_america/results/ml_models/model1_rf_win5_metrics_20260313_040947.json

======================================================================
SUMMARY
======================================================================
Model: RandomForest, 73 features
  Class weight: balanced_subsample

Test (2017-2019, 47,695,507 samples, 0.797% pos): ROC-AUC 0.9277, PR-AUC 0.6349
  P@1%: 0.5383 (67.6x), P@5%: 0.1206 (15.1x), P@10%: 0.0638 (8.0x)

Timings: train 31888.7s, pred 231.8s, total 67280.6s (1121.3m)
======================================================================
Done.

Output saved to: /cluster/home/gikaufmann/master_thesis/outputs/south_america/results/ml_models/model1_rf_win5_20260313_040947.txt
model1_RF script finished.
