Starting model2_RF script...
drwxr-xr-x 10 gikaufmann gikaufmann-group 4096 Mar 11 11:42 /cluster/home/gikaufmann/master_thesis
PWD = /cluster/home/gikaufmann/master_thesis

Loaded params from /cluster/home/gikaufmann/master_thesis/scripts/regions/usa/5_training/rf_best_params.json
Best CV score: 0.3345
W&B connected
======================================================================
RANDOM FOREST TRANSITION MODEL (5-YEAR LOOKAHEAD)
======================================================================
Train: /cluster/scratch/gikaufmann/data/usa/ml/main/train_win5.parquet
Earlystop: /cluster/scratch/gikaufmann/data/usa/ml/main/earlystop_win5.parquet
Test: /cluster/scratch/gikaufmann/data/usa/ml/main/test_win5.parquet
Params: /cluster/home/gikaufmann/master_thesis/scripts/regions/usa/5_training/rf_best_params.json
Output: /cluster/home/gikaufmann/master_thesis/outputs/usa/results/ml_models

Configuration:
  WDPA_LAST_YEAR: 2024
  LOOKAHEAD_YEARS: 5
  LAST_LABEL_YEAR: 2019 (WDPA_LAST_YEAR - LOOKAHEAD_YEARS)
  Earlystop/Test data filtered to years <= 2019 to avoid right-censored labels
  BATCH_SIZE: 100,000 (smaller batch = less memory per iteration)
  MAX_NEG_TRAIN: 50,000,000 (negative samples will be downsampled to this cap)
    -> This keeps ALL positives but samples negatives to control memory
    -> For 500M rows, this is ESSENTIAL to avoid OOM

Active configuration: SK_VERBOSE=0
  CPUs: 8 (SLURM_CPUS_PER_TASK=8)

======================================================================
OOM SAFETY STATUS:
  ✓ Configuration is OOM-safe for large datasets (500M rows)
    - Batch size: 100,000 (manageable chunks)
    - Negative sampling: 50,000,000 (memory bounded)
    - All predictions use batch processing (no large arrays in memory)
======================================================================

Selected 73 features, loading 79 cols from train, 79 from test
Target column: transition_01_win5

======================================================================
PHASE 1: TRAINING RANDOM FOREST MODEL
======================================================================
  [Memory start of Phase 1] RSS: 0.34 GB

----------------------------------------------------------------------
STEP 1: INTERMEDIATE MODEL → OOF EARLYSTOP PREDICTIONS FOR CALIBRATION
----------------------------------------------------------------------
Training intermediate model on 2001-2013 only...
  Earlystop years (2014-2016) are excluded so that
  scoring the earlystop set produces genuinely out-of-sample predictions.

Loading train data (2001-2013)...

Loading train_only (years 2001-2013) (max_neg=50,000,000) (two-pass NumPy loader)...
  Pass 1: Counting rows...
  Found 282,392 positives, 159,623,078 negatives (will sample to 50,000,000 negatives)
  Pass 2: Pre-allocating arrays (50,282,392 samples, 73 features)...
  10 batches, 50,001,936/50,282,392 samples loaded
  [Memory load batch 10] RSS: 1.00 GB
  20 batches, 50,002,124/50,282,392 samples loaded
  [Memory load batch 20] RSS: 1.30 GB
  30 batches, 50,003,353/50,282,392 samples loaded
  [Memory load batch 30] RSS: 1.57 GB
  40 batches, 50,006,156/50,282,392 samples loaded
  [Memory load batch 40] RSS: 1.87 GB
  50 batches, 50,007,011/50,282,392 samples loaded
  [Memory load batch 50] RSS: 2.15 GB
  60 batches, 50,012,916/50,282,392 samples loaded
  [Memory load batch 60] RSS: 2.43 GB
  70 batches, 50,013,392/50,282,392 samples loaded
  [Memory load batch 70] RSS: 2.62 GB
  80 batches, 50,015,105/50,282,392 samples loaded
  [Memory load batch 80] RSS: 2.92 GB
  90 batches, 50,015,908/50,282,392 samples loaded
  [Memory load batch 90] RSS: 3.23 GB
  100 batches, 50,016,228/50,282,392 samples loaded
  [Memory load batch 100] RSS: 3.50 GB
  110 batches, 50,016,894/50,282,392 samples loaded
  [Memory load batch 110] RSS: 3.78 GB
  120 batches, 50,018,273/50,282,392 samples loaded
  [Memory load batch 120] RSS: 4.08 GB
  130 batches, 50,019,857/50,282,392 samples loaded
  [Memory load batch 130] RSS: 4.36 GB
  140 batches, 50,022,277/50,282,392 samples loaded
  [Memory load batch 140] RSS: 4.63 GB
  150 batches, 50,025,884/50,282,392 samples loaded
  [Memory load batch 150] RSS: 4.91 GB
  160 batches, 50,026,451/50,282,392 samples loaded
  [Memory load batch 160] RSS: 5.13 GB
  170 batches, 50,028,777/50,282,392 samples loaded
  [Memory load batch 170] RSS: 5.46 GB
  180 batches, 50,030,741/50,282,392 samples loaded
  [Memory load batch 180] RSS: 5.74 GB
  190 batches, 50,031,856/50,282,392 samples loaded
  [Memory load batch 190] RSS: 6.01 GB
  200 batches, 50,032,912/50,282,392 samples loaded
  [Memory load batch 200] RSS: 6.26 GB
  210 batches, 50,033,990/50,282,392 samples loaded
  [Memory load batch 210] RSS: 6.56 GB
  220 batches, 50,037,740/50,282,392 samples loaded
  [Memory load batch 220] RSS: 6.81 GB
  230 batches, 50,038,960/50,282,392 samples loaded
  [Memory load batch 230] RSS: 7.12 GB
  240 batches, 50,041,896/50,282,392 samples loaded
  [Memory load batch 240] RSS: 7.36 GB
  250 batches, 50,041,939/50,282,392 samples loaded
  [Memory load batch 250] RSS: 7.67 GB
  260 batches, 50,043,020/50,282,392 samples loaded
  [Memory load batch 260] RSS: 7.94 GB
  270 batches, 50,044,897/50,282,392 samples loaded
  [Memory load batch 270] RSS: 8.22 GB
  280 batches, 50,045,500/50,282,392 samples loaded
  [Memory load batch 280] RSS: 8.47 GB
  290 batches, 50,046,936/50,282,392 samples loaded
  [Memory load batch 290] RSS: 8.77 GB
  300 batches, 50,047,709/50,282,392 samples loaded
  [Memory load batch 300] RSS: 9.02 GB
  310 batches, 50,050,971/50,282,392 samples loaded
  [Memory load batch 310] RSS: 9.32 GB
  320 batches, 50,052,384/50,282,392 samples loaded
  [Memory load batch 320] RSS: 9.60 GB
  330 batches, 50,054,609/50,282,392 samples loaded
  [Memory load batch 330] RSS: 9.84 GB
  340 batches, 50,055,059/50,282,392 samples loaded
  [Memory load batch 340] RSS: 10.12 GB
  350 batches, 50,056,828/50,282,392 samples loaded
  [Memory load batch 350] RSS: 10.42 GB
  360 batches, 50,057,541/50,282,392 samples loaded
  [Memory load batch 360] RSS: 10.70 GB
  370 batches, 50,057,701/50,282,392 samples loaded
  [Memory load batch 370] RSS: 10.92 GB
  380 batches, 50,060,288/50,282,392 samples loaded
  [Memory load batch 380] RSS: 11.25 GB
  390 batches, 50,061,335/50,282,392 samples loaded
  [Memory load batch 390] RSS: 11.50 GB
  400 batches, 50,064,012/50,282,392 samples loaded
  [Memory load batch 400] RSS: 11.80 GB
  410 batches, 50,066,501/50,282,392 samples loaded
  [Memory load batch 410] RSS: 12.08 GB
  420 batches, 50,071,892/50,282,392 samples loaded
  [Memory load batch 420] RSS: 12.30 GB
  430 batches, 50,074,205/50,282,392 samples loaded
  [Memory load batch 430] RSS: 12.60 GB
  440 batches, 50,075,079/50,282,392 samples loaded
  [Memory load batch 440] RSS: 12.88 GB
  450 batches, 50,077,987/50,282,392 samples loaded
  [Memory load batch 450] RSS: 13.18 GB
  460 batches, 50,079,074/50,282,392 samples loaded
  [Memory load batch 460] RSS: 13.45 GB
  470 batches, 50,082,374/50,282,392 samples loaded
  [Memory load batch 470] RSS: 13.73 GB
  480 batches, 50,084,845/50,282,392 samples loaded
  [Memory load batch 480] RSS: 14.01 GB
  490 batches, 50,087,941/50,282,392 samples loaded
  [Memory load batch 490] RSS: 14.28 GB
  500 batches, 50,088,936/50,282,392 samples loaded
  [Memory load batch 500] RSS: 14.56 GB
  510 batches, 50,090,449/50,282,392 samples loaded
  [Memory load batch 510] RSS: 14.53 GB
  520 batches, 50,092,165/50,282,392 samples loaded
  [Memory load batch 520] RSS: 14.55 GB
  530 batches, 50,092,724/50,282,392 samples loaded
  [Memory load batch 530] RSS: 14.53 GB
  540 batches, 50,094,207/50,282,392 samples loaded
  [Memory load batch 540] RSS: 14.53 GB
  550 batches, 50,099,687/50,282,392 samples loaded
  [Memory load batch 550] RSS: 14.58 GB
  560 batches, 50,102,828/50,282,392 samples loaded
  [Memory load batch 560] RSS: 14.58 GB
  570 batches, 50,107,624/50,282,392 samples loaded
  [Memory load batch 570] RSS: 14.58 GB
  580 batches, 50,109,512/50,282,392 samples loaded
  [Memory load batch 580] RSS: 14.56 GB
  590 batches, 50,111,833/50,282,392 samples loaded
  [Memory load batch 590] RSS: 14.56 GB
  600 batches, 50,112,886/50,282,392 samples loaded
  [Memory load batch 600] RSS: 14.56 GB
  610 batches, 50,112,887/50,282,392 samples loaded
  [Memory load batch 610] RSS: 14.56 GB
  620 batches, 50,115,206/50,282,392 samples loaded
  [Memory load batch 620] RSS: 14.59 GB
  630 batches, 50,115,502/50,282,392 samples loaded
  [Memory load batch 630] RSS: 14.59 GB
  640 batches, 50,118,381/50,282,392 samples loaded
  [Memory load batch 640] RSS: 14.59 GB
  650 batches, 50,118,547/50,282,392 samples loaded
  [Memory load batch 650] RSS: 14.56 GB
  660 batches, 50,120,529/50,282,392 samples loaded
  [Memory load batch 660] RSS: 14.59 GB
  670 batches, 50,126,660/50,282,392 samples loaded
  [Memory load batch 670] RSS: 14.59 GB
  680 batches, 50,127,427/50,282,392 samples loaded
  [Memory load batch 680] RSS: 14.59 GB
  690 batches, 50,128,886/50,282,392 samples loaded
  [Memory load batch 690] RSS: 14.59 GB
  700 batches, 50,130,405/50,282,392 samples loaded
  [Memory load batch 700] RSS: 14.59 GB
  710 batches, 50,131,317/50,282,392 samples loaded
  [Memory load batch 710] RSS: 14.59 GB
  720 batches, 50,134,578/50,282,392 samples loaded
  [Memory load batch 720] RSS: 14.59 GB
  730 batches, 50,136,185/50,282,392 samples loaded
  [Memory load batch 730] RSS: 14.57 GB
  740 batches, 50,136,752/50,282,392 samples loaded
  [Memory load batch 740] RSS: 14.59 GB
  750 batches, 50,137,738/50,282,392 samples loaded
  [Memory load batch 750] RSS: 14.60 GB
  760 batches, 50,139,878/50,282,392 samples loaded
  [Memory load batch 760] RSS: 14.59 GB
  770 batches, 50,140,602/50,282,392 samples loaded
  [Memory load batch 770] RSS: 14.57 GB
  780 batches, 50,142,948/50,282,392 samples loaded
  [Memory load batch 780] RSS: 14.60 GB
  790 batches, 50,144,083/50,282,392 samples loaded
  [Memory load batch 790] RSS: 14.60 GB
  800 batches, 50,145,728/50,282,392 samples loaded
  [Memory load batch 800] RSS: 14.60 GB
  810 batches, 50,148,112/50,282,392 samples loaded
  [Memory load batch 810] RSS: 14.60 GB
  820 batches, 50,152,767/50,282,392 samples loaded
  [Memory load batch 820] RSS: 14.60 GB
  830 batches, 50,152,848/50,282,392 samples loaded
  [Memory load batch 830] RSS: 14.60 GB
  840 batches, 50,153,319/50,282,392 samples loaded
  [Memory load batch 840] RSS: 14.54 GB
  850 batches, 50,154,671/50,282,392 samples loaded
  [Memory load batch 850] RSS: 14.57 GB
  860 batches, 50,157,064/50,282,392 samples loaded
  [Memory load batch 860] RSS: 14.60 GB
  870 batches, 50,160,048/50,282,392 samples loaded
  [Memory load batch 870] RSS: 14.60 GB
  880 batches, 50,160,660/50,282,392 samples loaded
  [Memory load batch 880] RSS: 14.60 GB
  890 batches, 50,161,526/50,282,392 samples loaded
  [Memory load batch 890] RSS: 14.60 GB
  900 batches, 50,161,818/50,282,392 samples loaded
  [Memory load batch 900] RSS: 14.60 GB
  910 batches, 50,161,818/50,282,392 samples loaded
  [Memory load batch 910] RSS: 14.57 GB
  920 batches, 50,165,086/50,282,392 samples loaded
  [Memory load batch 920] RSS: 14.60 GB
  930 batches, 50,166,127/50,282,392 samples loaded
  [Memory load batch 930] RSS: 14.60 GB
  940 batches, 50,169,735/50,282,392 samples loaded
  [Memory load batch 940] RSS: 14.58 GB
  950 batches, 50,169,789/50,282,392 samples loaded
  [Memory load batch 950] RSS: 14.58 GB
  960 batches, 50,172,615/50,282,392 samples loaded
  [Memory load batch 960] RSS: 14.58 GB
  970 batches, 50,175,051/50,282,392 samples loaded
  [Memory load batch 970] RSS: 14.60 GB
  980 batches, 50,176,051/50,282,392 samples loaded
  [Memory load batch 980] RSS: 14.55 GB
  990 batches, 50,177,497/50,282,392 samples loaded
  [Memory load batch 990] RSS: 14.58 GB
  1000 batches, 50,177,497/50,282,392 samples loaded
  [Memory load batch 1000] RSS: 14.58 GB
  1010 batches, 50,180,350/50,282,392 samples loaded
  [Memory load batch 1010] RSS: 14.60 GB
  1020 batches, 50,183,065/50,282,392 samples loaded
  [Memory load batch 1020] RSS: 14.58 GB
  1030 batches, 50,183,158/50,282,392 samples loaded
  [Memory load batch 1030] RSS: 14.58 GB
  1040 batches, 50,183,348/50,282,392 samples loaded
  [Memory load batch 1040] RSS: 14.58 GB
  1050 batches, 50,184,375/50,282,392 samples loaded
  [Memory load batch 1050] RSS: 14.61 GB
  1060 batches, 50,189,959/50,282,392 samples loaded
  [Memory load batch 1060] RSS: 14.61 GB
  1070 batches, 50,191,436/50,282,392 samples loaded
  [Memory load batch 1070] RSS: 14.61 GB
  1080 batches, 50,194,711/50,282,392 samples loaded
  [Memory load batch 1080] RSS: 14.61 GB
  1090 batches, 50,197,870/50,282,392 samples loaded
  [Memory load batch 1090] RSS: 14.58 GB
  1100 batches, 50,197,870/50,282,392 samples loaded
  [Memory load batch 1100] RSS: 14.61 GB
  1110 batches, 50,200,725/50,282,392 samples loaded
  [Memory load batch 1110] RSS: 14.61 GB
  1120 batches, 50,200,960/50,282,392 samples loaded
  [Memory load batch 1120] RSS: 14.61 GB
  1130 batches, 50,201,010/50,282,392 samples loaded
  [Memory load batch 1130] RSS: 14.58 GB
  1140 batches, 50,201,800/50,282,392 samples loaded
  [Memory load batch 1140] RSS: 14.58 GB
  1150 batches, 50,201,800/50,282,392 samples loaded
  [Memory load batch 1150] RSS: 14.61 GB
  1160 batches, 50,205,735/50,282,392 samples loaded
  [Memory load batch 1160] RSS: 14.56 GB
  1170 batches, 50,206,937/50,282,392 samples loaded
  [Memory load batch 1170] RSS: 14.61 GB
  1180 batches, 50,208,457/50,282,392 samples loaded
  [Memory load batch 1180] RSS: 14.61 GB
  1190 batches, 50,210,908/50,282,392 samples loaded
  [Memory load batch 1190] RSS: 14.61 GB
  1200 batches, 50,211,274/50,282,392 samples loaded
  [Memory load batch 1200] RSS: 14.61 GB
  1210 batches, 50,216,732/50,282,392 samples loaded
  [Memory load batch 1210] RSS: 14.59 GB
  1220 batches, 50,218,217/50,282,392 samples loaded
  [Memory load batch 1220] RSS: 14.59 GB
  1230 batches, 50,220,526/50,282,392 samples loaded
  [Memory load batch 1230] RSS: 14.56 GB
  1240 batches, 50,220,617/50,282,392 samples loaded
  [Memory load batch 1240] RSS: 14.62 GB
  1250 batches, 50,221,754/50,282,392 samples loaded
  [Memory load batch 1250] RSS: 14.62 GB
  1260 batches, 50,223,277/50,282,392 samples loaded
  [Memory load batch 1260] RSS: 14.59 GB
  1270 batches, 50,224,738/50,282,392 samples loaded
  [Memory load batch 1270] RSS: 14.62 GB
  1280 batches, 50,225,068/50,282,392 samples loaded
  [Memory load batch 1280] RSS: 14.62 GB
  1290 batches, 50,225,068/50,282,392 samples loaded
  [Memory load batch 1290] RSS: 14.62 GB
  1300 batches, 50,229,825/50,282,392 samples loaded
  [Memory load batch 1300] RSS: 14.59 GB
  1310 batches, 50,231,936/50,282,392 samples loaded
  [Memory load batch 1310] RSS: 14.62 GB
  1320 batches, 50,232,804/50,282,392 samples loaded
  [Memory load batch 1320] RSS: 14.62 GB
  1330 batches, 50,237,995/50,282,392 samples loaded
  [Memory load batch 1330] RSS: 14.62 GB
  1340 batches, 50,238,030/50,282,392 samples loaded
  [Memory load batch 1340] RSS: 14.57 GB
  1350 batches, 50,238,033/50,282,392 samples loaded
  [Memory load batch 1350] RSS: 14.60 GB
  1360 batches, 50,244,422/50,282,392 samples loaded
  [Memory load batch 1360] RSS: 14.62 GB
  1370 batches, 50,245,392/50,282,392 samples loaded
  [Memory load batch 1370] RSS: 14.62 GB
  1380 batches, 50,246,502/50,282,392 samples loaded
  [Memory load batch 1380] RSS: 14.62 GB
  1390 batches, 50,246,571/50,282,392 samples loaded
  [Memory load batch 1390] RSS: 14.62 GB
  1400 batches, 50,247,098/50,282,392 samples loaded
  [Memory load batch 1400] RSS: 14.62 GB
  1410 batches, 50,248,223/50,282,392 samples loaded
  [Memory load batch 1410] RSS: 14.62 GB
  1420 batches, 50,248,467/50,282,392 samples loaded
  [Memory load batch 1420] RSS: 14.60 GB
  1430 batches, 50,248,467/50,282,392 samples loaded
  [Memory load batch 1430] RSS: 14.60 GB
  1440 batches, 50,251,883/50,282,392 samples loaded
  [Memory load batch 1440] RSS: 14.60 GB
  1450 batches, 50,255,532/50,282,392 samples loaded
  [Memory load batch 1450] RSS: 14.63 GB
  1460 batches, 50,256,503/50,282,392 samples loaded
  [Memory load batch 1460] RSS: 14.63 GB
  1470 batches, 50,258,074/50,282,392 samples loaded
  [Memory load batch 1470] RSS: 14.63 GB
  1480 batches, 50,262,172/50,282,392 samples loaded
  [Memory load batch 1480] RSS: 14.63 GB
  1490 batches, 50,262,172/50,282,392 samples loaded
  [Memory load batch 1490] RSS: 14.63 GB
  1500 batches, 50,265,290/50,282,392 samples loaded
  [Memory load batch 1500] RSS: 14.63 GB
  1510 batches, 50,265,525/50,282,392 samples loaded
  [Memory load batch 1510] RSS: 14.60 GB
  1520 batches, 50,266,514/50,282,392 samples loaded
  [Memory load batch 1520] RSS: 14.63 GB
  1530 batches, 50,266,771/50,282,392 samples loaded
  [Memory load batch 1530] RSS: 14.63 GB
  1540 batches, 50,268,416/50,282,392 samples loaded
  [Memory load batch 1540] RSS: 14.63 GB
  1550 batches, 50,270,310/50,282,392 samples loaded
  [Memory load batch 1550] RSS: 14.63 GB
  1560 batches, 50,273,720/50,282,392 samples loaded
  [Memory load batch 1560] RSS: 14.63 GB
  1570 batches, 50,274,935/50,282,392 samples loaded
  [Memory load batch 1570] RSS: 14.55 GB
  1580 batches, 50,274,935/50,282,392 samples loaded
  [Memory load batch 1580] RSS: 14.62 GB
  1590 batches, 50,276,596/50,282,392 samples loaded
  [Memory load batch 1590] RSS: 14.63 GB
  1600 batches, 50,277,853/50,282,392 samples loaded
  [Memory load batch 1600] RSS: 14.54 GB
  1610 batches, 50,277,853/50,282,392 samples loaded
  [Memory load batch 1610] RSS: 14.57 GB
  1620 batches, 50,279,260/50,282,392 samples loaded
  [Memory load batch 1620] RSS: 14.55 GB
  Loaded 50,282,392 rows in 373.5s (13.91 GB)
  50,000,000 neg, 282,392 pos, ratio 1:177.1, years 2001-2013

Training intermediate model on 50,282,392 samples...
  n_estimators=200, max_depth=25, class_weight=balanced_subsample
  [Memory before intermediate training] RSS: 14.62 GB
Intermediate training done in 15978.0s
  [Memory after intermediate training] RSS: 15.15 GB
  [Memory after freeing intermediate train data] RSS: 1.24 GB

Scoring earlystop set (2014-2016) — OOF by construction...
  Year range capped at LAST_LABEL_YEAR=2019
  Pass 1: Counting earlystop rows...
  Found 36,794,636 earlystop samples: 36,762,783 neg, 31,853 pos
  Years: 2014-2016
  Pass 2: Generating predictions in batches...
  Writing earlystop scored predictions to model2_rf_win5_earlystop_scored_20260312_050140.parquet
  10 batches, 1,000,000/36,794,636 predictions generated
  [Memory earlystop batch 10] RSS: 1.35 GB
  20 batches, 2,000,000/36,794,636 predictions generated
  [Memory earlystop batch 20] RSS: 1.35 GB
  30 batches, 3,000,000/36,794,636 predictions generated
  [Memory earlystop batch 30] RSS: 1.35 GB
  40 batches, 4,000,000/36,794,636 predictions generated
  [Memory earlystop batch 40] RSS: 1.35 GB
  50 batches, 5,000,000/36,794,636 predictions generated
  [Memory earlystop batch 50] RSS: 1.35 GB
  60 batches, 6,000,000/36,794,636 predictions generated
  [Memory earlystop batch 60] RSS: 1.35 GB
  70 batches, 7,000,000/36,794,636 predictions generated
  [Memory earlystop batch 70] RSS: 1.35 GB
  80 batches, 8,000,000/36,794,636 predictions generated
  [Memory earlystop batch 80] RSS: 1.35 GB
  90 batches, 9,000,000/36,794,636 predictions generated
  [Memory earlystop batch 90] RSS: 1.35 GB
  100 batches, 10,000,000/36,794,636 predictions generated
  [Memory earlystop batch 100] RSS: 1.35 GB
  110 batches, 11,000,000/36,794,636 predictions generated
  [Memory earlystop batch 110] RSS: 1.35 GB
  120 batches, 12,000,000/36,794,636 predictions generated
  [Memory earlystop batch 120] RSS: 1.35 GB
  130 batches, 13,000,000/36,794,636 predictions generated
  [Memory earlystop batch 130] RSS: 1.35 GB
  140 batches, 14,000,000/36,794,636 predictions generated
  [Memory earlystop batch 140] RSS: 1.35 GB
  150 batches, 15,000,000/36,794,636 predictions generated
  [Memory earlystop batch 150] RSS: 1.35 GB
  160 batches, 16,000,000/36,794,636 predictions generated
  [Memory earlystop batch 160] RSS: 1.35 GB
  170 batches, 17,000,000/36,794,636 predictions generated
  [Memory earlystop batch 170] RSS: 1.35 GB
  180 batches, 18,000,000/36,794,636 predictions generated
  [Memory earlystop batch 180] RSS: 1.35 GB
  190 batches, 19,000,000/36,794,636 predictions generated
  [Memory earlystop batch 190] RSS: 1.35 GB
  200 batches, 20,000,000/36,794,636 predictions generated
  [Memory earlystop batch 200] RSS: 1.35 GB
  210 batches, 21,000,000/36,794,636 predictions generated
  [Memory earlystop batch 210] RSS: 1.35 GB
  220 batches, 22,000,000/36,794,636 predictions generated
  [Memory earlystop batch 220] RSS: 1.35 GB
  230 batches, 23,000,000/36,794,636 predictions generated
  [Memory earlystop batch 230] RSS: 1.35 GB
  240 batches, 24,000,000/36,794,636 predictions generated
  [Memory earlystop batch 240] RSS: 1.35 GB
  250 batches, 25,000,000/36,794,636 predictions generated
  [Memory earlystop batch 250] RSS: 1.35 GB
  260 batches, 26,000,000/36,794,636 predictions generated
  [Memory earlystop batch 260] RSS: 1.35 GB
  270 batches, 27,000,000/36,794,636 predictions generated
  [Memory earlystop batch 270] RSS: 1.35 GB
  280 batches, 28,000,000/36,794,636 predictions generated
  [Memory earlystop batch 280] RSS: 1.35 GB
  290 batches, 29,000,000/36,794,636 predictions generated
  [Memory earlystop batch 290] RSS: 1.35 GB
  300 batches, 30,000,000/36,794,636 predictions generated
  [Memory earlystop batch 300] RSS: 1.35 GB
  310 batches, 31,000,000/36,794,636 predictions generated
  [Memory earlystop batch 310] RSS: 1.35 GB
  320 batches, 32,000,000/36,794,636 predictions generated
  [Memory earlystop batch 320] RSS: 1.35 GB
  330 batches, 33,000,000/36,794,636 predictions generated
  [Memory earlystop batch 330] RSS: 1.35 GB
  340 batches, 34,000,000/36,794,636 predictions generated
  [Memory earlystop batch 340] RSS: 1.36 GB
  350 batches, 35,000,000/36,794,636 predictions generated
  [Memory earlystop batch 350] RSS: 1.36 GB
  360 batches, 36,000,000/36,794,636 predictions generated
  [Memory earlystop batch 360] RSS: 1.36 GB
Earlystop predictions generated in 72.8s (368 batches)
Earlystop scored predictions saved: model2_rf_win5_earlystop_scored_20260312_050140.parquet
  36,762,783 neg, 31,853 pos, ratio 1:1154.1, years 2014-2016
  [Memory after freeing intermediate model] RSS: 0.98 GB

----------------------------------------------------------------------
STEP 2: FINAL MODEL ON FULL LABELLED WINDOW (2001-2016)
----------------------------------------------------------------------
Training final model on 2001-2016...
  Loading from train_path only: train_win5.parquet already spans 2001-2016.
  earlystop_path is NOT loaded here — it is a subset of train and would duplicate rows.
  [Memory before final model loading] RSS: 0.98 GB

Loading full training data (2001-2016)...

Loading full_train (years 2001-2016) (max_neg=50,000,000) (two-pass NumPy loader)...
  Pass 1: Counting rows...
  Found 314,245 positives, 196,385,861 negatives (will sample to 50,000,000 negatives)
  Pass 2: Pre-allocating arrays (50,314,245 samples, 73 features)...
  10 batches, 50,001,936/50,314,245 samples loaded
  [Memory load batch 10] RSS: 1.34 GB
  20 batches, 50,002,124/50,314,245 samples loaded
  [Memory load batch 20] RSS: 1.64 GB
  30 batches, 50,003,353/50,314,245 samples loaded
  [Memory load batch 30] RSS: 1.92 GB
  40 batches, 50,006,156/50,314,245 samples loaded
  [Memory load batch 40] RSS: 2.22 GB
  50 batches, 50,007,011/50,314,245 samples loaded
  [Memory load batch 50] RSS: 2.50 GB
  60 batches, 50,012,916/50,314,245 samples loaded
  [Memory load batch 60] RSS: 2.78 GB
  70 batches, 50,013,392/50,314,245 samples loaded
  [Memory load batch 70] RSS: 3.02 GB
  80 batches, 50,015,105/50,314,245 samples loaded
  [Memory load batch 80] RSS: 3.33 GB
  90 batches, 50,015,908/50,314,245 samples loaded
  [Memory load batch 90] RSS: 3.60 GB
  100 batches, 50,016,228/50,314,245 samples loaded
  [Memory load batch 100] RSS: 3.85 GB
  110 batches, 50,016,894/50,314,245 samples loaded
  [Memory load batch 110] RSS: 4.13 GB
  120 batches, 50,018,273/50,314,245 samples loaded
  [Memory load batch 120] RSS: 4.43 GB
  130 batches, 50,019,857/50,314,245 samples loaded
  [Memory load batch 130] RSS: 4.71 GB
  140 batches, 50,022,277/50,314,245 samples loaded
  [Memory load batch 140] RSS: 4.98 GB
  150 batches, 50,025,884/50,314,245 samples loaded
  [Memory load batch 150] RSS: 5.26 GB
  160 batches, 50,026,451/50,314,245 samples loaded
  [Memory load batch 160] RSS: 5.48 GB
  170 batches, 50,028,777/50,314,245 samples loaded
  [Memory load batch 170] RSS: 5.81 GB
  180 batches, 50,030,741/50,314,245 samples loaded
  [Memory load batch 180] RSS: 6.08 GB
  190 batches, 50,031,856/50,314,245 samples loaded
  [Memory load batch 190] RSS: 6.36 GB
  200 batches, 50,032,912/50,314,245 samples loaded
  [Memory load batch 200] RSS: 6.61 GB
  210 batches, 50,033,990/50,314,245 samples loaded
  [Memory load batch 210] RSS: 6.91 GB
  220 batches, 50,037,740/50,314,245 samples loaded
  [Memory load batch 220] RSS: 7.16 GB
  230 batches, 50,038,960/50,314,245 samples loaded
  [Memory load batch 230] RSS: 7.46 GB
  240 batches, 50,041,896/50,314,245 samples loaded
  [Memory load batch 240] RSS: 7.71 GB
  250 batches, 50,041,939/50,314,245 samples loaded
  [Memory load batch 250] RSS: 8.01 GB
  260 batches, 50,043,020/50,314,245 samples loaded
  [Memory load batch 260] RSS: 8.29 GB
  270 batches, 50,044,897/50,314,245 samples loaded
  [Memory load batch 270] RSS: 8.56 GB
  280 batches, 50,045,500/50,314,245 samples loaded
  [Memory load batch 280] RSS: 8.81 GB
  290 batches, 50,046,936/50,314,245 samples loaded
  [Memory load batch 290] RSS: 9.11 GB
  300 batches, 50,047,709/50,314,245 samples loaded
  [Memory load batch 300] RSS: 9.37 GB
  310 batches, 50,050,971/50,314,245 samples loaded
  [Memory load batch 310] RSS: 9.67 GB
  320 batches, 50,052,384/50,314,245 samples loaded
  [Memory load batch 320] RSS: 9.94 GB
  330 batches, 50,054,609/50,314,245 samples loaded
  [Memory load batch 330] RSS: 10.19 GB
  340 batches, 50,055,059/50,314,245 samples loaded
  [Memory load batch 340] RSS: 10.47 GB
  350 batches, 50,056,828/50,314,245 samples loaded
  [Memory load batch 350] RSS: 10.77 GB
  360 batches, 50,057,541/50,314,245 samples loaded
  [Memory load batch 360] RSS: 11.05 GB
  370 batches, 50,057,701/50,314,245 samples loaded
  [Memory load batch 370] RSS: 11.27 GB
  380 batches, 50,060,288/50,314,245 samples loaded
  [Memory load batch 380] RSS: 11.60 GB
  390 batches, 50,061,335/50,314,245 samples loaded
  [Memory load batch 390] RSS: 11.84 GB
  400 batches, 50,064,012/50,314,245 samples loaded
  [Memory load batch 400] RSS: 12.15 GB
  410 batches, 50,066,501/50,314,245 samples loaded
  [Memory load batch 410] RSS: 12.42 GB
  420 batches, 50,071,892/50,314,245 samples loaded
  [Memory load batch 420] RSS: 12.64 GB
  430 batches, 50,074,205/50,314,245 samples loaded
  [Memory load batch 430] RSS: 12.95 GB
  440 batches, 50,075,079/50,314,245 samples loaded
  [Memory load batch 440] RSS: 13.22 GB
  450 batches, 50,077,987/50,314,245 samples loaded
  [Memory load batch 450] RSS: 13.53 GB
  460 batches, 50,079,074/50,314,245 samples loaded
  [Memory load batch 460] RSS: 13.80 GB
  470 batches, 50,082,374/50,314,245 samples loaded
  [Memory load batch 470] RSS: 14.08 GB
  480 batches, 50,084,845/50,314,245 samples loaded
  [Memory load batch 480] RSS: 14.36 GB
  490 batches, 50,087,941/50,314,245 samples loaded
  [Memory load batch 490] RSS: 14.63 GB
  500 batches, 50,088,936/50,314,245 samples loaded
  [Memory load batch 500] RSS: 14.90 GB
  510 batches, 50,090,449/50,314,245 samples loaded
  [Memory load batch 510] RSS: 14.87 GB
  520 batches, 50,092,165/50,314,245 samples loaded
  [Memory load batch 520] RSS: 14.90 GB
  530 batches, 50,092,724/50,314,245 samples loaded
  [Memory load batch 530] RSS: 14.87 GB
  540 batches, 50,094,207/50,314,245 samples loaded
  [Memory load batch 540] RSS: 14.87 GB
  550 batches, 50,099,687/50,314,245 samples loaded
  [Memory load batch 550] RSS: 14.93 GB
  560 batches, 50,102,828/50,314,245 samples loaded
  [Memory load batch 560] RSS: 14.93 GB
  570 batches, 50,107,624/50,314,245 samples loaded
  [Memory load batch 570] RSS: 14.93 GB
  580 batches, 50,109,512/50,314,245 samples loaded
  [Memory load batch 580] RSS: 14.91 GB
  590 batches, 50,111,833/50,314,245 samples loaded
  [Memory load batch 590] RSS: 14.91 GB
  600 batches, 50,112,886/50,314,245 samples loaded
  [Memory load batch 600] RSS: 14.91 GB
  610 batches, 50,112,887/50,314,245 samples loaded
  [Memory load batch 610] RSS: 14.91 GB
  620 batches, 50,115,206/50,314,245 samples loaded
  [Memory load batch 620] RSS: 14.93 GB
  630 batches, 50,115,502/50,314,245 samples loaded
  [Memory load batch 630] RSS: 14.93 GB
  640 batches, 50,118,381/50,314,245 samples loaded
  [Memory load batch 640] RSS: 14.93 GB
  650 batches, 50,118,547/50,314,245 samples loaded
  [Memory load batch 650] RSS: 14.91 GB
  660 batches, 50,120,529/50,314,245 samples loaded
  [Memory load batch 660] RSS: 14.94 GB
  670 batches, 50,126,660/50,314,245 samples loaded
  [Memory load batch 670] RSS: 14.94 GB
  680 batches, 50,127,427/50,314,245 samples loaded
  [Memory load batch 680] RSS: 14.94 GB
  690 batches, 50,128,886/50,314,245 samples loaded
  [Memory load batch 690] RSS: 14.94 GB
  700 batches, 50,130,405/50,314,245 samples loaded
  [Memory load batch 700] RSS: 14.94 GB
  710 batches, 50,131,317/50,314,245 samples loaded
  [Memory load batch 710] RSS: 14.94 GB
  720 batches, 50,134,578/50,314,245 samples loaded
  [Memory load batch 720] RSS: 14.94 GB
  730 batches, 50,136,185/50,314,245 samples loaded
  [Memory load batch 730] RSS: 14.91 GB
  740 batches, 50,136,752/50,314,245 samples loaded
  [Memory load batch 740] RSS: 14.94 GB
  750 batches, 50,137,738/50,314,245 samples loaded
  [Memory load batch 750] RSS: 14.94 GB
  760 batches, 50,139,878/50,314,245 samples loaded
  [Memory load batch 760] RSS: 14.94 GB
  770 batches, 50,140,602/50,314,245 samples loaded
  [Memory load batch 770] RSS: 14.91 GB
  780 batches, 50,142,948/50,314,245 samples loaded
  [Memory load batch 780] RSS: 14.94 GB
  790 batches, 50,144,083/50,314,245 samples loaded
  [Memory load batch 790] RSS: 14.94 GB
  800 batches, 50,145,728/50,314,245 samples loaded
  [Memory load batch 800] RSS: 14.94 GB
  810 batches, 50,148,112/50,314,245 samples loaded
  [Memory load batch 810] RSS: 14.94 GB
  820 batches, 50,152,767/50,314,245 samples loaded
  [Memory load batch 820] RSS: 14.94 GB
  830 batches, 50,152,848/50,314,245 samples loaded
  [Memory load batch 830] RSS: 14.94 GB
  840 batches, 50,153,319/50,314,245 samples loaded
  [Memory load batch 840] RSS: 14.89 GB
  850 batches, 50,154,671/50,314,245 samples loaded
  [Memory load batch 850] RSS: 14.92 GB
  860 batches, 50,157,064/50,314,245 samples loaded
  [Memory load batch 860] RSS: 14.95 GB
  870 batches, 50,160,048/50,314,245 samples loaded
  [Memory load batch 870] RSS: 14.95 GB
  880 batches, 50,160,660/50,314,245 samples loaded
  [Memory load batch 880] RSS: 14.95 GB
  890 batches, 50,161,526/50,314,245 samples loaded
  [Memory load batch 890] RSS: 14.95 GB
  900 batches, 50,161,818/50,314,245 samples loaded
  [Memory load batch 900] RSS: 14.95 GB
  910 batches, 50,161,818/50,314,245 samples loaded
  [Memory load batch 910] RSS: 14.92 GB
  920 batches, 50,165,086/50,314,245 samples loaded
  [Memory load batch 920] RSS: 14.95 GB
  930 batches, 50,166,127/50,314,245 samples loaded
  [Memory load batch 930] RSS: 14.95 GB
  940 batches, 50,169,735/50,314,245 samples loaded
  [Memory load batch 940] RSS: 14.92 GB
  950 batches, 50,169,789/50,314,245 samples loaded
  [Memory load batch 950] RSS: 14.92 GB
  960 batches, 50,172,615/50,314,245 samples loaded
  [Memory load batch 960] RSS: 14.92 GB
  970 batches, 50,175,051/50,314,245 samples loaded
  [Memory load batch 970] RSS: 14.95 GB
  980 batches, 50,176,051/50,314,245 samples loaded
  [Memory load batch 980] RSS: 14.90 GB
  990 batches, 50,177,497/50,314,245 samples loaded
  [Memory load batch 990] RSS: 14.93 GB
  1000 batches, 50,177,497/50,314,245 samples loaded
  [Memory load batch 1000] RSS: 14.93 GB
  1010 batches, 50,180,350/50,314,245 samples loaded
  [Memory load batch 1010] RSS: 14.95 GB
  1020 batches, 50,183,065/50,314,245 samples loaded
  [Memory load batch 1020] RSS: 14.93 GB
  1030 batches, 50,183,158/50,314,245 samples loaded
  [Memory load batch 1030] RSS: 14.93 GB
  1040 batches, 50,183,348/50,314,245 samples loaded
  [Memory load batch 1040] RSS: 14.93 GB
  1050 batches, 50,184,375/50,314,245 samples loaded
  [Memory load batch 1050] RSS: 14.95 GB
  1060 batches, 50,189,959/50,314,245 samples loaded
  [Memory load batch 1060] RSS: 14.95 GB
  1070 batches, 50,191,436/50,314,245 samples loaded
  [Memory load batch 1070] RSS: 14.96 GB
  1080 batches, 50,194,711/50,314,245 samples loaded
  [Memory load batch 1080] RSS: 14.96 GB
  1090 batches, 50,197,870/50,314,245 samples loaded
  [Memory load batch 1090] RSS: 14.93 GB
  1100 batches, 50,197,870/50,314,245 samples loaded
  [Memory load batch 1100] RSS: 14.96 GB
  1110 batches, 50,200,725/50,314,245 samples loaded
  [Memory load batch 1110] RSS: 14.96 GB
  1120 batches, 50,200,960/50,314,245 samples loaded
  [Memory load batch 1120] RSS: 14.96 GB
  1130 batches, 50,201,010/50,314,245 samples loaded
  [Memory load batch 1130] RSS: 14.93 GB
  1140 batches, 50,201,800/50,314,245 samples loaded
  [Memory load batch 1140] RSS: 14.93 GB
  1150 batches, 50,201,800/50,314,245 samples loaded
  [Memory load batch 1150] RSS: 14.96 GB
  1160 batches, 50,205,735/50,314,245 samples loaded
  [Memory load batch 1160] RSS: 14.91 GB
  1170 batches, 50,206,937/50,314,245 samples loaded
  [Memory load batch 1170] RSS: 14.96 GB
  1180 batches, 50,208,457/50,314,245 samples loaded
  [Memory load batch 1180] RSS: 14.96 GB
  1190 batches, 50,210,908/50,314,245 samples loaded
  [Memory load batch 1190] RSS: 14.96 GB
  1200 batches, 50,211,274/50,314,245 samples loaded
  [Memory load batch 1200] RSS: 14.96 GB
  1210 batches, 50,216,732/50,314,245 samples loaded
  [Memory load batch 1210] RSS: 14.94 GB
  1220 batches, 50,218,217/50,314,245 samples loaded
  [Memory load batch 1220] RSS: 14.94 GB
  1230 batches, 50,220,526/50,314,245 samples loaded
  [Memory load batch 1230] RSS: 14.91 GB
  1240 batches, 50,220,617/50,314,245 samples loaded
  [Memory load batch 1240] RSS: 14.96 GB
  1250 batches, 50,221,754/50,314,245 samples loaded
  [Memory load batch 1250] RSS: 14.96 GB
  1260 batches, 50,223,277/50,314,245 samples loaded
  [Memory load batch 1260] RSS: 14.94 GB
  1270 batches, 50,224,738/50,314,245 samples loaded
  [Memory load batch 1270] RSS: 14.96 GB
  1280 batches, 50,225,068/50,314,245 samples loaded
  [Memory load batch 1280] RSS: 14.96 GB
  1290 batches, 50,225,068/50,314,245 samples loaded
  [Memory load batch 1290] RSS: 14.96 GB
  1300 batches, 50,229,825/50,314,245 samples loaded
  [Memory load batch 1300] RSS: 14.94 GB
  1310 batches, 50,231,936/50,314,245 samples loaded
  [Memory load batch 1310] RSS: 14.97 GB
  1320 batches, 50,232,804/50,314,245 samples loaded
  [Memory load batch 1320] RSS: 14.97 GB
  1330 batches, 50,237,995/50,314,245 samples loaded
  [Memory load batch 1330] RSS: 14.97 GB
  1340 batches, 50,238,030/50,314,245 samples loaded
  [Memory load batch 1340] RSS: 14.91 GB
  1350 batches, 50,238,033/50,314,245 samples loaded
  [Memory load batch 1350] RSS: 14.94 GB
  1360 batches, 50,244,422/50,314,245 samples loaded
  [Memory load batch 1360] RSS: 14.97 GB
  1370 batches, 50,245,392/50,314,245 samples loaded
  [Memory load batch 1370] RSS: 14.97 GB
  1380 batches, 50,246,502/50,314,245 samples loaded
  [Memory load batch 1380] RSS: 14.97 GB
  1390 batches, 50,246,571/50,314,245 samples loaded
  [Memory load batch 1390] RSS: 14.97 GB
  1400 batches, 50,247,098/50,314,245 samples loaded
  [Memory load batch 1400] RSS: 14.97 GB
  1410 batches, 50,248,223/50,314,245 samples loaded
  [Memory load batch 1410] RSS: 14.97 GB
  1420 batches, 50,248,467/50,314,245 samples loaded
  [Memory load batch 1420] RSS: 14.95 GB
  1430 batches, 50,248,467/50,314,245 samples loaded
  [Memory load batch 1430] RSS: 14.95 GB
  1440 batches, 50,251,883/50,314,245 samples loaded
  [Memory load batch 1440] RSS: 14.95 GB
  1450 batches, 50,255,532/50,314,245 samples loaded
  [Memory load batch 1450] RSS: 14.97 GB
  1460 batches, 50,256,503/50,314,245 samples loaded
  [Memory load batch 1460] RSS: 14.97 GB
  1470 batches, 50,258,074/50,314,245 samples loaded
  [Memory load batch 1470] RSS: 14.97 GB
  1480 batches, 50,262,172/50,314,245 samples loaded
  [Memory load batch 1480] RSS: 14.97 GB
  1490 batches, 50,262,172/50,314,245 samples loaded
  [Memory load batch 1490] RSS: 14.97 GB
  1500 batches, 50,265,290/50,314,245 samples loaded
  [Memory load batch 1500] RSS: 14.98 GB
  1510 batches, 50,265,525/50,314,245 samples loaded
  [Memory load batch 1510] RSS: 14.95 GB
  1520 batches, 50,266,514/50,314,245 samples loaded
  [Memory load batch 1520] RSS: 14.98 GB
  1530 batches, 50,266,771/50,314,245 samples loaded
  [Memory load batch 1530] RSS: 14.98 GB
  1540 batches, 50,268,416/50,314,245 samples loaded
  [Memory load batch 1540] RSS: 14.98 GB
  1550 batches, 50,270,310/50,314,245 samples loaded
  [Memory load batch 1550] RSS: 14.98 GB
  1560 batches, 50,273,720/50,314,245 samples loaded
  [Memory load batch 1560] RSS: 14.98 GB
  1570 batches, 50,274,935/50,314,245 samples loaded
  [Memory load batch 1570] RSS: 14.98 GB
  1580 batches, 50,276,762/50,314,245 samples loaded
  [Memory load batch 1580] RSS: 14.98 GB
  1590 batches, 50,278,423/50,314,245 samples loaded
  [Memory load batch 1590] RSS: 14.93 GB
  1600 batches, 50,279,680/50,314,245 samples loaded
  [Memory load batch 1600] RSS: 14.98 GB
  1610 batches, 50,279,680/50,314,245 samples loaded
  [Memory load batch 1610] RSS: 14.98 GB
  1620 batches, 50,281,240/50,314,245 samples loaded
  [Memory load batch 1620] RSS: 14.98 GB
  1630 batches, 50,281,240/50,314,245 samples loaded
  [Memory load batch 1630] RSS: 14.98 GB
  1640 batches, 50,281,240/50,314,245 samples loaded
  [Memory load batch 1640] RSS: 14.98 GB
  1650 batches, 50,281,789/50,314,245 samples loaded
  [Memory load batch 1650] RSS: 14.98 GB
  1660 batches, 50,282,577/50,314,245 samples loaded
  [Memory load batch 1660] RSS: 14.95 GB
  1670 batches, 50,282,763/50,314,245 samples loaded
  [Memory load batch 1670] RSS: 14.95 GB
  1680 batches, 50,284,032/50,314,245 samples loaded
  [Memory load batch 1680] RSS: 14.98 GB
  1690 batches, 50,285,652/50,314,245 samples loaded
  [Memory load batch 1690] RSS: 14.98 GB
  1700 batches, 50,291,936/50,314,245 samples loaded
  [Memory load batch 1700] RSS: 14.98 GB
  1710 batches, 50,292,498/50,314,245 samples loaded
  [Memory load batch 1710] RSS: 14.98 GB
  1720 batches, 50,292,498/50,314,245 samples loaded
  [Memory load batch 1720] RSS: 14.98 GB
  1730 batches, 50,292,565/50,314,245 samples loaded
  [Memory load batch 1730] RSS: 14.98 GB
  1740 batches, 50,292,565/50,314,245 samples loaded
  [Memory load batch 1740] RSS: 14.98 GB
  1750 batches, 50,292,565/50,314,245 samples loaded
  [Memory load batch 1750] RSS: 14.98 GB
  1760 batches, 50,292,735/50,314,245 samples loaded
  [Memory load batch 1760] RSS: 14.93 GB
  1770 batches, 50,292,794/50,314,245 samples loaded
  [Memory load batch 1770] RSS: 14.96 GB
  1780 batches, 50,294,121/50,314,245 samples loaded
  [Memory load batch 1780] RSS: 14.96 GB
  1790 batches, 50,294,355/50,314,245 samples loaded
  [Memory load batch 1790] RSS: 14.96 GB
  1800 batches, 50,298,679/50,314,245 samples loaded
  [Memory load batch 1800] RSS: 14.96 GB
  1810 batches, 50,299,558/50,314,245 samples loaded
  [Memory load batch 1810] RSS: 14.99 GB
  1820 batches, 50,299,558/50,314,245 samples loaded
  [Memory load batch 1820] RSS: 14.99 GB
  1830 batches, 50,301,750/50,314,245 samples loaded
  [Memory load batch 1830] RSS: 14.99 GB
  1840 batches, 50,302,231/50,314,245 samples loaded
  [Memory load batch 1840] RSS: 14.99 GB
  1850 batches, 50,302,231/50,314,245 samples loaded
  [Memory load batch 1850] RSS: 14.99 GB
  1860 batches, 50,302,231/50,314,245 samples loaded
  [Memory load batch 1860] RSS: 14.99 GB
  1870 batches, 50,302,328/50,314,245 samples loaded
  [Memory load batch 1870] RSS: 14.99 GB
  1880 batches, 50,302,328/50,314,245 samples loaded
  [Memory load batch 1880] RSS: 14.99 GB
  1890 batches, 50,302,328/50,314,245 samples loaded
  [Memory load batch 1890] RSS: 14.99 GB
  1900 batches, 50,302,328/50,314,245 samples loaded
  [Memory load batch 1900] RSS: 14.99 GB
  1910 batches, 50,303,408/50,314,245 samples loaded
  [Memory load batch 1910] RSS: 14.99 GB
  1920 batches, 50,304,418/50,314,245 samples loaded
  [Memory load batch 1920] RSS: 14.96 GB
  1930 batches, 50,304,652/50,314,245 samples loaded
  [Memory load batch 1930] RSS: 14.99 GB
  1940 batches, 50,304,652/50,314,245 samples loaded
  [Memory load batch 1940] RSS: 14.96 GB
  1950 batches, 50,309,892/50,314,245 samples loaded
  [Memory load batch 1950] RSS: 14.99 GB
  1960 batches, 50,309,892/50,314,245 samples loaded
  [Memory load batch 1960] RSS: 14.99 GB
  Loaded 50,314,245 rows in 461.0s (13.92 GB)
  50,000,000 neg, 314,245 pos, ratio 1:159.1, years 2001-2016
  [Memory after loading final data] RSS: 14.97 GB

Imbalance: 50,000,000 neg, 314,245 pos, ratio 1:159.1
  Using class_weight: balanced_subsample

Final model parameters:
  bootstrap: True
  class_weight: balanced_subsample
  max_depth: 25
  max_features: sqrt
  min_samples_leaf: 7
  min_samples_split: 23
  n_estimators: 200
  n_jobs: 8
  random_state: 42
  verbose: 0

Training final model on 50,314,245 samples...
  [Memory before final training] RSS: 14.97 GB

Training done in 16796.8s
Final model saved: /cluster/home/gikaufmann/master_thesis/data/usa/ml/models/model2_rf_win5_20260312_050140.joblib
Phase 1 completed.

======================================================================
PHASE 2: TESTING
======================================================================
  [Memory start of Phase 2] RSS: 0.96 GB

Loading model from /cluster/home/gikaufmann/master_thesis/data/usa/ml/models/model2_rf_win5_20260312_050140.joblib
  [Memory after loading model] RSS: 2.43 GB
Processing test in batches of 100,000...
Test year range: 2017-2019 (capped at LAST_LABEL_YEAR=2019)
  Pass 1: Counting test rows (year_range=(2017, 2019))...
  Found 36,766,833 test samples (filtered to year_range=2017-2019)
  Pre-allocating arrays for 36,766,833 samples...
  [Memory after pre-allocation] RSS: 2.44 GB
  Pass 2: Processing test batches (year_range=(2017, 2019))...
Writing to /cluster/home/gikaufmann/master_thesis/outputs/usa/results/ml_models/model2_rf_win5_scored_20260312_050140.parquet
  10 batches, 1,000,000/36,766,833 rows
  [Memory batch 10] RSS: 2.48 GB
  20 batches, 2,000,000/36,766,833 rows
  [Memory batch 20] RSS: 2.48 GB
  30 batches, 3,000,000/36,766,833 rows
  [Memory batch 30] RSS: 2.49 GB
  40 batches, 4,000,000/36,766,833 rows
  [Memory batch 40] RSS: 2.49 GB
  50 batches, 5,000,000/36,766,833 rows
  [Memory batch 50] RSS: 2.50 GB
  60 batches, 6,000,000/36,766,833 rows
  [Memory batch 60] RSS: 2.50 GB
  70 batches, 7,000,000/36,766,833 rows
  [Memory batch 70] RSS: 2.51 GB
  80 batches, 8,000,000/36,766,833 rows
  [Memory batch 80] RSS: 2.51 GB
  90 batches, 9,000,000/36,766,833 rows
  [Memory batch 90] RSS: 2.52 GB
  100 batches, 10,000,000/36,766,833 rows
  [Memory batch 100] RSS: 2.52 GB
  110 batches, 11,000,000/36,766,833 rows
  [Memory batch 110] RSS: 2.52 GB
  120 batches, 12,000,000/36,766,833 rows
  [Memory batch 120] RSS: 2.53 GB
  130 batches, 13,000,000/36,766,833 rows
  [Memory batch 130] RSS: 2.53 GB
  140 batches, 14,000,000/36,766,833 rows
  [Memory batch 140] RSS: 2.54 GB
  150 batches, 15,000,000/36,766,833 rows
  [Memory batch 150] RSS: 2.54 GB
  160 batches, 16,000,000/36,766,833 rows
  [Memory batch 160] RSS: 2.55 GB
  170 batches, 17,000,000/36,766,833 rows
  [Memory batch 170] RSS: 2.55 GB
  180 batches, 18,000,000/36,766,833 rows
  [Memory batch 180] RSS: 2.56 GB
  190 batches, 19,000,000/36,766,833 rows
  [Memory batch 190] RSS: 2.56 GB
  200 batches, 20,000,000/36,766,833 rows
  [Memory batch 200] RSS: 2.57 GB
  210 batches, 21,000,000/36,766,833 rows
  [Memory batch 210] RSS: 2.57 GB
  220 batches, 22,000,000/36,766,833 rows
  [Memory batch 220] RSS: 2.58 GB
  230 batches, 23,000,000/36,766,833 rows
  [Memory batch 230] RSS: 2.58 GB
  240 batches, 24,000,000/36,766,833 rows
  [Memory batch 240] RSS: 2.59 GB
  250 batches, 25,000,000/36,766,833 rows
  [Memory batch 250] RSS: 2.59 GB
  260 batches, 26,000,000/36,766,833 rows
  [Memory batch 260] RSS: 2.60 GB
  270 batches, 27,000,000/36,766,833 rows
  [Memory batch 270] RSS: 2.60 GB
  280 batches, 28,000,000/36,766,833 rows
  [Memory batch 280] RSS: 2.61 GB
  290 batches, 29,000,000/36,766,833 rows
  [Memory batch 290] RSS: 2.61 GB
  300 batches, 30,000,000/36,766,833 rows
  [Memory batch 300] RSS: 2.62 GB
  310 batches, 31,000,000/36,766,833 rows
  [Memory batch 310] RSS: 2.62 GB
  320 batches, 32,000,000/36,766,833 rows
  [Memory batch 320] RSS: 2.63 GB
  330 batches, 33,000,000/36,766,833 rows
  [Memory batch 330] RSS: 2.63 GB
  340 batches, 34,000,000/36,766,833 rows
  [Memory batch 340] RSS: 2.64 GB
  350 batches, 35,000,000/36,766,833 rows
  [Memory batch 350] RSS: 2.64 GB
  360 batches, 36,000,000/36,766,833 rows
  [Memory batch 360] RSS: 2.65 GB
Completed 368 batches in 88.8s, 36,766,833 rows
  [Memory after all predictions] RSS: 2.65 GB

Test set: 36,752,046 neg, 14,787 pos, ratio 1:2485.4, years 2017-2019

Test metrics: ROC-AUC 0.9984, PR-AUC 0.2609
  P@1%: 0.0399 (14,672/367,668), lift 99.22x
  P@5%: 0.0080 (14,728/1,838,341), lift 19.92x
  P@10%: 0.0040 (14,743/3,676,683), lift 9.97x

Top 20 features:
              feature  importance
elevation_b2_smooth16    0.051176
elevation_b2_smooth64    0.045845
 elevation_b2_smooth4    0.036132
         WorldClim_b8    0.030874
            dist_wdpa    0.030777
         elevation_b2    0.026022
                  GPW    0.025364
      GSN_b5_smooth64    0.024101
        WorldClim_b18    0.022767
      dist_indigenous    0.021977
elevation_b1_smooth64    0.020610
  economic_value_lag1    0.019712
         GPW_smooth16    0.019680
         GPW_smooth64    0.019511
         WorldClim_b4    0.019311
elevation_b1_smooth16    0.019097
        WorldClim_b10    0.018809
        WorldClim_b15    0.018693
        WorldClim_b19    0.018545
      GSN_b5_smooth16    0.018114

Metrics saved: /cluster/home/gikaufmann/master_thesis/outputs/usa/results/ml_models/model2_rf_win5_metrics_20260312_050140.json

======================================================================
SUMMARY
======================================================================
Model: RandomForest, 73 features
  Class weight: balanced_subsample

Test (2017-2019, 36,766,833 samples, 0.040% pos): ROC-AUC 0.9984, PR-AUC 0.2609
  P@1%: 0.0399 (99.2x), P@5%: 0.0080 (19.9x), P@10%: 0.0040 (10.0x)

Timings: train 16796.8s, pred 88.8s, total 33837.1s (564.0m)
======================================================================
Done.

Output saved to: /cluster/home/gikaufmann/master_thesis/outputs/usa/results/ml_models/model2_rf_win5_20260312_050140.txt
model2_RF script finished.
