Starting model2_LGBM script...
drwxr-xr-x 11 gikaufmann gikaufmann-group 4096 Mar  6 19:25 /cluster/home/gikaufmann/master_thesis
PWD = /cluster/home/gikaufmann/master_thesis

Loaded params from /cluster/home/gikaufmann/master_thesis/scripts/regions/usa/4_ml/3_training/lgbm_best_params.json
Best CV score: 0.5333
W&B connected
======================================================================
LGBM TRANSITION MODEL (CONTINENT DATASET - 5-YEAR LOOKAHEAD)
======================================================================
Train: /cluster/scratch/gikaufmann/data/usa/ml/main/train_win5.parquet
Earlystop: /cluster/scratch/gikaufmann/data/usa/ml/main/earlystop_win5.parquet
Test: /cluster/scratch/gikaufmann/data/usa/ml/main/test_win5.parquet
Params: /cluster/home/gikaufmann/master_thesis/scripts/regions/usa/4_ml/3_training/lgbm_best_params.json
Output: /cluster/home/gikaufmann/master_thesis/outputs/usa/results/ml_models

Configuration:
  CV Mode: fold3
  Use Time Weights: True
  WDPA_LAST_YEAR: 2024
  LOOKAHEAD_YEARS: 5
  LAST_LABEL_YEAR: 2019 (WDPA_LAST_YEAR - LOOKAHEAD_YEARS)
  Earlystop/Test data filtered to years <= 2019 to avoid right-censored labels
Selected 73 features, loading 79 cols from train, 79 from test
Target column: transition_01_win5

======================================================================
PHASE 1: TRAINING WITH TEMPORAL CROSS-VALIDATION
======================================================================
  [Memory start of Phase 1] RSS: 0.34 GB

======================================================================
STEP A: TEMPORAL CROSS-VALIDATION
======================================================================
CV Mode: fold3
  Running only fold 3

======================================================================
CV FOLD 3/3
Train: 2001-2013 → Earlystop: 2014-2016
======================================================================

Loading from 2 files (years 2001-2013) (two-pass NumPy loader)...
  Pass 1: Counting rows...
  Found 159,905,470 samples
  Pass 2: Pre-allocating arrays (159,905,470 samples, 73 features)...
  10 batches, 2,000,000/159,905,470 samples loaded
  [Memory load batch 10] RSS: 1.26 GB
  20 batches, 4,000,000/159,905,470 samples loaded
  [Memory load batch 20] RSS: 1.82 GB
  30 batches, 6,000,000/159,905,470 samples loaded
  [Memory load batch 30] RSS: 2.37 GB
  40 batches, 8,000,000/159,905,470 samples loaded
  [Memory load batch 40] RSS: 2.92 GB
  50 batches, 10,000,000/159,905,470 samples loaded
  [Memory load batch 50] RSS: 3.48 GB
  60 batches, 12,000,000/159,905,470 samples loaded
  [Memory load batch 60] RSS: 4.03 GB
  70 batches, 14,000,000/159,905,470 samples loaded
  [Memory load batch 70] RSS: 4.58 GB
  80 batches, 16,000,000/159,905,470 samples loaded
  [Memory load batch 80] RSS: 5.14 GB
  90 batches, 18,000,000/159,905,470 samples loaded
  [Memory load batch 90] RSS: 5.69 GB
  100 batches, 20,000,000/159,905,470 samples loaded
  [Memory load batch 100] RSS: 6.24 GB
  110 batches, 22,000,000/159,905,470 samples loaded
  [Memory load batch 110] RSS: 6.80 GB
  120 batches, 24,000,000/159,905,470 samples loaded
  [Memory load batch 120] RSS: 7.35 GB
  130 batches, 26,000,000/159,905,470 samples loaded
  [Memory load batch 130] RSS: 7.90 GB
  140 batches, 28,000,000/159,905,470 samples loaded
  [Memory load batch 140] RSS: 8.46 GB
  150 batches, 30,000,000/159,905,470 samples loaded
  [Memory load batch 150] RSS: 9.01 GB
  160 batches, 32,000,000/159,905,470 samples loaded
  [Memory load batch 160] RSS: 9.56 GB
  170 batches, 34,000,000/159,905,470 samples loaded
  [Memory load batch 170] RSS: 10.12 GB
  180 batches, 36,000,000/159,905,470 samples loaded
  [Memory load batch 180] RSS: 10.67 GB
  190 batches, 38,000,000/159,905,470 samples loaded
  [Memory load batch 190] RSS: 11.22 GB
  200 batches, 40,000,000/159,905,470 samples loaded
  [Memory load batch 200] RSS: 11.78 GB
  210 batches, 42,000,000/159,905,470 samples loaded
  [Memory load batch 210] RSS: 12.33 GB
  220 batches, 44,000,000/159,905,470 samples loaded
  [Memory load batch 220] RSS: 12.88 GB
  230 batches, 46,000,000/159,905,470 samples loaded
  [Memory load batch 230] RSS: 13.44 GB
  240 batches, 48,000,000/159,905,470 samples loaded
  [Memory load batch 240] RSS: 13.99 GB
  250 batches, 50,000,000/159,905,470 samples loaded
  [Memory load batch 250] RSS: 14.54 GB
  260 batches, 52,000,000/159,905,470 samples loaded
  [Memory load batch 260] RSS: 15.09 GB
  270 batches, 54,000,000/159,905,470 samples loaded
  [Memory load batch 270] RSS: 15.65 GB
  280 batches, 56,000,000/159,905,470 samples loaded
  [Memory load batch 280] RSS: 16.20 GB
  290 batches, 58,000,000/159,905,470 samples loaded
  [Memory load batch 290] RSS: 16.75 GB
  300 batches, 60,000,000/159,905,470 samples loaded
  [Memory load batch 300] RSS: 17.31 GB
  310 batches, 62,000,000/159,905,470 samples loaded
  [Memory load batch 310] RSS: 17.86 GB
  320 batches, 64,000,000/159,905,470 samples loaded
  [Memory load batch 320] RSS: 18.41 GB
  330 batches, 66,000,000/159,905,470 samples loaded
  [Memory load batch 330] RSS: 18.97 GB
  340 batches, 68,000,000/159,905,470 samples loaded
  [Memory load batch 340] RSS: 19.52 GB
  350 batches, 70,000,000/159,905,470 samples loaded
  [Memory load batch 350] RSS: 20.07 GB
  360 batches, 72,000,000/159,905,470 samples loaded
  [Memory load batch 360] RSS: 20.63 GB
  370 batches, 74,000,000/159,905,470 samples loaded
  [Memory load batch 370] RSS: 21.18 GB
  380 batches, 76,000,000/159,905,470 samples loaded
  [Memory load batch 380] RSS: 21.73 GB
  390 batches, 78,000,000/159,905,470 samples loaded
  [Memory load batch 390] RSS: 22.29 GB
  400 batches, 80,000,000/159,905,470 samples loaded
  [Memory load batch 400] RSS: 22.84 GB
  410 batches, 82,000,000/159,905,470 samples loaded
  [Memory load batch 410] RSS: 23.39 GB
  420 batches, 84,000,000/159,905,470 samples loaded
  [Memory load batch 420] RSS: 23.95 GB
  430 batches, 86,000,000/159,905,470 samples loaded
  [Memory load batch 430] RSS: 24.50 GB
  440 batches, 88,000,000/159,905,470 samples loaded
  [Memory load batch 440] RSS: 25.05 GB
  450 batches, 90,000,000/159,905,470 samples loaded
  [Memory load batch 450] RSS: 25.60 GB
  460 batches, 92,000,000/159,905,470 samples loaded
  [Memory load batch 460] RSS: 26.16 GB
  470 batches, 94,000,000/159,905,470 samples loaded
  [Memory load batch 470] RSS: 26.71 GB
  480 batches, 96,000,000/159,905,470 samples loaded
  [Memory load batch 480] RSS: 27.27 GB
  490 batches, 98,000,000/159,905,470 samples loaded
  [Memory load batch 490] RSS: 27.82 GB
  500 batches, 100,000,000/159,905,470 samples loaded
  [Memory load batch 500] RSS: 28.37 GB
  510 batches, 102,000,000/159,905,470 samples loaded
  [Memory load batch 510] RSS: 28.92 GB
  520 batches, 104,000,000/159,905,470 samples loaded
  [Memory load batch 520] RSS: 29.48 GB
  530 batches, 106,000,000/159,905,470 samples loaded
  [Memory load batch 530] RSS: 30.03 GB
  540 batches, 108,000,000/159,905,470 samples loaded
  [Memory load batch 540] RSS: 30.58 GB
  550 batches, 110,000,000/159,905,470 samples loaded
  [Memory load batch 550] RSS: 31.14 GB
  560 batches, 112,000,000/159,905,470 samples loaded
  [Memory load batch 560] RSS: 31.69 GB
  570 batches, 114,000,000/159,905,470 samples loaded
  [Memory load batch 570] RSS: 32.24 GB
  580 batches, 116,000,000/159,905,470 samples loaded
  [Memory load batch 580] RSS: 32.80 GB
  590 batches, 118,000,000/159,905,470 samples loaded
  [Memory load batch 590] RSS: 33.35 GB
  600 batches, 120,000,000/159,905,470 samples loaded
  [Memory load batch 600] RSS: 33.90 GB
  610 batches, 122,000,000/159,905,470 samples loaded
  [Memory load batch 610] RSS: 34.46 GB
  620 batches, 124,000,000/159,905,470 samples loaded
  [Memory load batch 620] RSS: 34.98 GB
  630 batches, 126,000,000/159,905,470 samples loaded
  [Memory load batch 630] RSS: 35.54 GB
  640 batches, 128,000,000/159,905,470 samples loaded
  [Memory load batch 640] RSS: 36.09 GB
  650 batches, 130,000,000/159,905,470 samples loaded
  [Memory load batch 650] RSS: 36.64 GB
  660 batches, 132,000,000/159,905,470 samples loaded
  [Memory load batch 660] RSS: 37.19 GB
  670 batches, 134,000,000/159,905,470 samples loaded
  [Memory load batch 670] RSS: 37.75 GB
  680 batches, 136,000,000/159,905,470 samples loaded
  [Memory load batch 680] RSS: 38.30 GB
  690 batches, 138,000,000/159,905,470 samples loaded
  [Memory load batch 690] RSS: 38.85 GB
  700 batches, 140,000,000/159,905,470 samples loaded
  [Memory load batch 700] RSS: 39.40 GB
  710 batches, 142,000,000/159,905,470 samples loaded
  [Memory load batch 710] RSS: 39.96 GB
  720 batches, 144,000,000/159,905,470 samples loaded
  [Memory load batch 720] RSS: 40.51 GB
  730 batches, 146,000,000/159,905,470 samples loaded
  [Memory load batch 730] RSS: 41.06 GB
  740 batches, 148,000,000/159,905,470 samples loaded
  [Memory load batch 740] RSS: 41.62 GB
  750 batches, 150,000,000/159,905,470 samples loaded
  [Memory load batch 750] RSS: 42.17 GB
  760 batches, 152,000,000/159,905,470 samples loaded
  [Memory load batch 760] RSS: 42.72 GB
  770 batches, 154,000,000/159,905,470 samples loaded
  [Memory load batch 770] RSS: 43.28 GB
  780 batches, 156,000,000/159,905,470 samples loaded
  [Memory load batch 780] RSS: 43.83 GB
  790 batches, 157,530,979/159,905,470 samples loaded
  [Memory load batch 790] RSS: 44.27 GB
  800 batches, 158,409,228/159,905,470 samples loaded
  [Memory load batch 800] RSS: 44.52 GB
  810 batches, 159,356,470/159,905,470 samples loaded
  [Memory load batch 810] RSS: 44.78 GB
  Loaded 159,905,470 rows in 172.6s (44.23 GB)
  159,623,078 neg, 282,392 pos, ratio 1:565.3, years 2001-2013

Loading from 2 files (years 2014-2016) (two-pass NumPy loader)...
  Pass 1: Counting rows...
  Found 73,589,272 samples
  Pass 2: Pre-allocating arrays (73,589,272 samples, 73 features)...
  790 batches, 469,021/73,589,272 samples loaded
  [Memory load batch 790] RSS: 45.13 GB
  800 batches, 1,590,772/73,589,272 samples loaded
  [Memory load batch 800] RSS: 45.44 GB
  810 batches, 2,643,530/73,589,272 samples loaded
  [Memory load batch 810] RSS: 45.73 GB
  820 batches, 4,174,876/73,589,272 samples loaded
  [Memory load batch 820] RSS: 46.16 GB
  830 batches, 6,099,235/73,589,272 samples loaded
  [Memory load batch 830] RSS: 46.69 GB
  840 batches, 8,098,012/73,589,272 samples loaded
  [Memory load batch 840] RSS: 47.24 GB
  850 batches, 10,096,469/73,589,272 samples loaded
  [Memory load batch 850] RSS: 47.79 GB
  860 batches, 12,096,469/73,589,272 samples loaded
  [Memory load batch 860] RSS: 48.34 GB
  870 batches, 14,096,469/73,589,272 samples loaded
  [Memory load batch 870] RSS: 48.89 GB
  880 batches, 16,096,469/73,589,272 samples loaded
  [Memory load batch 880] RSS: 49.44 GB
  890 batches, 18,095,987/73,589,272 samples loaded
  [Memory load batch 890] RSS: 49.99 GB
  900 batches, 20,095,987/73,589,272 samples loaded
  [Memory load batch 900] RSS: 50.54 GB
  910 batches, 22,095,987/73,589,272 samples loaded
  [Memory load batch 910] RSS: 51.10 GB
  920 batches, 24,095,987/73,589,272 samples loaded
  [Memory load batch 920] RSS: 51.65 GB
  930 batches, 26,095,987/73,589,272 samples loaded
  [Memory load batch 930] RSS: 52.20 GB
  940 batches, 28,095,987/73,589,272 samples loaded
  [Memory load batch 940] RSS: 52.75 GB
  950 batches, 30,095,987/73,589,272 samples loaded
  [Memory load batch 950] RSS: 53.30 GB
  960 batches, 32,095,491/73,589,272 samples loaded
  [Memory load batch 960] RSS: 53.85 GB
  970 batches, 34,095,491/73,589,272 samples loaded
  [Memory load batch 970] RSS: 54.40 GB
  980 batches, 36,095,491/73,589,272 samples loaded
  [Memory load batch 980] RSS: 54.96 GB
  990 batches, 37,994,636/73,589,272 samples loaded
  [Memory load batch 990] RSS: 55.48 GB
  1000 batches, 39,994,636/73,589,272 samples loaded
  [Memory load batch 1000] RSS: 56.03 GB
  1010 batches, 41,994,636/73,589,272 samples loaded
  [Memory load batch 1010] RSS: 56.58 GB
  1020 batches, 43,994,636/73,589,272 samples loaded
  [Memory load batch 1020] RSS: 57.13 GB
  1030 batches, 45,994,636/73,589,272 samples loaded
  [Memory load batch 1030] RSS: 57.68 GB
  1040 batches, 47,994,636/73,589,272 samples loaded
  [Memory load batch 1040] RSS: 58.23 GB
  1050 batches, 49,994,636/73,589,272 samples loaded
  [Memory load batch 1050] RSS: 58.79 GB
  1060 batches, 51,994,636/73,589,272 samples loaded
  [Memory load batch 1060] RSS: 59.34 GB
  1070 batches, 53,994,636/73,589,272 samples loaded
  [Memory load batch 1070] RSS: 59.89 GB
  1080 batches, 55,994,636/73,589,272 samples loaded
  [Memory load batch 1080] RSS: 60.44 GB
  1090 batches, 57,994,636/73,589,272 samples loaded
  [Memory load batch 1090] RSS: 60.99 GB
  1100 batches, 59,994,636/73,589,272 samples loaded
  [Memory load batch 1100] RSS: 61.54 GB
  1110 batches, 61,994,636/73,589,272 samples loaded
  [Memory load batch 1110] RSS: 62.09 GB
  1120 batches, 63,994,636/73,589,272 samples loaded
  [Memory load batch 1120] RSS: 62.65 GB
  1130 batches, 65,994,636/73,589,272 samples loaded
  [Memory load batch 1130] RSS: 63.20 GB
  1140 batches, 67,994,636/73,589,272 samples loaded
  [Memory load batch 1140] RSS: 63.75 GB
  1150 batches, 69,994,636/73,589,272 samples loaded
  [Memory load batch 1150] RSS: 64.30 GB
  1160 batches, 71,994,636/73,589,272 samples loaded
  [Memory load batch 1160] RSS: 64.85 GB
  Loaded 73,589,272 rows in 507.4s (20.35 GB)
  73,525,566 neg, 63,706 pos, ratio 1:1154.1, years 2014-2016

Fold 3: Train 159,905,470 samples, Earlystop 73,589,272 samples (earlystop years 2014-2016, capped at LAST_LABEL_YEAR=2019)
  NOTE: Earlystop used ONLY for early stopping, NOT for metric reporting.
  Training sample weights: min=0.500, max=1.000, mean=0.750
  Computed scale_pos_weight from training data: 565.253541 = 159,623,078 / 282,392
  Creating datasets...
  Training...
Training until validation scores don't improve for 500 rounds
[100]	earlystop's average_precision: 0.0188676
[200]	earlystop's average_precision: 0.0269085
[300]	earlystop's average_precision: 0.0354082
[400]	earlystop's average_precision: 0.0434904
[500]	earlystop's average_precision: 0.0530206
[600]	earlystop's average_precision: 0.0603817
[700]	earlystop's average_precision: 0.0682526
[800]	earlystop's average_precision: 0.0771825
[900]	earlystop's average_precision: 0.082756
[1000]	earlystop's average_precision: 0.0908615
[1100]	earlystop's average_precision: 0.0983065
[1200]	earlystop's average_precision: 0.10524
[1300]	earlystop's average_precision: 0.112305
[1400]	earlystop's average_precision: 0.117691
[1500]	earlystop's average_precision: 0.122638
[1600]	earlystop's average_precision: 0.128566
[1700]	earlystop's average_precision: 0.135324
[1800]	earlystop's average_precision: 0.141329
[1900]	earlystop's average_precision: 0.146818
[2000]	earlystop's average_precision: 0.152034
[2100]	earlystop's average_precision: 0.156895
[2200]	earlystop's average_precision: 0.161199
[2300]	earlystop's average_precision: 0.165993
[2400]	earlystop's average_precision: 0.171401
[2500]	earlystop's average_precision: 0.174895
[2600]	earlystop's average_precision: 0.18022
[2700]	earlystop's average_precision: 0.183882
[2800]	earlystop's average_precision: 0.187798
[2900]	earlystop's average_precision: 0.191162
Did not meet early stopping. Best iteration is:
[2985]	earlystop's average_precision: 0.193997
  Generating OOF predictions on earlystop set (73,589,272 samples)...

  DIAGNOSTIC ONLY (not used for model selection / early stopping):
    PR-AUC: 0.1940
    ROC-AUC: 0.4726
    Base rate: 0.0009
    Precision@1%: 0.0295
  [Memory after fold 3 predictions] RSS: 1.78 GB

Saving temporal CV OOF predictions (1 folds)...
  Temporal CV OOF predictions saved: model2_lgbm_temporal_cv_predictions_20260310_000142.parquet
  Total samples: 73,589,272
  Folds: [2]

CV Diagnostics (aggregated across 1 non-skipped folds):
  PR-AUC: 0.1940 ± 0.0000
  ROC-AUC: 0.4726 ± 0.0000

Fold3 best_iteration: 2985
Weighted average (before 1.05x): 2985.00
Chosen iteration (weighted avg * 1.05): 3134
After max with fold3_best_iteration (2985): 3134

======================================================================
TEMPORAL CV RESULTS (Aggregated)
======================================================================
CV Mode: fold3
Chosen iteration (for final model): 3134
======================================================================

======================================================================
STEP B: FINAL MODEL TRAINING
======================================================================
Training final model on full dataset: 2001-2016
  [Memory before final model training] RSS: 0.96 GB

Loading full training data (2001-2016)...

Loading from 2 files (years 2001-2016) (two-pass NumPy loader)...
  Pass 1: Counting rows...
  Found 233,494,742 samples
  Pass 2: Pre-allocating arrays (233,494,742 samples, 73 features)...
  10 batches, 2,000,000/233,494,742 samples loaded
  [Memory load batch 10] RSS: 1.82 GB
  20 batches, 4,000,000/233,494,742 samples loaded
  [Memory load batch 20] RSS: 2.37 GB
  30 batches, 6,000,000/233,494,742 samples loaded
  [Memory load batch 30] RSS: 2.93 GB
  40 batches, 8,000,000/233,494,742 samples loaded
  [Memory load batch 40] RSS: 3.48 GB
  50 batches, 10,000,000/233,494,742 samples loaded
  [Memory load batch 50] RSS: 4.04 GB
  60 batches, 12,000,000/233,494,742 samples loaded
  [Memory load batch 60] RSS: 4.59 GB
  70 batches, 14,000,000/233,494,742 samples loaded
  [Memory load batch 70] RSS: 5.14 GB
  80 batches, 16,000,000/233,494,742 samples loaded
  [Memory load batch 80] RSS: 5.69 GB
  90 batches, 18,000,000/233,494,742 samples loaded
  [Memory load batch 90] RSS: 6.25 GB
  100 batches, 20,000,000/233,494,742 samples loaded
  [Memory load batch 100] RSS: 6.80 GB
  110 batches, 22,000,000/233,494,742 samples loaded
  [Memory load batch 110] RSS: 7.36 GB
  120 batches, 24,000,000/233,494,742 samples loaded
  [Memory load batch 120] RSS: 7.91 GB
  130 batches, 26,000,000/233,494,742 samples loaded
  [Memory load batch 130] RSS: 8.46 GB
  140 batches, 28,000,000/233,494,742 samples loaded
  [Memory load batch 140] RSS: 9.01 GB
  150 batches, 30,000,000/233,494,742 samples loaded
  [Memory load batch 150] RSS: 9.57 GB
  160 batches, 32,000,000/233,494,742 samples loaded
  [Memory load batch 160] RSS: 10.12 GB
  170 batches, 34,000,000/233,494,742 samples loaded
  [Memory load batch 170] RSS: 10.67 GB
  180 batches, 36,000,000/233,494,742 samples loaded
  [Memory load batch 180] RSS: 11.23 GB
  190 batches, 38,000,000/233,494,742 samples loaded
  [Memory load batch 190] RSS: 11.78 GB
  200 batches, 40,000,000/233,494,742 samples loaded
  [Memory load batch 200] RSS: 12.33 GB
  210 batches, 42,000,000/233,494,742 samples loaded
  [Memory load batch 210] RSS: 12.89 GB
  220 batches, 44,000,000/233,494,742 samples loaded
  [Memory load batch 220] RSS: 13.44 GB
  230 batches, 46,000,000/233,494,742 samples loaded
  [Memory load batch 230] RSS: 13.99 GB
  240 batches, 48,000,000/233,494,742 samples loaded
  [Memory load batch 240] RSS: 14.55 GB
  250 batches, 50,000,000/233,494,742 samples loaded
  [Memory load batch 250] RSS: 15.10 GB
  260 batches, 52,000,000/233,494,742 samples loaded
  [Memory load batch 260] RSS: 15.65 GB
  270 batches, 54,000,000/233,494,742 samples loaded
  [Memory load batch 270] RSS: 16.21 GB
  280 batches, 56,000,000/233,494,742 samples loaded
  [Memory load batch 280] RSS: 16.76 GB
  290 batches, 58,000,000/233,494,742 samples loaded
  [Memory load batch 290] RSS: 17.31 GB
  300 batches, 60,000,000/233,494,742 samples loaded
  [Memory load batch 300] RSS: 17.87 GB
  310 batches, 62,000,000/233,494,742 samples loaded
  [Memory load batch 310] RSS: 18.42 GB
  320 batches, 64,000,000/233,494,742 samples loaded
  [Memory load batch 320] RSS: 18.97 GB
  330 batches, 66,000,000/233,494,742 samples loaded
  [Memory load batch 330] RSS: 19.53 GB
  340 batches, 68,000,000/233,494,742 samples loaded
  [Memory load batch 340] RSS: 20.08 GB
  350 batches, 70,000,000/233,494,742 samples loaded
  [Memory load batch 350] RSS: 20.63 GB
  360 batches, 72,000,000/233,494,742 samples loaded
  [Memory load batch 360] RSS: 21.18 GB
  370 batches, 74,000,000/233,494,742 samples loaded
  [Memory load batch 370] RSS: 21.74 GB
  380 batches, 76,000,000/233,494,742 samples loaded
  [Memory load batch 380] RSS: 22.29 GB
  390 batches, 78,000,000/233,494,742 samples loaded
  [Memory load batch 390] RSS: 22.84 GB
  400 batches, 80,000,000/233,494,742 samples loaded
  [Memory load batch 400] RSS: 23.40 GB
  410 batches, 82,000,000/233,494,742 samples loaded
  [Memory load batch 410] RSS: 23.95 GB
  420 batches, 84,000,000/233,494,742 samples loaded
  [Memory load batch 420] RSS: 24.50 GB
  430 batches, 86,000,000/233,494,742 samples loaded
  [Memory load batch 430] RSS: 25.06 GB
  440 batches, 88,000,000/233,494,742 samples loaded
  [Memory load batch 440] RSS: 25.61 GB
  450 batches, 90,000,000/233,494,742 samples loaded
  [Memory load batch 450] RSS: 26.16 GB
  460 batches, 92,000,000/233,494,742 samples loaded
  [Memory load batch 460] RSS: 26.72 GB
  470 batches, 94,000,000/233,494,742 samples loaded
  [Memory load batch 470] RSS: 27.27 GB
  480 batches, 96,000,000/233,494,742 samples loaded
  [Memory load batch 480] RSS: 27.82 GB
  490 batches, 98,000,000/233,494,742 samples loaded
  [Memory load batch 490] RSS: 28.38 GB
  500 batches, 100,000,000/233,494,742 samples loaded
  [Memory load batch 500] RSS: 28.93 GB
  510 batches, 102,000,000/233,494,742 samples loaded
  [Memory load batch 510] RSS: 29.48 GB
  520 batches, 104,000,000/233,494,742 samples loaded
  [Memory load batch 520] RSS: 30.04 GB
  530 batches, 106,000,000/233,494,742 samples loaded
  [Memory load batch 530] RSS: 30.59 GB
  540 batches, 108,000,000/233,494,742 samples loaded
  [Memory load batch 540] RSS: 31.14 GB
  550 batches, 110,000,000/233,494,742 samples loaded
  [Memory load batch 550] RSS: 31.70 GB
  560 batches, 112,000,000/233,494,742 samples loaded
  [Memory load batch 560] RSS: 32.25 GB
  570 batches, 114,000,000/233,494,742 samples loaded
  [Memory load batch 570] RSS: 32.80 GB
  580 batches, 116,000,000/233,494,742 samples loaded
  [Memory load batch 580] RSS: 33.35 GB
  590 batches, 118,000,000/233,494,742 samples loaded
  [Memory load batch 590] RSS: 33.91 GB
  600 batches, 120,000,000/233,494,742 samples loaded
  [Memory load batch 600] RSS: 34.46 GB
  610 batches, 122,000,000/233,494,742 samples loaded
  [Memory load batch 610] RSS: 35.01 GB
  620 batches, 124,000,000/233,494,742 samples loaded
  [Memory load batch 620] RSS: 35.57 GB
  630 batches, 126,000,000/233,494,742 samples loaded
  [Memory load batch 630] RSS: 36.12 GB
  640 batches, 128,000,000/233,494,742 samples loaded
  [Memory load batch 640] RSS: 36.67 GB
  650 batches, 130,000,000/233,494,742 samples loaded
  [Memory load batch 650] RSS: 37.23 GB
  660 batches, 132,000,000/233,494,742 samples loaded
  [Memory load batch 660] RSS: 37.78 GB
  670 batches, 134,000,000/233,494,742 samples loaded
  [Memory load batch 670] RSS: 38.33 GB
  680 batches, 136,000,000/233,494,742 samples loaded
  [Memory load batch 680] RSS: 38.89 GB
  690 batches, 138,000,000/233,494,742 samples loaded
  [Memory load batch 690] RSS: 39.44 GB
  700 batches, 140,000,000/233,494,742 samples loaded
  [Memory load batch 700] RSS: 39.99 GB
  710 batches, 142,000,000/233,494,742 samples loaded
  [Memory load batch 710] RSS: 40.55 GB
  720 batches, 144,000,000/233,494,742 samples loaded
  [Memory load batch 720] RSS: 41.10 GB
  730 batches, 146,000,000/233,494,742 samples loaded
  [Memory load batch 730] RSS: 41.65 GB
  740 batches, 148,000,000/233,494,742 samples loaded
  [Memory load batch 740] RSS: 42.21 GB
  750 batches, 150,000,000/233,494,742 samples loaded
  [Memory load batch 750] RSS: 42.76 GB
  760 batches, 152,000,000/233,494,742 samples loaded
  [Memory load batch 760] RSS: 43.31 GB
  770 batches, 154,000,000/233,494,742 samples loaded
  [Memory load batch 770] RSS: 43.87 GB
  780 batches, 156,000,000/233,494,742 samples loaded
  [Memory load batch 780] RSS: 44.42 GB
  790 batches, 158,000,000/233,494,742 samples loaded
  [Memory load batch 790] RSS: 44.97 GB
  800 batches, 160,000,000/233,494,742 samples loaded
  [Memory load batch 800] RSS: 45.52 GB
  810 batches, 162,000,000/233,494,742 samples loaded
  [Memory load batch 810] RSS: 46.08 GB
  820 batches, 164,000,000/233,494,742 samples loaded
  [Memory load batch 820] RSS: 46.63 GB
  830 batches, 166,000,000/233,494,742 samples loaded
  [Memory load batch 830] RSS: 47.18 GB
  840 batches, 168,000,000/233,494,742 samples loaded
  [Memory load batch 840] RSS: 47.73 GB
  850 batches, 170,000,000/233,494,742 samples loaded
  [Memory load batch 850] RSS: 48.29 GB
  860 batches, 172,000,000/233,494,742 samples loaded
  [Memory load batch 860] RSS: 48.84 GB
  870 batches, 174,000,000/233,494,742 samples loaded
  [Memory load batch 870] RSS: 49.40 GB
  880 batches, 176,000,000/233,494,742 samples loaded
  [Memory load batch 880] RSS: 49.95 GB
  890 batches, 178,000,000/233,494,742 samples loaded
  [Memory load batch 890] RSS: 50.50 GB
  900 batches, 180,000,000/233,494,742 samples loaded
  [Memory load batch 900] RSS: 51.05 GB
  910 batches, 182,000,000/233,494,742 samples loaded
  [Memory load batch 910] RSS: 51.61 GB
  920 batches, 184,000,000/233,494,742 samples loaded
  [Memory load batch 920] RSS: 52.16 GB
  930 batches, 186,000,000/233,494,742 samples loaded
  [Memory load batch 930] RSS: 52.71 GB
  940 batches, 188,000,000/233,494,742 samples loaded
  [Memory load batch 940] RSS: 53.27 GB
  950 batches, 190,000,000/233,494,742 samples loaded
  [Memory load batch 950] RSS: 53.82 GB
  960 batches, 192,000,000/233,494,742 samples loaded
  [Memory load batch 960] RSS: 54.37 GB
  970 batches, 194,000,000/233,494,742 samples loaded
  [Memory load batch 970] RSS: 54.93 GB
  980 batches, 196,000,000/233,494,742 samples loaded
  [Memory load batch 980] RSS: 55.48 GB
  990 batches, 197,900,106/233,494,742 samples loaded
  [Memory load batch 990] RSS: 56.00 GB
  1000 batches, 199,900,106/233,494,742 samples loaded
  [Memory load batch 1000] RSS: 56.56 GB
  1010 batches, 201,900,106/233,494,742 samples loaded
  [Memory load batch 1010] RSS: 57.11 GB
  1020 batches, 203,900,106/233,494,742 samples loaded
  [Memory load batch 1020] RSS: 57.66 GB
  1030 batches, 205,900,106/233,494,742 samples loaded
  [Memory load batch 1030] RSS: 58.22 GB
  1040 batches, 207,900,106/233,494,742 samples loaded
  [Memory load batch 1040] RSS: 58.77 GB
  1050 batches, 209,900,106/233,494,742 samples loaded
  [Memory load batch 1050] RSS: 59.32 GB
  1060 batches, 211,900,106/233,494,742 samples loaded
  [Memory load batch 1060] RSS: 59.88 GB
  1070 batches, 213,900,106/233,494,742 samples loaded
  [Memory load batch 1070] RSS: 60.43 GB
  1080 batches, 215,900,106/233,494,742 samples loaded
  [Memory load batch 1080] RSS: 60.98 GB
  1090 batches, 217,900,106/233,494,742 samples loaded
  [Memory load batch 1090] RSS: 61.53 GB
  1100 batches, 219,900,106/233,494,742 samples loaded
  [Memory load batch 1100] RSS: 62.09 GB
  1110 batches, 221,900,106/233,494,742 samples loaded
  [Memory load batch 1110] RSS: 62.64 GB
  1120 batches, 223,900,106/233,494,742 samples loaded
  [Memory load batch 1120] RSS: 63.20 GB
  1130 batches, 225,900,106/233,494,742 samples loaded
  [Memory load batch 1130] RSS: 63.75 GB
  1140 batches, 227,900,106/233,494,742 samples loaded
  [Memory load batch 1140] RSS: 64.30 GB
  1150 batches, 229,900,106/233,494,742 samples loaded
  [Memory load batch 1150] RSS: 64.85 GB
  1160 batches, 231,900,106/233,494,742 samples loaded
  [Memory load batch 1160] RSS: 65.41 GB
  Loaded 233,494,742 rows in 182.3s (64.59 GB)
  233,148,644 neg, 346,098 pos, ratio 1:673.6, years 2001-2016
  [Memory after loading final data] RSS: 65.84 GB

Final model training: train (2001-2016): 233,494,742 rows
Final training: no earlystop/val; num_boost_round fixed from CV to avoid leakage.
  Training sample weights: min=0.500, max=1.000, mean=0.784

Imbalance: Computed scale_pos_weight from training data: 673.649209 = 233,148,644 / 346,098

Training final model on 233,494,742 samples...
  [Memory before final training] RSS: 66.71 GB

Final model parameters:
  boosting_type: gbdt
  colsample_bynode: 0.7057804222702729
  colsample_bytree: 0.7
  is_unbalance: False
  learning_rate: 0.020951957451916664
  max_depth: 15
  metric: average_precision
  min_child_samples: 75
  min_split_gain: 0.051187338512523516
  num_leaves: 200
  num_threads: 8
  objective: binary
  path_smooth: 4.8460288990330955
  random_state: 42
  reg_alpha: 3.205453530936173e-05
  reg_lambda: 18.97325757421328
  scale_pos_weight: 673.6492091835261
  subsample: 0.8758757159236898
  subsample_freq: 1
  verbose: -1
  Creating dataset...
  [Memory after train dataset creation] RSS: 65.85 GB
  Starting training with num_boost_round=3134 (fixed from CV, no validation set/early stopping)...
  Progress will be logged every 100 iterations via LightGBM callback.

Training done in 20107.4s. Used 3134 iterations (chosen based on CV)
Final model saved: /cluster/home/gikaufmann/master_thesis/data/usa/ml/models/model2_lgbm_20260310_000142.pkl
Phase 1 completed.

======================================================================
PHASE 2: TESTING
======================================================================
  [Memory start of Phase 2] RSS: 1.17 GB

Loading model from /cluster/home/gikaufmann/master_thesis/data/usa/ml/models/model2_lgbm_20260310_000142.pkl
  [Memory after loading model] RSS: 1.17 GB
Processing test in batches of 200,000...
Test year range: 2017-2019 (capped at LAST_LABEL_YEAR=2019)
  Pass 1: Counting test rows (year_range=(2017, 2019))...
  Found 36,766,833 test samples (filtered to year_range=2017-2019)
  Pre-allocating arrays for 36,766,833 samples...
  [Memory after pre-allocation] RSS: 1.18 GB
  Using 3134 iterations for predictions (chosen from CV)
  Pass 2: Processing test batches (year_range=(2017, 2019))...
Writing to /cluster/home/gikaufmann/master_thesis/outputs/usa/results/ml_models/model2_lgbm_scored_20260310_000142.parquet
  10 batches, 2,000,000/36,766,833 rows
  [Memory batch 10] RSS: 1.20 GB
  20 batches, 4,000,000/36,766,833 rows
  [Memory batch 20] RSS: 1.21 GB
  30 batches, 6,000,000/36,766,833 rows
  [Memory batch 30] RSS: 1.22 GB
  40 batches, 8,000,000/36,766,833 rows
  [Memory batch 40] RSS: 1.23 GB
  50 batches, 10,000,000/36,766,833 rows
  [Memory batch 50] RSS: 1.24 GB
  60 batches, 12,000,000/36,766,833 rows
  [Memory batch 60] RSS: 1.25 GB
  70 batches, 14,000,000/36,766,833 rows
  [Memory batch 70] RSS: 1.25 GB
  80 batches, 16,000,000/36,766,833 rows
  [Memory batch 80] RSS: 1.26 GB
  90 batches, 18,000,000/36,766,833 rows
  [Memory batch 90] RSS: 1.27 GB
  100 batches, 20,000,000/36,766,833 rows
  [Memory batch 100] RSS: 1.28 GB
  110 batches, 22,000,000/36,766,833 rows
  [Memory batch 110] RSS: 1.28 GB
  120 batches, 24,000,000/36,766,833 rows
  [Memory batch 120] RSS: 1.29 GB
  130 batches, 26,000,000/36,766,833 rows
  [Memory batch 130] RSS: 1.30 GB
  140 batches, 28,000,000/36,766,833 rows
  [Memory batch 140] RSS: 1.31 GB
  150 batches, 30,000,000/36,766,833 rows
  [Memory batch 150] RSS: 1.32 GB
  160 batches, 32,000,000/36,766,833 rows
  [Memory batch 160] RSS: 1.32 GB
  170 batches, 34,000,000/36,766,833 rows
  [Memory batch 170] RSS: 1.33 GB
  180 batches, 36,000,000/36,766,833 rows
  [Memory batch 180] RSS: 1.34 GB
Completed 184 batches in 2311.9s, 36,766,833 rows
  [Memory after all predictions] RSS: 1.34 GB

Test set: 36,752,046 neg, 14,787 pos, ratio 1:2485.4, years 2017-2019

Test metrics: ROC-AUC 0.9443, PR-AUC 0.0819
  P@1%: 0.0324 (11,920/367,668), lift 80.61x
  P@5%: 0.0072 (13,263/1,838,341), lift 17.94x
  P@10%: 0.0036 (13,353/3,676,683), lift 9.03x

Top 20 features:
                  feature  importance
          dist_powerplant       23717
          dist_indigenous       22824
          GSN_b4_smooth64       20725
                dist_wdpa       18770
    elevation_b2_smooth64       17819
             dist_oil_gas       17743
             GPW_smooth64       17723
    elevation_b2_smooth16       17093
             GPW_smooth16       16168
                      GPW       14788
          GSN_b3_smooth64       14195
          GSN_b1_smooth64       14052
     elevation_b2_smooth4       13810
             WorldClim_b2       13685
    elevation_b1_smooth64       13423
          GSN_b5_smooth64       12564
deforestation_b1_smooth64       12451
                dist_road       11931
          GSN_b4_smooth16       11290
             WorldClim_b8       11124

Metrics saved: /cluster/home/gikaufmann/master_thesis/outputs/usa/results/ml_models/model2_lgbm_metrics_20260310_000142.json

======================================================================
SUMMARY
======================================================================
Model: LightGBM, 73 features

Temporal Cross-Validation (CV Mode: fold3):
  Folds run: 1
  Final num_boost_round (chosen): 3134
  Fold3 best_iteration: 2985

Test (2017-2019, 36,766,833 samples, 0.040% pos): ROC-AUC 0.9443, PR-AUC 0.0819
  P@1%: 0.0324 (80.6x), P@5%: 0.0072 (17.9x), P@10%: 0.0036 (9.0x)

Timings: train 20107.4s, pred 2311.9s, total 54752.6s (912.5m)
======================================================================
Done.

Output saved to: /cluster/home/gikaufmann/master_thesis/outputs/usa/results/ml_models/model2_lgbm_20260310_000142.txt
model2_LGBM script finished.
