Starting model1_RF script...
drwxr-xr-x 10 gikaufmann gikaufmann-group 4096 Mar 18 15:57 /cluster/home/gikaufmann/master_thesis
PWD = /cluster/home/gikaufmann/master_thesis

Loaded params from /cluster/home/gikaufmann/master_thesis/scripts/regions/south_america/5_training/rf_best_params.json
Best CV score: 0.6458
EVAL-ONLY: reusing model1_rf_win5_20260315_083850.joblib (metrics source: model1_rf_win5_metrics_20260315_083850.json)

======================================================================
PHASE 2: TESTING
======================================================================
  [Memory start of Phase 2] RSS: 0.25 GB

Loading model from /cluster/home/gikaufmann/master_thesis/data/south_america/ml/models/model1_rf_win5_20260315_083850.joblib
  [Memory after loading model] RSS: 3.67 GB
Processing test in batches of 100,000...
Test year range: 2017-2019 (capped at LAST_LABEL_YEAR=2019)
  Pass 1: Counting test rows (year_range=(2017, 2019))...
  Found 47,695,507 test samples (filtered to year_range=2017-2019)
  Pre-allocating arrays for 47,695,507 samples...
  [Memory after pre-allocation] RSS: 3.69 GB
  Pass 2: Processing test batches (year_range=(2017, 2019))...
Writing to /cluster/home/gikaufmann/master_thesis/outputs/south_america/results/ml_models/model1_rf_win5_scored_20260318_163720.parquet
  2% — 1,000,000/47,695,507 rows
  [Memory   2%] RSS: 4.16 GB
  25% — 12,000,000/47,695,507 rows
  [Memory   25%] RSS: 4.36 GB
  50% — 24,000,000/47,695,507 rows
  [Memory   50%] RSS: 4.41 GB
  75% — 36,000,000/47,695,507 rows
  [Memory   75%] RSS: 4.47 GB
Completed 477 batches in 167.9s, 47,695,507 rows
  [Memory after all predictions] RSS: 4.53 GB

Test set: 47,315,443 neg, 380,064 pos, ratio 1:124.5, years 2017-2019

Test metrics: ROC-AUC 0.9268, PR-AUC 0.6337
  P@1%: 0.5386 (256,878/476,955), lift 67.59x
  P@5%: 0.1214 (289,467/2,384,775), lift 15.23x
  P@10%: 0.0643 (306,766/4,769,550), lift 8.07x

Top 20 features:
            feature  importance
                GPW    0.051630
          dist_road    0.046985
    GSN_b2_smooth16    0.041811
       GPW_smooth64    0.039870
       GPW_smooth16    0.037907
          landcover    0.036212
             GSN_b2    0.034903
      WorldClim_b14    0.032443
       WorldClim_b4    0.031523
    dist_indigenous    0.028862
      HNTL_smooth64    0.028235
    GSN_b2_smooth64    0.027979
    GSN_b4_smooth64    0.024048
      WorldClim_b11    0.023604
          policy_b2    0.023444
       WorldClim_b8    0.020337
       WorldClim_b9    0.020328
economic_value_lag1    0.019387
          policy_b4    0.017602
      WorldClim_b17    0.017546

Metrics saved: /cluster/home/gikaufmann/master_thesis/outputs/south_america/results/ml_models/model1_rf_win5_metrics_20260318_163720.json

======================================================================
SUMMARY
======================================================================
Model: RandomForest, 73 features
  Class weight: balanced_subsample

Test (2017-2019, 47,695,507 samples, 0.797% pos): ROC-AUC 0.9268, PR-AUC 0.6337
  P@1%: 0.5386 (67.6x), P@5%: 0.1214 (15.2x), P@10%: 0.0643 (8.1x)

Timings: train 0.0s, pred 167.9s, total 215.7s (3.6m)
======================================================================
Done.

Output saved to: /cluster/home/gikaufmann/master_thesis/outputs/south_america/results/ml_models/model1_rf_win5_20260318_163720.txt
model1_RF script finished.
