Starting model1_LGBM script...
drwxr-xr-x 10 gikaufmann gikaufmann-group 4096 Apr  3 22:47 /cluster/home/gikaufmann/master_thesis
PWD = /cluster/home/gikaufmann/master_thesis

Loaded params from /cluster/home/gikaufmann/master_thesis/scripts/regions/south_america/5_training/lgbm_best_params.json
Best CV score: 0.6546
W&B connected
======================================================================
LGBM TRANSITION MODEL (CONTINENT DATASET - 5-YEAR LOOKAHEAD)
======================================================================
Train: /cluster/scratch/gikaufmann/data/south_america/ml/main/train_win5.parquet
Earlystop: /cluster/scratch/gikaufmann/data/south_america/ml/main/earlystop_win5.parquet
Test: /cluster/scratch/gikaufmann/data/south_america/ml/main/test_win5.parquet
Params: /cluster/home/gikaufmann/master_thesis/scripts/regions/south_america/5_training/lgbm_best_params.json
Output: /cluster/home/gikaufmann/master_thesis/outputs/south_america/results/ml_models

Configuration:
  CV Mode: fold3
  Use Time Weights: True
  WDPA_LAST_YEAR: 2024
  LOOKAHEAD_YEARS: 5
  LAST_LABEL_YEAR: 2019 (WDPA_LAST_YEAR - LOOKAHEAD_YEARS)
  Earlystop/Test data filtered to years <= 2019 to avoid right-censored labels
Selected 73 features, loading 79 cols from train, 79 from test
Target column: transition_01_win5

======================================================================
PHASE 1: TRAINING WITH TEMPORAL CROSS-VALIDATION
======================================================================
  [Memory start of Phase 1] RSS: 0.39 GB

======================================================================
STEP A: TEMPORAL CROSS-VALIDATION
======================================================================
CV Mode: fold3
  Running only fold 3

======================================================================
CV FOLD 3/3
Train: 2001-2013 → Earlystop: 2014-2016
======================================================================

Loading from 2 files (years 2001-2013) (two-pass NumPy loader)...
  Pass 1: Counting rows...
  Found 218,427,663 samples
  Pass 2: Pre-allocating arrays (218,427,663 samples, 73 features)...
  0% — 200,000/218,427,663 rows
  [Memory   0%] RSS: 1.03 GB
  25% — 54,800,000/218,427,663 rows
  [Memory   25%] RSS: 16.14 GB
  50% — 109,400,000/218,427,663 rows
  [Memory   50%] RSS: 31.24 GB
  75% — 164,000,000/218,427,663 rows
  [Memory   75%] RSS: 46.34 GB
  100% — 218,427,663/218,427,663 rows
  [Memory   100%] RSS: 61.42 GB
  Loaded 218,427,663 rows in 174.6s (60.42 GB)
  211,566,074 neg, 6,861,589 pos, ratio 1:30.8, years 2001-2013

Loading from 2 files (years 2014-2016) (two-pass NumPy loader)...
  Pass 1: Counting rows...
  Found 96,157,088 samples
  Pass 2: Pre-allocating arrays (96,157,088 samples, 73 features)...
  0% — 106,564/96,157,088 rows
  [Memory   0%] RSS: 61.54 GB
  25% — 24,172,337/96,157,088 rows
  [Memory   25%] RSS: 68.18 GB
  50% — 48,078,544/96,157,088 rows
  [Memory   50%] RSS: 74.77 GB
  75% — 72,278,544/96,157,088 rows
  [Memory   75%] RSS: 81.44 GB
  100% — 96,157,088/96,157,088 rows
  [Memory   100%] RSS: 88.02 GB
  Loaded 96,157,088 rows in 257.2s (26.60 GB)
  94,847,326 neg, 1,309,762 pos, ratio 1:72.4, years 2014-2016

Fold 3: Train 218,427,663 samples, Earlystop 96,157,088 samples (earlystop years 2014-2016, capped at LAST_LABEL_YEAR=2019)
  NOTE: Earlystop used ONLY for early stopping, NOT for metric reporting.
  Training sample weights: min=0.500, max=1.000, mean=0.744
  Computed scale_pos_weight from training data: 30.833394 = 211,566,074 / 6,861,589
  Creating datasets...
  Training...
Training until validation scores don't improve for 500 rounds
[100]	earlystop's average_precision: 0.323757
[200]	earlystop's average_precision: 0.333921
[300]	earlystop's average_precision: 0.35127
[400]	earlystop's average_precision: 0.35546
[500]	earlystop's average_precision: 0.357
[600]	earlystop's average_precision: 0.361813
[700]	earlystop's average_precision: 0.366727
[800]	earlystop's average_precision: 0.328372
[900]	earlystop's average_precision: 0.331372
[1000]	earlystop's average_precision: 0.333938
[1100]	earlystop's average_precision: 0.337734
[1200]	earlystop's average_precision: 0.341948
Early stopping, best iteration is:
[738]	earlystop's average_precision: 0.368384
  Generating OOF predictions on earlystop set (96,157,088 samples)...

  DIAGNOSTIC ONLY (not used for model selection / early stopping):
    PR-AUC: 0.3684
    ROC-AUC: 0.7522
    Base rate: 0.0136
    Precision@1%: 0.4836
  [Memory after fold 3 predictions] RSS: 3.63 GB

Saving temporal CV OOF predictions (1 folds)...
  Temporal CV OOF predictions saved: model1_lgbm_temporal_cv_predictions_20260406_165138.parquet
  Total samples: 96,157,088
  Folds: [2]

CV Diagnostics (aggregated across 1 non-skipped folds):
  PR-AUC: 0.3684 ± 0.0000
  ROC-AUC: 0.7522 ± 0.0000

Fold3 best_iteration: 738
Weighted average (before 1.05x): 738.00
Chosen iteration (weighted avg * 1.05): 775
After max with fold3_best_iteration (738): 775

======================================================================
TEMPORAL CV RESULTS (Aggregated)
======================================================================
CV Mode: fold3
Chosen iteration (for final model): 775
======================================================================

======================================================================
STEP B: FINAL MODEL TRAINING
======================================================================
Training final model on full dataset: 2001-2016
  [Memory before final model training] RSS: 2.34 GB

Loading full training data (2001-2016)...

Loading from 2 files (years 2001-2016) (two-pass NumPy loader)...
  Pass 1: Counting rows...
  Found 314,584,751 samples
  Pass 2: Pre-allocating arrays (314,584,751 samples, 73 features)...
  0% — 200,000/314,584,751 rows
  [Memory   0%] RSS: 2.70 GB
  25% — 78,800,000/314,584,751 rows
  [Memory   25%] RSS: 24.37 GB
  50% — 157,400,000/314,584,751 rows
  [Memory   50%] RSS: 46.04 GB
  75% — 236,000,000/314,584,751 rows
  [Memory   75%] RSS: 67.71 GB
  100% — 314,584,751/314,584,751 rows
  [Memory   100%] RSS: 89.37 GB
  Loaded 314,584,751 rows in 257.4s (87.02 GB)
  306,413,400 neg, 8,171,351 pos, ratio 1:37.5, years 2001-2016
  [Memory after loading final data] RSS: 89.37 GB

Final model training: train (2001-2016): 314,584,751 rows
Final training: no earlystop/val; num_boost_round fixed from CV to avoid leakage.
  Training sample weights: min=0.500, max=1.000, mean=0.778

Imbalance: Computed scale_pos_weight from training data: 37.498499 = 306,413,400 / 8,171,351

Training final model on 314,584,751 samples...
  [Memory before final training] RSS: 90.54 GB

Final model parameters:
  boosting_type: gbdt
  colsample_bynode: 0.5533445346791958
  colsample_bytree: 0.7
  is_unbalance: False
  learning_rate: 0.0422247011782185
  max_depth: 35
  metric: average_precision
  min_child_samples: 144
  min_split_gain: 0.003734373949593618
  num_leaves: 238
  num_threads: 32
  objective: binary
  path_smooth: 2.881526228955016
  random_state: 42
  reg_alpha: 1.8246601965129443
  reg_lambda: 2.475579682420576e-05
  scale_pos_weight: 37.498499330159724
  subsample: 0.9061122914959859
  subsample_freq: 1
  verbose: -1
  Creating dataset...
  [Memory after train dataset creation] RSS: 89.37 GB
  Starting training with num_boost_round=775 (fixed from CV, no validation set/early stopping)...
  Progress will be logged every 100 iterations via LightGBM callback.

Training done in 4693.8s. Used 775 iterations (chosen based on CV)
Final model saved: /cluster/home/gikaufmann/master_thesis/data/south_america/ml/models/model1_lgbm_20260406_165138.pkl
Phase 1 completed.

======================================================================
PHASE 2: TESTING
======================================================================
  [Memory start of Phase 2] RSS: 2.13 GB

Loading model from /cluster/home/gikaufmann/master_thesis/data/south_america/ml/models/model1_lgbm_20260406_165138.pkl
  [Memory after loading model] RSS: 2.13 GB
Processing test in batches of 200,000...
Test year range: 2017-2019 (capped at LAST_LABEL_YEAR=2019)
  Pass 1: Counting test rows (year_range=(2017, 2019))...
  Found 47,695,507 test samples (filtered to year_range=2017-2019)
  Pre-allocating arrays for 47,695,507 samples...
  [Memory after pre-allocation] RSS: 2.14 GB
  Using 775 iterations for predictions (chosen from CV)
  Pass 2: Processing test batches (year_range=(2017, 2019))...
Writing to /cluster/home/gikaufmann/master_thesis/outputs/south_america/results/ml_models/model1_lgbm_scored_20260406_165138.parquet
  0% — 200,000/47,695,507 rows
  [Memory   0%] RSS: 2.20 GB
  25% — 12,000,000/47,695,507 rows
  [Memory   25%] RSS: 2.31 GB
  50% — 24,000,000/47,695,507 rows
  [Memory   50%] RSS: 2.35 GB
  75% — 35,800,000/47,695,507 rows
  [Memory   75%] RSS: 2.40 GB
  100% — 47,695,507/47,695,507 rows
  [Memory   100%] RSS: 2.46 GB
Completed 239 batches in 163.1s, 47,695,507 rows
  [Memory after all predictions] RSS: 2.46 GB

Test set: 47,315,443 neg, 380,064 pos, ratio 1:124.5, years 2017-2019

Test metrics: ROC-AUC 0.8968, PR-AUC 0.6450
  P@1%: 0.5324 (253,910/476,955), lift 66.81x
  P@5%: 0.1159 (276,336/2,384,775), lift 14.54x
  P@10%: 0.0602 (287,338/4,769,550), lift 7.56x

Top 20 features:
                  feature  importance
          dist_powerplant        6405
             dist_oil_gas        6095
                policy_b2        5915
                policy_b4        5785
                      GPW        5740
          dist_indigenous        5734
deforestation_b1_smooth64        5660
    elevation_b2_smooth64        5070
    elevation_b1_smooth64        5018
          GSN_b5_smooth64        4958
             GPW_smooth64        4837
                dist_wdpa        4608
                policy_b3        4521
            WorldClim_b12        4480
          GSN_b4_smooth64        4387
             WorldClim_b7        4306
            WorldClim_b17        4247
            WorldClim_b11        3955
          GSN_b2_smooth64        3765
            WorldClim_b14        3751

Metrics saved: /cluster/home/gikaufmann/master_thesis/outputs/south_america/results/ml_models/model1_lgbm_metrics_20260406_165138.json

======================================================================
SUMMARY
======================================================================
Model: LightGBM, 73 features

Temporal Cross-Validation (CV Mode: fold3):
  Folds run: 1
  Final num_boost_round (chosen): 775
  Fold3 best_iteration: 738

Test (2017-2019, 47,695,507 samples, 0.797% pos): ROC-AUC 0.8968, PR-AUC 0.6450
  P@1%: 0.5324 (66.8x), P@5%: 0.1159 (14.5x), P@10%: 0.0602 (7.6x)

Timings: train 4693.8s, pred 163.1s, total 15990.6s (266.5m)
======================================================================
Done.

Output saved to: /cluster/home/gikaufmann/master_thesis/outputs/south_america/results/ml_models/model1_lgbm_20260406_165138.txt
model1_LGBM script finished.
