Many modules are hidden in this stack. Use "module --show_hidden spider SOFTWARE" if you are not able to find the required software

The following have been reloaded with a version change:
  1) cuda/12.1.1 => cuda/12.4.1

wandb: Currently logged in as: gikaufmann (gikaufmann-eth-z-rich) to https://api.wandb.ai. Use `wandb login --relogin` to force relogin
wandb: setting up run hahvxqg0
wandb: Tracking run with wandb version 0.23.0
wandb: Run data is saved locally in /cluster/home/gikaufmann/master_thesis/wandb/run-20260309_153023-hahvxqg0
wandb: Run `wandb offline` to turn off syncing.
wandb: Syncing run model1_lgbm_20260309_153019
wandb:  View project at https://wandb.ai/gikaufmann-eth-z-rich/ml-training-model1
wandb:  View run at https://wandb.ai/gikaufmann-eth-z-rich/ml-training-model1/runs/hahvxqg0
wandb: updating run metadata
wandb: uploading output.log; uploading wandb-summary.json
wandb: uploading history steps 7-8, summary, console lines 854-900
wandb: 
wandb: Run history:
wandb:   cv_aggregated/n_earlystop_mean ▁
wandb:       cv_aggregated/n_train_mean ▁
wandb:       cv_diagnostics/pr_auc_mean ▁
wandb:        cv_diagnostics/pr_auc_std ▁
wandb:      cv_diagnostics/roc_auc_mean ▁
wandb:       cv_diagnostics/roc_auc_std ▁
wandb:         cv_fold_3/best_iteration ▁
wandb:         cv_fold_3/diag_base_rate ▁
wandb:            cv_fold_3/diag_pr_auc ▁
wandb: cv_fold_3/diag_precision_at_1pct ▁
wandb:                              +32 ...
wandb: 
wandb: Run summary:
wandb:   cv_aggregated/n_earlystop_mean 96157088.0
wandb:       cv_aggregated/n_train_mean 218427663.0
wandb:       cv_diagnostics/pr_auc_mean 0.3685
wandb:        cv_diagnostics/pr_auc_std 0
wandb:      cv_diagnostics/roc_auc_mean 0.75214
wandb:       cv_diagnostics/roc_auc_std 0
wandb:         cv_fold_3/best_iteration 738
wandb:         cv_fold_3/diag_base_rate 0.01362
wandb:            cv_fold_3/diag_pr_auc 0.3685
wandb: cv_fold_3/diag_precision_at_1pct 0.48365
wandb:                              +33 ...
wandb: 
wandb:  View run model1_lgbm_20260309_153019 at: https://wandb.ai/gikaufmann-eth-z-rich/ml-training-model1/runs/hahvxqg0
wandb:  View project at: https://wandb.ai/gikaufmann-eth-z-rich/ml-training-model1
wandb: Synced 5 W&B file(s), 0 media file(s), 0 artifact file(s) and 0 other file(s)
wandb: Find logs at: ./wandb/run-20260309_153023-hahvxqg0/logs
