Starting model3_LGBM script...
drwxr-xr-x 10 gikaufmann gikaufmann-group 4096 Mar 28 15:24 /cluster/home/gikaufmann/master_thesis
PWD = /cluster/home/gikaufmann/master_thesis

Loaded params from /cluster/home/gikaufmann/master_thesis/scripts/regions/se_asia/5_training/lgbm_best_params.json
Best CV score: 0.8187
W&B connected
======================================================================
LGBM TRANSITION MODEL (CONTINENT DATASET - 5-YEAR LOOKAHEAD)
======================================================================
Train: /cluster/scratch/gikaufmann/data/se_asia/ml/main/train_win5.parquet
Earlystop: /cluster/scratch/gikaufmann/data/se_asia/ml/main/earlystop_win5.parquet
Test: /cluster/scratch/gikaufmann/data/se_asia/ml/main/test_win5.parquet
Params: /cluster/home/gikaufmann/master_thesis/scripts/regions/se_asia/5_training/lgbm_best_params.json
Output: /cluster/home/gikaufmann/master_thesis/outputs/se_asia/results/ml_models

Configuration:
  CV Mode: fold3
  Use Time Weights: True
  WDPA_LAST_YEAR: 2024
  LOOKAHEAD_YEARS: 5
  LAST_LABEL_YEAR: 2019 (WDPA_LAST_YEAR - LOOKAHEAD_YEARS)
  Earlystop/Test data filtered to years <= 2019 to avoid right-censored labels
Selected 73 features, loading 79 cols from train, 79 from test
Target column: transition_01_win5

======================================================================
PHASE 1: TRAINING WITH TEMPORAL CROSS-VALIDATION
======================================================================
  [Memory start of Phase 1] RSS: 0.27 GB

======================================================================
STEP A: TEMPORAL CROSS-VALIDATION
======================================================================
CV Mode: fold3
  Running only fold 3

======================================================================
CV FOLD 3/3
Train: 2001-2013 → Earlystop: 2014-2016
======================================================================

Loading from 2 files (years 2001-2013) (two-pass NumPy loader)...
  Pass 1: Counting rows...
  Found 55,790,479 samples
  Pass 2: Pre-allocating arrays (55,790,479 samples, 73 features)...
  0% — 200,000/55,790,479 rows
  [Memory   0%] RSS: 0.90 GB
  25% — 14,000,000/55,790,479 rows
  [Memory   25%] RSS: 4.72 GB
  50% — 28,000,000/55,790,479 rows
  [Memory   50%] RSS: 8.59 GB
  75% — 42,000,000/55,790,479 rows
  [Memory   75%] RSS: 12.47 GB
  100% — 55,790,479/55,790,479 rows
  [Memory   100%] RSS: 16.28 GB
  Loaded 55,790,479 rows in 67.7s (15.43 GB)
  55,109,826 neg, 680,653 pos, ratio 1:81.0, years 2001-2013

Loading from 2 files (years 2014-2016) (two-pass NumPy loader)...
  Pass 1: Counting rows...
  Found 25,328,100 samples
  Pass 2: Pre-allocating arrays (25,328,100 samples, 73 features)...
  0% — 56,510/25,328,100 rows
  [Memory   0%] RSS: 16.35 GB
  25% — 6,409,683/25,328,100 rows
  [Memory   25%] RSS: 18.10 GB
  50% — 12,664,050/25,328,100 rows
  [Memory   50%] RSS: 19.83 GB
  75% — 19,064,050/25,328,100 rows
  [Memory   75%] RSS: 21.60 GB
  100% — 25,328,100/25,328,100 rows
  [Memory   100%] RSS: 23.32 GB
  Loaded 25,328,100 rows in 194.9s (7.01 GB)
  24,890,470 neg, 437,630 pos, ratio 1:56.9, years 2014-2016

Fold 3: Train 55,790,479 samples, Earlystop 25,328,100 samples (earlystop years 2014-2016, capped at LAST_LABEL_YEAR=2019)
  NOTE: Earlystop used ONLY for early stopping, NOT for metric reporting.
  Training sample weights: min=0.500, max=1.000, mean=0.749
  Computed scale_pos_weight from training data: 80.966110 = 55,109,826 / 680,653
  Creating datasets...
  Training...
Training until validation scores don't improve for 500 rounds
[100]	earlystop's average_precision: 0.20399
[200]	earlystop's average_precision: 0.261753
[300]	earlystop's average_precision: 0.297154
[400]	earlystop's average_precision: 0.317121
[500]	earlystop's average_precision: 0.350543
[600]	earlystop's average_precision: 0.36496
[700]	earlystop's average_precision: 0.374046
[800]	earlystop's average_precision: 0.377243
[900]	earlystop's average_precision: 0.380098
[1000]	earlystop's average_precision: 0.387423
[1100]	earlystop's average_precision: 0.391676
[1200]	earlystop's average_precision: 0.39671
[1300]	earlystop's average_precision: 0.405003
[1400]	earlystop's average_precision: 0.414334
[1500]	earlystop's average_precision: 0.419543
[1600]	earlystop's average_precision: 0.42093
[1700]	earlystop's average_precision: 0.424871
[1800]	earlystop's average_precision: 0.431646
[1900]	earlystop's average_precision: 0.437378
[2000]	earlystop's average_precision: 0.439811
[2100]	earlystop's average_precision: 0.443052
[2200]	earlystop's average_precision: 0.449493
[2300]	earlystop's average_precision: 0.453923
[2400]	earlystop's average_precision: 0.4613
[2500]	earlystop's average_precision: 0.454962
[2600]	earlystop's average_precision: 0.459486
[2700]	earlystop's average_precision: 0.463733
[2800]	earlystop's average_precision: 0.464102
[2900]	earlystop's average_precision: 0.463424
Did not meet early stopping. Best iteration is:
[2753]	earlystop's average_precision: 0.466512
  Generating OOF predictions on earlystop set (25,328,100 samples)...

  DIAGNOSTIC ONLY (not used for model selection / early stopping):
    PR-AUC: 0.4665
    ROC-AUC: 0.8984
    Base rate: 0.0173
    Precision@1%: 0.6505
  [Memory after fold 3 predictions] RSS: 3.43 GB

Saving temporal CV OOF predictions (1 folds)...
  Temporal CV OOF predictions saved: model3_lgbm_temporal_cv_predictions_20260330_224558.parquet
  Total samples: 25,328,100
  Folds: [2]

CV Diagnostics (aggregated across 1 non-skipped folds):
  PR-AUC: 0.4665 ± 0.0000
  ROC-AUC: 0.8984 ± 0.0000

Fold3 best_iteration: 2753
Weighted average (before 1.05x): 2753.00
Chosen iteration (weighted avg * 1.05): 2891
After max with fold3_best_iteration (2753): 2891

======================================================================
TEMPORAL CV RESULTS (Aggregated)
======================================================================
CV Mode: fold3
Chosen iteration (for final model): 2891
======================================================================

======================================================================
STEP B: FINAL MODEL TRAINING
======================================================================
Training final model on full dataset: 2001-2016
  [Memory before final model training] RSS: 3.12 GB

Loading full training data (2001-2016)...

Loading from 2 files (years 2001-2016) (two-pass NumPy loader)...
  Pass 1: Counting rows...
  Found 81,118,579 samples
  Pass 2: Pre-allocating arrays (81,118,579 samples, 73 features)...
  0% — 200,000/81,118,579 rows
  [Memory   0%] RSS: 3.44 GB
  25% — 20,400,000/81,118,579 rows
  [Memory   25%] RSS: 8.94 GB
  50% — 40,600,000/81,118,579 rows
  [Memory   50%] RSS: 14.44 GB
  75% — 61,000,000/81,118,579 rows
  [Memory   75%] RSS: 19.98 GB
  100% — 81,118,579/81,118,579 rows
  [Memory   100%] RSS: 25.46 GB
  Loaded 81,118,579 rows in 61.6s (22.44 GB)
  80,000,296 neg, 1,118,283 pos, ratio 1:71.5, years 2001-2016
  [Memory after loading final data] RSS: 25.46 GB

Final model training: train (2001-2016): 81,118,579 rows
Final training: no earlystop/val; num_boost_round fixed from CV to avoid leakage.
  Training sample weights: min=0.500, max=1.000, mean=0.782

Imbalance: Computed scale_pos_weight from training data: 71.538507 = 80,000,296 / 1,118,283

Training final model on 81,118,579 samples...
  [Memory before final training] RSS: 25.46 GB

Final model parameters:
  boosting_type: gbdt
  colsample_bynode: 0.8736455457066947
  colsample_bytree: 0.7
  is_unbalance: False
  learning_rate: 0.04831534102862365
  max_depth: 15
  metric: average_precision
  min_child_samples: 58
  min_split_gain: 0.7881532395972265
  num_leaves: 255
  num_threads: 32
  objective: binary
  path_smooth: 0.7472205243582717
  random_state: 42
  reg_alpha: 0.0014606754265450645
  reg_lambda: 0.02439606003228813
  scale_pos_weight: 71.53850680015702
  subsample: 0.8409400933005192
  subsample_freq: 1
  verbose: -1
  Creating dataset...
  [Memory after train dataset creation] RSS: 25.46 GB
  Starting training with num_boost_round=2891 (fixed from CV, no validation set/early stopping)...
  Progress will be logged every 100 iterations via LightGBM callback.

Training done in 3782.2s. Used 2891 iterations (chosen based on CV)
Final model saved: /cluster/home/gikaufmann/master_thesis/data/se_asia/ml/models/model3_lgbm_20260330_224558.pkl
Phase 1 completed.

======================================================================
PHASE 2: TESTING
======================================================================
  [Memory start of Phase 2] RSS: 3.30 GB

Loading model from /cluster/home/gikaufmann/master_thesis/data/se_asia/ml/models/model3_lgbm_20260330_224558.pkl
  [Memory after loading model] RSS: 3.30 GB
Processing test in batches of 200,000...
Test year range: 2017-2019 (capped at LAST_LABEL_YEAR=2019)
  Pass 1: Counting test rows (year_range=(2017, 2019))...
  Found 12,503,260 test samples (filtered to year_range=2017-2019)
  Pre-allocating arrays for 12,503,260 samples...
  [Memory after pre-allocation] RSS: 3.31 GB
  Using 2891 iterations for predictions (chosen from CV)
  Pass 2: Processing test batches (year_range=(2017, 2019))...
Writing to /cluster/home/gikaufmann/master_thesis/outputs/se_asia/results/ml_models/model3_lgbm_scored_20260330_224558.parquet
  1% — 200,000/12,503,260 rows
  [Memory   1%] RSS: 3.31 GB
  25% — 3,200,000/12,503,260 rows
  [Memory   25%] RSS: 3.36 GB
  51% — 6,400,000/12,503,260 rows
  [Memory   51%] RSS: 3.36 GB
  75% — 9,400,000/12,503,260 rows
  [Memory   75%] RSS: 3.36 GB
  100% — 12,503,260/12,503,260 rows
  [Memory   100%] RSS: 3.36 GB
Completed 63 batches in 210.4s, 12,503,260 rows
  [Memory after all predictions] RSS: 3.36 GB

Test set: 12,428,756 neg, 74,504 pos, ratio 1:166.8, years 2017-2019

Test metrics: ROC-AUC 0.9942, PR-AUC 0.9188
  P@1%: 0.5611 (70,158/125,032), lift 94.17x
  P@5%: 0.1149 (71,850/625,163), lift 19.29x
  P@10%: 0.0582 (72,826/1,250,326), lift 9.77x

Top 20 features:
                  feature  importance
                dist_wdpa       28047
          dist_powerplant       26059
                      GPW       22799
          GSN_b4_smooth64       22073
             dist_oil_gas       20963
          GSN_b2_smooth64       20865
    elevation_b2_smooth16       20506
     elevation_b2_smooth4       19346
          GSN_b2_smooth16       19009
    elevation_b1_smooth64       18975
    elevation_b2_smooth64       18720
             elevation_b2       18521
    elevation_b1_smooth16       18149
                dist_road       17319
deforestation_b1_smooth64       16295
             GPW_smooth16       15573
     elevation_b1_smooth4       14891
             GPW_smooth64       14824
          dist_indigenous       14411
          GSN_b5_smooth64       14288

Metrics saved: /cluster/home/gikaufmann/master_thesis/outputs/se_asia/results/ml_models/model3_lgbm_metrics_20260330_224558.json

======================================================================
SUMMARY
======================================================================
Model: LightGBM, 73 features

Temporal Cross-Validation (CV Mode: fold3):
  Folds run: 1
  Final num_boost_round (chosen): 2891
  Fold3 best_iteration: 2753

Test (2017-2019, 12,503,260 samples, 0.596% pos): ROC-AUC 0.9942, PR-AUC 0.9188
  P@1%: 0.5611 (94.2x), P@5%: 0.1149 (19.3x), P@10%: 0.0582 (9.8x)

Timings: train 3782.2s, pred 210.4s, total 13327.4s (222.1m)
======================================================================
Done.

Output saved to: /cluster/home/gikaufmann/master_thesis/outputs/se_asia/results/ml_models/model3_lgbm_20260330_224558.txt
model3_LGBM script finished.
