Starting model1_LGBM script...
drwxr-xr-x 10 gikaufmann gikaufmann-group 4096 Mar 18 15:57 /cluster/home/gikaufmann/master_thesis
PWD = /cluster/home/gikaufmann/master_thesis

Loaded params from /cluster/home/gikaufmann/master_thesis/scripts/regions/south_america/5_training/lgbm_best_params.json
Best CV score: 0.6546
EVAL-ONLY: reusing model1_lgbm_20260309_153019.pkl (metrics source: model1_lgbm_metrics_20260309_153019.json)

======================================================================
PHASE 2: TESTING
======================================================================
  [Memory start of Phase 2] RSS: 0.25 GB

Loading model from /cluster/home/gikaufmann/master_thesis/data/south_america/ml/models/model1_lgbm_20260309_153019.pkl
  [Memory after loading model] RSS: 0.28 GB
Processing test in batches of 200,000...
Test year range: 2017-2019 (capped at LAST_LABEL_YEAR=2019)
  Pass 1: Counting test rows (year_range=(2017, 2019))...
  Found 47,695,507 test samples (filtered to year_range=2017-2019)
  Pre-allocating arrays for 47,695,507 samples...
  [Memory after pre-allocation] RSS: 0.29 GB
  Using 775 iterations for predictions (chosen from CV)
  Pass 2: Processing test batches (year_range=(2017, 2019))...
Writing to /cluster/home/gikaufmann/master_thesis/outputs/south_america/results/ml_models/model1_lgbm_scored_20260318_163139.parquet
  0% — 200,000/47,695,507 rows
  [Memory   0%] RSS: 0.53 GB
  25% — 12,000,000/47,695,507 rows
  [Memory   25%] RSS: 0.93 GB
  50% — 24,000,000/47,695,507 rows
  [Memory   50%] RSS: 0.99 GB
  75% — 35,800,000/47,695,507 rows
  [Memory   75%] RSS: 1.05 GB
  100% — 47,695,507/47,695,507 rows
  [Memory   100%] RSS: 1.10 GB
Completed 239 batches in 214.4s, 47,695,507 rows
  [Memory after all predictions] RSS: 1.10 GB

Test set: 47,315,443 neg, 380,064 pos, ratio 1:124.5, years 2017-2019

Test metrics: ROC-AUC 0.8967, PR-AUC 0.6450
  P@1%: 0.5323 (253,905/476,955), lift 66.81x
  P@5%: 0.1159 (276,332/2,384,775), lift 14.54x
  P@10%: 0.0602 (287,326/4,769,550), lift 7.56x

Top 20 features:
                  feature  importance
          dist_powerplant        6405
             dist_oil_gas        6095
                policy_b2        5912
                policy_b4        5788
                      GPW        5740
          dist_indigenous        5734
deforestation_b1_smooth64        5660
    elevation_b2_smooth64        5070
    elevation_b1_smooth64        5018
          GSN_b5_smooth64        4958
             GPW_smooth64        4837
                dist_wdpa        4608
                policy_b3        4522
            WorldClim_b12        4479
          GSN_b4_smooth64        4387
             WorldClim_b7        4306
            WorldClim_b17        4247
            WorldClim_b11        3955
          GSN_b2_smooth64        3765
            WorldClim_b14        3751

Metrics saved: /cluster/home/gikaufmann/master_thesis/outputs/south_america/results/ml_models/model1_lgbm_metrics_20260318_163139.json

======================================================================
SUMMARY
======================================================================
Model: LightGBM, 73 features

Temporal Cross-Validation (CV Mode: fold3):
  Folds run: 1
  Final num_boost_round (chosen): 775
  Fold3 best_iteration: 738

Test (2017-2019, 47,695,507 samples, 0.797% pos): ROC-AUC 0.8967, PR-AUC 0.6450
  P@1%: 0.5323 (66.8x), P@5%: 0.1159 (14.5x), P@10%: 0.0602 (7.6x)

Timings: train 0.0s, pred 214.4s, total 259.0s (4.3m)
======================================================================
Done.

Output saved to: /cluster/home/gikaufmann/master_thesis/outputs/south_america/results/ml_models/model1_lgbm_20260318_163139.txt
model1_LGBM script finished.
