Starting model2_LGBM script...
drwxr-xr-x 10 gikaufmann gikaufmann-group 4096 Mar 18 15:57 /cluster/home/gikaufmann/master_thesis
PWD = /cluster/home/gikaufmann/master_thesis

Loaded params from /cluster/home/gikaufmann/master_thesis/scripts/regions/usa/5_training/lgbm_best_params.json
Best CV score: 0.5333
EVAL-ONLY: reusing model2_lgbm_20260310_000142.pkl (metrics source: model2_lgbm_metrics_20260310_000142.json)

======================================================================
PHASE 2: TESTING
======================================================================
  [Memory start of Phase 2] RSS: 0.24 GB

Loading model from /cluster/home/gikaufmann/master_thesis/data/usa/ml/models/model2_lgbm_20260310_000142.pkl
  [Memory after loading model] RSS: 0.29 GB
Processing test in batches of 200,000...
Test year range: 2017-2019 (capped at LAST_LABEL_YEAR=2019)
  Pass 1: Counting test rows (year_range=(2017, 2019))...
  Found 36,766,833 test samples (filtered to year_range=2017-2019)
  Pre-allocating arrays for 36,766,833 samples...
  [Memory after pre-allocation] RSS: 0.31 GB
  Using 3134 iterations for predictions (chosen from CV)
  Pass 2: Processing test batches (year_range=(2017, 2019))...
Writing to /cluster/home/gikaufmann/master_thesis/outputs/usa/results/ml_models/model2_lgbm_scored_20260318_164135.parquet
  0% — 200,000/36,766,833 rows
  [Memory   0%] RSS: 0.56 GB
  25% — 9,200,000/36,766,833 rows
  [Memory   25%] RSS: 0.93 GB
  50% — 18,400,000/36,766,833 rows
  [Memory   50%] RSS: 1.00 GB
  75% — 27,600,000/36,766,833 rows
  [Memory   75%] RSS: 1.03 GB
  100% — 36,766,833/36,766,833 rows
  [Memory   100%] RSS: 1.07 GB
Completed 184 batches in 600.8s, 36,766,833 rows
  [Memory after all predictions] RSS: 1.07 GB

Test set: 36,752,046 neg, 14,787 pos, ratio 1:2485.4, years 2017-2019

Test metrics: ROC-AUC 0.9443, PR-AUC 0.0819
  P@1%: 0.0324 (11,920/367,668), lift 80.61x
  P@5%: 0.0072 (13,263/1,838,341), lift 17.94x
  P@10%: 0.0036 (13,353/3,676,683), lift 9.03x

Top 20 features:
                  feature  importance
          dist_powerplant       23717
          dist_indigenous       22824
          GSN_b4_smooth64       20725
                dist_wdpa       18770
    elevation_b2_smooth64       17819
             dist_oil_gas       17743
             GPW_smooth64       17723
    elevation_b2_smooth16       17093
             GPW_smooth16       16168
                      GPW       14788
          GSN_b3_smooth64       14195
          GSN_b1_smooth64       14052
     elevation_b2_smooth4       13810
             WorldClim_b2       13685
    elevation_b1_smooth64       13423
          GSN_b5_smooth64       12564
deforestation_b1_smooth64       12451
                dist_road       11931
          GSN_b4_smooth16       11290
             WorldClim_b8       11124

Metrics saved: /cluster/home/gikaufmann/master_thesis/outputs/usa/results/ml_models/model2_lgbm_metrics_20260318_164135.json

======================================================================
SUMMARY
======================================================================
Model: LightGBM, 73 features

Temporal Cross-Validation (CV Mode: fold3):
  Folds run: 1
  Final num_boost_round (chosen): 3134
  Fold3 best_iteration: 2985

Test (2017-2019, 36,766,833 samples, 0.040% pos): ROC-AUC 0.9443, PR-AUC 0.0819
  P@1%: 0.0324 (80.6x), P@5%: 0.0072 (17.9x), P@10%: 0.0036 (9.0x)

Timings: train 0.0s, pred 600.8s, total 632.9s (10.5m)
======================================================================
Done.

Output saved to: /cluster/home/gikaufmann/master_thesis/outputs/usa/results/ml_models/model2_lgbm_20260318_164135.txt
model2_LGBM script finished.
