Starting model2_LGBM script...
drwxr-xr-x 10 gikaufmann gikaufmann-group 4096 Apr  3 22:47 /cluster/home/gikaufmann/master_thesis
PWD = /cluster/home/gikaufmann/master_thesis

Loaded params from /cluster/home/gikaufmann/master_thesis/scripts/regions/usa/5_training/lgbm_best_params.json
Best CV score: 0.5333
W&B connected
======================================================================
LGBM TRANSITION MODEL (CONTINENT DATASET - 5-YEAR LOOKAHEAD)
======================================================================
Train: /cluster/scratch/gikaufmann/data/usa/ml/main/train_win5.parquet
Earlystop: /cluster/scratch/gikaufmann/data/usa/ml/main/earlystop_win5.parquet
Test: /cluster/scratch/gikaufmann/data/usa/ml/main/test_win5.parquet
Params: /cluster/home/gikaufmann/master_thesis/scripts/regions/usa/5_training/lgbm_best_params.json
Output: /cluster/home/gikaufmann/master_thesis/outputs/usa/results/ml_models

Configuration:
  CV Mode: fold3
  Use Time Weights: True
  WDPA_LAST_YEAR: 2024
  LOOKAHEAD_YEARS: 5
  LAST_LABEL_YEAR: 2019 (WDPA_LAST_YEAR - LOOKAHEAD_YEARS)
  Earlystop/Test data filtered to years <= 2019 to avoid right-censored labels
Selected 73 features, loading 79 cols from train, 79 from test
Target column: transition_01_win5

======================================================================
PHASE 1: TRAINING WITH TEMPORAL CROSS-VALIDATION
======================================================================
  [Memory start of Phase 1] RSS: 0.35 GB

======================================================================
STEP A: TEMPORAL CROSS-VALIDATION
======================================================================
CV Mode: fold3
  Running only fold 3

======================================================================
CV FOLD 3/3
Train: 2001-2013 → Earlystop: 2014-2016
======================================================================

Loading from 2 files (years 2001-2013) (two-pass NumPy loader)...
  Pass 1: Counting rows...
  Found 159,905,470 samples
  Pass 2: Pre-allocating arrays (159,905,470 samples, 73 features)...
  0% — 200,000/159,905,470 rows
  [Memory   0%] RSS: 0.97 GB
  25% — 40,000,000/159,905,470 rows
  [Memory   25%] RSS: 11.98 GB
  50% — 80,000,000/159,905,470 rows
  [Memory   50%] RSS: 23.04 GB
  75% — 120,000,000/159,905,470 rows
  [Memory   75%] RSS: 34.11 GB
  100% — 159,905,470/159,905,470 rows
  [Memory   100%] RSS: 45.17 GB
  Loaded 159,905,470 rows in 163.8s (44.23 GB)
  159,623,078 neg, 282,392 pos, ratio 1:565.3, years 2001-2013

Loading from 2 files (years 2014-2016) (two-pass NumPy loader)...
  Pass 1: Counting rows...
  Found 73,589,272 samples
  Pass 2: Pre-allocating arrays (73,589,272 samples, 73 features)...
  0% — 26,543/73,589,272 rows
  [Memory   0%] RSS: 45.23 GB
  25% — 18,495,987/73,589,272 rows
  [Memory   25%] RSS: 50.34 GB
  50% — 36,794,636/73,589,272 rows
  [Memory   50%] RSS: 55.39 GB
  75% — 55,194,636/73,589,272 rows
  [Memory   75%] RSS: 60.46 GB
  100% — 73,589,272/73,589,272 rows
  [Memory   100%] RSS: 65.53 GB
  Loaded 73,589,272 rows in 80.2s (20.35 GB)
  73,525,566 neg, 63,706 pos, ratio 1:1154.1, years 2014-2016

Fold 3: Train 159,905,470 samples, Earlystop 73,589,272 samples (earlystop years 2014-2016, capped at LAST_LABEL_YEAR=2019)
  NOTE: Earlystop used ONLY for early stopping, NOT for metric reporting.
  Training sample weights: min=0.500, max=1.000, mean=0.750
  Computed scale_pos_weight from training data: 565.253541 = 159,623,078 / 282,392
  Creating datasets...
  Training...
Training until validation scores don't improve for 500 rounds
[100]	earlystop's average_precision: 0.0189189
[200]	earlystop's average_precision: 0.0271556
[300]	earlystop's average_precision: 0.0357225
[400]	earlystop's average_precision: 0.0443887
[500]	earlystop's average_precision: 0.0540043
[600]	earlystop's average_precision: 0.0615889
[700]	earlystop's average_precision: 0.0697062
[800]	earlystop's average_precision: 0.0787275
[900]	earlystop's average_precision: 0.0843108
[1000]	earlystop's average_precision: 0.0924268
[1100]	earlystop's average_precision: 0.0998577
[1200]	earlystop's average_precision: 0.106722
[1300]	earlystop's average_precision: 0.113721
[1400]	earlystop's average_precision: 0.119186
[1500]	earlystop's average_precision: 0.124057
[1600]	earlystop's average_precision: 0.129937
[1700]	earlystop's average_precision: 0.136679
[1800]	earlystop's average_precision: 0.142546
[1900]	earlystop's average_precision: 0.147601
[2000]	earlystop's average_precision: 0.152227
[2100]	earlystop's average_precision: 0.157388
[2200]	earlystop's average_precision: 0.161702
[2300]	earlystop's average_precision: 0.167078
[2400]	earlystop's average_precision: 0.170963
[2500]	earlystop's average_precision: 0.175667
[2600]	earlystop's average_precision: 0.180171
[2700]	earlystop's average_precision: 0.184135
[2800]	earlystop's average_precision: 0.188641
[2900]	earlystop's average_precision: 0.192253
Did not meet early stopping. Best iteration is:
[2985]	earlystop's average_precision: 0.194536
  Generating OOF predictions on earlystop set (73,589,272 samples)...

  DIAGNOSTIC ONLY (not used for model selection / early stopping):
    PR-AUC: 0.1945
    ROC-AUC: 0.4728
    Base rate: 0.0009
    Precision@1%: 0.0296
  [Memory after fold 3 predictions] RSS: 2.74 GB

Saving temporal CV OOF predictions (1 folds)...
  Temporal CV OOF predictions saved: model2_lgbm_temporal_cv_predictions_20260407_024258.parquet
  Total samples: 73,589,272
  Folds: [2]

CV Diagnostics (aggregated across 1 non-skipped folds):
  PR-AUC: 0.1945 ± 0.0000
  ROC-AUC: 0.4728 ± 0.0000

Fold3 best_iteration: 2985
Weighted average (before 1.05x): 2985.00
Chosen iteration (weighted avg * 1.05): 3134
After max with fold3_best_iteration (2985): 3134

======================================================================
TEMPORAL CV RESULTS (Aggregated)
======================================================================
CV Mode: fold3
Chosen iteration (for final model): 3134
======================================================================

======================================================================
STEP B: FINAL MODEL TRAINING
======================================================================
Training final model on full dataset: 2001-2016
  [Memory before final model training] RSS: 1.91 GB

Loading full training data (2001-2016)...

Loading from 2 files (years 2001-2016) (two-pass NumPy loader)...
  Pass 1: Counting rows...
  Found 233,494,742 samples
  Pass 2: Pre-allocating arrays (233,494,742 samples, 73 features)...
  0% — 200,000/233,494,742 rows
  [Memory   0%] RSS: 2.23 GB
  25% — 58,400,000/233,494,742 rows
  [Memory   25%] RSS: 18.33 GB
  50% — 116,800,000/233,494,742 rows
  [Memory   50%] RSS: 34.49 GB
  75% — 175,200,000/233,494,742 rows
  [Memory   75%] RSS: 50.64 GB
  100% — 233,494,742/233,494,742 rows
  [Memory   100%] RSS: 66.76 GB
  Loaded 233,494,742 rows in 162.9s (64.59 GB)
  233,148,644 neg, 346,098 pos, ratio 1:673.6, years 2001-2016
  [Memory after loading final data] RSS: 66.76 GB

Final model training: train (2001-2016): 233,494,742 rows
Final training: no earlystop/val; num_boost_round fixed from CV to avoid leakage.
  Training sample weights: min=0.500, max=1.000, mean=0.784

Imbalance: Computed scale_pos_weight from training data: 673.649209 = 233,148,644 / 346,098

Training final model on 233,494,742 samples...
  [Memory before final training] RSS: 67.63 GB

Final model parameters:
  boosting_type: gbdt
  colsample_bynode: 0.7057804222702729
  colsample_bytree: 0.7
  is_unbalance: False
  learning_rate: 0.020951957451916664
  max_depth: 15
  metric: average_precision
  min_child_samples: 75
  min_split_gain: 0.051187338512523516
  num_leaves: 200
  num_threads: 32
  objective: binary
  path_smooth: 4.8460288990330955
  random_state: 42
  reg_alpha: 3.205453530936173e-05
  reg_lambda: 18.97325757421328
  scale_pos_weight: 673.6492091835261
  subsample: 0.8758757159236898
  subsample_freq: 1
  verbose: -1
  Creating dataset...
  [Memory after train dataset creation] RSS: 66.76 GB
  Starting training with num_boost_round=3134 (fixed from CV, no validation set/early stopping)...
  Progress will be logged every 100 iterations via LightGBM callback.

Training done in 9483.4s. Used 3134 iterations (chosen based on CV)
Final model saved: /cluster/home/gikaufmann/master_thesis/data/usa/ml/models/model2_lgbm_20260407_024258.pkl
Phase 1 completed.

======================================================================
PHASE 2: TESTING
======================================================================
  [Memory start of Phase 2] RSS: 2.00 GB

Loading model from /cluster/home/gikaufmann/master_thesis/data/usa/ml/models/model2_lgbm_20260407_024258.pkl
  [Memory after loading model] RSS: 2.00 GB
Processing test in batches of 200,000...
Test year range: 2017-2019 (capped at LAST_LABEL_YEAR=2019)
  Pass 1: Counting test rows (year_range=(2017, 2019))...
  Found 36,766,833 test samples (filtered to year_range=2017-2019)
  Pre-allocating arrays for 36,766,833 samples...
  [Memory after pre-allocation] RSS: 2.02 GB
  Using 3134 iterations for predictions (chosen from CV)
  Pass 2: Processing test batches (year_range=(2017, 2019))...
Writing to /cluster/home/gikaufmann/master_thesis/outputs/usa/results/ml_models/model2_lgbm_scored_20260407_024258.parquet
  0% — 200,000/36,766,833 rows
  [Memory   0%] RSS: 2.04 GB
  25% — 9,200,000/36,766,833 rows
  [Memory   25%] RSS: 2.10 GB
  50% — 18,400,000/36,766,833 rows
  [Memory   50%] RSS: 2.10 GB
  75% — 27,600,000/36,766,833 rows
  [Memory   75%] RSS: 2.10 GB
  100% — 36,766,833/36,766,833 rows
  [Memory   100%] RSS: 2.10 GB
Completed 184 batches in 536.8s, 36,766,833 rows
  [Memory after all predictions] RSS: 2.10 GB

Test set: 36,752,046 neg, 14,787 pos, ratio 1:2485.4, years 2017-2019

Test metrics: ROC-AUC 0.9467, PR-AUC 0.0931
  P@1%: 0.0327 (12,037/367,668), lift 81.40x
  P@5%: 0.0072 (13,267/1,838,341), lift 17.94x
  P@10%: 0.0036 (13,355/3,676,683), lift 9.03x

Top 20 features:
                  feature  importance
          dist_powerplant       23956
          dist_indigenous       22972
          GSN_b4_smooth64       20808
                dist_wdpa       18716
             GPW_smooth64       17770
             dist_oil_gas       17758
    elevation_b2_smooth64       17689
    elevation_b2_smooth16       16819
             GPW_smooth16       16192
                      GPW       14632
          GSN_b1_smooth64       14092
          GSN_b3_smooth64       13988
     elevation_b2_smooth4       13759
             WorldClim_b2       13641
    elevation_b1_smooth64       13450
          GSN_b5_smooth64       12649
deforestation_b1_smooth64       12577
                dist_road       11973
             WorldClim_b8       11232
          GSN_b4_smooth16       11211

Metrics saved: /cluster/home/gikaufmann/master_thesis/outputs/usa/results/ml_models/model2_lgbm_metrics_20260407_024258.json

======================================================================
SUMMARY
======================================================================
Model: LightGBM, 73 features

Temporal Cross-Validation (CV Mode: fold3):
  Folds run: 1
  Final num_boost_round (chosen): 3134
  Fold3 best_iteration: 2985

Test (2017-2019, 36,766,833 samples, 0.040% pos): ROC-AUC 0.9467, PR-AUC 0.0931
  P@1%: 0.0327 (81.4x), P@5%: 0.0072 (17.9x), P@10%: 0.0036 (9.0x)

Timings: train 9483.4s, pred 536.8s, total 30552.1s (509.2m)
======================================================================
Done.

Output saved to: /cluster/home/gikaufmann/master_thesis/outputs/usa/results/ml_models/model2_lgbm_20260407_024258.txt
model2_LGBM script finished.
