Starting model2_results script (RF mode, main split)...
drwxr-xr-x 10 gikaufmann gikaufmann-group 4096 Mar 18 15:57 /cluster/home/gikaufmann/master_thesis
PWD = /cluster/home/gikaufmann/master_thesis
W&B connected
======================================================================
PATH RESOLUTION
======================================================================
Repository root: /cluster/home/gikaufmann/master_thesis
SCRATCH directory: /cluster/scratch/gikaufmann
Split version: main

Searching for ml_models directory in:
  ✓ /cluster/scratch/gikaufmann/outputs/usa/results/ml_models
  ✓ /cluster/home/gikaufmann/master_thesis/outputs/usa/results/ml_models

Auto-discovering metrics JSON file...
  Found: /cluster/home/gikaufmann/master_thesis/outputs/usa/results/ml_models/model2_rf_win5_metrics_20260318_165249.json
Auto-discovering scored parquet file...
  Found calibrated scored file (preferred): /cluster/scratch/gikaufmann/outputs/usa/results/ml_models/main/model2_rf_win5_scored_calibrated_platt_20260316_004628.parquet
Using ml_models directory: /cluster/home/gikaufmann/master_thesis/outputs/usa/results/ml_models

Auto-discovering test_win5.parquet using $SCRATCH-first path resolution...
  ✓ Resolved path: /cluster/scratch/gikaufmann/data/usa/ml/main/test_win5.parquet
Auto-discovering future parquet for temporal validation (val_win5.parquet or merged_panel_final.parquet)...
  ✓ Resolved path: /cluster/scratch/gikaufmann/data/usa/ml/merged_panel_final.parquet
  Future years for temporal validation: [2020, 2021, 2022, 2023, 2024]
======================================================================
MODEL 2 (RF) RESULTS REPORTING (Split: main)
======================================================================

Model type: rf
Split version: main
Metrics JSON: /cluster/home/gikaufmann/master_thesis/outputs/usa/results/ml_models/model2_rf_win5_metrics_20260318_165249.json
Scored parquet: /cluster/scratch/gikaufmann/outputs/usa/results/ml_models/main/model2_rf_win5_scored_calibrated_platt_20260316_004628.parquet
Output directory: /cluster/scratch/gikaufmann/outputs/usa/results/model2_rf
Region boundary: Will download from Natural Earth

======================================================================
LOADING DATA
======================================================================
  Derived test years from test parquet: [2017, 2018, 2019]

Derived test years: [2017, 2018, 2019]
Reading parquet file: /cluster/scratch/gikaufmann/outputs/usa/results/ml_models/main/model2_rf_win5_scored_calibrated_platt_20260316_004628.parquet
  Available columns: ['row', 'col', 'x', 'y', 'year', 'y_true', 'y_pred_proba_uncalibrated', 'y_pred_proba_calibrated', 'y_pred_proba']

======================================================================
CALIBRATION STATUS: CALIBRATED
======================================================================
  File contains both 'y_pred_proba_uncalibrated' and 'y_pred_proba_calibrated' columns
  Using calibrated probabilities (y_pred_proba = calibrated values)
======================================================================

  Found metadata column: 'year'
  Found metadata column: 'row'
  Found metadata column: 'col'
  Found metadata column: 'y_pred_proba_uncalibrated'
  Found metadata column: 'y_pred_proba_calibrated'
  Resolved 'y_true' -> 'y_true'
  Resolved 'y_pred_proba' -> 'y_pred_proba'
  Resolved 'x' -> 'x'
  Resolved 'y' -> 'y'
  Reading parquet (columns=9, filter year in [2017, 2018, 2019])...
  Loaded 36,766,833 rows
  Final columns: ['y_true', 'y_pred_proba', 'x', 'y', 'year', 'row', 'col', 'y_pred_proba_uncalibrated', 'y_pred_proba_calibrated']

Detecting coordinate CRS...
  x range: [-13889000.00, -7453000.00]
  y range: [2818000.00, 6342000.00]
  Detected EPSG:3857 (Web Mercator) coordinates
  Reprojecting to EPSG:4326 (WGS84)...
  Reprojected x range: [-124.77, -66.95]
  Reprojected y range: [24.53, 49.39]

Validating coordinates...
  Sampling 100,000 rows from 36,766,833 for validation...
  x (lon) in [-125, -66]: 100.00%
  y (lat) in [24, 50]: 100.00%
  Coordinate validation passed (100.00% in expected ranges)
Loading USA boundary from URL...
  Successfully loaded from https://naciscdn.org/naturalearth/110m/cultural/ne_110m_admin_0_countries.zip
  Clipped USA boundary to CONUS extent (-125, -66)/(24, 50)
  Found USA boundary with 1 feature(s) in EPSG:4326

Resolving backbone raster for map backgrounds...
  Found backbone raster: /cluster/scratch/gikaufmann/data/usa/ready/backbone/backbone.tif

======================================================================
CREATING SIMPLIFIED RISK MAP
======================================================================
  USA boundary CRS: EPSG:4326
  USA boundary bounds: [-124.68721008   25.08        -66.96466      49.38905   ]
  Reprojected to EPSG:3857 (Web Mercator)
  Projected bounds (meters): [-13880116.73487435   2885574.0252453   -7454471.85234469
   6341134.72596893]
  Total rows (pixel-years): 36,766,833

Loading WDPA data from original test parquet: /cluster/scratch/gikaufmann/data/usa/ml/main/test_win5.parquet
  Found WDPA_prev column: 'WDPA_prev' (enables temporal protection visualization)
  Reading parquet (columns=7, filter year in [2016, 2017, 2018, 2019])...
  Identifying pixels established in test period (2017-2019) using vectorized approach...
  Found 7,093 pixels established in test period (2017-2019)
  Loaded 36,766,833 rows with WDPA data
  Years: [2017, 2018, 2019]
  Protected pixels (WDPA_b1=1): 7,093
  Pixels with establishment flag: 20,892
  Temporal protection analysis:
    - Already protected (WDPA_prev=1): 0
    - Newly protected (WDPA_prev=0, WDPA_b1=1): 7,093
    → Two-layer protection visualization will be used
  Join method: row/col/year (with establishment flag)
  ✓ WDPA data loaded - using ACTUAL test-period establishments
    Joined via row/col: 20,892 actual establishments
  ✓ Using actual test-period establishments (established_in_test_period)

Loading future PA establishments from: /cluster/scratch/gikaufmann/data/usa/ml/merged_panel_final.parquet
  Reading parquet (columns=6, filter year in [2019, 2020, 2021, 2022, 2023, 2024])...
  Identifying pixels established in future period (2020-2024)...
  ✓ Found 333 pixels established in future period (2020-2024)
  Join method: row/col
  ✓ Future PA establishments loaded - temporal validation enabled
    Joined via row/col: 999 future establishments

  Filtering coordinate outliers...
    Removed 2,118 outliers (36,766,833 → 36,764,715)

  Aggregating to pixel level (test years: [2017, 2018, 2019])...
    36,764,715 rows → 12,255,034 unique pixels
  ✓ Top-1% = 122,550 pixels (pixel-level min score: 0.002050)

  FINAL STATISTICS (pixel-level, after filtering):
    Total pixels: 12,255,034
    Predicted high-risk (top 1%): 122,550 (1.00% of pixels)
    Actual PA establishments (test period): 7,093 (0.058% of pixels)
    Overlap (correct predictions): 7,093
    NOTE: With only 7,093 actual establishments out of 12,255,034 pixels, top-1% selects 122,550 pixels — high recall can be legitimate if designations are geographically concentrated.
    Hit rate: 7,093/122,550 = 5.8%
    Recall (test period): 7,093/7,093 = 100.0%

  TEMPORAL VALIDATION (Future PA Establishments 2020-2024):
    Future PA establishments: 333
    Future establishments in predicted areas: 308
    Future Capture Rate: 308/333 = 92.5%

  COMBINED STATISTICS (Test + Future):
    Total PA establishments (test + future): 7,426
    Total captured by predictions: 7,401
    Combined Recall: 7,401/7,426 = 99.7%

  Creating rasterized risk map...
  Category raster shape: (3456, 6426), extent: (-13880099.999999998, -7454099.999999998, 2885900.0000000005, 6341900.0)
  Creating background mask from data coverage...
  Background mask created - protected areas will appear as natural holes
  Backbone background plotted from: /cluster/scratch/gikaufmann/data/usa/ready/backbone/backbone.tif
✓ Saved simplified risk map (PDF): /cluster/scratch/gikaufmann/outputs/usa/results/model2_rf/risk_map_top1pct.pdf (dpi=150)
✓ Simplified risk map complete!

======================================================================
CREATING SIMPLIFIED RISK MAP
======================================================================
  USA boundary CRS: EPSG:4326
  USA boundary bounds: [-124.68721008   25.08        -66.96466      49.38905   ]
  Reprojected to EPSG:3857 (Web Mercator)
  Projected bounds (meters): [-13880116.73487435   2885574.0252453   -7454471.85234469
   6341134.72596893]
  Total rows (pixel-years): 36,766,833
  ✓ WDPA data loaded - using ACTUAL test-period establishments
    Joined via row/col: 20,892 actual establishments
  ✓ Using actual test-period establishments (established_in_test_period)
  ✓ Future PA establishments loaded - temporal validation enabled
    Joined via row/col: 999 future establishments

  Filtering coordinate outliers...
    Removed 2,118 outliers (36,766,833 → 36,764,715)

  Aggregating to pixel level (test years: [2017, 2018, 2019])...
    36,764,715 rows → 12,255,034 unique pixels
  ✓ Top-5% = 612,751 pixels (pixel-level min score: 0.001881)

  FINAL STATISTICS (pixel-level, after filtering):
    Total pixels: 12,255,034
    Predicted high-risk (top 5%): 612,751 (5.00% of pixels)
    Actual PA establishments (test period): 7,093 (0.058% of pixels)
    Overlap (correct predictions): 7,093
    NOTE: With only 7,093 actual establishments out of 12,255,034 pixels, top-5% selects 612,751 pixels — high recall can be legitimate if designations are geographically concentrated.
    Hit rate: 7,093/612,751 = 1.2%
    Recall (test period): 7,093/7,093 = 100.0%

  TEMPORAL VALIDATION (Future PA Establishments 2020-2024):
    Future PA establishments: 333
    Future establishments in predicted areas: 311
    Future Capture Rate: 311/333 = 93.4%

  COMBINED STATISTICS (Test + Future):
    Total PA establishments (test + future): 7,426
    Total captured by predictions: 7,404
    Combined Recall: 7,404/7,426 = 99.7%

  Creating rasterized risk map...
  Category raster shape: (3456, 6426), extent: (-13880099.999999998, -7454099.999999998, 2885900.0000000005, 6341900.0)
  Creating background mask from data coverage...
  Background mask created - protected areas will appear as natural holes
  Backbone background plotted from: /cluster/scratch/gikaufmann/data/usa/ready/backbone/backbone.tif
✓ Saved simplified risk map (PDF): /cluster/scratch/gikaufmann/outputs/usa/results/model2_rf/risk_map_top5pct.pdf (dpi=150)
✓ Simplified risk map complete!

======================================================================
CREATING SIMPLIFIED RISK MAP
======================================================================
  USA boundary CRS: EPSG:4326
  USA boundary bounds: [-124.68721008   25.08        -66.96466      49.38905   ]
  Reprojected to EPSG:3857 (Web Mercator)
  Projected bounds (meters): [-13880116.73487435   2885574.0252453   -7454471.85234469
   6341134.72596893]
  Total rows (pixel-years): 36,766,833
  ✓ WDPA data loaded - using ACTUAL test-period establishments
    Joined via row/col: 20,892 actual establishments
  ✓ Using actual test-period establishments (established_in_test_period)
  ✓ Future PA establishments loaded - temporal validation enabled
    Joined via row/col: 999 future establishments

  Filtering coordinate outliers...
    Removed 2,118 outliers (36,766,833 → 36,764,715)

  Aggregating to pixel level (test years: [2017, 2018, 2019])...
    36,764,715 rows → 12,255,034 unique pixels
  ✓ Top-10% = 1,225,503 pixels (pixel-level min score: 0.001831)

  FINAL STATISTICS (pixel-level, after filtering):
    Total pixels: 12,255,034
    Predicted high-risk (top 10%): 1,225,503 (10.00% of pixels)
    Actual PA establishments (test period): 7,093 (0.058% of pixels)
    Overlap (correct predictions): 7,093
    NOTE: With only 7,093 actual establishments out of 12,255,034 pixels, top-10% selects 1,225,503 pixels — high recall can be legitimate if designations are geographically concentrated.
    Hit rate: 7,093/1,225,503 = 0.6%
    Recall (test period): 7,093/7,093 = 100.0%

  TEMPORAL VALIDATION (Future PA Establishments 2020-2024):
    Future PA establishments: 333
    Future establishments in predicted areas: 318
    Future Capture Rate: 318/333 = 95.5%

  COMBINED STATISTICS (Test + Future):
    Total PA establishments (test + future): 7,426
    Total captured by predictions: 7,411
    Combined Recall: 7,411/7,426 = 99.8%

  Creating rasterized risk map...
  Category raster shape: (3456, 6426), extent: (-13880099.999999998, -7454099.999999998, 2885900.0000000005, 6341900.0)
  Creating background mask from data coverage...
  Background mask created - protected areas will appear as natural holes
  Backbone background plotted from: /cluster/scratch/gikaufmann/data/usa/ready/backbone/backbone.tif
✓ Saved simplified risk map (PDF): /cluster/scratch/gikaufmann/outputs/usa/results/model2_rf/risk_map_top10pct.pdf (dpi=150)
✓ Simplified risk map complete!

======================================================================
CREATING METRICS TABLE
======================================================================
  Computed Brier Score: 0.000402
  Computed ECE: 0.000803, MCE: 0.000803
  Computed Brier Score (Uncalibrated): 0.000345
  Computed Brier Score (Calibrated): 0.000402

Saved CSV: /cluster/scratch/gikaufmann/outputs/usa/results/model2_rf/metrics_table.csv
Saved LaTeX: /cluster/scratch/gikaufmann/outputs/usa/results/model2_rf/metrics_table.tex

======================================================================
CREATING PRECISION-RECALL CURVE
======================================================================
  PR AUC: 0.5586
  Baseline prevalence: 0.000402
Saved PDF: /cluster/scratch/gikaufmann/outputs/usa/results/model2_rf/pr_curve.pdf

======================================================================
CREATING ROC CURVE
======================================================================
  ROC AUC: 0.9989
  Saved PDF: /cluster/scratch/gikaufmann/outputs/usa/results/model2_rf/roc_curve.pdf

======================================================================
CREATING CUMULATIVE GAINS CHART (SEARCH EFFICIENCY)
======================================================================
  Downsampled cumulative gains curve: 36,766,833 -> 20,000 points
Saved PDF: /cluster/scratch/gikaufmann/outputs/usa/results/model2_rf/cumulative_gains.pdf

======================================================================
CREATING ROW-LEVEL P@1% DIAGNOSTIC MAP
======================================================================
  USA boundary CRS: EPSG:4326
  Reprojected to EPSG:3857 (Web Mercator)
  Projected bounds (meters): [-13880116.73487435   2885574.0252453   -7454471.85234469
   6341134.72596893]
  Total rows (pixel-years): 36,766,833
  Top 1% count: 367,668 rows
  Top 1% min score: 0.002014
  Row-level P@1% metric: 0.0400 (14,721/367,668)
  Total positive rows (y_true=1): 14,787
    Captured by top 1% (overlap): 14,721
    Missed by top 1% (y_true=1, outside top 1%): 66
  Predicted high-risk only (y_true=0, in top 1%): 352,947
  Converting 36,766,833 points to raster grid...
  Category raster shape: (3525, 6437), extent: (-13889099.999999998, -7452099.999999998, 2817900.0, 6342900.0)
  Valid (non-NaN) pixels: 12,255,740
  Creating background mask from data coverage...
  Background mask created - protected areas will appear as natural holes
  Backbone background plotted from: /cluster/scratch/gikaufmann/data/usa/ready/backbone/backbone.tif
Saved PDF: /cluster/scratch/gikaufmann/outputs/usa/results/model2_rf/p1pct_diagnostic.pdf (dpi=150)

======================================================================
CREATING PROBABILITY MAP
======================================================================
  USA boundary CRS: EPSG:4326
  Reprojected to EPSG:3857 (Web Mercator)
  Projected bounds (meters): [-13880116.73487435   2885574.0252453   -7454471.85234469
   6341134.72596893]
  Prediction points: 36,766,833
  Probability range: [0.000490, 0.003183]
  Probability mean: 0.001205, median: 0.001539, std: 0.000579
  Using log10 colour range (0th–99.9th percentile of log values)
  log10 range: [-3.3096, -2.6313]  (raw prob: [0.000490, 0.002337])
  Applied log10 transformation to stretch distribution
  Normalised value range: [0.0000, 1.0000]
  Normalised value mean: 0.4765, median: 0.7325
  Filtering coordinate outliers...
  Filtered out 2,118 coordinate outliers (36,766,833 -> 36,764,715)
  Converting 36,764,715 points to raster grid...
  Raster shape: (3456, 6426), extent: (-13880099.999999998, -7454099.999999998, 2885900.0000000005, 6341900.0)
  Valid (non-NaN) pixels: 12,255,034
  Backbone background plotted from: /cluster/scratch/gikaufmann/data/usa/ready/backbone/backbone.tif
Saved PDF: /cluster/scratch/gikaufmann/outputs/usa/results/model2_rf/probability_map.pdf (dpi=300)

======================================================================
CREATING CALIBRATION IMPROVEMENT FIGURE
======================================================================
  ECE:   before=0.0049  after=0.0008  improvement=0.0041
  Brier: before=0.0003  after=0.0004  improvement=-0.0001
  Saved: /cluster/scratch/gikaufmann/outputs/usa/results/model2_rf/calibration_improvement.pdf

======================================================================
CREATING CALIBRATION/RELIABILITY CURVE
======================================================================
Saved PDF: /cluster/scratch/gikaufmann/outputs/usa/results/model2_rf/calibration_reliability.pdf

Calibration analysis complete

======================================================================
CREATING COUNTRY-LEVEL BREAKDOWN
======================================================================
  Unique pixels: 12,255,740 from 36,766,833 rows
  Loading world countries from cache: /cluster/home/gikaufmann/master_thesis/data/shared/admin/ne_110m_admin_0_countries.gpkg
  Loaded 177 country geometries from Natural Earth
  Spatial join complete. Countries assigned: 4
  Saved CSV: /cluster/scratch/gikaufmann/outputs/usa/results/model2_rf/country_breakdown.csv
  Saved LaTeX: /cluster/scratch/gikaufmann/outputs/usa/results/model2_rf/country_breakdown.tex
  Countries included: 2 (min 10 positive samples)
  Auto-discovered GSN raster: /cluster/scratch/gikaufmann/data/usa/ready/GSN/gsn_terrestrial_ecoregions_mask_1km.tif
  Auto-discovered GSN shapefile: /cluster/home/gikaufmann/master_thesis/data/shared/GlobalSafetyNet/terrestrial_ecoregions/Terrestrial_ecoregions.shp

======================================================================
CREATING BIOME / ECOREGION BREAKDOWN
======================================================================
  TIF:      /cluster/scratch/gikaufmann/data/usa/ready/GSN/gsn_terrestrial_ecoregions_mask_1km.tif
  Shapefile: /cluster/home/gikaufmann/master_thesis/data/shared/GlobalSafetyNet/terrestrial_ecoregions/Terrestrial_ecoregions.shp
  Ecoregions in raster: 85
  Name lookup built: 85 ecoregions matched
  Rows with ecoregion: 36,655,995 / 36,766,833 (99.7%)
  Saved: /cluster/scratch/gikaufmann/outputs/usa/results/model2_rf/ecoregion_breakdown.csv  (28 ecoregions)
  Saved: /cluster/scratch/gikaufmann/outputs/usa/results/model2_rf/biome_breakdown.csv  (5 biomes)
  Ecoregions with sufficient data: 28
  Saved PDF: /cluster/scratch/gikaufmann/outputs/usa/results/model2_rf/biome_breakdown.pdf

======================================================================
FALSE POSITIVE SPATIAL MAP
======================================================================
  Top-5% zone: 14,732 TP (green), 1,823,610 FP (red)  precision=0.008
  Saved: /cluster/scratch/gikaufmann/outputs/usa/results/model2_rf/false_positive_map.pdf
  Saved: /cluster/scratch/gikaufmann/outputs/usa/results/model2_rf/false_positive_map.png

======================================================================
ECONOMIC EXPOSURE ANALYSIS
======================================================================
  NTL column:        not found
  Population column: GPW
  Saved: /cluster/scratch/gikaufmann/outputs/usa/results/model2_rf/economic_exposure_rf.csv
                      zone  n_pixels  GPW_mean  GPW_median  GPW_p75
All test pixels (baseline) 110299943    43.657       0.810    8.092
              Top 10% risk  11030015    44.299       2.550   15.257
               Top 5% risk   5515019    43.126       2.245   14.593
               Top 1% risk   1103003    35.412       0.816    9.133

======================================================================
HOTSPOT ZOOM-IN MAPS
======================================================================
  Pacific Northwest: 3,810,463 pixels
  Rocky Mountains: 8,227,042 pixels
  Southeast: 2,913,987 pixels
  Saved: /cluster/scratch/gikaufmann/outputs/usa/results/model2_rf/hotspot_maps_rf.pdf
  Saved: /cluster/scratch/gikaufmann/outputs/usa/results/model2_rf/hotspot_maps_rf.png

======================================================================
CREATING CROSS-REGION COMPARISON TABLE
======================================================================
  Loaded metrics for Model 1 (SA): /cluster/scratch/gikaufmann/outputs/south_america/results/model1_rf/metrics_table.csv
  Loaded metrics for Model 2 (USA): /cluster/scratch/gikaufmann/outputs/usa/results/model2_rf/metrics_table.csv
  Saved PDF: /cluster/scratch/gikaufmann/outputs/usa/results/model2_rf/comparison_table.pdf
  Saved LaTeX: /cluster/scratch/gikaufmann/outputs/usa/results/model2_rf/comparison_table.tex

Auto-discovering trained model file for SHAP analysis (Model 2 only)...
  Found: /cluster/scratch/gikaufmann/data/usa/ml/models/model2_rf_win5_20260315_004109.joblib

Auto-discovering data sources for SHAP analysis...
  Found earlystop: /cluster/scratch/gikaufmann/data/usa/ml/main/earlystop_win5.parquet
  Found train: /cluster/scratch/gikaufmann/data/usa/ml/main/train_win5.parquet
  Found test (allowed with --allow_test_shap): /cluster/scratch/gikaufmann/data/usa/ml/main/test_win5.parquet

======================================================================
COMPUTING SHAP ANALYSIS
======================================================================
Loading model from /cluster/scratch/gikaufmann/data/usa/ml/models/model2_rf_win5_20260315_004109.joblib...
  Using data source: train (train_win5.parquet)
  Loading feature data from train...
  Total rows in train: 196,700,106
  Sampling 500 rows for SHAP analysis (seed=42, max=500)...
  Feature matrix shape: (500, 73)
  Memory: 0.1 MB
  Computing SHAP values using TreeExplainer...
  SHAP values computed: shape (500, 73, 2)
  Generating SHAP summary plot...
  Saved SHAP summary plot: shap_summary.pdf
  Computing feature importance metrics...
  Saved top 20 features: shap_top20.csv
  Saved SHAP dependence: shap_dep_dist_wdpa.pdf
  Saved SHAP dependence: shap_dep_elevation_b2_smooth16.pdf
  Saved thematic SHAP: shap_thematic.pdf

  Top 10 features by mean absolute SHAP:
    dist_wdpa                               : 0.0403 (mean: -0.0134, 27.6% positive)
    elevation_b2_smooth16                   : 0.0388 (mean: -0.0217, 26.6% positive)
    elevation_b2_smooth4                    : 0.0340 (mean: -0.0179, 21.4% positive)
    economic_value_lag1                     : 0.0340 (mean: -0.0086, 58.0% positive)
    elevation_b2_smooth64                   : 0.0316 (mean: -0.0200, 25.0% positive)
    GPW                                     : 0.0314 (mean: -0.0168, 37.0% positive)
    elevation_b2                            : 0.0290 (mean: -0.0132, 23.2% positive)
    WorldClim_b8                            : 0.0238 (mean: -0.0161, 17.8% positive)
    policy_b4                               : 0.0203 (mean: -0.0053, 57.6% positive)
    policy_b1                               : 0.0163 (mean: -0.0028, 50.2% positive)
  SHAP analysis completed.

======================================================================
COMPLETE
======================================================================

All outputs saved to: /cluster/scratch/gikaufmann/outputs/usa/results/model2_rf
[1;34mwandb[0m: 
[1;34mwandb[0m: 🚀 View run [33mresults_model2_rf_main[0m at: [34m[0m
[1;34mwandb[0m: Find logs at: [1;35mwandb/run-20260318_185050-qu38s80v/logs[0m
model2_results script (RF mode, main split) finished.
