Starting model3_results script (main split)...
drwxr-xr-x 10 gikaufmann gikaufmann-group 4096 Apr  3 22:47 /cluster/home/gikaufmann/master_thesis
PWD = /cluster/home/gikaufmann/master_thesis
W&B connected
======================================================================
PATH RESOLUTION
======================================================================
Repository root: /cluster/home/gikaufmann/master_thesis
SCRATCH directory: /cluster/scratch/gikaufmann
Split version: main

Searching for ml_models directory in:
  ✓ /cluster/scratch/gikaufmann/outputs/se_asia/results/ml_models
  ✓ /cluster/home/gikaufmann/master_thesis/outputs/se_asia/results/ml_models

Auto-discovering metrics JSON file...
  Found: /cluster/home/gikaufmann/master_thesis/outputs/se_asia/results/ml_models/model3_lgbm_metrics_20260407_162640.json
Auto-discovering scored parquet file...
  Found calibrated scored file (preferred): /cluster/scratch/gikaufmann/outputs/se_asia/results/ml_models/main/model3_lgbm_scored_calibrated_isotonic_20260408_050747.parquet
Using ml_models directory: /cluster/home/gikaufmann/master_thesis/outputs/se_asia/results/ml_models

Auto-discovering test_win5.parquet using $SCRATCH-first path resolution...
  ✓ Resolved path: /cluster/scratch/gikaufmann/data/se_asia/ml/main/test_win5.parquet
Auto-discovering future parquet for temporal validation (val_win5.parquet or merged_panel_final.parquet)...
  ✓ Resolved path: /cluster/scratch/gikaufmann/data/se_asia/ml/merged_panel_final.parquet
  Future years for temporal validation: [2020, 2021, 2022, 2023, 2024]
======================================================================
MODEL 3 (LGBM) RESULTS REPORTING (Split: main)
======================================================================

Model type: lgbm
Split version: main
Metrics JSON: /cluster/home/gikaufmann/master_thesis/outputs/se_asia/results/ml_models/model3_lgbm_metrics_20260407_162640.json
Scored parquet: /cluster/scratch/gikaufmann/outputs/se_asia/results/ml_models/main/model3_lgbm_scored_calibrated_isotonic_20260408_050747.parquet
Output directory: /cluster/scratch/gikaufmann/outputs/se_asia/results/model3_lgbm
Region boundary: Will download from Natural Earth

======================================================================
LOADING DATA
======================================================================
  Derived test years from test parquet: [2017, 2018, 2019]

Derived test years: [2017, 2018, 2019]
Reading parquet file: /cluster/scratch/gikaufmann/outputs/se_asia/results/ml_models/main/model3_lgbm_scored_calibrated_isotonic_20260408_050747.parquet
  Available columns: ['row', 'col', 'x', 'y', 'year', 'y_true', 'y_pred_proba_uncalibrated', 'y_pred_proba_calibrated', 'y_pred_proba']

======================================================================
CALIBRATION STATUS: CALIBRATED
======================================================================
  File contains both 'y_pred_proba_uncalibrated' and 'y_pred_proba_calibrated' columns
  Using calibrated probabilities (y_pred_proba = calibrated values)
======================================================================

  Found metadata column: 'year'
  Found metadata column: 'row'
  Found metadata column: 'col'
  Found metadata column: 'y_pred_proba_uncalibrated'
  Found metadata column: 'y_pred_proba_calibrated'
  Resolved 'y_true' -> 'y_true'
  Resolved 'y_pred_proba' -> 'y_pred_proba'
  Resolved 'x' -> 'x'
  Resolved 'y' -> 'y'
  Reading parquet (columns=9, filter year in [2017, 2018, 2019])...
  Loaded 12,503,260 rows
  Final columns: ['y_true', 'y_pred_proba', 'x', 'y', 'year', 'row', 'col', 'y_pred_proba_uncalibrated', 'y_pred_proba_calibrated']

Detecting coordinate CRS...
  x range: [10260000.00, 15698000.00]
  y range: [-1233000.00, 3319000.00]
  Detected EPSG:3857 (Web Mercator) coordinates
  Reprojecting to EPSG:4326 (WGS84)...
  Reprojected x range: [92.17, 141.02]
  Reprojected y range: [-11.01, 28.55]

Validating coordinates...
  Sampling 100,000 rows from 12,503,260 for validation...
  x (lon) in [90, 145]: 100.00%
  y (lat) in [-11, 28]: 99.99%
  Coordinate validation passed (99.99% in expected ranges)
Loading South East Asia boundary from URL...
  Successfully loaded from https://naciscdn.org/naturalearth/110m/cultural/ne_110m_admin_0_countries.zip
  Found South East Asia boundary with 10 feature(s) in EPSG:4326

Resolving backbone raster for map backgrounds...
  Found backbone raster: /cluster/scratch/gikaufmann/data/se_asia/ready/backbone/backbone.tif

======================================================================
CREATING SIMPLIFIED RISK MAP
======================================================================
  South East Asia boundary CRS: EPSG:4326
  South East Asia boundary bounds: [ 92.30323449 -10.35998748 141.03385176  28.33594514]
  Reprojected to EPSG:3857 (Web Mercator)
  Projected bounds (meters): [10275149.06210342 -1159604.62331205 15699816.56253877  3291395.18942654]
  Total rows (pixel-years): 12,503,260

Loading WDPA data from original test parquet: /cluster/scratch/gikaufmann/data/se_asia/ml/main/test_win5.parquet
  Found WDPA_prev column: 'WDPA_prev' (enables temporal protection visualization)
  Reading parquet (columns=7, filter year in [2016, 2017, 2018, 2019])...
  Identifying pixels established in test period (2017-2019) using vectorized approach...
  Found 46,763 pixels established in test period (2017-2019)
  Loaded 12,503,260 rows with WDPA data
  Years: [2017, 2018, 2019]
  Protected pixels (WDPA_b1=1): 46,763
  Pixels with establishment flag: 84,025
  Temporal protection analysis:
    - Already protected (WDPA_prev=1): 0
    - Newly protected (WDPA_prev=0, WDPA_b1=1): 46,763
    → Two-layer protection visualization will be used
  Join method: row/col/year (with establishment flag)
  ✓ WDPA data loaded - using ACTUAL test-period establishments
    Joined via row/col: 84,025 actual establishments
  ✓ Using actual test-period establishments (established_in_test_period)

Loading future PA establishments from: /cluster/scratch/gikaufmann/data/se_asia/ml/merged_panel_final.parquet
  Reading parquet (columns=6, filter year in [2019, 2020, 2021, 2022, 2023, 2024])...
  Identifying pixels established in future period (2020-2024)...
  ✓ Found 12,414 pixels established in future period (2020-2024)
  Join method: row/col
  ✓ Future PA establishments loaded - temporal validation enabled
    Joined via row/col: 37,242 future establishments

  Filtering coordinate outliers...
    Removed 8,388 outliers (12,503,260 → 12,494,872)

  Aggregating to pixel level (test years: [2017, 2018, 2019])...
    12,494,872 rows → 4,183,712 unique pixels
  ✓ Top-1% = 41,837 pixels (pixel-level min score: 0.463009)

  FINAL STATISTICS (pixel-level, after filtering):
    Total pixels: 4,183,712
    Predicted high-risk (top 1%): 41,837 (1.00% of pixels)
    Actual PA establishments (test period): 46,763 (1.118% of pixels)
    Overlap (correct predictions): 24,213
    NOTE: With only 46,763 actual establishments out of 4,183,712 pixels, top-1% selects 41,837 pixels — high recall can be legitimate if designations are geographically concentrated.
    Hit rate: 24,213/41,837 = 57.9%
    Recall (test period): 24,213/46,763 = 51.8%

  TEMPORAL VALIDATION (Future PA Establishments 2020-2024):
    Future PA establishments: 12,414
    Future establishments in predicted areas: 11,204
    Future Capture Rate: 11,204/12,414 = 90.3%

  COMBINED STATISTICS (Test + Future):
    Total PA establishments (test + future): 59,177
    Total captured by predictions: 35,417
    Combined Recall: 35,417/59,177 = 59.8%

  Creating rasterized risk map...
  Category raster shape: (4451, 5423), extent: (10275900.0, 15698900.0, -1159099.9999999998, 3291900.0)
  Creating background mask from data coverage...
  Background mask created - protected areas will appear as natural holes
  Backbone background plotted from: /cluster/scratch/gikaufmann/data/se_asia/ready/backbone/backbone.tif
✓ Saved simplified risk map (PDF): /cluster/scratch/gikaufmann/outputs/se_asia/results/model3_lgbm/risk_map_top1pct.pdf (dpi=150)
✓ Simplified risk map complete!

======================================================================
CREATING SIMPLIFIED RISK MAP
======================================================================
  South East Asia boundary CRS: EPSG:4326
  South East Asia boundary bounds: [ 92.30323449 -10.35998748 141.03385176  28.33594514]
  Reprojected to EPSG:3857 (Web Mercator)
  Projected bounds (meters): [10275149.06210342 -1159604.62331205 15699816.56253877  3291395.18942654]
  Total rows (pixel-years): 12,503,260
  ✓ WDPA data loaded - using ACTUAL test-period establishments
    Joined via row/col: 84,025 actual establishments
  ✓ Using actual test-period establishments (established_in_test_period)
  ✓ Future PA establishments loaded - temporal validation enabled
    Joined via row/col: 37,242 future establishments

  Filtering coordinate outliers...
    Removed 8,388 outliers (12,503,260 → 12,494,872)

  Aggregating to pixel level (test years: [2017, 2018, 2019])...
    12,494,872 rows → 4,183,712 unique pixels
  ✓ Top-5% = 209,185 pixels (pixel-level min score: 0.030366)

  FINAL STATISTICS (pixel-level, after filtering):
    Total pixels: 4,183,712
    Predicted high-risk (top 5%): 209,185 (5.00% of pixels)
    Actual PA establishments (test period): 46,763 (1.118% of pixels)
    Overlap (correct predictions): 25,438
    NOTE: With only 46,763 actual establishments out of 4,183,712 pixels, top-5% selects 209,185 pixels — high recall can be legitimate if designations are geographically concentrated.
    Hit rate: 25,438/209,185 = 12.2%
    Recall (test period): 25,438/46,763 = 54.4%

  TEMPORAL VALIDATION (Future PA Establishments 2020-2024):
    Future PA establishments: 12,414
    Future establishments in predicted areas: 11,488
    Future Capture Rate: 11,488/12,414 = 92.5%

  COMBINED STATISTICS (Test + Future):
    Total PA establishments (test + future): 59,177
    Total captured by predictions: 36,926
    Combined Recall: 36,926/59,177 = 62.4%

  Creating rasterized risk map...
  Category raster shape: (4451, 5423), extent: (10275900.0, 15698900.0, -1159099.9999999998, 3291900.0)
  Creating background mask from data coverage...
  Background mask created - protected areas will appear as natural holes
  Backbone background plotted from: /cluster/scratch/gikaufmann/data/se_asia/ready/backbone/backbone.tif
✓ Saved simplified risk map (PDF): /cluster/scratch/gikaufmann/outputs/se_asia/results/model3_lgbm/risk_map_top5pct.pdf (dpi=150)
✓ Simplified risk map complete!

======================================================================
CREATING SIMPLIFIED RISK MAP
======================================================================
  South East Asia boundary CRS: EPSG:4326
  South East Asia boundary bounds: [ 92.30323449 -10.35998748 141.03385176  28.33594514]
  Reprojected to EPSG:3857 (Web Mercator)
  Projected bounds (meters): [10275149.06210342 -1159604.62331205 15699816.56253877  3291395.18942654]
  Total rows (pixel-years): 12,503,260
  ✓ WDPA data loaded - using ACTUAL test-period establishments
    Joined via row/col: 84,025 actual establishments
  ✓ Using actual test-period establishments (established_in_test_period)
  ✓ Future PA establishments loaded - temporal validation enabled
    Joined via row/col: 37,242 future establishments

  Filtering coordinate outliers...
    Removed 8,388 outliers (12,503,260 → 12,494,872)

  Aggregating to pixel level (test years: [2017, 2018, 2019])...
    12,494,872 rows → 4,183,712 unique pixels
  ✓ Top-10% = 418,371 pixels (pixel-level min score: 0.021800)

  FINAL STATISTICS (pixel-level, after filtering):
    Total pixels: 4,183,712
    Predicted high-risk (top 10%): 418,371 (10.00% of pixels)
    Actual PA establishments (test period): 46,763 (1.118% of pixels)
    Overlap (correct predictions): 26,475
    NOTE: With only 46,763 actual establishments out of 4,183,712 pixels, top-10% selects 418,371 pixels — high recall can be legitimate if designations are geographically concentrated.
    Hit rate: 26,475/418,371 = 6.3%
    Recall (test period): 26,475/46,763 = 56.6%

  TEMPORAL VALIDATION (Future PA Establishments 2020-2024):
    Future PA establishments: 12,414
    Future establishments in predicted areas: 11,912
    Future Capture Rate: 11,912/12,414 = 96.0%

  COMBINED STATISTICS (Test + Future):
    Total PA establishments (test + future): 59,177
    Total captured by predictions: 38,387
    Combined Recall: 38,387/59,177 = 64.9%

  Creating rasterized risk map...
  Category raster shape: (4451, 5423), extent: (10275900.0, 15698900.0, -1159099.9999999998, 3291900.0)
  Creating background mask from data coverage...
  Background mask created - protected areas will appear as natural holes
  Backbone background plotted from: /cluster/scratch/gikaufmann/data/se_asia/ready/backbone/backbone.tif
✓ Saved simplified risk map (PDF): /cluster/scratch/gikaufmann/outputs/se_asia/results/model3_lgbm/risk_map_top10pct.pdf (dpi=150)
✓ Simplified risk map complete!

Saved capture summary: /cluster/scratch/gikaufmann/outputs/se_asia/results/model3_lgbm/capture_summary.csv
 threshold_pct  total_pa_pixels  total_pa_km2  captured_pixels  captured_km2  recall_pct  precision_pct  future_capture_rate  combined_recall
             1            46763       46763.0            24213       24213.0       51.78          57.87                90.25            59.85
             5            46763       46763.0            25438       25438.0       54.40          12.16                92.54            62.40
            10            46763       46763.0            26475       26475.0       56.62           6.33                95.96            64.87

======================================================================
CREATING METRICS TABLE
======================================================================
  Computed Brier Score: 0.001344
  Computed ECE: 0.008777, MCE: 0.153413
  Computed Brier Score (Uncalibrated): 0.001478
  Computed Brier Score (Calibrated): 0.001344

Saved CSV: /cluster/scratch/gikaufmann/outputs/se_asia/results/model3_lgbm/metrics_table.csv
Saved LaTeX: /cluster/scratch/gikaufmann/outputs/se_asia/results/model3_lgbm/metrics_table.tex

======================================================================
CREATING PRECISION-RECALL CURVE
======================================================================
  PR AUC: 0.9231
  Baseline prevalence: 0.005959
Saved PDF: /cluster/scratch/gikaufmann/outputs/se_asia/results/model3_lgbm/pr_curve.pdf

======================================================================
CREATING ROC CURVE
======================================================================
  ROC AUC: 0.9931
  Saved PDF: /cluster/scratch/gikaufmann/outputs/se_asia/results/model3_lgbm/roc_curve.pdf

======================================================================
CREATING CUMULATIVE GAINS CHART (SEARCH EFFICIENCY)
======================================================================
  Downsampled cumulative gains curve: 12,503,260 -> 20,000 points
Saved PDF: /cluster/scratch/gikaufmann/outputs/se_asia/results/model3_lgbm/cumulative_gains.pdf

======================================================================
CREATING ROW-LEVEL P@1% DIAGNOSTIC MAP
======================================================================
  South East Asia boundary CRS: EPSG:4326
  Reprojected to EPSG:3857 (Web Mercator)
  Projected bounds (meters): [10275149.06210342 -1159604.62331205 15699816.56253877  3291395.18942654]
  Total rows (pixel-years): 12,503,260
  Top 1% count: 125,032 rows
  Top 1% min score: 0.152462
  Row-level P@1% metric: 0.5614 (70,188/125,032)
  Total positive rows (y_true=1): 74,504
    Captured by top 1% (overlap): 70,188
    Missed by top 1% (y_true=1, outside top 1%): 4,316
  Predicted high-risk only (y_true=0, in top 1%): 54,844
  Converting 12,503,260 points to raster grid...
  Category raster shape: (4553, 5439), extent: (10259900.0, 15698900.0, -1233099.9999999998, 3319900.0)
  Valid (non-NaN) pixels: 4,186,508
  Creating background mask from data coverage...
  Background mask created - protected areas will appear as natural holes
  Backbone background plotted from: /cluster/scratch/gikaufmann/data/se_asia/ready/backbone/backbone.tif
Saved PDF: /cluster/scratch/gikaufmann/outputs/se_asia/results/model3_lgbm/p1pct_diagnostic.pdf (dpi=150)

======================================================================
CREATING PROBABILITY MAP
======================================================================
  South East Asia boundary CRS: EPSG:4326
  Reprojected to EPSG:3857 (Web Mercator)
  Projected bounds (meters): [10275149.06210342 -1159604.62331205 15699816.56253877  3291395.18942654]
  Prediction points: 12,503,260
  Probability range: [0.003091, 1.000000]
  Probability mean: 0.014586, median: 0.003457, std: 0.070498
  Using percentile-based colour range (25th–98th percentile)
  Colour range: [0.003095, 0.048316]  span: 0.045221
  Applied square root transformation to stretch distribution
  Normalised value range: [0.0000, 1.0000]
  Normalised value mean: 0.2241, median: 0.0895
  Filtering coordinate outliers...
  Filtered out 8,388 coordinate outliers (12,503,260 -> 12,494,872)
  Converting 12,494,872 points to raster grid...
  Raster shape: (4451, 5423), extent: (10275900.0, 15698900.0, -1159099.9999999998, 3291900.0)
  Valid (non-NaN) pixels: 4,183,712
  Backbone background plotted from: /cluster/scratch/gikaufmann/data/se_asia/ready/backbone/backbone.tif
Saved PDF: /cluster/scratch/gikaufmann/outputs/se_asia/results/model3_lgbm/probability_map.pdf (dpi=300)

======================================================================
CREATING CALIBRATION IMPROVEMENT FIGURE
======================================================================
  ECE:   before=0.0016  after=0.0088  improvement=-0.0072
  Brier: before=0.0015  after=0.0013  improvement=0.0001
  Saved: /cluster/scratch/gikaufmann/outputs/se_asia/results/model3_lgbm/calibration_improvement.pdf

======================================================================
CREATING CALIBRATION/RELIABILITY CURVE
======================================================================
Saved PDF: /cluster/scratch/gikaufmann/outputs/se_asia/results/model3_lgbm/calibration_reliability.pdf

Calibration analysis complete

======================================================================
CREATING COUNTRY-LEVEL BREAKDOWN
======================================================================
  Unique pixels: 4,186,508 from 12,503,260 rows
  Loading world countries from cache: /cluster/home/gikaufmann/master_thesis/data/shared/admin/ne_110m_admin_0_countries.gpkg
  Loaded 177 country geometries from Natural Earth
  Spatial join complete. Countries assigned: 14
  Saved CSV: /cluster/scratch/gikaufmann/outputs/se_asia/results/model3_lgbm/country_breakdown.csv
  Saved LaTeX: /cluster/scratch/gikaufmann/outputs/se_asia/results/model3_lgbm/country_breakdown.tex
  Countries included: 9 (min 10 positive samples)
  Auto-discovered GSN raster: /cluster/scratch/gikaufmann/data/se_asia/ready/GSN/gsn_terrestrial_ecoregions_mask_1km.tif
  Auto-discovered GSN shapefile: /cluster/home/gikaufmann/master_thesis/data/shared/GlobalSafetyNet/terrestrial_ecoregions/Terrestrial_ecoregions.shp

======================================================================
CREATING BIOME / ECOREGION BREAKDOWN
======================================================================
  TIF:      /cluster/scratch/gikaufmann/data/se_asia/ready/GSN/gsn_terrestrial_ecoregions_mask_1km.tif
  Shapefile: /cluster/home/gikaufmann/master_thesis/data/shared/GlobalSafetyNet/terrestrial_ecoregions/Terrestrial_ecoregions.shp
  Ecoregions in raster: 109
  Name lookup built: 109 ecoregions matched
  Rows with ecoregion: 12,270,367 / 12,503,260 (98.1%)
  Saved: /cluster/scratch/gikaufmann/outputs/se_asia/results/model3_lgbm/ecoregion_breakdown.csv  (26 ecoregions)
  Saved: /cluster/scratch/gikaufmann/outputs/se_asia/results/model3_lgbm/biome_breakdown.csv  (5 biomes)
  Ecoregions with sufficient data: 26
  Saved PDF: /cluster/scratch/gikaufmann/outputs/se_asia/results/model3_lgbm/biome_breakdown.pdf

======================================================================
FALSE POSITIVE SPATIAL MAP
======================================================================
  Top-5% zone: 71,618 TP (green), 580,227 FP (red)  precision=0.110
  Saved: /cluster/scratch/gikaufmann/outputs/se_asia/results/model3_lgbm/false_positive_map.pdf
  Saved: /cluster/scratch/gikaufmann/outputs/se_asia/results/model3_lgbm/false_positive_map.png

======================================================================
ECONOMIC EXPOSURE ANALYSIS
======================================================================
  NTL column:        not found
  Population column: GPW
  Saved: /cluster/scratch/gikaufmann/outputs/se_asia/results/model3_lgbm/economic_exposure_lgbm.csv
                      zone  n_pixels  GPW_mean  GPW_median  GPW_p75
All test pixels (baseline)  37440050   156.700      47.199  112.391
              Top 10% risk   4403657    76.101      31.438   74.894
               Top 5% risk   1941005    59.008      22.658   58.071
               Top 1% risk    380744    33.377       7.786   24.305

======================================================================
HOTSPOT ZOOM-IN MAPS
======================================================================
  Borneo / Kalimantan: 1,986,116 pixels
  Mekong / Indochina: 2,707,643 pixels
  Sumatra / Malay Pen.: 1,744,296 pixels
  Saved: /cluster/scratch/gikaufmann/outputs/se_asia/results/model3_lgbm/hotspot_maps_lgbm.pdf
  Saved: /cluster/scratch/gikaufmann/outputs/se_asia/results/model3_lgbm/hotspot_maps_lgbm.png

======================================================================
CREATING CROSS-REGION COMPARISON TABLE
======================================================================
  Loaded metrics for Model 1 (SA): /cluster/scratch/gikaufmann/outputs/south_america/results/model1_lgbm/metrics_table.csv
  Loaded metrics for Model 2 (USA): /cluster/scratch/gikaufmann/outputs/usa/results/model2_lgbm/metrics_table.csv
  Loaded metrics for Model 3 (SEA): /cluster/scratch/gikaufmann/outputs/se_asia/results/model3_lgbm/metrics_table.csv
  Saved PDF: /cluster/scratch/gikaufmann/outputs/se_asia/results/model3_lgbm/comparison_table.pdf
  Saved LaTeX: /cluster/scratch/gikaufmann/outputs/se_asia/results/model3_lgbm/comparison_table.tex

Auto-discovering trained model file for SHAP analysis (Model 3 only)...
  Found: /cluster/scratch/gikaufmann/data/se_asia/ml/models/model3_lgbm_20260407_162640.pkl

Auto-discovering data sources for SHAP analysis...
  Found earlystop: /cluster/scratch/gikaufmann/data/se_asia/ml/main/earlystop_win5.parquet
  Found train: /cluster/scratch/gikaufmann/data/se_asia/ml/main/train_win5.parquet
  Found test (allowed with --allow_test_shap): /cluster/scratch/gikaufmann/data/se_asia/ml/main/test_win5.parquet

======================================================================
COMPUTING SHAP ANALYSIS
======================================================================
Loading model from /cluster/scratch/gikaufmann/data/se_asia/ml/models/model3_lgbm_20260407_162640.pkl...
  Using data source: train (train_win5.parquet)
  Loading feature data from train...
  Total rows in train: 68,454,529
  Sampling 500 rows for SHAP analysis (seed=42, max=500)...
  Feature matrix shape: (500, 73)
  Memory: 0.1 MB
  Computing SHAP values using TreeExplainer...
  SHAP values computed: shape (500, 73)
  Generating SHAP summary plot...
  Saved SHAP summary plot: shap_summary.pdf
  Computing feature importance metrics...
  Saved top 20 features: shap_top20.csv
  Saved SHAP dependence: shap_dep_policy_b2.pdf
  Saved SHAP dependence: shap_dep_dist_powerplant.pdf
  Saved thematic SHAP: shap_thematic.pdf

  Top 10 features by mean absolute SHAP:
    policy_b2                               : 1.3388 (mean: -0.2705, 48.6% positive)
    dist_powerplant                         : 0.8595 (mean: +0.1175, 64.0% positive)
    GSN_b2_smooth16                         : 0.8269 (mean: +0.0562, 70.4% positive)
    GSN_b2_smooth64                         : 0.8099 (mean: -0.0529, 74.2% positive)
    dist_oil_gas                            : 0.7363 (mean: +0.0412, 62.8% positive)
    deforestation_b1_smooth64               : 0.6972 (mean: +0.1540, 69.0% positive)
    policy_b3                               : 0.6655 (mean: +0.0556, 68.8% positive)
    elevation_b1_smooth64                   : 0.5635 (mean: +0.0533, 70.4% positive)
    policy_b4                               : 0.5421 (mean: -0.0363, 68.0% positive)
    WorldClim_b2                            : 0.5408 (mean: +0.0586, 74.8% positive)
  SHAP analysis completed.

======================================================================
COMPLETE
======================================================================

All outputs saved to: /cluster/scratch/gikaufmann/outputs/se_asia/results/model3_lgbm
[1;34mwandb[0m: 
[1;34mwandb[0m: 🚀 View run [33mresults_model3_lgbm_main[0m at: [34m[0m
[1;34mwandb[0m: Find logs at: [1;35mwandb/run-20260408_084019-woj1t2jm/logs[0m
model3_results script (main split) finished.
