Starting model2_results script (RF mode, main split)...
drwxr-xr-x 10 gikaufmann gikaufmann-group 4096 Mar 14 19:07 /cluster/home/gikaufmann/master_thesis
PWD = /cluster/home/gikaufmann/master_thesis
W&B connected
======================================================================
PATH RESOLUTION
======================================================================
Repository root: /cluster/home/gikaufmann/master_thesis
SCRATCH directory: /cluster/scratch/gikaufmann
Split version: main

Searching for ml_models directory in:
  ✓ /cluster/scratch/gikaufmann/outputs/usa/results/ml_models
  ✓ /cluster/home/gikaufmann/master_thesis/outputs/usa/results/ml_models

Auto-discovering metrics JSON file...
  Found: /cluster/home/gikaufmann/master_thesis/outputs/usa/results/ml_models/model2_rf_win5_metrics_20260313_231031.json
Auto-discovering scored parquet file...
  Found calibrated scored file (preferred): /cluster/scratch/gikaufmann/outputs/usa/results/ml_models/main/model2_rf_win5_scored_calibrated_isotonic_20260314_181849.parquet
Using ml_models directory: /cluster/home/gikaufmann/master_thesis/outputs/usa/results/ml_models

Auto-discovering test_win5.parquet using $SCRATCH-first path resolution...
  ✓ Resolved path: /cluster/scratch/gikaufmann/data/usa/ml/main/test_win5.parquet
Auto-discovering future parquet for temporal validation (val_win5.parquet or merged_panel_final.parquet)...
  ✓ Resolved path: /cluster/scratch/gikaufmann/data/usa/ml/merged_panel_final.parquet
  Future years for temporal validation: [2020, 2021, 2022, 2023, 2024]
======================================================================
MODEL 2 (RF) RESULTS REPORTING (Split: main)
======================================================================

Model type: rf
Split version: main
Metrics JSON: /cluster/home/gikaufmann/master_thesis/outputs/usa/results/ml_models/model2_rf_win5_metrics_20260313_231031.json
Scored parquet: /cluster/scratch/gikaufmann/outputs/usa/results/ml_models/main/model2_rf_win5_scored_calibrated_isotonic_20260314_181849.parquet
Output directory: /cluster/scratch/gikaufmann/outputs/usa/results/model2_rf
Region boundary: Will download from Natural Earth

======================================================================
LOADING DATA
======================================================================
  Derived test years from test parquet: [2017, 2018, 2019]

Derived test years: [2017, 2018, 2019]
Reading parquet file: /cluster/scratch/gikaufmann/outputs/usa/results/ml_models/main/model2_rf_win5_scored_calibrated_isotonic_20260314_181849.parquet
  Available columns: ['row', 'col', 'x', 'y', 'year', 'y_true', 'y_pred_proba_uncalibrated', 'y_pred_proba_calibrated', 'y_pred_proba']

======================================================================
CALIBRATION STATUS: CALIBRATED
======================================================================
  File contains both 'y_pred_proba_uncalibrated' and 'y_pred_proba_calibrated' columns
  Using calibrated probabilities (y_pred_proba = calibrated values)
======================================================================

  Found metadata column: 'year'
  Found metadata column: 'row'
  Found metadata column: 'col'
  Found metadata column: 'y_pred_proba_uncalibrated'
  Found metadata column: 'y_pred_proba_calibrated'
  Resolved 'y_true' -> 'y_true'
  Resolved 'y_pred_proba' -> 'y_pred_proba'
  Resolved 'x' -> 'x'
  Resolved 'y' -> 'y'
  Reading parquet (columns=9, filter year in [2017, 2018, 2019])...
  Loaded 36,766,833 rows
  Final columns: ['y_true', 'y_pred_proba', 'x', 'y', 'year', 'row', 'col', 'y_pred_proba_uncalibrated', 'y_pred_proba_calibrated']

Detecting coordinate CRS...
  x range: [-13889000.00, -7453000.00]
  y range: [2818000.00, 6342000.00]
  Detected EPSG:3857 (Web Mercator) coordinates
  Reprojecting to EPSG:4326 (WGS84)...
  Reprojected x range: [-124.77, -66.95]
  Reprojected y range: [24.53, 49.39]

Validating coordinates...
  Sampling 100,000 rows from 36,766,833 for validation...
  x (lon) in [-125, -66]: 100.00%
  y (lat) in [24, 50]: 100.00%
  Coordinate validation passed (100.00% in expected ranges)
Loading USA boundary from URL...
  Successfully loaded from https://naciscdn.org/naturalearth/110m/cultural/ne_110m_admin_0_countries.zip
  Found USA boundary with 1 feature(s) in EPSG:4326

======================================================================
CREATING SIMPLIFIED RISK MAP
======================================================================
  USA boundary CRS: EPSG:4326
  USA boundary bounds: [-171.7911106    18.91619     -66.96466      71.35776358]
  Reprojected to EPSG:3857 (Web Mercator)
  Projected bounds (meters): [-19123698.95512479   2145071.12623708  -7454471.85234469
  11525723.60535639]
  Total rows (pixel-years): 36,766,833

Loading WDPA data from original test parquet: /cluster/scratch/gikaufmann/data/usa/ml/main/test_win5.parquet
  Found WDPA_prev column: 'WDPA_prev' (enables temporal protection visualization)
  Reading parquet (columns=7, filter year in [2016, 2017, 2018, 2019])...
  Identifying pixels established in test period (2017-2019) using vectorized approach...
  Found 7,093 pixels established in test period (2017-2019)
  Loaded 36,766,833 rows with WDPA data
  Years: [2017, 2018, 2019]
  Protected pixels (WDPA_b1=1): 7,093
  Pixels with establishment flag: 20,892
  Temporal protection analysis:
    - Already protected (WDPA_prev=1): 0
    - Newly protected (WDPA_prev=0, WDPA_b1=1): 7,093
    → Two-layer protection visualization will be used
  Join method: row/col/year (with establishment flag)
  ✓ WDPA data loaded - using ACTUAL test-period establishments
    Joined via row/col: 20,892 actual establishments
  ✓ Using actual test-period establishments (established_in_test_period)

Loading future PA establishments from: /cluster/scratch/gikaufmann/data/usa/ml/merged_panel_final.parquet
  Reading parquet (columns=6, filter year in [2019, 2020, 2021, 2022, 2023, 2024])...
  Identifying pixels established in future period (2020-2024)...
  ✓ Found 333 pixels established in future period (2020-2024)
  Join method: row/col
  ✓ Future PA establishments loaded - temporal validation enabled
    Joined via row/col: 999 future establishments

  Filtering coordinate outliers...
    Removed 9 outliers (36,766,833 → 36,766,824)

  Aggregating to pixel level (test years: [2017, 2018, 2019])...
    36,766,824 rows → 12,255,737 unique pixels
  ✓ Top-1% = 122,557 pixels (pixel-level min score: 0.000575)

  FINAL STATISTICS (pixel-level, after filtering):
    Total pixels: 12,255,737
    Predicted high-risk (top 1%): 122,557 (1.00% of pixels)
    Actual PA establishments (test period): 7,093 (0.058% of pixels)
    Overlap (correct predictions): 6,997
    NOTE: With only 7,093 actual establishments out of 12,255,737 pixels, top-1% selects 122,557 pixels — high recall can be legitimate if designations are geographically concentrated.
    Hit rate: 6,997/122,557 = 5.7%
    Recall (test period): 6,997/7,093 = 98.6%

  TEMPORAL VALIDATION (Future PA Establishments 2020-2024):
    Future PA establishments: 333
    Future establishments in predicted areas: 308
    Future Capture Rate: 308/333 = 92.5%

  COMBINED STATISTICS (Test + Future):
    Total PA establishments (test + future): 7,426
    Total captured by predictions: 7,305
    Combined Recall: 7,305/7,426 = 98.4%

  Creating rasterized risk map...
  Category raster shape: (3525, 6435), extent: (-13889099.999999998, -7454099.999999998, 2817900.0, 6342900.0)
  Creating background mask from data coverage...
  Background mask created - protected areas will appear as natural holes
✓ Saved simplified risk map (PDF): /cluster/scratch/gikaufmann/outputs/usa/results/model2_rf/risk_map_top1pct.pdf (dpi=150)
✓ Simplified risk map complete!

======================================================================
CREATING SIMPLIFIED RISK MAP
======================================================================
  USA boundary CRS: EPSG:4326
  USA boundary bounds: [-171.7911106    18.91619     -66.96466      71.35776358]
  Reprojected to EPSG:3857 (Web Mercator)
  Projected bounds (meters): [-19123698.95512479   2145071.12623708  -7454471.85234469
  11525723.60535639]
  Total rows (pixel-years): 36,766,833
  ✓ WDPA data loaded - using ACTUAL test-period establishments
    Joined via row/col: 20,892 actual establishments
  ✓ Using actual test-period establishments (established_in_test_period)
  ✓ Future PA establishments loaded - temporal validation enabled
    Joined via row/col: 999 future establishments

  Filtering coordinate outliers...
    Removed 9 outliers (36,766,833 → 36,766,824)

  Aggregating to pixel level (test years: [2017, 2018, 2019])...
    36,766,824 rows → 12,255,737 unique pixels
  ✓ Top-5% = 612,786 pixels (pixel-level min score: 0.000575)

  FINAL STATISTICS (pixel-level, after filtering):
    Total pixels: 12,255,737
    Predicted high-risk (top 5%): 612,786 (5.00% of pixels)
    Actual PA establishments (test period): 7,093 (0.058% of pixels)
    Overlap (correct predictions): 6,997
    NOTE: With only 7,093 actual establishments out of 12,255,737 pixels, top-5% selects 612,786 pixels — high recall can be legitimate if designations are geographically concentrated.
    Hit rate: 6,997/612,786 = 1.1%
    Recall (test period): 6,997/7,093 = 98.6%

  TEMPORAL VALIDATION (Future PA Establishments 2020-2024):
    Future PA establishments: 333
    Future establishments in predicted areas: 308
    Future Capture Rate: 308/333 = 92.5%

  COMBINED STATISTICS (Test + Future):
    Total PA establishments (test + future): 7,426
    Total captured by predictions: 7,305
    Combined Recall: 7,305/7,426 = 98.4%

  Creating rasterized risk map...
  Category raster shape: (3525, 6435), extent: (-13889099.999999998, -7454099.999999998, 2817900.0, 6342900.0)
  Creating background mask from data coverage...
  Background mask created - protected areas will appear as natural holes
✓ Saved simplified risk map (PDF): /cluster/scratch/gikaufmann/outputs/usa/results/model2_rf/risk_map_top5pct.pdf (dpi=150)
✓ Simplified risk map complete!

======================================================================
CREATING SIMPLIFIED RISK MAP
======================================================================
  USA boundary CRS: EPSG:4326
  USA boundary bounds: [-171.7911106    18.91619     -66.96466      71.35776358]
  Reprojected to EPSG:3857 (Web Mercator)
  Projected bounds (meters): [-19123698.95512479   2145071.12623708  -7454471.85234469
  11525723.60535639]
  Total rows (pixel-years): 36,766,833
  ✓ WDPA data loaded - using ACTUAL test-period establishments
    Joined via row/col: 20,892 actual establishments
  ✓ Using actual test-period establishments (established_in_test_period)
  ✓ Future PA establishments loaded - temporal validation enabled
    Joined via row/col: 999 future establishments

  Filtering coordinate outliers...
    Removed 9 outliers (36,766,833 → 36,766,824)

  Aggregating to pixel level (test years: [2017, 2018, 2019])...
    36,766,824 rows → 12,255,737 unique pixels
  ✓ Top-10% = 1,225,573 pixels (pixel-level min score: 0.000575)

  FINAL STATISTICS (pixel-level, after filtering):
    Total pixels: 12,255,737
    Predicted high-risk (top 10%): 1,225,573 (10.00% of pixels)
    Actual PA establishments (test period): 7,093 (0.058% of pixels)
    Overlap (correct predictions): 6,997
    NOTE: With only 7,093 actual establishments out of 12,255,737 pixels, top-10% selects 1,225,573 pixels — high recall can be legitimate if designations are geographically concentrated.
    Hit rate: 6,997/1,225,573 = 0.6%
    Recall (test period): 6,997/7,093 = 98.6%

  TEMPORAL VALIDATION (Future PA Establishments 2020-2024):
    Future PA establishments: 333
    Future establishments in predicted areas: 308
    Future Capture Rate: 308/333 = 92.5%

  COMBINED STATISTICS (Test + Future):
    Total PA establishments (test + future): 7,426
    Total captured by predictions: 7,305
    Combined Recall: 7,305/7,426 = 98.4%

  Creating rasterized risk map...
  Category raster shape: (3525, 6435), extent: (-13889099.999999998, -7454099.999999998, 2817900.0, 6342900.0)
  Creating background mask from data coverage...
  Background mask created - protected areas will appear as natural holes
✓ Saved simplified risk map (PDF): /cluster/scratch/gikaufmann/outputs/usa/results/model2_rf/risk_map_top10pct.pdf (dpi=150)
✓ Simplified risk map complete!

======================================================================
CREATING METRICS TABLE
======================================================================
  Computed Brier Score: 0.000379
  Computed ECE: 0.000238, MCE: 0.555432
  Computed Brier Score (Uncalibrated): 0.000327
  Computed Brier Score (Calibrated): 0.000379

Saved CSV: /cluster/scratch/gikaufmann/outputs/usa/results/model2_rf/metrics_table.csv
Saved LaTeX: /cluster/scratch/gikaufmann/outputs/usa/results/model2_rf/metrics_table.tex

======================================================================
CREATING PRECISION-RECALL CURVE
======================================================================
  PR AUC: 0.5272
  Baseline prevalence: 0.000402
Saved PDF: /cluster/scratch/gikaufmann/outputs/usa/results/model2_rf/pr_curve.pdf

======================================================================
CREATING CUMULATIVE GAINS CHART (SEARCH EFFICIENCY)
======================================================================
  Downsampled cumulative gains curve: 36,766,833 -> 20,000 points
Saved PDF: /cluster/scratch/gikaufmann/outputs/usa/results/model2_rf/cumulative_gains.pdf

======================================================================
CREATING ROW-LEVEL P@1% DIAGNOSTIC MAP
======================================================================
  USA boundary CRS: EPSG:4326
  Reprojected to EPSG:3857 (Web Mercator)
  Projected bounds (meters): [-19123698.95512479   2145071.12623708  -7454471.85234469
  11525723.60535639]
  Total rows (pixel-years): 36,766,833
  Top 1% count: 367,668 rows
  Top 1% min score: 0.000575
  Row-level P@1% metric: 0.0365 (13,424/367,668)
  Total positive rows (y_true=1): 14,787
    Captured by top 1% (overlap): 13,424
    Missed by top 1% (y_true=1, outside top 1%): 1,363
  Predicted high-risk only (y_true=0, in top 1%): 354,244
  Converting 36,766,833 points to raster grid...
  Category raster shape: (3525, 6437), extent: (-13889099.999999998, -7452099.999999998, 2817900.0, 6342900.0)
  Valid (non-NaN) pixels: 12,255,740
  Creating background mask from data coverage...
  Background mask created - protected areas will appear as natural holes
Saved PDF: /cluster/scratch/gikaufmann/outputs/usa/results/model2_rf/p1pct_diagnostic.pdf (dpi=150)

======================================================================
CREATING PROBABILITY MAP
======================================================================
  USA boundary CRS: EPSG:4326
  Reprojected to EPSG:3857 (Web Mercator)
  Projected bounds (meters): [-19123698.95512479   2145071.12623708  -7454471.85234469
  11525723.60535639]
  Prediction points: 36,766,833
  Probability range: [0.000575, 0.445537]
  Probability mean: 0.000595, median: 0.000575, std: 0.001806
  Using percentile-based color range (25th-98th percentile)
  Probability range: [0.000575, 0.445537]
  Colorbar range: [0.000575, 0.000575]
  Range span: 0.000000
  Warning: probability range is effectively zero; using flat 0.5 normalization.
  Applied square root transformation to stretch distribution
  Normalized value range: [0.7071, 0.7071]
  Normalized value mean: 0.7071, median: 0.7071
  Filtering coordinate outliers...
  Filtered out 9 coordinate outliers (36,766,833 -> 36,766,824)
  Converting 36,766,824 points to raster grid...
  Raster shape: (3525, 6435), extent: (-13889099.999999998, -7454099.999999998, 2817900.0, 6342900.0)
  Valid (non-NaN) pixels: 12,255,737
Saved PDF: /cluster/scratch/gikaufmann/outputs/usa/results/model2_rf/probability_map.pdf (dpi=300)

======================================================================
CREATING CALIBRATION IMPROVEMENT FIGURE
======================================================================
  ECE:   before=0.0049  after=0.0002  improvement=0.0046
  Brier: before=0.0003  after=0.0004  improvement=-0.0001
  Saved: /cluster/scratch/gikaufmann/outputs/usa/results/model2_rf/calibration_improvement.pdf

======================================================================
CREATING COUNTRY-LEVEL BREAKDOWN
======================================================================
  Unique pixels: 12,255,740 from 36,766,833 rows
  Loading world countries from cache: /cluster/home/gikaufmann/master_thesis/data/shared/admin/ne_110m_admin_0_countries.gpkg
  Loaded 177 country geometries from Natural Earth
  Spatial join complete. Countries assigned: 4
  Saved CSV: /cluster/scratch/gikaufmann/outputs/usa/results/model2_rf/country_breakdown.csv
  Saved LaTeX: /cluster/scratch/gikaufmann/outputs/usa/results/model2_rf/country_breakdown.tex
  Countries included: 2 (min 10 positive samples)
  Auto-discovered GSN raster: /cluster/scratch/gikaufmann/data/usa/ready/GSN/gsn_terrestrial_ecoregions_mask_1km.tif
  Auto-discovered GSN shapefile: /cluster/home/gikaufmann/master_thesis/data/shared/GlobalSafetyNet/terrestrial_ecoregions/Terrestrial_ecoregions.shp

======================================================================
CREATING BIOME / ECOREGION BREAKDOWN
======================================================================
  TIF:      /cluster/scratch/gikaufmann/data/usa/ready/GSN/gsn_terrestrial_ecoregions_mask_1km.tif
  Shapefile: /cluster/home/gikaufmann/master_thesis/data/shared/GlobalSafetyNet/terrestrial_ecoregions/Terrestrial_ecoregions.shp
  Ecoregions in raster: 85
  Name lookup built: 85 ecoregions matched
  Rows with ecoregion: 36,655,995 / 36,766,833 (99.7%)
  Saved: /cluster/scratch/gikaufmann/outputs/usa/results/model2_rf/ecoregion_breakdown.csv  (28 ecoregions)
  Saved: /cluster/scratch/gikaufmann/outputs/usa/results/model2_rf/biome_breakdown.csv  (5 biomes)
  Ecoregions with sufficient data: 28
  Saved PDF: /cluster/scratch/gikaufmann/outputs/usa/results/model2_rf/biome_breakdown.pdf

Auto-discovering trained model file for SHAP analysis (Model 2 only)...
  Found: /cluster/scratch/gikaufmann/data/usa/ml/models/model2_rf_win5_20260313_231031.joblib

Auto-discovering data sources for SHAP analysis...
  Found earlystop: /cluster/scratch/gikaufmann/data/usa/ml/main/earlystop_win5.parquet
  Found train: /cluster/scratch/gikaufmann/data/usa/ml/main/train_win5.parquet
  Found test (allowed with --allow_test_shap): /cluster/scratch/gikaufmann/data/usa/ml/main/test_win5.parquet

======================================================================
COMPUTING SHAP ANALYSIS
======================================================================
Loading model from /cluster/scratch/gikaufmann/data/usa/ml/models/model2_rf_win5_20260313_231031.joblib...
  Using data source: train (train_win5.parquet)
  Loading feature data from train...
  Total rows in train: 196,700,106
  Sampling 500 rows for SHAP analysis (seed=42, max=500)...
  Feature matrix shape: (500, 73)
  Memory: 0.1 MB
  Computing SHAP values using TreeExplainer...
  SHAP values computed: shape (500, 73, 2)
  Generating SHAP summary plot...
  Saved SHAP summary plot: shap_summary.pdf
  Computing feature importance metrics...
  Saved top 20 features: shap_top20.csv
  Saved SHAP dependence: shap_dep_dist_wdpa.pdf
  Saved SHAP dependence: shap_dep_elevation_b2_smooth16.pdf
  Saved SHAP dependence: shap_dep_economic_value_lag1.pdf
  Saved SHAP dependence: shap_dep_elevation_b2_smooth64.pdf
  Saved SHAP dependence: shap_dep_elevation_b2_smooth4.pdf
  Saved thematic SHAP: shap_thematic.pdf

  Top 10 features by mean absolute SHAP:
    dist_wdpa                               : 0.0399 (mean: -0.0136, 27.6% positive)
    elevation_b2_smooth16                   : 0.0379 (mean: -0.0217, 26.2% positive)
    economic_value_lag1                     : 0.0374 (mean: -0.0098, 59.8% positive)
    elevation_b2_smooth64                   : 0.0334 (mean: -0.0210, 26.0% positive)
    elevation_b2_smooth4                    : 0.0323 (mean: -0.0173, 20.4% positive)
    GPW                                     : 0.0308 (mean: -0.0163, 37.4% positive)
    elevation_b2                            : 0.0262 (mean: -0.0119, 23.2% positive)
    WorldClim_b8                            : 0.0239 (mean: -0.0160, 18.2% positive)
    policy_b4                               : 0.0209 (mean: -0.0054, 57.2% positive)
    GPW_smooth16                            : 0.0196 (mean: -0.0123, 16.6% positive)
  SHAP analysis completed.

======================================================================
COMPLETE
======================================================================

All outputs saved to: /cluster/scratch/gikaufmann/outputs/usa/results/model2_rf
[1;34mwandb[0m: 
[1;34mwandb[0m: 🚀 View run [33mresults_model2_rf_main[0m at: [34m[0m
[1;34mwandb[0m: Find logs at: [1;35mwandb/run-20260314_192624-4xfa61sy/logs[0m
model2_results script (RF mode, main split) finished.
