Starting model1_results script (main split)...
drwxr-xr-x 10 gikaufmann gikaufmann-group 4096 Mar 18 15:57 /cluster/home/gikaufmann/master_thesis
PWD = /cluster/home/gikaufmann/master_thesis
W&B connected
======================================================================
PATH RESOLUTION
======================================================================
Repository root: /cluster/home/gikaufmann/master_thesis
SCRATCH directory: /cluster/scratch/gikaufmann
Split version: main

Searching for ml_models directory in:
  ✓ /cluster/scratch/gikaufmann/outputs/south_america/results/ml_models
  ✓ /cluster/home/gikaufmann/master_thesis/outputs/south_america/results/ml_models

Auto-discovering metrics JSON file...
  Found: /cluster/home/gikaufmann/master_thesis/outputs/south_america/results/ml_models/model1_lgbm_metrics_20260318_163139.json
Auto-discovering scored parquet file...
  Found calibrated scored file (preferred): /cluster/scratch/gikaufmann/outputs/south_america/results/ml_models/main/model1_lgbm_scored_calibrated_isotonic_20260318_180255.parquet
Using ml_models directory: /cluster/home/gikaufmann/master_thesis/outputs/south_america/results/ml_models

Auto-discovering test_win5.parquet using $SCRATCH-first path resolution...
  ✓ Resolved path: /cluster/scratch/gikaufmann/data/south_america/ml/main/test_win5.parquet
Auto-discovering future parquet for temporal validation (val_win5.parquet or merged_panel_final.parquet)...
  ✓ Resolved path: /cluster/scratch/gikaufmann/data/south_america/ml/merged_panel_final.parquet
  Future years for temporal validation: [2020, 2021, 2022, 2023, 2024]
======================================================================
MODEL 1 (LGBM) RESULTS REPORTING (Split: main)
======================================================================

Model type: lgbm
Split version: main
Metrics JSON: /cluster/home/gikaufmann/master_thesis/outputs/south_america/results/ml_models/model1_lgbm_metrics_20260318_163139.json
Scored parquet: /cluster/scratch/gikaufmann/outputs/south_america/results/ml_models/main/model1_lgbm_scored_calibrated_isotonic_20260318_180255.parquet
Output directory: /cluster/scratch/gikaufmann/outputs/south_america/results/model1_lgbm
Region boundary: Will download from Natural Earth

======================================================================
LOADING DATA
======================================================================
  Derived test years from test parquet: [2017, 2018, 2019]

Derived test years: [2017, 2018, 2019]
Reading parquet file: /cluster/scratch/gikaufmann/outputs/south_america/results/ml_models/main/model1_lgbm_scored_calibrated_isotonic_20260318_180255.parquet
  Available columns: ['row', 'col', 'x', 'y', 'year', 'y_true', 'y_pred_proba_uncalibrated', 'y_pred_proba_calibrated', 'y_pred_proba']

======================================================================
CALIBRATION STATUS: CALIBRATED
======================================================================
  File contains both 'y_pred_proba_uncalibrated' and 'y_pred_proba_calibrated' columns
  Using calibrated probabilities (y_pred_proba = calibrated values)
======================================================================

  Found metadata column: 'year'
  Found metadata column: 'row'
  Found metadata column: 'col'
  Found metadata column: 'y_pred_proba_uncalibrated'
  Found metadata column: 'y_pred_proba_calibrated'
  Resolved 'y_true' -> 'y_true'
  Resolved 'y_pred_proba' -> 'y_pred_proba'
  Resolved 'x' -> 'x'
  Resolved 'y' -> 'y'
  Reading parquet (columns=9, filter year in [2017, 2018, 2019])...
  Loaded 47,695,507 rows
  Final columns: ['y_true', 'y_pred_proba', 'x', 'y', 'year', 'row', 'col', 'y_pred_proba_uncalibrated', 'y_pred_proba_calibrated']

Detecting coordinate CRS...
  x range: [-12185000.00, -3212000.00]
  y range: [-7666000.00, 1505000.00]
  Detected EPSG:3857 (Web Mercator) coordinates
  Reprojecting to EPSG:4326 (WGS84)...
  Reprojected x range: [-109.46, -28.85]
  Reprojected y range: [-56.54, 13.40]

Validating coordinates...
  Sampling 100,000 rows from 47,695,507 for validation...
  x (lon) in [-85, -32]: 100.00%
  y (lat) in [-56, 13]: 100.00%
  Coordinate validation passed (100.00% in expected ranges)
Loading South America boundary from URL...
  Successfully loaded from https://naciscdn.org/naturalearth/110m/cultural/ne_110m_admin_0_countries.zip
  Found South America boundary with 12 feature(s) in EPSG:4326

Resolving backbone raster for map backgrounds...
  Found backbone raster: /cluster/scratch/gikaufmann/data/south_america/ready/backbone/backbone.tif

======================================================================
CREATING SIMPLIFIED RISK MAP
======================================================================
  South America boundary CRS: EPSG:4326
  South America boundary bounds: [-81.41094255 -55.61183    -34.72999346  12.43730317]
  Reprojected to EPSG:3857 (Web Mercator)
  Projected bounds (meters): [-9062624.66993356 -7481526.89819493 -3866125.18672366  1395517.2201953 ]
  Total rows (pixel-years): 47,695,507

Loading WDPA data from original test parquet: /cluster/scratch/gikaufmann/data/south_america/ml/main/test_win5.parquet
  Found WDPA_prev column: 'WDPA_prev' (enables temporal protection visualization)
  Reading parquet (columns=7, filter year in [2016, 2017, 2018, 2019])...
  Identifying pixels established in test period (2017-2019) using vectorized approach...
  Found 164,435 pixels established in test period (2017-2019)
  Loaded 47,695,507 rows with WDPA data
  Years: [2017, 2018, 2019]
  Protected pixels (WDPA_b1=1): 164,435
  Pixels with establishment flag: 378,142
  Temporal protection analysis:
    - Already protected (WDPA_prev=1): 0
    - Newly protected (WDPA_prev=0, WDPA_b1=1): 164,435
    → Two-layer protection visualization will be used
  Join method: row/col/year (with establishment flag)
  ✓ WDPA data loaded - using ACTUAL test-period establishments
    Joined via row/col: 378,142 actual establishments
  ✓ Using actual test-period establishments (established_in_test_period)

Loading future PA establishments from: /cluster/scratch/gikaufmann/data/south_america/ml/merged_panel_final.parquet
  Reading parquet (columns=6, filter year in [2019, 2020, 2021, 2022, 2023, 2024])...
  Identifying pixels established in future period (2020-2024)...
  ✓ Found 59,245 pixels established in future period (2020-2024)
  Join method: row/col
  ✓ Future PA establishments loaded - temporal validation enabled
    Joined via row/col: 177,735 future establishments

  Filtering coordinate outliers...
    Removed 5,778 outliers (47,695,507 → 47,689,729)

  Aggregating to pixel level (test years: [2017, 2018, 2019])...
    47,689,729 rows → 15,934,950 unique pixels
  ✓ Top-1% = 159,349 pixels (pixel-level min score: 0.540231)

  FINAL STATISTICS (pixel-level, after filtering):
    Total pixels: 15,934,950
    Predicted high-risk (top 1%): 159,349 (1.00% of pixels)
    Actual PA establishments (test period): 164,393 (1.032% of pixels)
    Overlap (correct predictions): 127,226
    NOTE: With only 164,393 actual establishments out of 15,934,950 pixels, top-1% selects 159,349 pixels — high recall can be legitimate if designations are geographically concentrated.
    Hit rate: 127,226/159,349 = 79.8%
    Recall (test period): 127,226/164,393 = 77.4%

  TEMPORAL VALIDATION (Future PA Establishments 2020-2024):
    Future PA establishments: 59,245
    Future establishments in predicted areas: 10,383
    Future Capture Rate: 10,383/59,245 = 17.5%

  COMBINED STATISTICS (Test + Future):
    Total PA establishments (test + future): 223,638
    Total captured by predictions: 137,609
    Combined Recall: 137,609/223,638 = 61.5%

  Creating rasterized risk map...
  Category raster shape: (8877, 5181), extent: (-9054099.999999998, -3873099.999999998, -7481099.999999999, 1395900.000000001)
  Creating background mask from data coverage...
  Background mask created - protected areas will appear as natural holes
  Backbone background plotted from: /cluster/scratch/gikaufmann/data/south_america/ready/backbone/backbone.tif
✓ Saved simplified risk map (PDF): /cluster/scratch/gikaufmann/outputs/south_america/results/model1_lgbm/risk_map_top1pct.pdf (dpi=150)
✓ Simplified risk map complete!

======================================================================
CREATING SIMPLIFIED RISK MAP
======================================================================
  South America boundary CRS: EPSG:4326
  South America boundary bounds: [-81.41094255 -55.61183    -34.72999346  12.43730317]
  Reprojected to EPSG:3857 (Web Mercator)
  Projected bounds (meters): [-9062624.66993356 -7481526.89819493 -3866125.18672366  1395517.2201953 ]
  Total rows (pixel-years): 47,695,507
  ✓ WDPA data loaded - using ACTUAL test-period establishments
    Joined via row/col: 378,142 actual establishments
  ✓ Using actual test-period establishments (established_in_test_period)
  ✓ Future PA establishments loaded - temporal validation enabled
    Joined via row/col: 177,735 future establishments

  Filtering coordinate outliers...
    Removed 5,778 outliers (47,695,507 → 47,689,729)

  Aggregating to pixel level (test years: [2017, 2018, 2019])...
    47,689,729 rows → 15,934,950 unique pixels
  ✓ Top-5% = 796,747 pixels (pixel-level min score: 0.062809)

  FINAL STATISTICS (pixel-level, after filtering):
    Total pixels: 15,934,950
    Predicted high-risk (top 5%): 796,747 (5.00% of pixels)
    Actual PA establishments (test period): 164,393 (1.032% of pixels)
    Overlap (correct predictions): 139,663
    NOTE: With only 164,393 actual establishments out of 15,934,950 pixels, top-5% selects 796,747 pixels — high recall can be legitimate if designations are geographically concentrated.
    Hit rate: 139,663/796,747 = 17.5%
    Recall (test period): 139,663/164,393 = 85.0%

  TEMPORAL VALIDATION (Future PA Establishments 2020-2024):
    Future PA establishments: 59,245
    Future establishments in predicted areas: 22,464
    Future Capture Rate: 22,464/59,245 = 37.9%

  COMBINED STATISTICS (Test + Future):
    Total PA establishments (test + future): 223,638
    Total captured by predictions: 162,127
    Combined Recall: 162,127/223,638 = 72.5%

  Creating rasterized risk map...
  Category raster shape: (8877, 5181), extent: (-9054099.999999998, -3873099.999999998, -7481099.999999999, 1395900.000000001)
  Creating background mask from data coverage...
  Background mask created - protected areas will appear as natural holes
  Backbone background plotted from: /cluster/scratch/gikaufmann/data/south_america/ready/backbone/backbone.tif
✓ Saved simplified risk map (PDF): /cluster/scratch/gikaufmann/outputs/south_america/results/model1_lgbm/risk_map_top5pct.pdf (dpi=150)
✓ Simplified risk map complete!

======================================================================
CREATING SIMPLIFIED RISK MAP
======================================================================
  South America boundary CRS: EPSG:4326
  South America boundary bounds: [-81.41094255 -55.61183    -34.72999346  12.43730317]
  Reprojected to EPSG:3857 (Web Mercator)
  Projected bounds (meters): [-9062624.66993356 -7481526.89819493 -3866125.18672366  1395517.2201953 ]
  Total rows (pixel-years): 47,695,507
  ✓ WDPA data loaded - using ACTUAL test-period establishments
    Joined via row/col: 378,142 actual establishments
  ✓ Using actual test-period establishments (established_in_test_period)
  ✓ Future PA establishments loaded - temporal validation enabled
    Joined via row/col: 177,735 future establishments

  Filtering coordinate outliers...
    Removed 5,778 outliers (47,695,507 → 47,689,729)

  Aggregating to pixel level (test years: [2017, 2018, 2019])...
    47,689,729 rows → 15,934,950 unique pixels
  ✓ Top-10% = 1,593,495 pixels (pixel-level min score: 0.025273)

  FINAL STATISTICS (pixel-level, after filtering):
    Total pixels: 15,934,950
    Predicted high-risk (top 10%): 1,593,495 (10.00% of pixels)
    Actual PA establishments (test period): 164,393 (1.032% of pixels)
    Overlap (correct predictions): 139,877
    NOTE: With only 164,393 actual establishments out of 15,934,950 pixels, top-10% selects 1,593,495 pixels — high recall can be legitimate if designations are geographically concentrated.
    Hit rate: 139,877/1,593,495 = 8.8%
    Recall (test period): 139,877/164,393 = 85.1%

  TEMPORAL VALIDATION (Future PA Establishments 2020-2024):
    Future PA establishments: 59,245
    Future establishments in predicted areas: 26,265
    Future Capture Rate: 26,265/59,245 = 44.3%

  COMBINED STATISTICS (Test + Future):
    Total PA establishments (test + future): 223,638
    Total captured by predictions: 166,142
    Combined Recall: 166,142/223,638 = 74.3%

  Creating rasterized risk map...
  Category raster shape: (8877, 5181), extent: (-9054099.999999998, -3873099.999999998, -7481099.999999999, 1395900.000000001)
  Creating background mask from data coverage...
  Background mask created - protected areas will appear as natural holes
  Backbone background plotted from: /cluster/scratch/gikaufmann/data/south_america/ready/backbone/backbone.tif
✓ Saved simplified risk map (PDF): /cluster/scratch/gikaufmann/outputs/south_america/results/model1_lgbm/risk_map_top10pct.pdf (dpi=150)
✓ Simplified risk map complete!

======================================================================
CREATING METRICS TABLE
======================================================================
  Computed Brier Score: 0.004206
  Computed ECE: 0.008093, MCE: 0.205949
  Computed Brier Score (Uncalibrated): 0.005262
  Computed Brier Score (Calibrated): 0.004206

Saved CSV: /cluster/scratch/gikaufmann/outputs/south_america/results/model1_lgbm/metrics_table.csv
Saved LaTeX: /cluster/scratch/gikaufmann/outputs/south_america/results/model1_lgbm/metrics_table.tex

======================================================================
CREATING PRECISION-RECALL CURVE
======================================================================
  PR AUC: 0.6338
  Baseline prevalence: 0.007969
Saved PDF: /cluster/scratch/gikaufmann/outputs/south_america/results/model1_lgbm/pr_curve.pdf

======================================================================
CREATING ROC CURVE
======================================================================
  ROC AUC: 0.8750
  Saved PDF: /cluster/scratch/gikaufmann/outputs/south_america/results/model1_lgbm/roc_curve.pdf

======================================================================
CREATING CUMULATIVE GAINS CHART (SEARCH EFFICIENCY)
======================================================================
  Downsampled cumulative gains curve: 47,695,507 -> 20,000 points
Saved PDF: /cluster/scratch/gikaufmann/outputs/south_america/results/model1_lgbm/cumulative_gains.pdf

======================================================================
CREATING ROW-LEVEL P@1% DIAGNOSTIC MAP
======================================================================
  South America boundary CRS: EPSG:4326
  Reprojected to EPSG:3857 (Web Mercator)
  Projected bounds (meters): [-9062624.66993356 -7481526.89819493 -3866125.18672366  1395517.2201953 ]
  Total rows (pixel-years): 47,695,507
  Top 1% count: 476,955 rows
  Top 1% min score: 0.211621
  Row-level P@1% metric: 0.5324 (253,912/476,955)
  Total positive rows (y_true=1): 380,064
    Captured by top 1% (overlap): 253,912
    Missed by top 1% (y_true=1, outside top 1%): 126,152
  Predicted high-risk only (y_true=0, in top 1%): 223,043
  Converting 47,695,507 points to raster grid...
  Category raster shape: (9172, 8974), extent: (-12185100.0, -3211100.0, -7666099.999999998, 1505900.0000000019)
  Valid (non-NaN) pixels: 15,936,890
  Creating background mask from data coverage...
  Background mask created - protected areas will appear as natural holes
  Backbone background plotted from: /cluster/scratch/gikaufmann/data/south_america/ready/backbone/backbone.tif
Saved PDF: /cluster/scratch/gikaufmann/outputs/south_america/results/model1_lgbm/p1pct_diagnostic.pdf (dpi=150)

======================================================================
CREATING PROBABILITY MAP
======================================================================
  South America boundary CRS: EPSG:4326
  Reprojected to EPSG:3857 (Web Mercator)
  Projected bounds (meters): [-9062624.66993356 -7481526.89819493 -3866125.18672366  1395517.2201953 ]
  Prediction points: 47,695,507
  Probability range: [0.000005, 0.967284]
  Probability mean: 0.016062, median: 0.005820, std: 0.071492
  Using percentile-based colour range (25th–98th percentile)
  Colour range: [0.005820, 0.096883]  span: 0.091063
  Applied square root transformation to stretch distribution
  Normalised value range: [0.0000, 1.0000]
  Normalised value mean: 0.0766, median: 0.0000
  Filtering coordinate outliers...
  Filtered out 5,778 coordinate outliers (47,695,507 -> 47,689,729)
  Converting 47,689,729 points to raster grid...
  Raster shape: (8877, 5181), extent: (-9054099.999999998, -3873099.999999998, -7481099.999999999, 1395900.000000001)
  Valid (non-NaN) pixels: 15,934,950
  Backbone background plotted from: /cluster/scratch/gikaufmann/data/south_america/ready/backbone/backbone.tif
Saved PDF: /cluster/scratch/gikaufmann/outputs/south_america/results/model1_lgbm/probability_map.pdf (dpi=300)

======================================================================
CREATING CALIBRATION IMPROVEMENT FIGURE
======================================================================
  ECE:   before=0.0100  after=0.0081  improvement=0.0019
  Brier: before=0.0053  after=0.0042  improvement=0.0011
  Saved: /cluster/scratch/gikaufmann/outputs/south_america/results/model1_lgbm/calibration_improvement.pdf

======================================================================
CREATING CALIBRATION/RELIABILITY CURVE
======================================================================
Saved PDF: /cluster/scratch/gikaufmann/outputs/south_america/results/model1_lgbm/calibration_reliability.pdf

Calibration analysis complete

======================================================================
CREATING COUNTRY-LEVEL BREAKDOWN
======================================================================
  Unique pixels: 15,936,890 from 47,695,507 rows
  Loading world countries from cache: /cluster/home/gikaufmann/master_thesis/data/shared/admin/ne_110m_admin_0_countries.gpkg
  Loaded 177 country geometries from Natural Earth
  Spatial join complete. Countries assigned: 15
  Saved CSV: /cluster/scratch/gikaufmann/outputs/south_america/results/model1_lgbm/country_breakdown.csv
  Saved LaTeX: /cluster/scratch/gikaufmann/outputs/south_america/results/model1_lgbm/country_breakdown.tex
  Countries included: 10 (min 10 positive samples)
  Auto-discovered GSN raster: /cluster/scratch/gikaufmann/data/south_america/ready/GSN/gsn_terrestrial_ecoregions_mask_1km.tif
  Auto-discovered GSN shapefile: /cluster/home/gikaufmann/master_thesis/data/shared/GlobalSafetyNet/terrestrial_ecoregions/Terrestrial_ecoregions.shp

======================================================================
CREATING BIOME / ECOREGION BREAKDOWN
======================================================================
  TIF:      /cluster/scratch/gikaufmann/data/south_america/ready/GSN/gsn_terrestrial_ecoregions_mask_1km.tif
  Shapefile: /cluster/home/gikaufmann/master_thesis/data/shared/GlobalSafetyNet/terrestrial_ecoregions/Terrestrial_ecoregions.shp
  Ecoregions in raster: 63
  Name lookup built: 63 ecoregions matched
  Warning: 456 rows out of raster bounds (treated as nodata)
  Rows with ecoregion: 47,398,263 / 47,695,507 (99.4%)
  Saved: /cluster/scratch/gikaufmann/outputs/south_america/results/model1_lgbm/ecoregion_breakdown.csv  (55 ecoregions)
  Saved: /cluster/scratch/gikaufmann/outputs/south_america/results/model1_lgbm/biome_breakdown.csv  (9 biomes)
  Ecoregions with sufficient data: 55
  Saved PDF: /cluster/scratch/gikaufmann/outputs/south_america/results/model1_lgbm/biome_breakdown.pdf

======================================================================
FALSE POSITIVE SPATIAL MAP
======================================================================
  Top-5% zone: 276,412 TP (green), 2,124,053 FP (red)  precision=0.115
  Saved: /cluster/scratch/gikaufmann/outputs/south_america/results/model1_lgbm/false_positive_map.pdf
  Saved: /cluster/scratch/gikaufmann/outputs/south_america/results/model1_lgbm/false_positive_map.png

======================================================================
ECONOMIC EXPOSURE ANALYSIS
======================================================================
  NTL column:        not found
  Population column: GPW
  Saved: /cluster/scratch/gikaufmann/outputs/south_america/results/model1_lgbm/economic_exposure_lgbm.csv
                      zone  n_pixels  GPW_mean  GPW_median  GPW_p75
All test pixels (baseline) 142905157    27.046       2.068    7.413
              Top 10% risk  14378222    89.178       3.580   15.864
               Top 5% risk   7231192   103.561       3.996   18.917
               Top 1% risk   1443917    55.360       1.933   14.017

======================================================================
HOTSPOT ZOOM-IN MAPS
======================================================================
  Amazon Basin: 7,269,134 pixels
  Cerrado / Atlantic Forest: 9,525,949 pixels
  Andes Foothills: 8,556,261 pixels
  Saved: /cluster/scratch/gikaufmann/outputs/south_america/results/model1_lgbm/hotspot_maps_lgbm.pdf
  Saved: /cluster/scratch/gikaufmann/outputs/south_america/results/model1_lgbm/hotspot_maps_lgbm.png

======================================================================
CREATING CROSS-REGION COMPARISON TABLE
======================================================================
  Loaded metrics for Model 1 (SA): /cluster/scratch/gikaufmann/outputs/south_america/results/model1_lgbm/metrics_table.csv
  Loaded metrics for Model 2 (USA): /cluster/scratch/gikaufmann/outputs/usa/results/model2_lgbm/metrics_table.csv
  Saved PDF: /cluster/scratch/gikaufmann/outputs/south_america/results/model1_lgbm/comparison_table.pdf
  Saved LaTeX: /cluster/scratch/gikaufmann/outputs/south_america/results/model1_lgbm/comparison_table.tex

Auto-discovering trained model file for SHAP analysis (Model 1 only)...
  Found: /cluster/scratch/gikaufmann/data/south_america/ml/models/model1_lgbm_20260309_153019.pkl

Auto-discovering data sources for SHAP analysis...
  Found earlystop: /cluster/scratch/gikaufmann/data/south_america/ml/main/earlystop_win5.parquet
  Found train: /cluster/scratch/gikaufmann/data/south_america/ml/main/train_win5.parquet
  Found test (allowed with --allow_test_shap): /cluster/scratch/gikaufmann/data/south_america/ml/main/test_win5.parquet

======================================================================
COMPUTING SHAP ANALYSIS
======================================================================
Loading model from /cluster/scratch/gikaufmann/data/south_america/ml/models/model1_lgbm_20260309_153019.pkl...
  Using data source: train (train_win5.parquet)
  Loading feature data from train...
  Total rows in train: 266,506,207
  Sampling 500 rows for SHAP analysis (seed=42, max=500)...
  Feature matrix shape: (500, 73)
  Memory: 0.1 MB
  Computing SHAP values using TreeExplainer...
  SHAP values computed: shape (500, 73)
  Generating SHAP summary plot...
  Saved SHAP summary plot: shap_summary.pdf
  Computing feature importance metrics...
  Saved top 20 features: shap_top20.csv
  Saved SHAP dependence: shap_dep_GSN_b2_smooth16.pdf
  Saved SHAP dependence: shap_dep_policy_b4.pdf
  Saved thematic SHAP: shap_thematic.pdf

  Top 10 features by mean absolute SHAP:
    GSN_b2_smooth16                         : 0.5876 (mean: +0.0239, 81.6% positive)
    policy_b4                               : 0.3817 (mean: -0.0083, 63.0% positive)
    WorldClim_b14                           : 0.2753 (mean: -0.0125, 77.8% positive)
    GSN_b3_smooth16                         : 0.2576 (mean: -0.0018, 79.2% positive)
    dist_indigenous                         : 0.2435 (mean: -0.0181, 47.0% positive)
    WDPA                                    : 0.2354 (mean: +0.0169, 98.6% positive)
    dist_wdpa                               : 0.2296 (mean: +0.0052, 69.8% positive)
    GSN_b2_smooth64                         : 0.2229 (mean: +0.0507, 85.6% positive)
    economic_value_lag1                     : 0.2050 (mean: -0.0120, 58.6% positive)
    policy_b2                               : 0.2033 (mean: -0.0103, 60.0% positive)
  SHAP analysis completed.

======================================================================
COMPLETE
======================================================================

All outputs saved to: /cluster/scratch/gikaufmann/outputs/south_america/results/model1_lgbm
[1;34mwandb[0m: 
[1;34mwandb[0m: 🚀 View run [33mresults_model1_lgbm_main[0m at: [34m[0m
[1;34mwandb[0m: Find logs at: [1;35mwandb/run-20260318_192900-yq41y7gi/logs[0m
model1_results script (main split) finished.
