Starting model1_results script (RF mode, main split)...
drwxr-xr-x 10 gikaufmann gikaufmann-group 4096 Mar 12 15:16 /cluster/home/gikaufmann/master_thesis
PWD = /cluster/home/gikaufmann/master_thesis
W&B connected
======================================================================
PATH RESOLUTION
======================================================================
Repository root: /cluster/home/gikaufmann/master_thesis
SCRATCH directory: /cluster/scratch/gikaufmann
Split version: main

Searching for ml_models directory in:
  ✓ /cluster/scratch/gikaufmann/outputs/south_america/results/ml_models
  ✓ /cluster/home/gikaufmann/master_thesis/outputs/south_america/results/ml_models

Auto-discovering metrics JSON file...
  Found: /cluster/home/gikaufmann/master_thesis/outputs/south_america/results/ml_models/model1_rf_win5_metrics_20260311_121549.json
Auto-discovering scored parquet file...
  Found: /cluster/home/gikaufmann/master_thesis/outputs/south_america/results/ml_models/model1_rf_win5_scored_20260311_121549.parquet
Using ml_models directory: /cluster/home/gikaufmann/master_thesis/outputs/south_america/results/ml_models

Auto-discovering test_win5.parquet using $SCRATCH-first path resolution...
  ✓ Resolved path: /cluster/scratch/gikaufmann/data/south_america/ml/main/test_win5.parquet
Auto-discovering future parquet for temporal validation (val_win5.parquet or merged_panel_final.parquet)...
  ✓ Resolved path: /cluster/scratch/gikaufmann/data/south_america/ml/merged_panel_final.parquet
  Future years for temporal validation: [2020, 2021, 2022, 2023, 2024]
======================================================================
MODEL 1 (RF) RESULTS REPORTING (Split: main)
======================================================================

Model type: rf
Split version: main
Metrics JSON: /cluster/home/gikaufmann/master_thesis/outputs/south_america/results/ml_models/model1_rf_win5_metrics_20260311_121549.json
Scored parquet: /cluster/home/gikaufmann/master_thesis/outputs/south_america/results/ml_models/model1_rf_win5_scored_20260311_121549.parquet
Output directory: /cluster/scratch/gikaufmann/outputs/south_america/results/model1_rf
Region boundary: Will download from Natural Earth

======================================================================
LOADING DATA
======================================================================
  Derived test years from test parquet: [2017, 2018, 2019]

Derived test years: [2017, 2018, 2019]
Reading parquet file: /cluster/home/gikaufmann/master_thesis/outputs/south_america/results/ml_models/model1_rf_win5_scored_20260311_121549.parquet
  Available columns: ['row', 'col', 'year', 'y_true', 'y_pred_proba', 'x', 'y']

!!!!!!!!!!!!!!!!!!!!!!!!!!!!!!!!!!!!!!!!!!!!!!!!!!!!!!!!!!!!!!!!!!!!!!
WARNING: You are plotting UNCALIBRATED probabilities
!!!!!!!!!!!!!!!!!!!!!!!!!!!!!!!!!!!!!!!!!!!!!!!!!!!!!!!!!!!!!!!!!!!!!!
  File: model1_rf_win5_scored_20260311_121549.parquet
  No calibration metadata found (no 'y_pred_proba_uncalibrated'/'y_pred_proba_calibrated' columns)
  For calibrated results, use: model1_lgbm_scored_calibrated_*.parquet (LGBM) or model1_rf_win5_scored_calibrated_*.parquet (RF)
!!!!!!!!!!!!!!!!!!!!!!!!!!!!!!!!!!!!!!!!!!!!!!!!!!!!!!!!!!!!!!!!!!!!!!

  Found metadata column: 'year'
  Found metadata column: 'row'
  Found metadata column: 'col'
  Resolved 'y_true' -> 'y_true'
  Resolved 'y_pred_proba' -> 'y_pred_proba'
  Resolved 'x' -> 'x'
  Resolved 'y' -> 'y'
  Reading parquet (columns=7, filter year in [2017, 2018, 2019])...
  Loaded 47,695,507 rows
  Final columns: ['y_true', 'y_pred_proba', 'x', 'y', 'year', 'row', 'col']

Detecting coordinate CRS...
  x range: [-12185000.00, -3212000.00]
  y range: [-7666000.00, 1505000.00]
  Detected EPSG:3857 (Web Mercator) coordinates
  Reprojecting to EPSG:4326 (WGS84)...
  Reprojected x range: [-109.46, -28.85]
  Reprojected y range: [-56.54, 13.40]

Validating coordinates...
  Sampling 100,000 rows from 47,695,507 for validation...
  x (lon) in [-85, -32]: 100.00%
  y (lat) in [-56, 13]: 100.00%
  Coordinate validation passed (100.00% in expected ranges)
Loading South America boundary from URL...
  Successfully loaded from https://naciscdn.org/naturalearth/110m/cultural/ne_110m_admin_0_countries.zip
  Found South America boundary with 12 feature(s) in EPSG:4326

======================================================================
CREATING SIMPLIFIED RISK MAP
======================================================================
  South America boundary CRS: EPSG:4326
  South America boundary bounds: [-81.41094255 -55.61183    -34.72999346  12.43730317]
  Reprojected to EPSG:3857 (Web Mercator)
  Projected bounds (meters): [-9062624.66993356 -7481526.89819493 -3866125.18672366  1395517.2201953 ]
  Total rows (pixel-years): 47,695,507

Loading WDPA data from original test parquet: /cluster/scratch/gikaufmann/data/south_america/ml/main/test_win5.parquet
  Found WDPA_prev column: 'WDPA_prev' (enables temporal protection visualization)
  Reading parquet (columns=7, filter year in [2016, 2017, 2018, 2019])...
  Identifying pixels established in test period (2017-2019) using vectorized approach...
  Found 164,435 pixels established in test period (2017-2019)
  Loaded 47,695,507 rows with WDPA data
  Years: [2017, 2018, 2019]
  Protected pixels (WDPA_b1=1): 164,435
  Pixels with establishment flag: 378,142
  Temporal protection analysis:
    - Already protected (WDPA_prev=1): 0
    - Newly protected (WDPA_prev=0, WDPA_b1=1): 164,435
    → Two-layer protection visualization will be used
  Join method: row/col/year (with establishment flag)
  ✓ WDPA data loaded - using ACTUAL test-period establishments
    Joined via row/col: 378,142 actual establishments
  ✓ Using actual test-period establishments (established_in_test_period)

Loading future PA establishments from: /cluster/scratch/gikaufmann/data/south_america/ml/merged_panel_final.parquet
  Reading parquet (columns=6, filter year in [2019, 2020, 2021, 2022, 2023, 2024])...
  Identifying pixels established in future period (2020-2024)...
  ✓ Found 59,245 pixels established in future period (2020-2024)
  Join method: row/col
  ✓ Future PA establishments loaded - temporal validation enabled
    Joined via row/col: 177,735 future establishments

  Filtering coordinate outliers...
    Removed 5,778 outliers (47,695,507 → 47,689,729)

  Aggregating to pixel level (test years: [2017, 2018, 2019])...
    47,689,729 rows → 15,934,950 unique pixels
  ✓ Top-1% = 159,349 pixels (pixel-level min score: 0.535928)

  FINAL STATISTICS (pixel-level, after filtering):
    Total pixels: 15,934,950
    Predicted high-risk (top 1%): 159,349 (1.00% of pixels)
    Actual PA establishments (test period): 164,393 (1.032% of pixels)
    Overlap (correct predictions): 141,992
    NOTE: With only 164,393 actual establishments out of 15,934,950 pixels, top-1% selects 159,349 pixels — high recall can be legitimate if designations are geographically concentrated.
    Hit rate: 141,992/159,349 = 89.1%
    Recall (test period): 141,992/164,393 = 86.4%

  TEMPORAL VALIDATION (Future PA Establishments 2020-2024):
    Future PA establishments: 59,245
    Future establishments in predicted areas: 10,078
    Future Capture Rate: 10,078/59,245 = 17.0%

  COMBINED STATISTICS (Test + Future):
    Total PA establishments (test + future): 223,638
    Total captured by predictions: 152,070
    Combined Recall: 152,070/223,638 = 68.0%

  Creating rasterized risk map...
  Category raster shape: (8877, 5181), extent: (-9054099.999999998, -3873099.999999998, -7481099.999999999, 1395900.000000001)
  Creating background mask from data coverage...
  Background mask created - protected areas will appear as natural holes
✓ Saved simplified risk map (PDF): /cluster/scratch/gikaufmann/outputs/south_america/results/model1_rf/risk_map_top1pct.pdf (dpi=150)
✓ Simplified risk map complete!

======================================================================
CREATING SIMPLIFIED RISK MAP
======================================================================
  South America boundary CRS: EPSG:4326
  South America boundary bounds: [-81.41094255 -55.61183    -34.72999346  12.43730317]
  Reprojected to EPSG:3857 (Web Mercator)
  Projected bounds (meters): [-9062624.66993356 -7481526.89819493 -3866125.18672366  1395517.2201953 ]
  Total rows (pixel-years): 47,695,507
  ✓ WDPA data loaded - using ACTUAL test-period establishments
    Joined via row/col: 378,142 actual establishments
  ✓ Using actual test-period establishments (established_in_test_period)
  ✓ Future PA establishments loaded - temporal validation enabled
    Joined via row/col: 177,735 future establishments

  Filtering coordinate outliers...
    Removed 5,778 outliers (47,695,507 → 47,689,729)

  Aggregating to pixel level (test years: [2017, 2018, 2019])...
    47,689,729 rows → 15,934,950 unique pixels
  ✓ Top-5% = 796,747 pixels (pixel-level min score: 0.060980)

  FINAL STATISTICS (pixel-level, after filtering):
    Total pixels: 15,934,950
    Predicted high-risk (top 5%): 796,747 (5.00% of pixels)
    Actual PA establishments (test period): 164,393 (1.032% of pixels)
    Overlap (correct predictions): 164,393
    NOTE: With only 164,393 actual establishments out of 15,934,950 pixels, top-5% selects 796,747 pixels — high recall can be legitimate if designations are geographically concentrated.
    Hit rate: 164,393/796,747 = 20.6%
    Recall (test period): 164,393/164,393 = 100.0%

  TEMPORAL VALIDATION (Future PA Establishments 2020-2024):
    Future PA establishments: 59,245
    Future establishments in predicted areas: 26,193
    Future Capture Rate: 26,193/59,245 = 44.2%

  COMBINED STATISTICS (Test + Future):
    Total PA establishments (test + future): 223,638
    Total captured by predictions: 190,586
    Combined Recall: 190,586/223,638 = 85.2%

  Creating rasterized risk map...
  Category raster shape: (8877, 5181), extent: (-9054099.999999998, -3873099.999999998, -7481099.999999999, 1395900.000000001)
  Creating background mask from data coverage...
  Background mask created - protected areas will appear as natural holes
✓ Saved simplified risk map (PDF): /cluster/scratch/gikaufmann/outputs/south_america/results/model1_rf/risk_map_top5pct.pdf (dpi=150)
✓ Simplified risk map complete!

======================================================================
CREATING SIMPLIFIED RISK MAP
======================================================================
  South America boundary CRS: EPSG:4326
  South America boundary bounds: [-81.41094255 -55.61183    -34.72999346  12.43730317]
  Reprojected to EPSG:3857 (Web Mercator)
  Projected bounds (meters): [-9062624.66993356 -7481526.89819493 -3866125.18672366  1395517.2201953 ]
  Total rows (pixel-years): 47,695,507
  ✓ WDPA data loaded - using ACTUAL test-period establishments
    Joined via row/col: 378,142 actual establishments
  ✓ Using actual test-period establishments (established_in_test_period)
  ✓ Future PA establishments loaded - temporal validation enabled
    Joined via row/col: 177,735 future establishments

  Filtering coordinate outliers...
    Removed 5,778 outliers (47,695,507 → 47,689,729)

  Aggregating to pixel level (test years: [2017, 2018, 2019])...
    47,689,729 rows → 15,934,950 unique pixels
  ✓ Top-10% = 1,593,495 pixels (pixel-level min score: 0.040004)

  FINAL STATISTICS (pixel-level, after filtering):
    Total pixels: 15,934,950
    Predicted high-risk (top 10%): 1,593,495 (10.00% of pixels)
    Actual PA establishments (test period): 164,393 (1.032% of pixels)
    Overlap (correct predictions): 164,393
    NOTE: With only 164,393 actual establishments out of 15,934,950 pixels, top-10% selects 1,593,495 pixels — high recall can be legitimate if designations are geographically concentrated.
    Hit rate: 164,393/1,593,495 = 10.3%
    Recall (test period): 164,393/164,393 = 100.0%

  TEMPORAL VALIDATION (Future PA Establishments 2020-2024):
    Future PA establishments: 59,245
    Future establishments in predicted areas: 33,845
    Future Capture Rate: 33,845/59,245 = 57.1%

  COMBINED STATISTICS (Test + Future):
    Total PA establishments (test + future): 223,638
    Total captured by predictions: 198,238
    Combined Recall: 198,238/223,638 = 88.6%

  Creating rasterized risk map...
  Category raster shape: (8877, 5181), extent: (-9054099.999999998, -3873099.999999998, -7481099.999999999, 1395900.000000001)
  Creating background mask from data coverage...
  Background mask created - protected areas will appear as natural holes
✓ Saved simplified risk map (PDF): /cluster/scratch/gikaufmann/outputs/south_america/results/model1_rf/risk_map_top10pct.pdf (dpi=150)
✓ Simplified risk map complete!

======================================================================
CREATING METRICS TABLE
======================================================================
  Computed Brier Score: 0.004785
  Computed ECE: 0.011433, MCE: 0.327667

Saved CSV: /cluster/scratch/gikaufmann/outputs/south_america/results/model1_rf/metrics_table.csv
Saved LaTeX: /cluster/scratch/gikaufmann/outputs/south_america/results/model1_rf/metrics_table.tex

======================================================================
CREATING PRECISION-RECALL CURVE
======================================================================
  PR AUC: 0.6308
  Baseline prevalence: 0.007969
Saved PDF: /cluster/scratch/gikaufmann/outputs/south_america/results/model1_rf/pr_curve.pdf

======================================================================
CREATING CUMULATIVE GAINS CHART (SEARCH EFFICIENCY)
======================================================================
  Downsampled cumulative gains curve: 47,695,507 -> 20,000 points
Saved PDF: /cluster/scratch/gikaufmann/outputs/south_america/results/model1_rf/cumulative_gains.pdf

======================================================================
CREATING ROW-LEVEL P@1% DIAGNOSTIC MAP
======================================================================
  South America boundary CRS: EPSG:4326
  Reprojected to EPSG:3857 (Web Mercator)
  Projected bounds (meters): [-9062624.66993356 -7481526.89819493 -3866125.18672366  1395517.2201953 ]
  Total rows (pixel-years): 47,695,507
  Top 1% count: 476,955 rows
  Top 1% min score: 0.278861
  Row-level P@1% metric: 0.5382 (256,719/476,955)
  Total positive rows (y_true=1): 380,064
    Captured by top 1% (overlap): 256,719
    Missed by top 1% (y_true=1, outside top 1%): 123,345
  Predicted high-risk only (y_true=0, in top 1%): 220,236
  Converting 47,695,507 points to raster grid...
  Category raster shape: (9172, 8974), extent: (-12185100.0, -3211100.0, -7666099.999999998, 1505900.0000000019)
  Valid (non-NaN) pixels: 15,936,890
  Creating background mask from data coverage...
  Background mask created - protected areas will appear as natural holes
Saved PDF: /cluster/scratch/gikaufmann/outputs/south_america/results/model1_rf/p1pct_diagnostic.pdf (dpi=150)

======================================================================
CREATING PROBABILITY MAP
======================================================================
  South America boundary CRS: EPSG:4326
  Reprojected to EPSG:3857 (Web Mercator)
  Projected bounds (meters): [-9062624.66993356 -7481526.89819493 -3866125.18672366  1395517.2201953 ]
  Prediction points: 47,695,507
  Probability range: [0.000000, 0.999892]
  Probability mean: 0.019045, median: 0.005816, std: 0.069424
  Using percentile-based color range (25th-98th percentile)
  Probability range: [0.000000, 0.999892]
  Colorbar range: [0.000326, 0.108505]
  Range span: 0.108180
  Applied square root transformation to stretch distribution
  Normalized value range: [0.0000, 1.0000]
  Normalized value mean: 0.2529, median: 0.2253
  Filtering coordinate outliers...
  Filtered out 5,778 coordinate outliers (47,695,507 -> 47,689,729)
  Converting 47,689,729 points to raster grid...
  Raster shape: (8877, 5181), extent: (-9054099.999999998, -3873099.999999998, -7481099.999999999, 1395900.000000001)
  Valid (non-NaN) pixels: 15,934,950
Saved PDF: /cluster/scratch/gikaufmann/outputs/south_america/results/model1_rf/probability_map.pdf (dpi=300)

======================================================================
CREATING CALIBRATION IMPROVEMENT FIGURE
======================================================================
  Skipping: need both y_pred_proba_uncalibrated and y_pred_proba_calibrated columns.

======================================================================
CREATING COUNTRY-LEVEL BREAKDOWN
======================================================================
  Unique pixels: 15,936,890 from 47,695,507 rows
  Loading world countries from cache: /cluster/home/gikaufmann/master_thesis/data/shared/admin/ne_110m_admin_0_countries.gpkg
  Loaded 177 country geometries from Natural Earth
  Spatial join complete. Countries assigned: 15
  Saved CSV: /cluster/scratch/gikaufmann/outputs/south_america/results/model1_rf/country_breakdown.csv
  Saved LaTeX: /cluster/scratch/gikaufmann/outputs/south_america/results/model1_rf/country_breakdown.tex
  Countries included: 10 (min 10 positive samples)
  Auto-discovered GSN raster: /cluster/scratch/gikaufmann/data/south_america/ready/GSN/gsn_terrestrial_ecoregions_mask_1km.tif
  Auto-discovered GSN shapefile: /cluster/home/gikaufmann/master_thesis/data/shared/GlobalSafetyNet/terrestrial_ecoregions/Terrestrial_ecoregions.shp

======================================================================
CREATING BIOME / ECOREGION BREAKDOWN
======================================================================
  TIF:      /cluster/scratch/gikaufmann/data/south_america/ready/GSN/gsn_terrestrial_ecoregions_mask_1km.tif
  Shapefile: /cluster/home/gikaufmann/master_thesis/data/shared/GlobalSafetyNet/terrestrial_ecoregions/Terrestrial_ecoregions.shp
  Ecoregions in raster: 63
  Name lookup built: 63 ecoregions matched
  Warning: 456 rows out of raster bounds (treated as nodata)
  Rows with ecoregion: 47,398,263 / 47,695,507 (99.4%)
  Saved: /cluster/scratch/gikaufmann/outputs/south_america/results/model1_rf/ecoregion_breakdown.csv  (55 ecoregions)
  Saved: /cluster/scratch/gikaufmann/outputs/south_america/results/model1_rf/biome_breakdown.csv  (9 biomes)
  Ecoregions with sufficient data: 55
  Saved PDF: /cluster/scratch/gikaufmann/outputs/south_america/results/model1_rf/biome_breakdown.pdf

Auto-discovering trained model file for SHAP analysis (Model 1 only)...
  Found: /cluster/scratch/gikaufmann/data/south_america/ml/models/model1_rf_win5_20260311_121549.joblib

Auto-discovering data sources for SHAP analysis...
  Found earlystop: /cluster/scratch/gikaufmann/data/south_america/ml/main/earlystop_win5.parquet
  Found train: /cluster/scratch/gikaufmann/data/south_america/ml/main/train_win5.parquet
  Found test (allowed with --allow_test_shap): /cluster/scratch/gikaufmann/data/south_america/ml/main/test_win5.parquet

======================================================================
COMPUTING SHAP ANALYSIS
======================================================================
Loading model from /cluster/scratch/gikaufmann/data/south_america/ml/models/model1_rf_win5_20260311_121549.joblib...
  Using data source: train (train_win5.parquet)
  Loading feature data from train...
  Total rows in train: 266,506,207
  Sampling 500 rows for SHAP analysis (seed=42, max=500)...
  Feature matrix shape: (500, 73)
  Memory: 0.1 MB
  Computing SHAP values using TreeExplainer...
  SHAP values computed: shape (500, 73, 2)
  Generating SHAP summary plot...
  Saved SHAP summary plot: shap_summary.pdf
  Computing feature importance metrics...
  Saved top 20 features: shap_top20.csv
  Saved SHAP dependence: shap_dep_dist_road.pdf
  Saved SHAP dependence: shap_dep_GPW.pdf
  Saved SHAP dependence: shap_dep_landcover.pdf
  Saved SHAP dependence: shap_dep_HNTL_smooth64.pdf
  Saved SHAP dependence: shap_dep_GPW_smooth16.pdf
  Saved thematic SHAP: shap_thematic.pdf

  Top 10 features by mean absolute SHAP:
    dist_road                               : 0.0454 (mean: -0.0214, 21.2% positive)
    GPW                                     : 0.0411 (mean: -0.0210, 18.6% positive)
    landcover                               : 0.0408 (mean: -0.0182, 26.6% positive)
    HNTL_smooth64                           : 0.0307 (mean: -0.0150, 27.2% positive)
    GPW_smooth16                            : 0.0304 (mean: -0.0165, 15.4% positive)
    GSN_b2_smooth16                         : 0.0299 (mean: -0.0193, 60.8% positive)
    GPW_smooth64                            : 0.0291 (mean: -0.0171, 17.2% positive)
    WorldClim_b14                           : 0.0278 (mean: -0.0157, 28.0% positive)
    economic_value_lag1                     : 0.0264 (mean: -0.0098, 44.8% positive)
    GSN_b2                                  : 0.0256 (mean: -0.0148, 64.8% positive)
  SHAP analysis completed.

======================================================================
COMPLETE
======================================================================

All outputs saved to: /cluster/scratch/gikaufmann/outputs/south_america/results/model1_rf
[1;34mwandb[0m: 
[1;34mwandb[0m: 🚀 View run [33mresults_model1_rf_main[0m at: [34m[0m
[1;34mwandb[0m: Find logs at: [1;35mwandb/run-20260313_024619-73zt6wg7/logs[0m
model1_results script (RF mode, main split) finished.
