Starting model3_results script (RF mode, main split)...
drwxr-xr-x 10 gikaufmann gikaufmann-group 4096 Apr  3 22:47 /cluster/home/gikaufmann/master_thesis
PWD = /cluster/home/gikaufmann/master_thesis
W&B connected
======================================================================
PATH RESOLUTION
======================================================================
Repository root: /cluster/home/gikaufmann/master_thesis
SCRATCH directory: /cluster/scratch/gikaufmann
Split version: main

Searching for ml_models directory in:
  ✓ /cluster/scratch/gikaufmann/outputs/se_asia/results/ml_models
  ✓ /cluster/home/gikaufmann/master_thesis/outputs/se_asia/results/ml_models

Auto-discovering metrics JSON file...
ERROR: Could not find model3_rf_win5_metrics_*.json in any of the following directories:
  - /cluster/scratch/gikaufmann/outputs/se_asia/results/ml_models
  - /cluster/home/gikaufmann/master_thesis/outputs/se_asia/results/ml_models
Please provide --metrics_json path explicitly.
[1;34mwandb[0m: 
[1;34mwandb[0m: 🚀 View run [33mresults_model3_rf_main[0m at: [34m[0m
[1;34mwandb[0m: Find logs at: [1;35mwandb/run-20260406_092044-xwsqvoju/logs[0m
model3_results script (RF mode, main split) finished.
