drwxr-xr-x 10 gikaufmann gikaufmann-group 4096 Mar 15 16:02 /cluster/home/gikaufmann/master_thesis
PWD = /cluster/home/gikaufmann/master_thesis
Starting spatial_CV_2 (USA)...
======================================================================
SPATIAL GENERALISATION — USA (Layer 2: Biome-stratified)
======================================================================
Test years:  2017–2019
Output dir:  /cluster/home/gikaufmann/master_thesis/outputs/usa/results/spatial_generalisation

======================================================================
STEP 1: LOAD BIOME RASTER
======================================================================
  Loading biome raster: /cluster/home/gikaufmann/master_thesis/data/usa/ready/GSN/gsn_terrestrial_ecoregions_mask_1km.tif
  Raster shape: (3536, 6437), dtype: uint8
  85 ecoregions → 12 biomes
W&B connected

======================================================================
STEP 2: FIND SCORED FILES
======================================================================
  WARNING: No LGBM scored file found — skipping LGBM evaluation
  WARNING: No RF scored file found — skipping RF evaluation

Log saved to: /cluster/home/gikaufmann/master_thesis/outputs/usa/results/spatial_generalisation/spatial_generalisation_20260316_013940.txt
spatial_CV_2 (USA) finished.
