Many modules are hidden in this stack. Use "module --show_hidden spider SOFTWARE" if you are not able to find the required software

The following have been reloaded with a version change:
  1) cuda/12.1.1 => cuda/12.4.1

wandb: Currently logged in as: gikaufmann (gikaufmann-eth-z-rich) to https://api.wandb.ai. Use `wandb login --relogin` to force relogin
wandb: setting up run 1odi3boj
wandb: Tracking run with wandb version 0.23.0
wandb: Run data is saved locally in /cluster/home/gikaufmann/master_thesis/wandb/run-20260406_083102-1odi3boj
wandb: Run `wandb offline` to turn off syncing.
wandb: Syncing run cv2_se_asia_model3_20260406_082851
wandb:  View project at https://wandb.ai/gikaufmann-eth-z-rich/spatial-cv
wandb:  View run at https://wandb.ai/gikaufmann-eth-z-rich/spatial-cv/runs/1odi3boj
wandb: updating run metadata
wandb: uploading output.log; uploading wandb-summary.json
wandb: uploading history steps 0-21, summary, console lines 57-118
wandb: 
wandb: Run history:
wandb:        LGBM/ALL/n_positives ▁
wandb:          LGBM/ALL/n_samples ▁
wandb:      LGBM/ALL/neg_pos_ratio ▁
wandb:             LGBM/ALL/pr_auc ▁
wandb: LGBM/ALL/precision_at_10pct ▁
wandb:  LGBM/ALL/precision_at_1pct ▁
wandb:  LGBM/ALL/precision_at_5pct ▁
wandb:    LGBM/ALL/recall_at_10pct ▁
wandb:     LGBM/ALL/recall_at_1pct ▁
wandb:     LGBM/ALL/recall_at_5pct ▁
wandb:                        +158 ...
wandb: 
wandb: Run summary:
wandb:        LGBM/ALL/n_positives 74504
wandb:          LGBM/ALL/n_samples 12503260
wandb:      LGBM/ALL/neg_pos_ratio 166.81998
wandb:             LGBM/ALL/pr_auc 0.91741
wandb: LGBM/ALL/precision_at_10pct 0.05825
wandb:  LGBM/ALL/precision_at_1pct 0.56111
wandb:  LGBM/ALL/precision_at_5pct 0.1149
wandb:    LGBM/ALL/recall_at_10pct 0.97748
wandb:     LGBM/ALL/recall_at_1pct 0.94165
wandb:     LGBM/ALL/recall_at_5pct 0.9641
wandb:                        +159 ...
wandb: 
wandb:  View run cv2_se_asia_model3_20260406_082851 at: https://wandb.ai/gikaufmann-eth-z-rich/spatial-cv/runs/1odi3boj
wandb:  View project at: https://wandb.ai/gikaufmann-eth-z-rich/spatial-cv
wandb: Synced 5 W&B file(s), 0 media file(s), 0 artifact file(s) and 0 other file(s)
wandb: Find logs at: ./wandb/run-20260406_083102-1odi3boj/logs
