Many modules are hidden in this stack. Use "module --show_hidden spider SOFTWARE" if you are not able to find the required software

The following have been reloaded with a version change:
  1) cuda/12.1.1 => cuda/12.4.1

wandb: Currently logged in as: gikaufmann (gikaufmann-eth-z-rich) to https://api.wandb.ai. Use `wandb login --relogin` to force relogin
wandb: setting up run qcd2jnyi
wandb: Tracking run with wandb version 0.23.0
wandb: Run data is saved locally in /cluster/home/gikaufmann/master_thesis/wandb/run-20260316_163345-qcd2jnyi
wandb: Run `wandb offline` to turn off syncing.
wandb: Syncing run cv2_south_america_model1_20260316_163152
wandb:  View project at https://wandb.ai/gikaufmann-eth-z-rich/spatial-cv
wandb:  View run at https://wandb.ai/gikaufmann-eth-z-rich/spatial-cv/runs/qcd2jnyi
wandb: updating run metadata
wandb: uploading wandb-summary.json
wandb: uploading history steps 0-22, summary, console lines 27-69
wandb: 
wandb: Run history:
wandb:                        LGBM/ALL/n_positives ▁
wandb:                          LGBM/ALL/n_samples ▁
wandb:                             LGBM/ALL/pr_auc ▁
wandb:                 LGBM/ALL/precision_at_10pct ▁
wandb:                  LGBM/ALL/precision_at_1pct ▁
wandb:                  LGBM/ALL/precision_at_5pct ▁
wandb:                            LGBM/ALL/roc_auc ▁
wandb: LGBM/Deserts_&_Xeric_Shrublands/n_positives ▁
wandb:   LGBM/Deserts_&_Xeric_Shrublands/n_samples ▁
wandb:      LGBM/Deserts_&_Xeric_Shrublands/pr_auc ▁
wandb:                                        +145 ...
wandb: 
wandb: Run summary:
wandb:                        LGBM/ALL/n_positives 380064
wandb:                          LGBM/ALL/n_samples 47695507
wandb:                             LGBM/ALL/pr_auc 0.63377
wandb:                 LGBM/ALL/precision_at_10pct 0.06024
wandb:                  LGBM/ALL/precision_at_1pct 0.53235
wandb:                  LGBM/ALL/precision_at_5pct 0.11587
wandb:                            LGBM/ALL/roc_auc 0.87497
wandb: LGBM/Deserts_&_Xeric_Shrublands/n_positives 109678
wandb:   LGBM/Deserts_&_Xeric_Shrublands/n_samples 1053035
wandb:      LGBM/Deserts_&_Xeric_Shrublands/pr_auc 0.97309
wandb:                                        +145 ...
wandb: 
wandb:  View run cv2_south_america_model1_20260316_163152 at: https://wandb.ai/gikaufmann-eth-z-rich/spatial-cv/runs/qcd2jnyi
wandb:  View project at: https://wandb.ai/gikaufmann-eth-z-rich/spatial-cv
wandb: Synced 5 W&B file(s), 0 media file(s), 0 artifact file(s) and 0 other file(s)
wandb: Find logs at: ./wandb/run-20260316_163345-qcd2jnyi/logs
