Many modules are hidden in this stack. Use "module --show_hidden spider SOFTWARE" if you are not able to find the required software

The following have been reloaded with a version change:
  1) cuda/12.1.1 => cuda/12.4.1

wandb: Currently logged in as: gikaufmann (gikaufmann-eth-z-rich) to https://api.wandb.ai. Use `wandb login --relogin` to force relogin
wandb: setting up run lqvpfhz2
wandb: Tracking run with wandb version 0.23.0
wandb: Run data is saved locally in /cluster/home/gikaufmann/master_thesis/wandb/run-20260316_013845-lqvpfhz2
wandb: Run `wandb offline` to turn off syncing.
wandb: Syncing run cv2_south_america_model1_20260316_013633
wandb:  View project at https://wandb.ai/gikaufmann-eth-z-rich/spatial-cv
wandb:  View run at https://wandb.ai/gikaufmann-eth-z-rich/spatial-cv/runs/lqvpfhz2
wandb: updating run metadata; uploading wandb-metadata.json
wandb: updating run metadata; uploading summary; uploading requirements.txt; uploading output.log; uploading wandb-summary.json
wandb: uploading wandb-summary.json; uploading config.yaml
wandb:  View run cv2_south_america_model1_20260316_013633 at: https://wandb.ai/gikaufmann-eth-z-rich/spatial-cv/runs/lqvpfhz2
wandb:  View project at: https://wandb.ai/gikaufmann-eth-z-rich/spatial-cv
wandb: Synced 5 W&B file(s), 0 media file(s), 0 artifact file(s) and 0 other file(s)
wandb: Find logs at: ./wandb/run-20260316_013845-lqvpfhz2/logs
Traceback (most recent call last):
  File "/cluster/home/gikaufmann/master_thesis/scripts/regions/south_america/6_evaluation/spatial_CV_2", line 29, in <module>
    run_spatial_gen_main(region="south_america", model_id="model1")
  File "/cluster/home/gikaufmann/master_thesis/scripts/regions/shared/evaluation/spatial_cv_core.py", line 1630, in run_spatial_gen_main
    raise FileNotFoundError(
FileNotFoundError: No scored output files found in /cluster/scratch/gikaufmann/outputs/south_america/results/ml_models
Run the full training pipeline (step 5) first.
srun: error: eu-g5-034-2: task 0: Exited with exit code 1
