Many modules are hidden in this stack. Use "module --show_hidden spider SOFTWARE" if you are not able to find the required software

The following have been reloaded with a version change:
  1) cuda/12.1.1 => cuda/12.4.1

wandb: Currently logged in as: gikaufmann (gikaufmann-eth-z-rich) to https://api.wandb.ai. Use `wandb login --relogin` to force relogin
wandb: setting up run vhtyxrmy
wandb: Tracking run with wandb version 0.23.0
wandb: Run data is saved locally in /cluster/home/gikaufmann/master_thesis/wandb/run-20260325_000136-vhtyxrmy
wandb: Run `wandb offline` to turn off syncing.
wandb: Syncing run cv2_usa_model2_20260324_235919
wandb:  View project at https://wandb.ai/gikaufmann-eth-z-rich/spatial-cv
wandb:  View run at https://wandb.ai/gikaufmann-eth-z-rich/spatial-cv/runs/vhtyxrmy
wandb: updating run metadata
wandb: uploading config.yaml
wandb: uploading history steps 0-22, summary, console lines 58-115
wandb: 
wandb: Run history:
wandb:        LGBM/ALL/n_positives ▁
wandb:          LGBM/ALL/n_samples ▁
wandb:      LGBM/ALL/neg_pos_ratio ▁
wandb:             LGBM/ALL/pr_auc ▁
wandb: LGBM/ALL/precision_at_10pct ▁
wandb:  LGBM/ALL/precision_at_1pct ▁
wandb:  LGBM/ALL/precision_at_5pct ▁
wandb:    LGBM/ALL/recall_at_10pct ▁
wandb:     LGBM/ALL/recall_at_1pct ▁
wandb:     LGBM/ALL/recall_at_5pct ▁
wandb:                        +161 ...
wandb: 
wandb: Run summary:
wandb:        LGBM/ALL/n_positives 14787
wandb:          LGBM/ALL/n_samples 36766833
wandb:      LGBM/ALL/neg_pos_ratio 2485.4295
wandb:             LGBM/ALL/pr_auc 0.08188
wandb: LGBM/ALL/precision_at_10pct 0.00363
wandb:  LGBM/ALL/precision_at_1pct 0.03242
wandb:  LGBM/ALL/precision_at_5pct 0.00721
wandb:    LGBM/ALL/recall_at_10pct 0.90302
wandb:     LGBM/ALL/recall_at_1pct 0.80611
wandb:     LGBM/ALL/recall_at_5pct 0.89694
wandb:                        +161 ...
wandb: 
wandb:  View run cv2_usa_model2_20260324_235919 at: https://wandb.ai/gikaufmann-eth-z-rich/spatial-cv/runs/vhtyxrmy
wandb:  View project at: https://wandb.ai/gikaufmann-eth-z-rich/spatial-cv
wandb: Synced 5 W&B file(s), 0 media file(s), 0 artifact file(s) and 0 other file(s)
wandb: Find logs at: ./wandb/run-20260325_000136-vhtyxrmy/logs
