Many modules are hidden in this stack. Use "module --show_hidden spider SOFTWARE" if you are not able to find the required software

The following have been reloaded with a version change:
  1) cuda/12.1.1 => cuda/12.4.1

wandb: Currently logged in as: gikaufmann (gikaufmann-eth-z-rich) to https://api.wandb.ai. Use `wandb login --relogin` to force relogin
wandb: setting up run j84ofacd
wandb: Tracking run with wandb version 0.23.0
wandb: Run data is saved locally in /cluster/home/gikaufmann/master_thesis/wandb/run-20260316_014158-j84ofacd
wandb: Run `wandb offline` to turn off syncing.
wandb: Syncing run cv2_usa_model2_20260316_013940
wandb:  View project at https://wandb.ai/gikaufmann-eth-z-rich/spatial-cv
wandb:  View run at https://wandb.ai/gikaufmann-eth-z-rich/spatial-cv/runs/j84ofacd
wandb: updating run metadata; uploading wandb-metadata.json
wandb: updating run metadata; uploading data; uploading requirements.txt
wandb: uploading output.log; uploading wandb-summary.json
wandb: uploading summary, console lines 0-6
wandb:  View run cv2_usa_model2_20260316_013940 at: https://wandb.ai/gikaufmann-eth-z-rich/spatial-cv/runs/j84ofacd
wandb:  View project at: https://wandb.ai/gikaufmann-eth-z-rich/spatial-cv
wandb: Synced 5 W&B file(s), 0 media file(s), 0 artifact file(s) and 0 other file(s)
wandb: Find logs at: ./wandb/run-20260316_014158-j84ofacd/logs
Traceback (most recent call last):
  File "/cluster/home/gikaufmann/master_thesis/scripts/regions/usa/6_evaluation/spatial_CV_2", line 33, in <module>
    run_spatial_gen_main(region="usa", model_id="model2")
  File "/cluster/home/gikaufmann/master_thesis/scripts/regions/shared/evaluation/spatial_cv_core.py", line 1630, in run_spatial_gen_main
    raise FileNotFoundError(
FileNotFoundError: No scored output files found in /cluster/scratch/gikaufmann/outputs/usa/results/ml_models
Run the full training pipeline (step 5) first.
srun: error: eu-g5-029-1: task 0: Exited with exit code 1
